 Ч Г Ч  Г Ял╙▒ `{┼|B  E║х:Я· }ЛCЯ÷гч          ║х  _х  @Э                       Ы К Ж Ч Г Ч  Г Ял╙▒ `{┼|B  E║х:Я· }ЛCЯ÷гч          ║х  _х  @Э                       Ы К Ж Ч Г Ч  Г Ял╙▒ `{┼|B  E║х:Я· }ЛCЯ÷гч          ║х  _х  @Э                       Ы К Ж Ч Г Ч  Г Ял╙▒ `{ч{╢  C║х;4°Ш|СC╥·┤          ║х  _х  A(                       З Щ  Т Р  Щ Р Ъл╙▒ `{ч{╢  C║х;4°Ш|СC╥·┤          ║х  _х  A(                       З Щ  Т Р  Щ Р Ъл╙▒ `{ч{╢  C║х;4°Ш|СC╥·┤          ║х  _х  A(                       З Щ  Т Р  Щ Р Ъл╙▒ `{ч{╢  C║х;4°Ш|СC╥·┤          ║х  _х  A(                       З Щ  Т Р  Щ Р Ъл╙▒ `{ч{╢  C║х;4°Ш|СC╥·┤          ║х  _х  A(                       З Щ  Т Р  Щ Р Ъл╙▒ `{ч{╢  C║х;4°Ш|СC╥·┤          ║х  _х  A(                       З Щ  Т Р  Щ Р Ъ╙╙▒ `{ч{╢  C║х;4°Ш|СC╥·┤          ║х  _х  A(                       З Щ  Т Р  Щ Р Ъл╙▒ `{ч{╢  C║х;4°Ш|СC╥·┤          ║х  _х  A(                       З Щ  Т Р  Щ Р Ъл╙▒ `{ч{╢  C║х;4°Ш|СC╥·┤          ║х  _х  A(                       З Щ  Т Р  Щ Р Ъл╙▒ `{ч{╢  C║х;4°Ш|СC╥·┤          ║х  _х  A(                       З Щ  Т Р  Щ Р Ъл╙▒ `{ч{╢  C║х;4°Ш|СC╥·┤          ║х  _х  A(                       З Щ  Т Р  Щ Р Ъл╙▒ `{ч{╢  C║х;4°Ш|СC╥·┤          ║х  _х  A(                       З Щ  Т Р  Щ Р Ъл╙▒ `{ч{╢  C║х;4°Ш|СC╥·┤          ║х  _х  A(                       З Щ  Т Р  Щ Р Ъл╙▒ `{ч{╢  C║х;4°Ш|СC╥·┤          ║х  _х  A(                       З Щ  Т Р  Щ Р Ъл╙▒ `{ч{╢  C║х;4°Ш|СC╥·┤          ║х  _х  A(                       З Щ  Т Р  Щ Р Ъл╙▒ `{ч{╢  C║х;4°Ш|СC╥·┤          ║х  _х  A(                       З Щ  Т Р  Щ Р Ъл╙▒ `{ч{╢  C║х;4°Ш|СC╥·┤          ║х  _х  A(                       З Щ  Т Р  Щ Р Ъл╙▒ `{ч{╢  C║х;4°Ш|СC╥·┤          ║х  _х  A(                       З Щ  Т Р  Щ Р Ъ╙╙▒ `{ч{╢  C║х;4°Ш|СC╥·┤          ║х  _х  A(                       З Щ  Т Р  Щ Р Ъл╙▒ `{ч{╢  C║х;4°Ш|СC╥·┤          ║х  _х  A(                       З Щ  Т Р  Щ Р Ъл╙▒ `{ч{╢  C║х;4°Ш|СC╥·┤          ║х  _х  A(                       З Щ  Т Р  Щ Р Ъл╙▒ `{ч{╢  C║х;4°Ш|СC╥·┤          ║х  _х  A(                       З Щ  Т Р  Щ Р Ъл╙▒ `{ч{╢  C║х;4°Ш|СC╥·┤          ║х  _х  A(                       З Щ  Т Р  Щ Р Ъл╙▒ `{ч{╢  C║х;4°Ш|СC╥·┤          ║х  _х  A(                       З Щ  Т Р  Щ Р Ъл╙▒ `{ч{╢  C║х;4°Ш|СC╥·┤          ║х  _х  A(                       З Щ  Т Р  Щ Р Ъл╙▒ `{ч{╢  C║х;4°Ш|СC╥·┤          ║х  _х  A(                       З Щ  Т Р  Щ Р Ъл╙▒ `{ч{╢  C║х;4°Ш|СC╥·┤          ║х  _х  A(                       З Щ  Т Р  Щ Р Ъл╙▒ `{ч{╢  C║х;4°Ш|СC╥·┤          ║х  _х  A(                       З Щ  Т Р  Щ Р Ъл╙▒ `{ч{╢  C║х;4°Ш|СC╥·┤          ║х  _х  A(                       З Щ  Т Р  Щ Р Ъл╙▒ `{ч{╢  C║х;4°Ш|СC╥·┤          ║х  _х  A(                       З Щ  Т Р  Щ Р Ъл╙▒ `{ч{╢  C║х;4°Ш|СC╥·┤          ║х  _х  A(                       З Щ  Т Р  Щ Р Ъл╙▒ `{ч{╢  C║х;4°Ш|СC╥·┤          ║х  _х  A(                       З Щ  Т Р  Щ Р Ъл╙▒ `{ч{╢  C║х;4°Ш|СC╥·┤          ║х  _х  A(                       З Щ  Т Р  Щ Р Ъл╙▒ `{ч{╢  C║х;4°Ш|СC╥·┤          ║х  _х  A(                       З Щ  Т Р  Щ Р Ъл╙▒ `{ч{╢  C║х;4°Ш|СC╥·┤          ║х  _х  A(                       З Щ  Т Р  Щ Р Ъл╙▒ `{ч{╢  C║х;4°Ш|СC╥·┤          ║х  _х  A(                       З Щ  Т Р  Щ Р Ъл╙▒ `{ч{╢  C║х;4°Ш|СC╥·┤          ║х  _х  A(                       З Щ  Т Р  Щ Р Ъл╙▒ `{ч{╢  C║х;4°Ш|СC╥·┤          ║х  _х  A(                       З Щ  Т Р  Щ Р Ъл╙▒ `{ч{╢  C║х;4°Ш|СC╥·┤          ║х  _х  A(                       З Щ  Т Р  Щ Р Ъл╙▒ `{ч{╢  C║х;4°Ш|СC╥·┤          ║х  _х  A(                       З Щ  Т Р  Щ Р Ъл╙▒ `{ч{╢  C║х;4°Ш|СC╥·┤          ║х  _х  A(                       З Щ  Т Р  Щ Р Ъл╙▒ `{ч{╢  C║х;4°Ш|СC╥·┤          ║х  _х  A(                       З Щ  Т Р  Щ Р Ъл╙▒ `{ч{╢  C║х;4°Ш|СC╥·┤          ║х  _х  A(                       З Щ  Т Р  Щ Р Ъл╙▒ `{ч{╢  C║х;4°Ш|СC╥·┤          ║х  _х  A(                       З Щ  Т Р  Щ Р Ъл╙▒ `{ч{╢  C║х;4°Ш|СC╥·┤          ║х  _х  A(                       З Щ  Т Р  Щ Р Ъл╙▒ `{ч{╢  C║х;4°Ш|СC╥·┤          ║х  _х  A(                       З Щ  Т Р  Щ Р Ъ╙╙▒ `{ч{╢  C║х;4°Ш|СC╥·┤          ║х  _х  A(                       З Щ  Т Р  Щ Р Ъл╙▒ `{ч{╢  C║х;4°Ш|СC╥·┤          ║х  _х  A(                       З Щ  Т Р  Щ Р Ъл╙▒ `{ч{╢  C║х;4°Ш|СC╥·┤          ║х  _х  A(                       З Щ  Т Р  Щ Р Ъл╙▒ `||│  A═h;+⌡C}?C(⌡Ф           ═h  _х  A{                       х  Х Н Ъ Ш ъ Ш Я Ъ Щ Х Ъ╠л╙▒ `||│  A═h;+⌡C}?C(⌡Ф           ═h  _х  A{                       х  Х Н Ъ Ш ъ Ш Я Ъ Щ Х Ъ╠л╙▒ `||│  A═h;+⌡C}?C(⌡Ф           ═h  _х  A{                       х  Х Н Ъ Ш ъ Ш Я Ъ Щ Х Ъ╠л╙▒ `||│  A═h;+⌡C}?C(⌡Ф           ═h  _х  A{                       х  Х Н Ъ Ш ъ Ш Я Ъ Щ Х Ъ╠л╙▒ `||│  A═h;+⌡C}?C(⌡Ф           ═h  _х  A{                       х  Х Н Ъ Ш ъ Ш Я Ъ Щ Х Ъ╠л╙▒ `||│  A═h;+⌡C}?C(⌡Ф           ═h  _х  A{                       х  Х Н Ъ Ш ъ Ш Я Ъ Щ Х Ъ╠л╙▒ `||│  A═h;+⌡C}?C(⌡Ф           ═h  _х  A{                       х  Х Н Ъ Ш ъ Ш Я Ъ Щ Х Ъ╠л╙▒ `||│  A═h;+⌡C}?C(⌡Ф           ═h  _х  A{                       х  Х Н Ъ Ш ъ Ш Я Ъ Щ Х Ъ╠л╙▒ `||│  A═h;+⌡C}?C(⌡Ф           ═h  _х  A{                       х  Х Н Ъ Ш ъ Ш Я Ъ Щ Х Ъ╠л╙▒ `||│  A═h;+⌡C}?C(⌡Ф           ═h  _х  A{                       х  Х Н Ъ Ш ъ Ш Я Ъ Щ Х Ъ╠л╙▒ `||│  A═h;+⌡C}?C(⌡Ф           ═h  _х  A{                       х  Х Н Ъ Ш ъ Ш Я Ъ Щ Х Ъ╠л╙▒ `||│  A═h;+⌡C}?C(⌡Ф           ═h  _х  A{                       х  Х Н Ъ Ш ъ Ш Я Ъ Щ Х Ъ╠л╙▒ `||│  A═h;+⌡C}?C(⌡Ф           ═h  _х  A{                       х  Х Н Ъ Ш ъ Ш Я Ъ Щ Х Ъ╠л╙▒ `||│  A═h;+⌡C}?C(⌡Ф           ═h  _х  A{                       х  Х Н Ъ Ш ъ Ш Я Ъ Щ Х Ъ╠л╙▒ `||│  A═h;+⌡C}?C(⌡Ф           ═h  _х  A{                       х  Х Н Ъ Ш ъ Ш Я Ъ Щ Х Ъ╠л╙▒ `||│  A═h;+⌡C}?C(⌡Ф           ═h  _х  A{                       х  Х Н Ъ Ш ъ Ш Я Ъ Щ Х Ъ╠л╙▒ `||│  A═h;+⌡C}?C(⌡Ф           ═h  _х  A{                       х  Х Н Ъ Ш ъ Ш Я Ъ Щ Х Ъ╠л╙▒ `||│  A═h;+⌡C}?C(⌡Ф           ═h  _х  A{                       х  Х Н Ъ Ш ъ Ш Я Ъ Щ Х Ъ╠л╙▒ `||│  A═h;+⌡C}?C(⌡Ф           ═h  _х  A{                       х  Х Н Ъ Ш ъ Ш Я Ъ Щ Х Ъ╠л╙▒ `||│  A═h;+⌡C}?C(⌡Ф           ═h  _х  A{                       х  Х Н Ъ Ш ъ Ш Я Ъ Щ Х Ъ╠л╙▒ `||│  A═h;+⌡C}?C(⌡Ф           ═h  _х  A{                       х  Х Н Ъ Ш ъ Ш Я Ъ Щ Х Ъ╠л╙▒ `||│  A═h;+⌡C}?C(⌡Ф           ═h  _х  A{                       х  Х Н Ъ Ш ъ Ш Я Ъ Щ Х Ъ╠л╙▒ `||│  A═h;+⌡C}?C(⌡Ф           ═h  _х  A{                       х  Х Н Ъ Ш ъ Ш Я Ъ Щ Х Ъ╠л╙▒ `||│  A═h;+⌡C}?C(⌡Ф           ═h  _х  A{                       х  Х Н Ъ Ш ъ Ш Я Ъ Щ Х Ъ╠л╙▒ `||│  A═h;+⌡C}?C(⌡Ф           ═h  _х  A{                       х  Х Н Ъ Ш ъ Ш Я Ъ Щ Х Ъ╠л╙▒ `||│  A═h;+⌡C}?C(⌡Ф           ═h  _х  A{                       х  Х Н Ъ Ш ъ Ш Я Ъ Щ Х Ъ╠л╙▒ `||│  A═h;+⌡C}?C(⌡Ф           ═h  _х  A{                       х  Х Н Ъ Ш ъ Ш Я Ъ Щ Х Ъ╠л╙▒ `||│  A═h;+⌡C}?C(⌡Ф           ═h  _х  A{                       х  Х Н Ъ Ш ъ Ш Я Ъ Щ Х Ъ╠л╙▒ `||│  A═h;+⌡C}?C(⌡Ф           ═h  _х  A{                       х  Х Н Ъ Ш ъ Ш Я Ъ Щ Х Ъ╠л╙▒ `||│  A═h;+⌡C}?C(⌡Ф           ═h  _х  A{                       х  Х Н Ъ Ш ъ Ш Я Ъ Щ Х Ъ╠л╙▒ `||│  A═h;+⌡C}?C(⌡Ф           ═h  _х  A{                       х  Х Н Ъ Ш ъ Ш Я Ъ Щ Х Ъ╠л╙▒ `||│  A═h;+⌡C}?C(⌡Ф           ═h  _х  A{                       х  Х Н Ъ Ш ъ Ш Я Ъ Щ Х Ъ╠л╙▒ `||│  A═h;+⌡C}?C(⌡Ф           ═h  _х  A{                       х  Х Н Ъ Ш ъ Ш Я Ъ Щ Х Ъ╠л╙▒ `||│  A═h;+⌡C}?C(⌡Ф           ═h  _х  A{                       х  Х Н Ъ Ш ъ Ш Я Ъ Щ Х Ъ╠л╙▒ `||│  A═h;+⌡C}?C(⌡Ф           ═h  _х  A{                       х  Х Н Ъ Ш ъ Ш Я Ъ Щ Х Ъ╠л╙▒ `||│  A═h;+⌡C}?C(⌡Ф           ═h  _х  A{                       х  Х Н Ъ Ш ъ Ш Я Ъ Щ Х Ъ╠л╙▒ `||│  A═h;+⌡C}?C(⌡Ф           ═h  _х  A{                       х  Х Н Ъ Ш ъ Ш Я Ъ Щ Х Ъ╠л╙▒ `||│  A═h;+⌡C}?C(⌡Ф           ═h  _х  A{                       х  Х Н Ъ Ш ъ Ш Я Ъ Щ Х Ъ╠л╙▒ `||│  A═h;+⌡C}?C(⌡Ф           ═h  _х  A{                       х  Х Н Ъ Ш ъ Ш Я Ъ Щ Х Ъ╠л╙▒ `||│  A═h;+⌡C}?C(⌡Ф           ═h  _х  A{                       х  Х Н Ъ Ш ъ Ш Я Ъ Щ Х Ъ╠л╙▒ `||│  A═h;+⌡C}?C(⌡Ф           ═h  _х  A{                       х  Х Н Ъ Ш ъ Ш Я Ъ Щ Х Ъ╠л╙▒ `||│  A═h;+⌡C}?C(⌡Ф           ═h  _х  A{                       х  Х Н Ъ Ш ъ Ш Я Ъ Щ Х Ъ╠л╙▒ `||│  A═h;+⌡C}?C(⌡Ф           ═h  _х  A{                       х  Х Н Ъ Ш ъ Ш Я Ъ Щ Х Ъ╠л╙▒ `||│  A═h;+⌡C}?C(⌡Ф           ═h  _х  A{                       х  Х Н Ъ Ш ъ Ш Я Ъ Щ Х Ъ╠л╙▒ `||│  A═h;+⌡C}?C(⌡Ф           ═h  _х  A{                       х  Х Н Ъ Ш ъ Ш Я Ъ Щ Х Ъ╠л╙▒ `||│  A═h;+⌡C}?C(⌡Ф           ═h  _х  A{                       х  Х Н Ъ Ш ъ Ш Я Ъ Щ Х Ъ╠л╙▒ `||│  A═h;+⌡C}?C(⌡Ф           ═h  _х  A{                       х  Х Н Ъ Ш ъ Ш Я Ъ Щ Х Ъ╠л╙▒ `||│  A═h;+⌡C}?C(⌡Ф           ═h  _х  A{                       х  Х Н Ъ Ш ъ Ш Я Ъ Щ Х Ъ╠л╙▒ `||│  A═h;+⌡C}?C(⌡Ф           ═h  _х  A{                       х  Х Н Ъ Ш ъ Ш Я Ъ Щ Х Ъ╠л╙▒ `||│  A═h;+⌡C}?C(⌡Ф           ═h  _х  A{                       х  Х Н Ъ Ш ъ Ш Я Ъ Щ Х Ъ╠╙╙▒ `}²}^  C~║╗:В²Е~^CE÷'Ь          ║╗  _х  B                       Ш Ъ Г Ч М О Э Ы Й  Щ Х Лл╙▒ `}²}^  C~║╗:В²Е~^CE÷'Ь          ║╗  _х  B                       Ш Ъ Г Ч М О Э Ы Й  Щ Х Лл╙▒ `}²}^  C~║╗:В²Е~^CE÷'Ь          ║╗  _х  B                       Ш Ъ Г Ч М О Э Ы Й  Щ Х Лл╙▒ `}²}^  C~║╗:В²Е~^CE÷'Ь          ║╗  _х  B                       Ш Ъ Г Ч М О Э Ы Й  Щ Х Лл╙▒ `}²}^  C~║╗:В²Е~^CE÷'Ь          ║╗  _х  B                       Ш Ъ Г Ч М О Э Ы Й  Щ Х Лл╙▒ `}²}^  C~║╗:В²Е~^CE÷'Ь          ║╗  _х  B                       Ш Ъ Г Ч М О Э Ы Й  Щ Х Лл╙▒ `}²}^  C~║╗:В²Е~^CE÷'Ь          ║╗  _х  B                       Ш Ъ Г Ч М О Э Ы Й  Щ Х Лл╙▒ `}²}^  C~║╗:В²Е~^CE÷'Ь          ║╗  _х  B                       Ш Ъ Г Ч М О Э Ы Й  Щ Х Лл╙▒ `}²}^  C~║╗:В²Е~^CE÷'Ь          ║╗  _х  B                       Ш Ъ Г Ч М О Э Ы Й  Щ Х Лл╙▒ `}²}^  C~║╗:В²Е~^CE÷'Ь          ║╗  _х  B                       Ш Ъ Г Ч М О Э Ы Й  Щ Х Лл╙▒ `}²}^  C~║╗:В²Е~^CE÷'Ь          ║╗  _х  B                       Ш Ъ Г Ч М О Э Ы Й  Щ Х Лл╙▒ `}²}^  C~║╗:В²Е~^CE÷'Ь          ║╗  _х  B                       Ш Ъ Г Ч М О Э Ы Й  Щ Х Лл╙▒ `}²}^  C~║╗:В²Е~^CE÷'Ь          ║╗  _х  B                       Ш Ъ Г Ч М О Э Ы Й  Щ Х Лл╙▒ `}²}^  C~║╗:В²Е~^CE÷'Ь          ║╗  _х  B                       Ш Ъ Г Ч М О Э Ы Й  Щ Х Лл╙▒ `}²}^  C~║╗:В²Е~^CE÷'Ь          ║╗  _х  B                       Ш Ъ Г Ч М О Э Ы Й  Щ Х Лл╙▒ `}²}^  C~║╗:В²Е~^CE÷'Ь          ║╗  _х  B                       Ш Ъ Г Ч М О Э Ы Й  Щ Х Лл╙▒ `}²}^  C~║╗:В²Е~^CE÷'Ь          ║╗  _х  B                       Ш Ъ Г Ч М О Э Ы Й  Щ Х Лл╙▒ `}²}^  C~║╗:В²Е~^CE÷'Ь          ║╗  _х  B                       Ш Ъ Г Ч М О Э Ы Й  Щ Х Лл╙▒ `}²}^  C~║╗:В²Е~^CE÷'Ь          ║╗  _х  B                       Ш Ъ Г Ч М О Э Ы Й  Щ Х Лл╙▒ `}²}^  C~║╗:В²Е~^CE÷'Ь          ║╗  _х  B                       Ш Ъ Г Ч М О Э Ы Й  Щ Х Лл╙▒ `}²}^  C~║╗:В²Е~^CE÷'Ь          ║╗  _х  B                       Ш Ъ Г Ч М О Э Ы Й  Щ Х Лл╙▒ `}²}^  C~║╗:В²Е~^CE÷'Ь          ║╗  _х  B                       Ш Ъ Г Ч М О Э Ы Й  Щ Х Лл╙▒ `}²}^  C~║╗:В²Е~^CE÷'Ь          ║╗  _х  B                       Ш Ъ Г Ч М О Э Ы Й  Щ Х Лл╙▒ `}²}^  C~║╗:В²Е~^CE÷'Ь          ║╗  _х  B                       Ш Ъ Г Ч М О Э Ы Й  Щ Х Лл╙▒ `}²}^  C~║╗:В²Е~^CE÷'Ь          ║╗  _х  B                       Ш Ъ Г Ч М О Э Ы Й  Щ Х Лл╙▒ `}²}^  C~║╗:В²Е~^CE÷'Ь          ║╗  _х  B                       Ш Ъ Г Ч М О Э Ы Й  Щ Х Лл╙▒ `}²}^  C~║╗:В²Е~^CE÷'Ь          ║╗  _х  B                       Ш Ъ Г Ч М О Э Ы Й  Щ Х Лл╙▒ `}²}^  C~║╗:В²Е~^CE÷'Ь          ║╗  _х  B                       Ш Ъ Г Ч М О Э Ы Й  Щ Х Лл╙▒ `}²}^  C~║╗:В²Е~^CE÷'Ь          ║╗  _х  B                       Ш Ъ Г Ч М О Э Ы Й  Щ Х Лл╙▒ `}²}^  C~║╗:В²Е~^CE÷'Ь          ║╗  _х  B                       Ш Ъ Г Ч М О Э Ы Й  Щ Х Лл╙▒ `}²}^  C~║╗:В²Е~^CE÷'Ь          ║╗  _х  B                       Ш Ъ Г Ч М О Э Ы Й  Щ Х Лл╙▒ `}²}^  C~║╗:В²Е~^CE÷'Ь          ║╗  _х  B                       Ш Ъ Г Ч М О Э Ы Й  Щ Х Лл╙▒ `}²}^  C~║╗:В²Е~^CE÷'Ь          ║╗  _х  B                       Ш Ъ Г Ч М О Э Ы Й  Щ Х Лл╙▒ `}²}^  C~║╗:В²Е~^CE÷'Ь          ║╗  _х  B                       Ш Ъ Г Ч М О Э Ы Й  Щ Х Лл╙▒ `}²}^  C~║╗:В²Е~^CE÷'Ь          ║╗  _х  B                       Ш Ъ Г Ч М О Э Ы Й  Щ Х Лл╙▒ `}²}^  C~║╗:В²Е~^CE÷'Ь          ║╗  _х  B                       Ш Ъ Г Ч М О Э Ы Й  Щ Х Лл╙▒ `}²}^  C~║╗:В²Е~^CE÷'Ь          ║╗  _х  B                       Ш Ъ Г Ч М О Э Ы Й  Щ Х Лл╙▒ `}²}^  C~║╗:В²Е~^CE÷'Ь          ║╗  _х  B                       Ш Ъ Г Ч М О Э Ы Й  Щ Х Лл╙▒ `}²}^  C~║╗:В²Е~^CE÷'Ь          ║╗  _х  B                       Ш Ъ Г Ч М О Э Ы Й  Щ Х Лл╙▒ `}²}^  C~║╗:В²Е~^CE÷'Ь          ║╗  _х  B                       Ш Ъ Г Ч М О Э Ы Й  Щ Х Лл╙▒ `}²}^  C~║╗:В²Е~^CE÷'Ь          ║╗  _х  B                       Ш Ъ Г Ч М О Э Ы Й  Щ Х Лл╙▒ `}²}^  C~║╗:В²Е~^CE÷'Ь          ║╗  _х  B                       Ш Ъ Г Ч М О Э Ы Й  Щ Х Лл╙▒ `}²}^  C~║╗:В²Е~^CE÷'Ь          ║╗  _х  B                       Ш Ъ Г Ч М О Э Ы Й  Щ Х Лл╙▒ `}²}^  C~║╗:В²Е~^CE÷'Ь          ║╗  _х  B                       Ш Ъ Г Ч М О Э Ы Й  Щ Х Лл╙▒ `}²}^  C~║╗:В²Е~^CE÷'Ь          ║╗  _х  B                       Ш Ъ Г Ч М О Э Ы Й  Щ Х Лл╙▒ `}²}^  C~║╗:В²Е~^CE÷'Ь          ║╗  _х  B                       Ш Ъ Г Ч М О Э Ы Й  Щ Х Лл╙▒ `}²}^  C~║╗:В²Е~^CE÷'Ь          ║╗  _х  B                       Ш Ъ Г Ч М О Э Ы Й  Щ Х Лл╙▒ `}²}^  C~║╗:В²Е~^CE÷'Ь          ║╗  _х  B                       Ш Ъ Г Ч М О Э Ы Й  Щ Х Лл╙▒ `}²}^  C~║╗:В²Е~^CE÷'Ь          ║╗  _х  B                       Ш Ъ Г Ч М О Э Ы Й  Щ Х Лл╙▒ `|у|  Ca╒х;@·Ё| Dc║%          ╒х  _х  A╩U                       Щ

 Ш[л╙▒ `|у|  Ca╒х;@·Ё| Dc║%          ╒х  _х  A╩U                       Щ

 Ш[л╙▒ `|у|  Ca╒х;@·Ё| Dc║%          ╒х  _х  A╩U                       Щ

 Ш[л╙▒ `|у|  Ca╒х;@·Ё| Dc║%          ╒х  _х  A╩U                       Щ

 Ш[л╙▒ `|у|  Ca╒х;@·Ё| Dc║%          ╒х  _х  A╩U                       Щ

 Ш[л╙▒ `|у|  Ca╒х;@·Ё| Dc║%          ╒х  _х  A╩U                       Щ

 Ш[л╙▒ `|у|  Ca╒х;@·Ё| Dc║%          ╒х  _х  A╩U                       Щ

 Ш[л╙▒ `|у|  Ca╒х;@·Ё| Dc║%          ╒х  _х  A╩U                       Щ

 Ш[л╙▒ `|у|  Ca╒х;@·Ё| Dc║%          ╒х  _х  A╩U                       Щ

 Ш[л╙▒ `|у|  Ca╒х;@·Ё| Dc║%          ╒х  _х  A╩U                       Щ

 Ш[л╙▒ `|у|  Ca╒х;@·Ё| Dc║%          ╒х  _х  A╩U                       Щ

 Ш[л╙▒ `|у|  Ca╒х;@·Ё| Dc║%          ╒х  _х  A╩U                       Щ

 Ш[л╙▒ `|у|  Ca╒х;@·Ё| Dc║%          ╒х  _х  A╩U                       Щ

 Ш[л╙▒ `|у|  Ca╒х;@·Ё| Dc║%          ╒х  _х  A╩U                       Щ

 Ш[л╙▒ `|у|  Ca╒х;@·Ё| Dc║%          ╒х  _х  A╩U                       Щ

 Ш[л╙▒ `|у|  Ca╒х;@·Ё| Dc║%          ╒х  _х  A╩U                       Щ

 Ш[л╙▒ `|у|  Ca╒х;@·Ё| Dc║%          ╒х  _х  A╩U                       Щ

 Ш[л╙▒ `|у|  Ca╒х;@·Ё| Dc║%          ╒х  _х  A╩U                       Щ

 Ш[л╙▒ `|у|  Ca╒х;@·Ё| Dc║%          ╒х  _х  A╩U                       Щ

 Ш[л╙▒ `|у|  Ca╒х;@·Ё| Dc║%          ╒х  _х  A╩U                       Щ

 Ш[л╙▒ `|у|  Ca╒х;@·Ё| Dc║%          ╒х  _х  A╩U                       Щ

 Ш[л╙▒ `|у|  Ca╒х;@·Ё| Dc║%          ╒х  _х  A╩U                       Щ

 Ш[л╙▒ `|у|  Ca╒х;@·Ё| Dc║%          ╒х  _х  A╩U                       Щ

 Ш[л╙▒ `|у|  Ca╒х;@·Ё| Dc║%          ╒х  _х  A╩U                       Щ

 Ш[л╙▒ `|у|  Ca╒х;@·Ё| Dc║%          ╒х  _х  A╩U                       Щ

 Ш[л╙▒ `|у|  Ca╒х;@·Ё| Dc║%          ╒х  _х  A╩U                       Щ

 Ш[л╙▒ `|у|  Ca╒х;@·Ё| Dc║%          ╒х  _х  A╩U                       Щ

 Ш[л╙▒ `|у|  Ca╒х;@·Ё| Dc║%          ╒х  _х  A╩U                       Щ

 Ш[л╙▒ `|у|  Ca╒х;@·Ё| Dc║%          ╒х  _х  A╩U                       Щ

 Ш[л╙▒ `|у|  Ca╒х;@·Ё| Dc║%          ╒х  _х  A╩U                       Щ

 Ш[л╙▒ `|у|  Ca╒х;@·Ё| Dc║%          ╒х  _х  A╩U                       Щ

 Ш[л╙▒ `|у|  Ca╒х;@·Ё| Dc║%          ╒х  _х  A╩U                       Щ

 Ш[л╙▒ `|у|  Ca╒х;@·Ё| Dc║%          ╒х  _х  A╩U                       Щ

 Ш[л╙▒ `|у|  Ca╒х;@·Ё| Dc║%          ╒х  _х  A╩U                       Щ

 Ш[л╙▒ `|у|  Ca╒х;@·Ё| Dc║%          ╒х  _х  A╩U                       Щ

 Ш[л╙▒ `|у|  Ca╒х;@·Ё| Dc║%          ╒х  _х  A╩U                       Щ

 Ш[л╙▒ `|у|  Ca╒х;@·Ё| Dc║%          ╒х  _х  A╩U                       Щ

 Ш[л╙▒ `|у|  Ca╒х;@·Ё| Dc║%          ╒х  _х  A╩U                       Щ

 Ш[л╙▒ `|у|  Ca╒х;@·Ё| Dc║%          ╒х  _х  A╩U                       Щ

 Ш[л╙▒ `|у|  Ca╒х;@·Ё| Dc║%          ╒х  _х  A╩U                       Щ

 Ш[л╙▒ `|у|  Ca╒х;@·Ё| Dc║%          ╒х  _х  A╩U                       Щ

 Ш[л╙▒ `|у|  Ca╒х;@·Ё| Dc║%          ╒х  _х  A╩U                       Щ

 Ш[л╙▒ `|у|  Ca╒х;@·Ё| Dc║%          ╒х  _х  A╩U                       Щ

 Ш[л╙▒ `|у|  Ca╒х;@·Ё| Dc║%          ╒х  _х  A╩U                       Щ

 Ш[л╙▒ `|у|  Ca╒х;@·Ё| Dc║%          ╒х  _х  A╩U                       Щ

 Ш[л╙▒ `|у|  Ca╒х;@·Ё| Dc║%          ╒х  _х  A╩U                       Щ

 Ш[л╙▒ `|у|  Ca╒х;@·Ё| Dc║%          ╒х  _х  A╩U                       Щ

 Ш[л╙▒ `|у|  Ca╒х;@·Ё| Dc║%          ╒х  _х  A╩U                       Щ

 Ш[л╙▒ `│Y|n  B
║┬;@⌡ж|╥@∙═Хы          ║┬  _х  D
                       е Я С
 Д Н Ч Мшл╙▒ `│Y|n  B
║┬;@⌡ж|╥@∙═Хы          ║┬  _х  D
                       е Я С
 Д Н Ч Мшл╙▒ `│Y|n  B
║┬;@⌡ж|╥@∙═Хы          ║┬  _х  D
                       е Я С
 Д Н Ч Мшл╙▒ `│Y|n  B
║┬;@⌡ж|╥@∙═Хы          ║┬  _х  D
                       е Я С
 Д Н Ч Мшл╙▒ `│Y|n  B
║┬;@⌡ж|╥@∙═Хы          ║┬  _х  D
                       е Я С
 Д Н Ч Мшл╙▒ `│Y|n  B
║┬;@⌡ж|╥@∙═Хы          ║┬  _х  D
                       е Я С
 Д Н Ч Мшл╙▒ `│Y|n  B
║┬;@⌡ж|╥@∙═Хы          ║┬  _х  D
                       е Я С
 Д Н Ч Мшл╙▒ `│Y|n  B
║┬;@⌡ж|╥@∙═Хы          ║┬  _х  D
                       е Я С
 Д Н Ч Мшл╙▒ `│Y|n  B
║┬;@⌡ж|╥@∙═Хы          ║┬  _х  D
                       е Я С
 Д Н Ч Мшл╙▒ `│Y|n  B
║┬;@⌡ж|╥@∙═Хы          ║┬  _х  D
                       е Я С
 Д Н Ч Мшл╙▒ `│Y|n  B
║┬;@⌡ж|╥@∙═Хы          ║┬  _х  D
                       е Я С
 Д Н Ч Мшл╙▒ `│Y|n  B
║┬;@⌡ж|╥@∙═Хы          ║┬  _х  D
                       е Я С
 Д Н Ч Мшл╙▒ `│Y|n  B
║┬;@⌡ж|╥@∙═Хы          ║┬  _х  D
                       е Я С
 Д Н Ч Мшл╙▒ `│Y|n  B
║┬;@⌡ж|╥@∙═Хы          ║┬  _х  D
                       е Я С
 Д Н Ч Мшл╙▒ `│Y|n  B
║┬;@⌡ж|╥@∙═Хы          ║┬  _х  D
                       е Я С
 Д Н Ч Мшл╙▒ `│Y|n  B
║┬;@⌡ж|╥@∙═Хы          ║┬  _х  D
                       е Я С
 Д Н Ч Мшл╙▒ `│Y|n  B
║┬;@⌡ж|╥@∙═Хы          ║┬  _х  D
                       е Я С
 Д Н Ч Мшл╙▒ `│Y|n  B
║┬;@⌡ж|╥@∙═Хы          ║┬  _х  D
                       е Я С
 Д Н Ч Мшл╙▒ `│Y|n  B
║┬;@⌡ж|╥@∙═Хы          ║┬  _х  D
                       е Я С
 Д Н Ч Мшл╙▒ `│Y|n  B
║┬;@⌡ж|╥@∙═Хы          ║┬  _х  D
                       е Я С
 Д Н Ч Мшл╙▒ `│Y|n  B
║┬;@⌡ж|╥@∙═Хы          ║┬  _х  D
                       е Я С
 Д Н Ч Мшл╙▒ `│Y|n  B
║┬;@⌡ж|╥@∙═Хы          ║┬  _х  D
                       е Я С
 Д Н Ч Мшл╙▒ `│Y|n  B
║┬;@⌡ж|╥@∙═Хы          ║┬  _х  D
                       е Я С
 Д Н Ч Мшл╙▒ `│Y|n  B
║┬;@⌡ж|╥@∙═Хы          ║┬  _х  D
                       е Я С
 Д Н Ч Мшл╙▒ `│Y|n  B
║┬;@⌡ж|╥@∙═Хы          ║┬  _х  D
                       е Я С
 Д Н Ч Мшл╙▒ `│Y|n  B
║┬;@⌡ж|╥@∙═Хы          ║┬  _х  D
                       е Я С
 Д Н Ч Мшл╙▒ `│Y|n  B
║┬;@⌡ж|╥@∙═Хы          ║┬  _х  D
                       е Я С
 Д Н Ч Мшл╙▒ `│Y|n  B
║┬;@⌡ж|╥@∙═Хы          ║┬  _х  D
                       е Я С
 Д Н Ч Мшл╙▒ `│Y|n  B
║┬;@⌡ж|╥@∙═Хы          ║┬  _х  D
                       е Я С
 Д Н Ч Мшл╙▒ `│Y|n  B
║┬;@⌡ж|╥@∙═Хы          ║┬  _х  D
                       е Я С
 Д Н Ч Мшл╙▒ `│Y|n  B
║┬;@⌡ж|╥@∙═Хы          ║┬  _х  D
                       е Я С
 Д Н Ч Мшл╙▒ `│Y|n  B
║┬;@⌡ж|╥@∙═Хы          ║┬  _х  D
                       е Я С
 Д Н Ч Мшл╙▒ `│Y|n  B
║┬;@⌡ж|╥@∙═Хы          ║┬  _х  D
                       е Я С
 Д Н Ч Мшл╙▒ `│Y|n  B
║┬;@⌡ж|╥@∙═Хы          ║┬  _х  D
                       е Я С
 Д Н Ч Мшл╙▒ `│Y|n  B
║┬;@⌡ж|╥@∙═Хы          ║┬  _х  D
                       е Я С
 Д Н Ч Мшл╙▒ `│Y|n  B
║┬;@⌡ж|╥@∙═Хы          ║┬  _х  D
                       е Я С
 Д Н Ч Мшл╙▒ `│Y|n  B
║┬;@⌡ж|╥@∙═Хы          ║┬  _х  D
                       е Я С
 Д Н Ч Мшл╙▒ `│Y|n  B
║┬;@⌡ж|╥@∙═Хы          ║┬  _х  D
                       е Я С
 Д Н Ч Мшл╙▒ `│Y|n  B
║┬;@⌡ж|╥@∙═Хы          ║┬  _х  D
                       е Я С
 Д Н Ч Мшл╙▒ `│Y|n  B
║┬;@⌡ж|╥@∙═Хы          ║┬  _х  D
                       е Я С
 Д Н Ч Мшл╙▒ `│Y|n  B
║┬;@⌡ж|╥@∙═Хы          ║┬  _х  D
                       е Я С
 Д Н Ч Мшл╙▒ `│Y|n  B
║┬;@⌡ж|╥@∙═Хы          ║┬  _х  D
                       е Я С
 Д Н Ч Мшл╙▒ `│Y|n  B
║┬;@⌡ж|╥@∙═Хы          ║┬  _х  D
                       е Я С
 Д Н Ч Мшл╙▒ `│Y|n  B
║┬;@⌡ж|╥@∙═Хы          ║┬  _х  D
                       е Я С
 Д Н Ч Мшл╙▒ `│Y|n  B
║┬;@⌡ж|╥@∙═Хы          ║┬  _х  D
                       е Я С
 Д Н Ч Мшл╙▒ `│Y|n  B
║┬;@⌡ж|╥@∙═Хы          ║┬  _х  D
                       е Я С
 Д Н Ч Мшл╙▒ `│Y|n  B
║┬;@⌡ж|╥@∙═Хы          ║┬  _х  D
                       е Я С
 Д Н Ч Мшл╙▒ `│Y|n  B
║┬;@⌡ж|╥@∙═Хы          ║┬  _х  D
                       е Я С
 Д Н Ч Мшл╙▒ `│Y|n  B
║┬;@⌡ж|╥@∙═Хы          ║┬  _х  D
                       е Я С
 Д Н Ч Мш╙╙▒ `|_~░  CЯ║;+°ю}C╥²ы          ║  _х  Al                       Л Ш Ъ  Х Ч Т Щ Й Ээ╙╙▒ `|_~░  CЯ║;+°ю}C╥²ы          ║  _х  Al                       Л Ш Ъ  Х Ч Т Щ Й Ээ╙╙▒ `|_~░  CЯ║;+°ю}C╥²ы          ║  _х  Al                       Л Ш Ъ  Х Ч Т Щ Й Ээ╙╙▒ `|_~░  CЯ║;+°ю}C╥²ы          ║  _х  Al                       Л Ш Ъ  Х Ч Т Щ Й Ээ╙╙▒ `|_~░  CЯ║;+°ю}C╥²ы          ║  _х  Al                       Л Ш Ъ  Х Ч Т Щ Й Ээ╙╙▒ `|_~░  CЯ║;+°ю}C╥²ы          ║  _х  Al                       Л Ш Ъ  Х Ч Т Щ Й Ээ╙╙▒ `|_~░  CЯ║;+°ю}C╥²ы          ║  _х  Al                       Л Ш Ъ  Х Ч Т Щ Й Ээ╙╙▒ `|_~░  CЯ║;+°ю}C╥²ы          ║  _х  Al                       Л Ш Ъ  Х Ч Т Щ Й Ээ╙╙▒ `|_~░  CЯ║;+°ю}C╥²ы          ║  _х  Al                       Л Ш Ъ  Х Ч Т Щ Й Ээ╙╙▒ `|_~░  CЯ║;+°ю}C╥²ы          ║  _х  Al                       Л Ш Ъ  Х Ч Т Щ Й Ээ╙╙▒ `|_~░  CЯ║;+°ю}C╥²ы          ║  _х  Al                       Л Ш Ъ  Х Ч Т Щ Й Ээ╙╙▒ `|_~░  CЯ║;+°ю}C╥²ы          ║  _х  Al                       Л Ш Ъ  Х Ч Т Щ Й Ээ╙╙▒ `|_~░  CЯ║;+°ю}C╥²ы          ║  _х  Al                       Л Ш Ъ  Х Ч Т Щ Й Ээ╙╙▒ `|_~░  CЯ║;+°ю}C╥²ы          ║  _х  Al                       Л Ш Ъ  Х Ч Т Щ Й Ээ╙╙▒ `|_~░  CЯ║;+°ю}C╥²ы          ║  _х  Al                       Л Ш Ъ  Х Ч Т Щ Й Ээ╙╙▒ `|_~░  CЯ║;+°ю}C╥²ы          ║  _х  Al                       Л Ш Ъ  Х Ч Т Щ Й Ээ╙╙▒ `|_~░  CЯ║;+°ю}C╥²ы          ║  _х  Al                       Л Ш Ъ  Х Ч Т Щ Й Ээ╙╙▒ `|_~░  CЯ║;+°ю}C╥²ы          ║  _х  Al                       Л Ш Ъ  Х Ч Т Щ Й Ээ╙╙▒ `|_~░  CЯ║;+°ю}C╥²ы          ║  _х  Al                       Л Ш Ъ  Х Ч Т Щ Й Ээ╙╙▒ `|_~░  CЯ║;+°ю}C╥²ы          ║  _х  Al                       Л Ш Ъ  Х Ч Т Щ Й Ээ╙╙▒ `|_~░  CЯ║;+°ю}C╥²ы          ║  _х  Al                       Л Ш Ъ  Х Ч Т Щ Й Ээ╙╙▒ `|_~░  CЯ║;+°ю}C╥²ы          ║  _х  Al                       Л Ш Ъ  Х Ч Т Щ Й Ээ╙╙▒ `|_~░  CЯ║;+°ю}C╥²ы          ║  _х  Al                       Л Ш Ъ  Х Ч Т Щ Й Ээ╙╙▒ `|_~░  CЯ║;+°ю}C╥²ы          ║  _х  Al                       Л Ш Ъ  Х Ч Т Щ Й Ээ╙╙▒ `|_~░  CЯ║;+°ю}C╥²ы          ║  _х  Al                       Л Ш Ъ  Х Ч Т Щ Й Ээ╙╙▒ `|_~░  CЯ║;+°ю}C╥²ы          ║  _х  Al                       Л Ш Ъ  Х Ч Т Щ Й Ээ╙╙▒ `|_~░  CЯ║;+°ю}C╥²ы          ║  _х  Al                       Л Ш Ъ  Х Ч Т Щ Й Ээ╙╙▒ `|_~░  CЯ║;+°ю}C╥²ы          ║  _х  Al                       Л Ш Ъ  Х Ч Т Щ Й Ээ╙╙▒ `|_~░  CЯ║;+°ю}C╥²ы          ║  _х  Al                       Л Ш Ъ  Х Ч Т Щ Й Ээ╙╙▒ `|_~░  CЯ║;+°ю}C╥²ы          ║  _х  Al                       Л Ш Ъ  Х Ч Т Щ Й Ээ╙╙▒ `|_~░  CЯ║;+°ю}C╥²ы          ║  _х  Al                       Л Ш Ъ  Х Ч Т Щ Й Ээ╙╙▒ `|_~░  CЯ║;+°ю}C╥²ы          ║  _х  Al                       Л Ш Ъ  Х Ч Т Щ Й Ээ╙╙▒ `|_~░  CЯ║;+°ю}C╥²ы          ║  _х  Al                       Л Ш Ъ  Х Ч Т Щ Й Ээ╙╙▒ `|_~░  CЯ║;+°ю}C╥²ы          ║  _х  Al                       Л Ш Ъ  Х Ч Т Щ Й Ээ╙╙▒ `|_~░  CЯ║;+°ю}C╥²ы          ║  _х  Al                       Л Ш Ъ  Х Ч Т Щ Й Ээ╙╙▒ `|_~░  CЯ║;+°ю}C╥²ы          ║  _х  Al                       Л Ш Ъ  Х Ч Т Щ Й Ээ╙╙▒ `|_~░  CЯ║;+°ю}C╥²ы          ║  _х  Al                       Л Ш Ъ  Х Ч Т Щ Й Ээ╙╙▒ `|_~░  CЯ║;+°ю}C╥²ы          ║  _х  Al                       Л Ш Ъ  Х Ч Т Щ Й Ээ╙╙▒ `|_~░  CЯ║;+°ю}C╥²ы          ║  _х  Al                       Л Ш Ъ  Х Ч Т Щ Й Ээ╙╙▒ `|_~░  CЯ║;+°ю}C╥²ы          ║  _х  Al                       Л Ш Ъ  Х Ч Т Щ Й Ээ╙╙▒ `|_~░  CЯ║;+°ю}C╥²ы          ║  _х  Al                       Л Ш Ъ  Х Ч Т Щ Й Ээ╙╙▒ `|_~░  CЯ║;+°ю}C╥²ы          ║  _х  Al                       Л Ш Ъ  Х Ч Т Щ Й Ээ╙╙▒ `|_~░  CЯ║;+°ю}C╥²ы          ║  _х  Al                       Л Ш Ъ  Х Ч Т Щ Й Ээ╙╙▒ `|_~░  CЯ║;+°ю}C╥²ы          ║  _х  Al                       Л Ш Ъ  Х Ч Т Щ Й Ээ╙╙▒ `|_~░  CЯ║;+°ю}C╥²ы          ║  _х  Al                       Л Ш Ъ  Х Ч Т Щ Й Ээ╙╙▒ `|_~░  CЯ║;+°ю}C╥²ы          ║  _х  Al                       Л Ш Ъ  Х Ч Т Щ Й Ээ╙╙▒ `|_~░  CЯ║;+°ю}C╥²ы          ║  _х  Al                       Л Ш Ъ  Х Ч Т Щ Й Ээ╙╙▒ `|_~░  CЯ║;+°ю}C╥²ы          ║  _х  Al                       Л Ш Ъ  Х Ч Т Щ Й Ээ╙╙▒ `|_~░  CЯ║;+°ю}C╥²ы          ║  _х  Al                       Л Ш Ъ  Х Ч Т Щ Й Ээ╙╙▒ `|_~░  CЯ║;+°ю}C╥²ы          ║  _х  Al                       Л Ш Ъ  Х Ч Т Щ Й Ээл╙▒ `}╩3┌R  @н≈┘:е≤I@∙≤F╚          ≈┘  _х  B,                       Ь ╧ О Ф т ╪ э Д Д б А з д Ю ж Е_л╙▒ `}╩3┌R  @н≈┘:е≤I@∙≤F╚          ≈┘  _х  B,                       Ь ╧ О Ф т ╪ э Д Д б А з д Ю ж Е_л╙▒ `}╩3┌R  @н≈┘:е≤I@∙≤F╚          ≈┘  _х  B,                       Ь ╧ О Ф т ╪ э Д Д б А з д Ю ж Е_л╙▒ `}╩3┌R  @н≈┘:е≤I@∙≤F╚          ≈┘  _х  B,                       Ь ╧ О Ф т ╪ э Д Д б А з д Ю ж Е_л╙▒ `}╩3┌R  @н≈┘:е≤I@∙≤F╚          ≈┘  _х  B,                       Ь ╧ О Ф т ╪ э Д Д б А з д Ю ж Е_л╙▒ `}╩3┌R  @н≈┘:е≤I@∙≤F╚          ≈┘  _х  B,                       Ь ╧ О Ф т ╪ э Д Д б А з д Ю ж Е_л╙▒ `}╩3┌R  @н≈┘:е≤I@∙≤F╚          ≈┘  _х  B,                       Ь ╧ О Ф т ╪ э Д Д б А з д Ю ж Е_л╙▒ `}╩3┌R  @н≈┘:е≤I@∙≤F╚          ≈┘  _х  B,                       Ь ╧ О Ф т ╪ э Д Д б А з д Ю ж Е_л╙▒ `}╩3┌R  @н≈┘:е≤I@∙≤F╚          ≈┘  _х  B,                       Ь ╧ О Ф т ╪ э Д Д б А з д Ю ж Е_л╙▒ `}╩3┌R  @н≈┘:е≤I@∙≤F╚          ≈┘  _х  B,                       Ь ╧ О Ф т ╪ э Д Д б А з д Ю ж Е_л╙▒ `}╩3┌R  @н≈┘:е≤I@∙≤F╚          ≈┘  _х  B,                       Ь ╧ О Ф т ╪ э Д Д б А з д Ю ж Е_л╙▒ `}╩3┌R  @н≈┘:е≤I@∙≤F╚          ≈┘  _х  B,                       Ь ╧ О Ф т ╪ э Д Д б А з д Ю ж Е_л╙▒ `}╩3┌R  @н≈┘:е≤I@∙≤F╚          ≈┘  _х  B,                       Ь ╧ О Ф т ╪ э Д Д б А з д Ю ж Е_л╙▒ `}╩3┌R  @н≈┘:е≤I@∙≤F╚          ≈┘  _х  B,                       Ь ╧ О Ф т ╪ э Д Д б А з д Ю ж Е_л╙▒ `}╩3┌R  @н≈┘:е≤I@∙≤F╚          ≈┘  _х  B,                       Ь ╧ О Ф т ╪ э Д Д б А з д Ю ж Е_л╙▒ `}╩3┌R  @н≈┘:е≤I@∙≤F╚          ≈┘  _х  B,                       Ь ╧ О Ф т ╪ э Д Д б А з д Ю ж Е_л╙▒ `}╩3┌R  @н≈┘:е≤I@∙≤F╚          ≈┘  _х  B,                       Ь ╧ О Ф т ╪ э Д Д б А з д Ю ж Е_л╙▒ `}╩3┌R  @н≈┘:е≤I@∙≤F╚          ≈┘  _х  B,                       Ь ╧ О Ф т ╪ э Д Д б А з д Ю ж Е_л╙▒ `}╩3┌R  @н≈┘:е≤I@∙≤F╚          ≈┘  _х  B,                       Ь ╧ О Ф т ╪ э Д Д б А з д Ю ж Е_л╙▒ `}╩3┌R  @н≈┘:е≤I@∙≤F╚          ≈┘  _х  B,                       Ь ╧ О Ф т ╪ э Д Д б А з д Ю ж Е_л╙▒ `}╩3┌R  @н≈┘:е≤I@∙≤F╚          ≈┘  _х  B,                       Ь ╧ О Ф т ╪ э Д Д б А з д Ю ж Е_л╙▒ `}╩3┌R  @н≈┘:е≤I@∙≤F╚          ≈┘  _х  B,                       Ь ╧ О Ф т ╪ э Д Д б А з д Ю ж Е_л╙▒ `}╩3┌R  @н≈┘:е≤I@∙≤F╚          ≈┘  _х  B,                       Ь ╧ О Ф т ╪ э Д Д б А з д Ю ж Е_л╙▒ `}╩3┌R  @н≈┘:е≤I@∙≤F╚          ≈┘  _х  B,                       Ь ╧ О Ф т ╪ э Д Д б А з д Ю ж Е_л╙▒ `}╩3┌R  @н≈┘:е≤I@∙≤F╚          ≈┘  _х  B,                       Ь ╧ О Ф т ╪ э Д Д б А з д Ю ж Е_л╙▒ `}╩3┌R  @н≈┘:е≤I@∙≤F╚          ≈┘  _х  B,                       Ь ╧ О Ф т ╪ э Д Д б А з д Ю ж Е_л╙▒ `}╩3┌R  @н≈┘:е≤I@∙≤F╚          ≈┘  _х  B,                       Ь ╧ О Ф т ╪ э Д Д б А з д Ю ж Е_л╙▒ `}╩3┌R  @н≈┘:е≤I@∙≤F╚          ≈┘  _х  B,                       Ь ╧ О Ф т ╪ э Д Д б А з д Ю ж Е_л╙▒ `}╩3┌R  @н≈┘:е≤I@∙≤F╚          ≈┘  _х  B,                       Ь ╧ О Ф т ╪ э Д Д б А з д Ю ж Е_л╙▒ `}╩3┌R  @н≈┘:е≤I@∙≤F╚          ≈┘  _х  B,                       Ь ╧ О Ф т ╪ э Д Д б А з д Ю ж Е_л╙▒ `}╩3┌R  @н≈┘:е≤I@∙≤F╚          ≈┘  _х  B,                       Ь ╧ О Ф т ╪ э Д Д б А з д Ю ж Е_л╙▒ `}╩3┌R  @н≈┘:е≤I@∙≤F╚          ≈┘  _х  B,                       Ь ╧ О Ф т ╪ э Д Д б А з д Ю ж Е_л╙▒ `}╩3┌R  @н≈┘:е≤I@∙≤F╚          ≈┘  _х  B,                       Ь ╧ О Ф т ╪ э Д Д б А з д Ю ж Е_л╙▒ `}╩3┌R  @н≈┘:е≤I@∙≤F╚          ≈┘  _х  B,                       Ь ╧ О Ф т ╪ э Д Д б А з д Ю ж Е_л╙▒ `}╩3┌R  @н≈┘:е≤I@∙≤F╚          ≈┘  _х  B,                       Ь ╧ О Ф т ╪ э Д Д б А з д Ю ж Е_л╙▒ `}╩3┌R  @н≈┘:е≤I@∙≤F╚          ≈┘  _х  B,                       Ь ╧ О Ф т ╪ э Д Д б А з д Ю ж Е_л╙▒ `}╩3┌R  @н≈┘:е≤I@∙≤F╚          ≈┘  _х  B,                       Ь ╧ О Ф т ╪ э Д Д б А з д Ю ж Е_л╙▒ `}╩3┌R  @н≈┘:е≤I@∙≤F╚          ≈┘  _х  B,                       Ь ╧ О Ф т ╪ э Д Д б А з д Ю ж Е_л╙▒ `}╩3┌R  @н≈┘:е≤I@∙≤F╚          ≈┘  _х  B,                       Ь ╧ О Ф т ╪ э Д Д б А з д Ю ж Е_л╙▒ `}╩3┌R  @н≈┘:е≤I@∙≤F╚          ≈┘  _х  B,                       Ь ╧ О Ф т ╪ э Д Д б А з д Ю ж Е_л╙▒ `}╩3┌R  @н≈┘:е≤I@∙≤F╚          ≈┘  _х  B,                       Ь ╧ О Ф т ╪ э Д Д б А з д Ю ж Е_л╙▒ `}╩3┌R  @н≈┘:е≤I@∙≤F╚          ≈┘  _х  B,                       Ь ╧ О Ф т ╪ э Д Д б А з д Ю ж Е_л╙▒ `}╩3┌R  @н≈┘:е≤I@∙≤F╚          ≈┘  _х  B,                       Ь ╧ О Ф т ╪ э Д Д б А з д Ю ж Е_л╙▒ `}╩3┌R  @н≈┘:е≤I@∙≤F╚          ≈┘  _х  B,                       Ь ╧ О Ф т ╪ э Д Д б А з д Ю ж Е_л╙▒ `}╩3┌R  @н≈┘:е≤I@∙≤F╚          ≈┘  _х  B,                       Ь ╧ О Ф т ╪ э Д Д б А з д Ю ж Е_л╙▒ `}╩3┌R  @н≈┘:е≤I@∙≤F╚          ≈┘  _х  B,                       Ь ╧ О Ф т ╪ э Д Д б А з д Ю ж Е_л╙▒ `}╩3┌R  @н≈┘:е≤I@∙≤F╚          ≈┘  _х  B,                       Ь ╧ О Ф т ╪ э Д Д б А з д Ю ж Е_л╙▒ `}╩3┌R  @н≈┘:е≤I@∙≤F╚          ≈┘  _х  B,                       Ь ╧ О Ф т ╪ э Д Д б А з д Ю ж Е_л╙▒ `}╩3┌R  @н≈┘:е≤I@∙≤F╚          ≈┘  _х  B,                       Ь ╧ О Ф т ╪ э Д Д б А з д Ю ж Е_╙╙▒ `}╪~  B`²╖;°ё@К°Gd          ²╖  _х  B#                       Ы Т З Т З М В Д Г Б ь П Х Х Х угл╙▒ `}╪~  B`²╖;°ё@К°Gd          ²╖  _х  B#                       Ы Т З Т З М В Д Г Б ь П Х Х Х угл╙▒ `}╪~  B`²╖;°ё@К°Gd          ²╖  _х  B#                       Ы Т З Т З М В Д Г Б ь П Х Х Х угл╙▒ `}╪~  B`²╖;°ё@К°Gd          ²╖  _х  B#                       Ы Т З Т З М В Д Г Б ь П Х Х Х угл╙▒ `}╪~  B`²╖;°ё@К°Gd          ²╖  _х  B#                       Ы Т З Т З М В Д Г Б ь П Х Х Х угл╙▒ `}╪~  B`²╖;°ё@К°Gd          ²╖  _х  B#                       Ы Т З Т З М В Д Г Б ь П Х Х Х угл╙▒ `}╪~  B`²╖;°ё@К°Gd          ²╖  _х  B#                       Ы Т З Т З М В Д Г Б ь П Х Х Х угл╙▒ `}╪~  B`²╖;°ё@К°Gd          ²╖  _х  B#                       Ы Т З Т З М В Д Г Б ь П Х Х Х угл╙▒ `}╪~  B`²╖;°ё@К°Gd          ²╖  _х  B#                       Ы Т З Т З М В Д Г Б ь П Х Х Х угл╙▒ `}╪~  B`²╖;°ё@К°Gd          ²╖  _х  B#                       Ы Т З Т З М В Д Г Б ь П Х Х Х угл╙▒ `}╪~  B`²╖;°ё@К°Gd          ²╖  _х  B#                       Ы Т З Т З М В Д Г Б ь П Х Х Х угл╙▒ `}╪~  B`²╖;°ё@К°Gd          ²╖  _х  B#                       Ы Т З Т З М В Д Г Б ь П Х Х Х угл╙▒ `}╪~  B`²╖;°ё@К°Gd          ²╖  _х  B#                       Ы Т З Т З М В Д Г Б ь П Х Х Х угл╙▒ `}╪~  B`²╖;°ё@К°Gd          ²╖  _х  B#                       Ы Т З Т З М В Д Г Б ь П Х Х Х угл╙▒ `}╪~  B`²╖;°ё@К°Gd          ²╖  _х  B#                       Ы Т З Т З М В Д Г Б ь П Х Х Х угл╙▒ `}╪~  B`²╖;°ё@К°Gd          ²╖  _х  B#                       Ы Т З Т З М В Д Г Б ь П Х Х Х угл╙▒ `}╪~  B`²╖;°ё@К°Gd          ²╖  _х  B#                       Ы Т З Т З М В Д Г Б ь П Х Х Х угл╙▒ `}╪~  B`²╖;°ё@К°Gd          ²╖  _х  B#                       Ы Т З Т З М В Д Г Б ь П Х Х Х угл╙▒ `}╪~  B`²╖;°ё@К°Gd          ²╖  _х  B#                       Ы Т З Т З М В Д Г Б ь П Х Х Х угл╙▒ `}╪~  B`²╖;°ё@К°Gd          ²╖  _х  B#                       Ы Т З Т З М В Д Г Б ь П Х Х Х угл╙▒ `}╪~  B`²╖;°ё@К°Gd          ²╖  _х  B#                       Ы Т З Т З М В Д Г Б ь П Х Х Х угл╙▒ `}╪~  B`²╖;°ё@К°Gd          ²╖  _х  B#                       Ы Т З Т З М В Д Г Б ь П Х Х Х угл╙▒ `}╪~  B`²╖;°ё@К°Gd          ²╖  _х  B#                       Ы Т З Т З М В Д Г Б ь П Х Х Х угл╙▒ `}╪~  B`²╖;°ё@К°Gd          ²╖  _х  B#                       Ы Т З Т З М В Д Г Б ь П Х Х Х угл╙▒ `}╪~  B`²╖;°ё@К°Gd          ²╖  _х  B#                       Ы Т З Т З М В Д Г Б ь П Х Х Х угл╙▒ `}╪~  B`²╖;°ё@К°Gd          ²╖  _х  B#                       Ы Т З Т З М В Д Г Б ь П Х Х Х угл╙▒ `}╪~  B`²╖;°ё@К°Gd          ²╖  _х  B#                       Ы Т З Т З М В Д Г Б ь П Х Х Х угл╙▒ `}╪~  B`²╖;°ё@К°Gd          ²╖  _х  B#                       Ы Т З Т З М В Д Г Б ь П Х Х Х угл╙▒ `}╪~  B`²╖;°ё@К°Gd          ²╖  _х  B#                       Ы Т З Т З М В Д Г Б ь П Х Х Х угл╙▒ `}╪~  B`²╖;°ё@К°Gd          ²╖  _х  B#                       Ы Т З Т З М В Д Г Б ь П Х Х Х угл╙▒ `}╪~  B`²╖;°ё@К°Gd          ²╖  _х  B#                       Ы Т З Т З М В Д Г Б ь П Х Х Х угл╙▒ `}╪~  B`²╖;°ё@К°Gd          ²╖  _х  B#                       Ы Т З Т З М В Д Г Б ь П Х Х Х угл╙▒ `}╪~  B`²╖;°ё@К°Gd          ²╖  _х  B#                       Ы Т З Т З М В Д Г Б ь П Х Х Х угл╙▒ `}╪~  B`²╖;°ё@К°Gd          ²╖  _х  B#                       Ы Т З Т З М В Д Г Б ь П Х Х Х угл╙▒ `}╪~  B`²╖;°ё@К°Gd          ²╖  _х  B#                       Ы Т З Т З М В Д Г Б ь П Х Х Х угл╙▒ `}╪~  B`²╖;°ё@К°Gd          ²╖  _х  B#                       Ы Т З Т З М В Д Г Б ь П Х Х Х угл╙▒ `}╪~  B`²╖;°ё@К°Gd          ²╖  _х  B#                       Ы Т З Т З М В Д Г Б ь П Х Х Х угл╙▒ `}╪~  B`²╖;°ё@К°Gd          ²╖  _х  B#                       Ы Т З Т З М В Д Г Б ь П Х Х Х угл╙▒ `}╪~  B`²╖;°ё@К°Gd          ²╖  _х  B#                       Ы Т З Т З М В Д Г Б ь П Х Х Х угл╙▒ `}╪~  B`²╖;°ё@К°Gd          ²╖  _х  B#                       Ы Т З Т З М В Д Г Б ь П Х Х Х угл╙▒ `}╪~  B`²╖;°ё@К°Gd          ²╖  _х  B#                       Ы Т З Т З М В Д Г Б ь П Х Х Х угл╙▒ `}╪~  B`²╖;°ё@К°Gd          ²╖  _х  B#                       Ы Т З Т З М В Д Г Б ь П Х Х Х угл╙▒ `}╪~  B`²╖;°ё@К°Gd          ²╖  _х  B#                       Ы Т З Т З М В Д Г Б ь П Х Х Х угл╙▒ `}╪~  B`²╖;°ё@К°Gd          ²╖  _х  B#                       Ы Т З Т З М В Д Г Б ь П Х Х Х угл╙▒ `}╪~  B`²╖;°ё@К°Gd          ²╖  _х  B#                       Ы Т З Т З М В Д Г Б ь П Х Х Х угл╙▒ `}╪~  B`²╖;°ё@К°Gd          ²╖  _х  B#                       Ы Т З Т З М В Д Г Б ь П Х Х Х угл╙▒ `}╪~  B`²╖;°ё@К°Gd          ²╖  _х  B#                       Ы Т З Т З М В Д Г Б ь П Х Х Х угл╙▒ `}╪~  B`²╖;°ё@К°Gd          ²╖  _х  B#                       Ы Т З Т З М В Д Г Б ь П Х Х Х угл╙▒ `}╪~  B`²╖;°ё@К°Gd          ²╖  _х  B#                       Ы Т З Т З М В Д Г Б ь П Х Х Х угл╙▒ `│|   A═╗;⌡&}nB≥÷G░          ═╗  _х  CК                       х  Х М Ы Ч Ж З З Н Ш У И Щ┤л╙▒ `│|   A═╗;⌡&}nB≥÷G░          ═╗  _х  CК                       х  Х М Ы Ч Ж З З Н Ш У И Щ┤л╙▒ `│|   A═╗;⌡&}nB≥÷G░          ═╗  _х  CК                       х  Х М Ы Ч Ж З З Н Ш У И Щ┤л╙▒ `│|   A═╗;⌡&}nB≥÷G░          ═╗  _х  CК                       х  Х М Ы Ч Ж З З Н Ш У И Щ┤л╙▒ `│|   A═╗;⌡&}nB≥÷G░          ═╗  _х  CК                       х  Х М Ы Ч Ж З З Н Ш У И Щ┤л╙▒ `│|   A═╗;⌡&}nB≥÷G░          ═╗  _х  CК                       х  Х М Ы Ч Ж З З Н Ш У И Щ┤л╙▒ `│|   A═╗;⌡&}nB≥÷G░          ═╗  _х  CК                       х  Х М Ы Ч Ж З З Н Ш У И Щ┤╙╙▒ `│|   A═╗;⌡&}nB≥÷G░          ═╗  _х  CК                       х  Х М Ы Ч Ж З З Н Ш У И Щ┤л╙▒ `│|   A═╗;⌡&}nB≥÷G░          ═╗  _х  CК                       х  Х М Ы Ч Ж З З Н Ш У И Щ┤л╙▒ `│|   A═╗;⌡&}nB≥÷G░          ═╗  _х  CК                       х  Х М Ы Ч Ж З З Н Ш У И Щ┤л╙▒ `│|   A═╗;⌡&}nB≥÷G░          ═╗  _х  CК                       х  Х М Ы Ч Ж З З Н Ш У И Щ┤л╙▒ `│|   A═╗;⌡&}nB≥÷G░          ═╗  _х  CК                       х  Х М Ы Ч Ж З З Н Ш У И Щ┤л╙▒ `│|   A═╗;⌡&}nB≥÷G░          ═╗  _х  CК                       х  Х М Ы Ч Ж З З Н Ш У И Щ┤л╙▒ `│|   A═╗;⌡&}nB≥÷G░          ═╗  _х  CК                       х  Х М Ы Ч Ж З З Н Ш У И Щ┤л╙▒ `│|   A═╗;⌡&}nB≥÷G░          ═╗  _х  CК                       х  Х М Ы Ч Ж З З Н Ш У И Щ┤л╙▒ `│|   A═╗;⌡&}nB≥÷G░          ═╗  _х  CК                       х  Х М Ы Ч Ж З З Н Ш У И Щ┤л╙▒ `│|   A═╗;⌡&}nB≥÷G░          ═╗  _х  CК                       х  Х М Ы Ч Ж З З Н Ш У И Щ┤л╙▒ `│|   A═╗;⌡&}nB≥÷G░          ═╗  _х  CК                       х  Х М Ы Ч Ж З З Н Ш У И Щ┤л╙▒ `│|   A═╗;⌡&}nB≥÷G░          ═╗  _х  CК                       х  Х М Ы Ч Ж З З Н Ш У И Щ┤л╙▒ `│|   A═╗;⌡&}nB≥÷G░          ═╗  _х  CК                       х  Х М Ы Ч Ж З З Н Ш У И Щ┤л╙▒ `│|   A═╗;⌡&}nB≥÷G░          ═╗  _х  CК                       х  Х М Ы Ч Ж З З Н Ш У И Щ┤л╙▒ `│|   A═╗;⌡&}nB≥÷G░          ═╗  _х  CК                       х  Х М Ы Ч Ж З З Н Ш У И Щ┤л╙▒ `│|   A═╗;⌡&}nB≥÷G░          ═╗  _х  CК                       х  Х М Ы Ч Ж З З Н Ш У И Щ┤л╙▒ `│|   A═╗;⌡&}nB≥÷G░          ═╗  _х  CК                       х  Х М Ы Ч Ж З З Н Ш У И Щ┤л╙▒ `│|   A═╗;⌡&}nB≥÷G░          ═╗  _х  CК                       х  Х М Ы Ч Ж З З Н Ш У И Щ┤л╙▒ `│|   A═╗;⌡&}nB≥÷G░          ═╗  _х  CК                       х  Х М Ы Ч Ж З З Н Ш У И Щ┤л╙▒ `│|   A═╗;⌡&}nB≥÷G░          ═╗  _х  CК                       х  Х М Ы Ч Ж З З Н Ш У И Щ┤л╙▒ `│|   A═╗;⌡&}nB≥÷G░          ═╗  _х  CК                       х  Х М Ы Ч Ж З З Н Ш У И Щ┤л╙▒ `│|   A═╗;⌡&}nB≥÷G░          ═╗  _х  CК                       х  Х М Ы Ч Ж З З Н Ш У И Щ┤л╙▒ `│|   A═╗;⌡&}nB≥÷G░          ═╗  _х  CК                       х  Х М Ы Ч Ж З З Н Ш У И Щ┤л╙▒ `│|   A═╗;⌡&}nB≥÷G░          ═╗  _х  CК                       х  Х М Ы Ч Ж З З Н Ш У И Щ┤л╙▒ `│|   A═╗;⌡&}nB≥÷G░          ═╗  _х  CК                       х  Х М Ы Ч Ж З З Н Ш У И Щ┤л╙▒ `│|   A═╗;⌡&}nB≥÷G░          ═╗  _х  CК                       х  Х М Ы Ч Ж З З Н Ш У И Щ┤л╙▒ `│|   A═╗;⌡&}nB≥÷G░          ═╗  _х  CК                       х  Х М Ы Ч Ж З З Н Ш У И Щ┤л╙▒ `│|   A═╗;⌡&}nB≥÷G░          ═╗  _х  CК                       х  Х М Ы Ч Ж З З Н Ш У И Щ┤╙╙▒ `│|   A═╗;⌡&}nB≥÷G░          ═╗  _х  CК                       х  Х М Ы Ч Ж З З Н Ш У И Щ┤л╙▒ `│|   A═╗;⌡&}nB≥÷G░          ═╗  _х  CК                       х  Х М Ы Ч Ж З З Н Ш У И Щ┤л╙▒ `│|   A═╗;⌡&}nB≥÷G░          ═╗  _х  CК                       х  Х М Ы Ч Ж З З Н Ш У И Щ┤л╙▒ `│|   A═╗;⌡&}nB≥÷G░          ═╗  _х  CК                       х  Х М Ы Ч Ж З З Н Ш У И Щ┤л╙▒ `│|   A═╗;⌡&}nB≥÷G░          ═╗  _х  CК                       х  Х М Ы Ч Ж З З Н Ш У И Щ┤л╙▒ `│|   A═╗;⌡&}nB≥÷G░          ═╗  _х  CК                       х  Х М Ы Ч Ж З З Н Ш У И Щ┤л╙▒ `│|   A═╗;⌡&}nB≥÷G░          ═╗  _х  CК                       х  Х М Ы Ч Ж З З Н Ш У И Щ┤л╙▒ `│|   A═╗;⌡&}nB≥÷G░          ═╗  _х  CК                       х  Х М Ы Ч Ж З З Н Ш У И Щ┤л╙▒ `│|   A═╗;⌡&}nB≥÷G░          ═╗  _х  CК                       х  Х М Ы Ч Ж З З Н Ш У И Щ┤л╙▒ `│|   A═╗;⌡&}nB≥÷G░          ═╗  _х  CК                       х  Х М Ы Ч Ж З З Н Ш У И Щ┤л╙▒ `│|   A═╗;⌡&}nB≥÷G░          ═╗  _х  CК                       х  Х М Ы Ч Ж З З Н Ш У И Щ┤л╙▒ `│|   A═╗;⌡&}nB≥÷G░          ═╗  _х  CК                       х  Х М Ы Ч Ж З З Н Ш У И Щ┤л╙▒ `│|   A═╗;⌡&}nB≥÷G░          ═╗  _х  CК                       х  Х М Ы Ч Ж З З Н Ш У И Щ┤л╙▒ `│|   A═╗;⌡&}nB≥÷G░          ═╗  _х  CК                       х  Х М Ы Ч Ж З З Н Ш У И Щ┤╙╙▒ `|у}Э  Ca║х;F²S}^Cт÷д          ║х  _х  A╩U                       У Ъ Щ  Ъ Ь Ъ Ъ Р Сл╙▒ `|у}Э  Ca║х;F²S}^Cт÷д          ║х  _х  A╩U                       У Ъ Щ  Ъ Ь Ъ Ъ Р Сл╙▒ `|у}Э  Ca║х;F²S}^Cт÷д          ║х  _х  A╩U                       У Ъ Щ  Ъ Ь Ъ Ъ Р Сл╙▒ `|у}Э  Ca║х;F²S}^Cт÷д          ║х  _х  A╩U                       У Ъ Щ  Ъ Ь Ъ Ъ Р Сл╙▒ `|у}Э  Ca║х;F²S}^Cт÷д          ║х  _х  A╩U                       У Ъ Щ  Ъ Ь Ъ Ъ Р Сл╙▒ `|у}Э  Ca║х;F²S}^Cт÷д          ║х  _х  A╩U                       У Ъ Щ  Ъ Ь Ъ Ъ Р Сл╙▒ `|у}Э  Ca║х;F²S}^Cт÷д          ║х  _х  A╩U                       У Ъ Щ  Ъ Ь Ъ Ъ Р Сл╙▒ `|у}Э  Ca║х;F²S}^Cт÷д          ║х  _х  A╩U                       У Ъ Щ  Ъ Ь Ъ Ъ Р Сл╙▒ `|у}Э  Ca║х;F²S}^Cт÷д          ║х  _х  A╩U                       У Ъ Щ  Ъ Ь Ъ Ъ Р Сл╙▒ `|у}Э  Ca║х;F²S}^Cт÷д          ║х  _х  A╩U                       У Ъ Щ  Ъ Ь Ъ Ъ Р Сл╙▒ `|у}Э  Ca║х;F²S}^Cт÷д          ║х  _х  A╩U                       У Ъ Щ  Ъ Ь Ъ Ъ Р Сл╙▒ `|у}Э  Ca║х;F²S}^Cт÷д          ║х  _х  A╩U                       У Ъ Щ  Ъ Ь Ъ Ъ Р Сл╙▒ `|у}Э  Ca║х;F²S}^Cт÷д          ║х  _х  A╩U                       У Ъ Щ  Ъ Ь Ъ Ъ Р Сл╙▒ `|у}Э  Ca║х;F²S}^Cт÷д          ║х  _х  A╩U                       У Ъ Щ  Ъ Ь Ъ Ъ Р Сл╙▒ `|у}Э  Ca║х;F²S}^Cт÷д          ║х  _х  A╩U                       У Ъ Щ  Ъ Ь Ъ Ъ Р Сл╙▒ `|у}Э  Ca║х;F²S}^Cт÷д          ║х  _х  A╩U                       У Ъ Щ  Ъ Ь Ъ Ъ Р Сл╙▒ `|у}Э  Ca║х;F²S}^Cт÷д          ║х  _х  A╩U                       У Ъ Щ  Ъ Ь Ъ Ъ Р Сл╙▒ `|у}Э  Ca║х;F²S}^Cт÷д          ║х  _х  A╩U                       У Ъ Щ  Ъ Ь Ъ Ъ Р Сл╙▒ `|у}Э  Ca║х;F²S}^Cт÷д          ║х  _х  A╩U                       У Ъ Щ  Ъ Ь Ъ Ъ Р Сл╙▒ `|у}Э  Ca║х;F²S}^Cт÷д          ║х  _х  A╩U                       У Ъ Щ  Ъ Ь Ъ Ъ Р Сл╙▒ `|у}Э  Ca║х;F²S}^Cт÷д          ║х  _х  A╩U                       У Ъ Щ  Ъ Ь Ъ Ъ Р Сл╙▒ `|у}Э  Ca║х;F²S}^Cт÷д          ║х  _х  A╩U                       У Ъ Щ  Ъ Ь Ъ Ъ Р Сл╙▒ `|у}Э  Ca║х;F²S}^Cт÷д          ║х  _х  A╩U                       У Ъ Щ  Ъ Ь Ъ Ъ Р Сл╙▒ `|у}Э  Ca║х;F²S}^Cт÷д          ║х  _х  A╩U                       У Ъ Щ  Ъ Ь Ъ Ъ Р Сл╙▒ `|у}Э  Ca║х;F²S}^Cт÷д          ║х  _х  A╩U                       У Ъ Щ  Ъ Ь Ъ Ъ Р Сл╙▒ `|у}Э  Ca║х;F²S}^Cт÷д          ║х  _х  A╩U                       У Ъ Щ  Ъ Ь Ъ Ъ Р Сл╙▒ `|у}Э  Ca║х;F²S}^Cт÷д          ║х  _х  A╩U                       У Ъ Щ  Ъ Ь Ъ Ъ Р Сл╙▒ `|у}Э  Ca║х;F²S}^Cт÷д          ║х  _х  A╩U                       У Ъ Щ  Ъ Ь Ъ Ъ Р Сл╙▒ `|у}Э  Ca║х;F²S}^Cт÷д          ║х  _х  A╩U                       У Ъ Щ  Ъ Ь Ъ Ъ Р Сл╙▒ `|у}Э  Ca║х;F²S}^Cт÷д          ║х  _х  A╩U                       У Ъ Щ  Ъ Ь Ъ Ъ Р Сл╙▒ `|у}Э  Ca║х;F²S}^Cт÷д          ║х  _х  A╩U                       У Ъ Щ  Ъ Ь Ъ Ъ Р Сл╙▒ `|у}Э  Ca║х;F²S}^Cт÷д          ║х  _х  A╩U                       У Ъ Щ  Ъ Ь Ъ Ъ Р Сл╙▒ `|у}Э  Ca║х;F²S}^Cт÷д          ║х  _х  A╩U                       У Ъ Щ  Ъ Ь Ъ Ъ Р Сл╙▒ `|у}Э  Ca║х;F²S}^Cт÷д          ║х  _х  A╩U                       У Ъ Щ  Ъ Ь Ъ Ъ Р Сл╙▒ `|у}Э  Ca║х;F²S}^Cт÷д          ║х  _х  A╩U                       У Ъ Щ  Ъ Ь Ъ Ъ Р Сл╙▒ `|у}Э  Ca║х;F²S}^Cт÷д          ║х  _х  A╩U                       У Ъ Щ  Ъ Ь Ъ Ъ Р Сл╙▒ `|у}Э  Ca║х;F²S}^Cт÷д          ║х  _х  A╩U                       У Ъ Щ  Ъ Ь Ъ Ъ Р Сл╙▒ `|у}Э  Ca║х;F²S}^Cт÷д          ║х  _х  A╩U                       У Ъ Щ  Ъ Ь Ъ Ъ Р Сл╙▒ `|у}Э  Ca║х;F²S}^Cт÷д          ║х  _х  A╩U                       У Ъ Щ  Ъ Ь Ъ Ъ Р Сл╙▒ `|у}Э  Ca║х;F²S}^Cт÷д          ║х  _х  A╩U                       У Ъ Щ  Ъ Ь Ъ Ъ Р Сл╙▒ `|у}Э  Ca║х;F²S}^Cт÷д          ║х  _х  A╩U                       У Ъ Щ  Ъ Ь Ъ Ъ Р Сл╙▒ `|у}Э  Ca║х;F²S}^Cт÷д          ║х  _х  A╩U                       У Ъ Щ  Ъ Ь Ъ Ъ Р Сл╙▒ `|у}Э  Ca║х;F²S}^Cт÷д          ║х  _х  A╩U                       У Ъ Щ  Ъ Ь Ъ Ъ Р Сл╙▒ `|у}Э  Ca║х;F²S}^Cт÷д          ║х  _х  A╩U                       У Ъ Щ  Ъ Ь Ъ Ъ Р Сл╙▒ `|у}Э  Ca║х;F²S}^Cт÷д          ║х  _х  A╩U                       У Ъ Щ  Ъ Ь Ъ Ъ Р Сл╙▒ `|у}Э  Ca║х;F²S}^Cт÷д          ║х  _х  A╩U                       У Ъ Щ  Ъ Ь Ъ Ъ Р Сл╙▒ `|у}Э  Ca║х;F²S}^Cт÷д          ║х  _х  A╩U                       У Ъ Щ  Ъ Ь Ъ Ъ Р Сл╙▒ `|у}Э  Ca║х;F²S}^Cт÷д          ║х  _х  A╩U                       У Ъ Щ  Ъ Ь Ъ Ъ Р Сл╙▒ `|у}Э  Ca║х;F²S}^Cт÷д          ║х  _х  A╩U                       У Ъ Щ  Ъ Ь Ъ Ъ Р Сл╙▒ `┌©}O  A≈═х;% н}²@╡÷┤╓          ═х  _х  Dг                       ╢  Ч М Й Щ Ш Е Э Э И Ч З Ф Ш╩Uл╙▒ `┌©}O  A≈═х;% н}²@╡÷┤╓          ═х  _х  Dг                       ╢  Ч М Й Щ Ш Е Э Э И Ч З Ф Ш╩Uл╙▒ `┌©}O  A≈═х;% н}²@╡÷┤╓          ═х  _х  Dг                       ╢  Ч М Й Щ Ш Е Э Э И Ч З Ф Ш╩Uл╙▒ `┌©}O  A≈═х;% н}²@╡÷┤╓          ═х  _х  Dг                       ╢  Ч М Й Щ Ш Е Э Э И Ч З Ф Ш╩Uл╙▒ `┌©}O  A≈═х;% н}²@╡÷┤╓          ═х  _х  Dг                       ╢  Ч М Й Щ Ш Е Э Э И Ч З Ф Ш╩Uл╙▒ `┌©}O  A≈═х;% н}²@╡÷┤╓          ═х  _х  Dг                       ╢  Ч М Й Щ Ш Е Э Э И Ч З Ф Ш╩Uл╙▒ `┌©}O  A≈═х;% н}²@╡÷┤╓          ═х  _х  Dг                       ╢  Ч М Й Щ Ш Е Э Э И Ч З Ф Ш╩Uл╙▒ `┌©}O  A≈═х;% н}²@╡÷┤╓          ═х  _х  Dг                       ╢  Ч М Й Щ Ш Е Э Э И Ч З Ф Ш╩Uл╙▒ `┌©}O  A≈═х;% н}²@╡÷┤╓          ═х  _х  Dг                       ╢  Ч М Й Щ Ш Е Э Э И Ч З Ф Ш╩Uл╙▒ `┌©}O  A≈═х;% н}²@╡÷┤╓          ═х  _х  Dг                       ╢  Ч М Й Щ Ш Е Э Э И Ч З Ф Ш╩Uл╙▒ `┌©}O  A≈═х;% н}²@╡÷┤╓          ═х  _х  Dг                       ╢  Ч М Й Щ Ш Е Э Э И Ч З Ф Ш╩Uл╙▒ `┌©}O  A≈═х;% н}²@╡÷┤╓          ═х  _х  Dг                       ╢  Ч М Й Щ Ш Е Э Э И Ч З Ф Ш╩Uл╙▒ `┌©}O  A≈═х;% н}²@╡÷┤╓          ═х  _х  Dг                       ╢  Ч М Й Щ Ш Е Э Э И Ч З Ф Ш╩Uл╙▒ `┌©}O  A≈═х;% н}²@╡÷┤╓          ═х  _х  Dг                       ╢  Ч М Й Щ Ш Е Э Э И Ч З Ф Ш╩Uл╙▒ `┌©}O  A≈═х;% н}²@╡÷┤╓          ═х  _х  Dг                       ╢  Ч М Й Щ Ш Е Э Э И Ч З Ф Ш╩Uл╙▒ `┌©}O  A≈═х;% н}²@╡÷┤╓          ═х  _х  Dг                       ╢  Ч М Й Щ Ш Е Э Э И Ч З Ф Ш╩Uл╙▒ `┌©}O  A≈═х;% н}²@╡÷┤╓          ═х  _х  Dг                       ╢  Ч М Й Щ Ш Е Э Э И Ч З Ф Ш╩Uл╙▒ `┌©}O  A≈═х;% н}²@╡÷┤╓          ═х  _х  Dг                       ╢  Ч М Й Щ Ш Е Э Э И Ч З Ф Ш╩Uл╙▒ `┌©}O  A≈═х;% н}²@╡÷┤╓          ═х  _х  Dг                       ╢  Ч М Й Щ Ш Е Э Э И Ч З Ф Ш╩Uл╙▒ `┌©}O  A≈═х;% н}²@╡÷┤╓          ═х  _х  Dг                       ╢  Ч М Й Щ Ш Е Э Э И Ч З Ф Ш╩Uл╙▒ `┌©}O  A≈═х;% н}²@╡÷┤╓          ═х  _х  Dг                       ╢  Ч М Й Щ Ш Е Э Э И Ч З Ф Ш╩Uл╙▒ `┌©}O  A≈═х;% н}²@╡÷┤╓          ═х  _х  Dг                       ╢  Ч М Й Щ Ш Е Э Э И Ч З Ф Ш╩Uл╙▒ `┌©}O  A≈═х;% н}²@╡÷┤╓          ═х  _х  Dг                       ╢  Ч М Й Щ Ш Е Э Э И Ч З Ф Ш╩Uл╙▒ `┌©}O  A≈═х;% н}²@╡÷┤╓          ═х  _х  Dг                       ╢  Ч М Й Щ Ш Е Э Э И Ч З Ф Ш╩Uл╙▒ `┌©}O  A≈═х;% н}²@╡÷┤╓          ═х  _х  Dг                       ╢  Ч М Й Щ Ш Е Э Э И Ч З Ф Ш╩Uл╙▒ `┌©}O  A≈═х;% н}²@╡÷┤╓          ═х  _х  Dг                       ╢  Ч М Й Щ Ш Е Э Э И Ч З Ф Ш╩Uл╙▒ `┌©}O  A≈═х;% н}²@╡÷┤╓          ═х  _х  Dг                       ╢  Ч М Й Щ Ш Е Э Э И Ч З Ф Ш╩Uл╙▒ `┌©}O  A≈═х;% н}²@╡÷┤╓          ═х  _х  Dг                       ╢  Ч М Й Щ Ш Е Э Э И Ч З Ф Ш╩Uл╙▒ `┌©}O  A≈═х;% н}²@╡÷┤╓          ═х  _х  Dг                       ╢  Ч М Й Щ Ш Е Э Э И Ч З Ф Ш╩Uл╙▒ `┌©}O  A≈═х;% н}²@╡÷┤╓          ═х  _х  Dг                       ╢  Ч М Й Щ Ш Е Э Э И Ч З Ф Ш╩Uл╙▒ `┌©}O  A≈═х;% н}²@╡÷┤╓          ═х  _х  Dг                       ╢  Ч М Й Щ Ш Е Э Э И Ч З Ф Ш╩Uл╙▒ `┌©}O  A≈═х;% н}²@╡÷┤╓          ═х  _х  Dг                       ╢  Ч М Й Щ Ш Е Э Э И Ч З Ф Ш╩Uл╙▒ `┌©}O  A≈═х;% н}²@╡÷┤╓          ═х  _х  Dг                       ╢  Ч М Й Щ Ш Е Э Э И Ч З Ф Ш╩Uл╙▒ `┌©}O  A≈═х;% н}²@╡÷┤╓          ═х  _х  Dг                       ╢  Ч М Й Щ Ш Е Э Э И Ч З Ф Ш╩Uл╙▒ `┌©}O  A≈═х;% н}²@╡÷┤╓          ═х  _х  Dг                       ╢  Ч М Й Щ Ш Е Э Э И Ч З Ф Ш╩Uл╙▒ `┌©}O  A≈═х;% н}²@╡÷┤╓          ═х  _х  Dг                       ╢  Ч М Й Щ Ш Е Э Э И Ч З Ф Ш╩Uл╙▒ `┌©}O  A≈═х;% н}²@╡÷┤╓          ═х  _х  Dг                       ╢  Ч М Й Щ Ш Е Э Э И Ч З Ф Ш╩Uл╙▒ `┌©}O  A≈═х;% н}²@╡÷┤╓          ═х  _х  Dг                       ╢  Ч М Й Щ Ш Е Э Э И Ч З Ф Ш╩Uл╙▒ `┌©}O  A≈═х;% н}²@╡÷┤╓          ═х  _х  Dг                       ╢  Ч М Й Щ Ш Е Э Э И Ч З Ф Ш╩Uл╙▒ `┌©}O  A≈═х;% н}²@╡÷┤╓          ═х  _х  Dг                       ╢  Ч М Й Щ Ш Е Э Э И Ч З Ф Ш╩Uл╙▒ `┌©}O  A≈═х;% н}²@╡÷┤╓          ═х  _х  Dг                       ╢  Ч М Й Щ Ш Е Э Э И Ч З Ф Ш╩Uл╙▒ `┌©}O  A≈═х;% н}²@╡÷┤╓          ═х  _х  Dг                       ╢  Ч М Й Щ Ш Е Э Э И Ч З Ф Ш╩Uл╙▒ `┌©}O  A≈═х;% н}²@╡÷┤╓          ═х  _х  Dг                       ╢  Ч М Й Щ Ш Е Э Э И Ч З Ф Ш╩Uл╙▒ `┌©}O  A≈═х;% н}²@╡÷┤╓          ═х  _х  Dг                       ╢  Ч М Й Щ Ш Е Э Э И Ч З Ф Ш╩Uл╙▒ `┌©}O  A≈═х;% н}²@╡÷┤╓          ═х  _х  Dг                       ╢  Ч М Й Щ Ш Е Э Э И Ч З Ф Ш╩Uл╙▒ `┌©}O  A≈═х;% н}²@╡÷┤╓          ═х  _х  Dг                       ╢  Ч М Й Щ Ш Е Э Э И Ч З Ф Ш╩Uл╙▒ `┌©}O  A≈═х;% н}²@╡÷┤╓          ═х  _х  Dг                       ╢  Ч М Й Щ Ш Е Э Э И Ч З Ф Ш╩Uл╙▒ `┌©}O  A≈═х;% н}²@╡÷┤╓          ═х  _х  Dг                       ╢  Ч М Й Щ Ш Е Э Э И Ч З Ф Ш╩Uл╙▒ `|n]  A^÷Г;⌡╦}nB╤²G░          ÷Г  _х  At                       Ю К Р Ъ Ы Ч В Й З Ж У З Ф У╚л╙▒ `|n]  A^÷Г;⌡╦}nB╤²G░          ÷Г  _х  At                       Ю К Р Ъ Ы Ч В Й З Ж У З Ф У╚л╙▒ `|n]  A^÷Г;⌡╦}nB╤²G░          ÷Г  _х  At                       Ю К Р Ъ Ы Ч В Й З Ж У З Ф У╚л╙▒ `|n]  A^÷Г;⌡╦}nB╤²G░          ÷Г  _х  At                       Ю К Р Ъ Ы Ч В Й З Ж У З Ф У╚л╙▒ `|n]  A^÷Г;⌡╦}nB╤²G░          ÷Г  _х  At                       Ю К Р Ъ Ы Ч В Й З Ж У З Ф У╚л╙▒ `|n]  A^÷Г;⌡╦}nB╤²G░          ÷Г  _х  At                       Ю К Р Ъ Ы Ч В Й З Ж У З Ф У╚л╙▒ `|n]  A^÷Г;⌡╦}nB╤²G░          ÷Г  _х  At                       Ю К Р Ъ Ы Ч В Й З Ж У З Ф У╚л╙▒ `|n]  A^÷Г;⌡╦}nB╤²G░          ÷Г  _х  At                       Ю К Р Ъ Ы Ч В Й З Ж У З Ф У╚л╙▒ `|n]  A^÷Г;⌡╦}nB╤²G░          ÷Г  _х  At                       Ю К Р Ъ Ы Ч В Й З Ж У З Ф У╚л╙▒ `|n]  A^÷Г;⌡╦}nB╤²G░          ÷Г  _х  At                       Ю К Р Ъ Ы Ч В Й З Ж У З Ф У╚л╙▒ `|n]  A^÷Г;⌡╦}nB╤²G░          ÷Г  _х  At                       Ю К Р Ъ Ы Ч В Й З Ж У З Ф У╚л╙▒ `|n]  A^÷Г;⌡╦}nB╤²G░          ÷Г  _х  At                       Ю К Р Ъ Ы Ч В Й З Ж У З Ф У╚л╙▒ `|n]  A^÷Г;⌡╦}nB╤²G░          ÷Г  _х  At                       Ю К Р Ъ Ы Ч В Й З Ж У З Ф У╚л╙▒ `|n]  A^÷Г;⌡╦}nB╤²G░          ÷Г  _х  At                       Ю К Р Ъ Ы Ч В Й З Ж У З Ф У╚л╙▒ `|n]  A^÷Г;⌡╦}nB╤²G░          ÷Г  _х  At                       Ю К Р Ъ Ы Ч В Й З Ж У З Ф У╚л╙▒ `|n]  A^÷Г;⌡╦}nB╤²G░          ÷Г  _х  At                       Ю К Р Ъ Ы Ч В Й З Ж У З Ф У╚л╙▒ `|n]  A^÷Г;⌡╦}nB╤²G░          ÷Г  _х  At                       Ю К Р Ъ Ы Ч В Й З Ж У З Ф У╚л╙▒ `|n]  A^÷Г;⌡╦}nB╤²G░          ÷Г  _х  At                       Ю К Р Ъ Ы Ч В Й З Ж У З Ф У╚л╙▒ `|n]  A^÷Г;⌡╦}nB╤²G░          ÷Г  _х  At                       Ю К Р Ъ Ы Ч В Й З Ж У З Ф У╚л╙▒ `|n]  A^÷Г;⌡╦}nB╤²G░          ÷Г  _х  At                       Ю К Р Ъ Ы Ч В Й З Ж У З Ф У╚л╙▒ `|n]  A^÷Г;⌡╦}nB╤²G░          ÷Г  _х  At                       Ю К Р Ъ Ы Ч В Й З Ж У З Ф У╚л╙▒ `|n]  A^÷Г;⌡╦}nB╤²G░          ÷Г  _х  At                       Ю К Р Ъ Ы Ч В Й З Ж У З Ф У╚л╙▒ `|n]  A^÷Г;⌡╦}nB╤²G░          ÷Г  _х  At                       Ю К Р Ъ Ы Ч В Й З Ж У З Ф У╚л╙▒ `|n]  A^÷Г;⌡╦}nB╤²G░          ÷Г  _х  At                       Ю К Р Ъ Ы Ч В Й З Ж У З Ф У╚л╙▒ `|n]  A^÷Г;⌡╦}nB╤²G░          ÷Г  _х  At                       Ю К Р Ъ Ы Ч В Й З Ж У З Ф У╚л╙▒ `|n]  A^÷Г;⌡╦}nB╤²G░          ÷Г  _х  At                       Ю К Р Ъ Ы Ч В Й З Ж У З Ф У╚л╙▒ `|n]  A^÷Г;⌡╦}nB╤²G░          ÷Г  _х  At                       Ю К Р Ъ Ы Ч В Й З Ж У З Ф У╚л╙▒ `|n]  A^÷Г;⌡╦}nB╤²G░          ÷Г  _х  At                       Ю К Р Ъ Ы Ч В Й З Ж У З Ф У╚л╙▒ `|n]  A^÷Г;⌡╦}nB╤²G░          ÷Г  _х  At                       Ю К Р Ъ Ы Ч В Й З Ж У З Ф У╚л╙▒ `|n]  A^÷Г;⌡╦}nB╤²G░          ÷Г  _х  At                       Ю К Р Ъ Ы Ч В Й З Ж У З Ф У╚л╙▒ `|n]  A^÷Г;⌡╦}nB╤²G░          ÷Г  _х  At                       Ю К Р Ъ Ы Ч В Й З Ж У З Ф У╚л╙▒ `|n]  A^÷Г;⌡╦}nB╤²G░          ÷Г  _х  At                       Ю К Р Ъ Ы Ч В Й З Ж У З Ф У╚л╙▒ `|n]  A^÷Г;⌡╦}nB╤²G░          ÷Г  _х  At                       Ю К Р Ъ Ы Ч В Й З Ж У З Ф У╚л╙▒ `|n]  A^÷Г;⌡╦}nB╤²G░          ÷Г  _х  At                       Ю К Р Ъ Ы Ч В Й З Ж У З Ф У╚л╙▒ `|n]  A^÷Г;⌡╦}nB╤²G░          ÷Г  _х  At                       Ю К Р Ъ Ы Ч В Й З Ж У З Ф У╚л╙▒ `|n]  A^÷Г;⌡╦}nB╤²G░          ÷Г  _х  At                       Ю К Р Ъ Ы Ч В Й З Ж У З Ф У╚л╙▒ `|n]  A^÷Г;⌡╦}nB╤²G░          ÷Г  _х  At                       Ю К Р Ъ Ы Ч В Й З Ж У З Ф У╚л╙▒ `|n]  A^÷Г;⌡╦}nB╤²G░          ÷Г  _х  At                       Ю К Р Ъ Ы Ч В Й З Ж У З Ф У╚л╙▒ `|n]  A^÷Г;⌡╦}nB╤²G░          ÷Г  _х  At                       Ю К Р Ъ Ы Ч В Й З Ж У З Ф У╚л╙▒ `|n]  A^÷Г;⌡╦}nB╤²G░          ÷Г  _х  At                       Ю К Р Ъ Ы Ч В Й З Ж У З Ф У╚л╙▒ `|n]  A^÷Г;⌡╦}nB╤²G░          ÷Г  _х  At                       Ю К Р Ъ Ы Ч В Й З Ж У З Ф У╚л╙▒ `|n]  A^÷Г;⌡╦}nB╤²G░          ÷Г  _х  At                       Ю К Р Ъ Ы Ч В Й З Ж У З Ф У╚л╙▒ `|n]  A^÷Г;⌡╦}nB╤²G░          ÷Г  _х  At                       Ю К Р Ъ Ы Ч В Й З Ж У З Ф У╚л╙▒ `|n]  A^÷Г;⌡╦}nB╤²G░          ÷Г  _х  At                       Ю К Р Ъ Ы Ч В Й З Ж У З Ф У╚л╙▒ `|n]  A^÷Г;⌡╦}nB╤²G░          ÷Г  _х  At                       Ю К Р Ъ Ы Ч В Й З Ж У З Ф У╚л╙▒ `|n]  A^÷Г;⌡╦}nB╤²G░          ÷Г  _х  At                       Ю К Р Ъ Ы Ч В Й З Ж У З Ф У╚л╙▒ `|n]  A^÷Г;⌡╦}nB╤²G░          ÷Г  _х  At                       Ю К Р Ъ Ы Ч В Й З Ж У З Ф У╚л╙▒ `|n]  A^÷Г;⌡╦}nB╤²G░          ÷Г  _х  At                       Ю К Р Ъ Ы Ч В Й З Ж У З Ф У╚л╙▒ `|n]  A^÷Г;⌡╦}nB╤²G░          ÷Г  _х  At                       Ю К Р Ъ Ы Ч В Й З Ж У З Ф У╚л╙▒ `}}э  Ca²г;.²х~C·┤          ²г  _х  Aб                       В Щ Н  Т З Т К Ъ Д Ш В ИЁл╙▒ `}}э  Ca²г;.²х~C·┤          ²г  _х  Aб                       В Щ Н  Т З Т К Ъ Д Ш В ИЁл╙▒ `}}э  Ca²г;.²х~C·┤          ²г  _х  Aб                       В Щ Н  Т З Т К Ъ Д Ш В ИЁл╙▒ `}}э  Ca²г;.²х~C·┤          ²г  _х  Aб                       В Щ Н  Т З Т К Ъ Д Ш В ИЁл╙▒ `}}э  Ca²г;.²х~C·┤          ²г  _х  Aб                       В Щ Н  Т З Т К Ъ Д Ш В ИЁл╙▒ `}}э  Ca²г;.²х~C·┤          ²г  _х  Aб                       В Щ Н  Т З Т К Ъ Д Ш В ИЁл╙▒ `}}э  Ca²г;.²х~C·┤          ²г  _х  Aб                       В Щ Н  Т З Т К Ъ Д Ш В ИЁл╙▒ `}}э  Ca²г;.²х~C·┤          ²г  _х  Aб                       В Щ Н  Т З Т К Ъ Д Ш В ИЁл╙▒ `}}э  Ca²г;.²х~C·┤          ²г  _х  Aб                       В Щ Н  Т З Т К Ъ Д Ш В ИЁл╙▒ `}}э  Ca²г;.²х~C·┤          ²г  _х  Aб                       В Щ Н  Т З Т К Ъ Д Ш В ИЁл╙▒ `}}э  Ca²г;.²х~C·┤          ²г  _х  Aб                       В Щ Н  Т З Т К Ъ Д Ш В ИЁл╙▒ `}}э  Ca²г;.²х~C·┤          ²г  _х  Aб                       В Щ Н  Т З Т К Ъ Д Ш В ИЁл╙▒ `}}э  Ca²г;.²х~C·┤          ²г  _х  Aб                       В Щ Н  Т З Т К Ъ Д Ш В ИЁл╙▒ `}}э  Ca²г;.²х~C·┤          ²г  _х  Aб                       В Щ Н  Т З Т К Ъ Д Ш В ИЁл╙▒ `}}э  Ca²г;.²х~C·┤          ²г  _х  Aб                       В Щ Н  Т З Т К Ъ Д Ш В ИЁл╙▒ `}}э  Ca²г;.²х~C·┤          ²г  _х  Aб                       В Щ Н  Т З Т К Ъ Д Ш В ИЁл╙▒ `}}э  Ca²г;.²х~C·┤          ²г  _х  Aб                       В Щ Н  Т З Т К Ъ Д Ш В ИЁл╙▒ `}}э  Ca²г;.²х~C·┤          ²г  _х  Aб                       В Щ Н  Т З Т К Ъ Д Ш В ИЁл╙▒ `}}э  Ca²г;.²х~C·┤          ²г  _х  Aб                       В Щ Н  Т З Т К Ъ Д Ш В ИЁл╙▒ `}}э  Ca²г;.²х~C·┤          ²г  _х  Aб                       В Щ Н  Т З Т К Ъ Д Ш В ИЁл╙▒ `}}э  Ca²г;.²х~C·┤          ²г  _х  Aб                       В Щ Н  Т З Т К Ъ Д Ш В ИЁл╙▒ `}}э  Ca²г;.²х~C·┤          ²г  _х  Aб                       В Щ Н  Т З Т К Ъ Д Ш В ИЁл╙▒ `}}э  Ca²г;.²х~C·┤          ²г  _х  Aб                       В Щ Н  Т З Т К Ъ Д Ш В ИЁл╙▒ `}}э  Ca²г;.²х~C·┤          ²г  _х  Aб                       В Щ Н  Т З Т К Ъ Д Ш В ИЁл╙▒ `}}э  Ca²г;.²х~C·┤          ²г  _х  Aб                       В Щ Н  Т З Т К Ъ Д Ш В ИЁл╙▒ `}}э  Ca²г;.²х~C·┤          ²г  _х  Aб                       В Щ Н  Т З Т К Ъ Д Ш В ИЁл╙▒ `}}э  Ca²г;.²х~C·┤          ²г  _х  Aб                       В Щ Н  Т З Т К Ъ Д Ш В ИЁл╙▒ `}}э  Ca²г;.²х~C·┤          ²г  _х  Aб                       В Щ Н  Т З Т К Ъ Д Ш В ИЁл╙▒ `}}э  Ca²г;.²х~C·┤          ²г  _х  Aб                       В Щ Н  Т З Т К Ъ Д Ш В ИЁл╙▒ `}}э  Ca²г;.²х~C·┤          ²г  _х  Aб                       В Щ Н  Т З Т К Ъ Д Ш В ИЁл╙▒ `}}э  Ca²г;.²х~C·┤          ²г  _х  Aб                       В Щ Н  Т З Т К Ъ Д Ш В ИЁл╙▒ `}}э  Ca²г;.²х~C·┤          ²г  _х  Aб                       В Щ Н  Т З Т К Ъ Д Ш В ИЁл╙▒ `}}э  Ca²г;.²х~C·┤          ²г  _х  Aб                       В Щ Н  Т З Т К Ъ Д Ш В ИЁл╙▒ `}}э  Ca²г;.²х~C·┤          ²г  _х  Aб                       В Щ Н  Т З Т К Ъ Д Ш В ИЁл╙▒ `}}э  Ca²г;.²х~C·┤          ²г  _х  Aб                       В Щ Н  Т З Т К Ъ Д Ш В ИЁл╙▒ `}}э  Ca²г;.²х~C·┤          ²г  _х  Aб                       В Щ Н  Т З Т К Ъ Д Ш В ИЁл╙▒ `}}э  Ca²г;.²х~C·┤          ²г  _х  Aб                       В Щ Н  Т З Т К Ъ Д Ш В ИЁл╙▒ `}}э  Ca²г;.²х~C·┤          ²г  _х  Aб                       В Щ Н  Т З Т К Ъ Д Ш В ИЁл╙▒ `}}э  Ca²г;.²х~C·┤          ²г  _х  Aб                       В Щ Н  Т З Т К Ъ Д Ш В ИЁл╙▒ `}}э  Ca²г;.²х~C·┤          ²г  _х  Aб                       В Щ Н  Т З Т К Ъ Д Ш В ИЁл╙▒ `}}э  Ca²г;.²х~C·┤          ²г  _х  Aб                       В Щ Н  Т З Т К Ъ Д Ш В ИЁл╙▒ `}}э  Ca²г;.²х~C·┤          ²г  _х  Aб                       В Щ Н  Т З Т К Ъ Д Ш В ИЁл╙▒ `}}э  Ca²г;.²х~C·┤          ²г  _х  Aб                       В Щ Н  Т З Т К Ъ Д Ш В ИЁл╙▒ `}}э  Ca²г;.²х~C·┤          ²г  _х  Aб                       В Щ Н  Т З Т К Ъ Д Ш В ИЁл╙▒ `}}э  Ca²г;.²х~C·┤          ²г  _х  Aб                       В Щ Н  Т З Т К Ъ Д Ш В ИЁл╙▒ `}}э  Ca²г;.²х~C·┤          ²г  _х  Aб                       В Щ Н  Т З Т К Ъ Д Ш В ИЁл╙▒ `}}э  Ca²г;.²х~C·┤          ²г  _х  Aб                       В Щ Н  Т З Т К Ъ Д Ш В ИЁл╙▒ `}}э  Ca²г;.²х~C·┤          ²г  _х  Aб                       В Щ Н  Т З Т К Ъ Д Ш В ИЁл╙▒ `}}э  Ca²г;.²х~C·┤          ²г  _х  Aб                       В Щ Н  Т З Т К Ъ Д Ш В ИЁл╙▒ `|ф}?  C·Г;#°Ш}ЛB╤·GФ          ·Г  _х  A╒                      	 С З Щ В Э Ж В Р Х Ы Т Х З ЬТл╙▒ `|ф}?  C·Г;#°Ш}ЛB╤·GФ          ·Г  _х  A╒                      	 С З Щ В Э Ж В Р Х Ы Т Х З ЬТл╙▒ `|ф}?  C·Г;#°Ш}ЛB╤·GФ          ·Г  _х  A╒                      	 С З Щ В Э Ж В Р Х Ы Т Х З ЬТл╙▒ `|ф}?  C·Г;#°Ш}ЛB╤·GФ          ·Г  _х  A╒                      	 С З Щ В Э Ж В Р Х Ы Т Х З ЬТл╙▒ `|ф}?  C·Г;#°Ш}ЛB╤·GФ          ·Г  _х  A╒                      	 С З Щ В Э Ж В Р Х Ы Т Х З ЬТл╙▒ `|ф}?  C·Г;#°Ш}ЛB╤·GФ          ·Г  _х  A╒                      	 С З Щ В Э Ж В Р Х Ы Т Х З ЬТл╙▒ `|ф}?  C·Г;#°Ш}ЛB╤·GФ          ·Г  _х  A╒                      	 С З Щ В Э Ж В Р Х Ы Т Х З ЬТл╙▒ `|ф}?  C·Г;#°Ш}ЛB╤·GФ          ·Г  _х  A╒                      	 С З Щ В Э Ж В Р Х Ы Т Х З ЬТл╙▒ `|ф}?  C·Г;#°Ш}ЛB╤·GФ          ·Г  _х  A╒                      	 С З Щ В Э Ж В Р Х Ы Т Х З ЬТл╙▒ `|ф}?  C·Г;#°Ш}ЛB╤·GФ          ·Г  _х  A╒                      	 С З Щ В Э Ж В Р Х Ы Т Х З ЬТл╙▒ `|ф}?  C·Г;#°Ш}ЛB╤·GФ          ·Г  _х  A╒                      	 С З Щ В Э Ж В Р Х Ы Т Х З ЬТл╙▒ `|ф}?  C·Г;#°Ш}ЛB╤·GФ          ·Г  _х  A╒                      	 С З Щ В Э Ж В Р Х Ы Т Х З ЬТл╙▒ `|ф}?  C·Г;#°Ш}ЛB╤·GФ          ·Г  _х  A╒                      	 С З Щ В Э Ж В Р Х Ы Т Х З ЬТл╙▒ `|ф}?  C·Г;#°Ш}ЛB╤·GФ          ·Г  _х  A╒                      	 С З Щ В Э Ж В Р Х Ы Т Х З ЬТл╙▒ `|ф}?  C·Г;#°Ш}ЛB╤·GФ          ·Г  _х  A╒                      	 С З Щ В Э Ж В Р Х Ы Т Х З ЬТл╙▒ `|ф}?  C·Г;#°Ш}ЛB╤·GФ          ·Г  _х  A╒                      	 С З Щ В Э Ж В Р Х Ы Т Х З ЬТл╙▒ `|ф}?  C·Г;#°Ш}ЛB╤·GФ          ·Г  _х  A╒                      	 С З Щ В Э Ж В Р Х Ы Т Х З ЬТл╙▒ `|ф}?  C·Г;#°Ш}ЛB╤·GФ          ·Г  _х  A╒                      	 С З Щ В Э Ж В Р Х Ы Т Х З ЬТл╙▒ `|ф}?  C·Г;#°Ш}ЛB╤·GФ          ·Г  _х  A╒                      	 С З Щ В Э Ж В Р Х Ы Т Х З ЬТл╙▒ `|ф}?  C·Г;#°Ш}ЛB╤·GФ          ·Г  _х  A╒                      	 С З Щ В Э Ж В Р Х Ы Т Х З ЬТл╙▒ `|ф}?  C·Г;#°Ш}ЛB╤·GФ          ·Г  _х  A╒                      	 С З Щ В Э Ж В Р Х Ы Т Х З ЬТл╙▒ `|ф}?  C·Г;#°Ш}ЛB╤·GФ          ·Г  _х  A╒                      	 С З Щ В Э Ж В Р Х Ы Т Х З ЬТл╙▒ `|ф}?  C·Г;#°Ш}ЛB╤·GФ          ·Г  _х  A╒                      	 С З Щ В Э Ж В Р Х Ы Т Х З ЬТл╙▒ `|ф}?  C·Г;#°Ш}ЛB╤·GФ          ·Г  _х  A╒                      	 С З Щ В Э Ж В Р Х Ы Т Х З ЬТл╙▒ `|ф}?  C·Г;#°Ш}ЛB╤·GФ          ·Г  _х  A╒                      	 С З Щ В Э Ж В Р Х Ы Т Х З ЬТл╙▒ `|ф}?  C·Г;#°Ш}ЛB╤·GФ          ·Г  _х  A╒                      	 С З Щ В Э Ж В Р Х Ы Т Х З ЬТл╙▒ `|ф}?  C·Г;#°Ш}ЛB╤·GФ          ·Г  _х  A╒                      	 С З Щ В Э Ж В Р Х Ы Т Х З ЬТл╙▒ `|ф}?  C·Г;#°Ш}ЛB╤·GФ          ·Г  _х  A╒                      	 С З Щ В Э Ж В Р Х Ы Т Х З ЬТл╙▒ `|ф}?  C·Г;#°Ш}ЛB╤·GФ          ·Г  _х  A╒                      	 С З Щ В Э Ж В Р Х Ы Т Х З ЬТл╙▒ `|ф}?  C·Г;#°Ш}ЛB╤·GФ          ·Г  _х  A╒                      	 С З Щ В Э Ж В Р Х Ы Т Х З ЬТл╙▒ `|ф}?  C·Г;#°Ш}ЛB╤·GФ          ·Г  _х  A╒                      	 С З Щ В Э Ж В Р Х Ы Т Х З ЬТл╙▒ `|ф}?  C·Г;#°Ш}ЛB╤·GФ          ·Г  _х  A╒                      	 С З Щ В Э Ж В Р Х Ы Т Х З ЬТл╙▒ `|ф}?  C·Г;#°Ш}ЛB╤·GФ          ·Г  _х  A╒                      	 С З Щ В Э Ж В Р Х Ы Т Х З ЬТл╙▒ `|ф}?  C·Г;#°Ш}ЛB╤·GФ          ·Г  _х  A╒                      	 С З Щ В Э Ж В Р Х Ы Т Х З ЬТл╙▒ `|ф}?  C·Г;#°Ш}ЛB╤·GФ          ·Г  _х  A╒                      	 С З Щ В Э Ж В Р Х Ы Т Х З ЬТл╙▒ `|ф}?  C·Г;#°Ш}ЛB╤·GФ          ·Г  _х  A╒                      	 С З Щ В Э Ж В Р Х Ы Т Х З ЬТл╙▒ `|ф}?  C·Г;#°Ш}ЛB╤·GФ          ·Г  _х  A╒                      	 С З Щ В Э Ж В Р Х Ы Т Х З ЬТл╙▒ `|ф}?  C·Г;#°Ш}ЛB╤·GФ          ·Г  _х  A╒                      	 С З Щ В Э Ж В Р Х Ы Т Х З ЬТл╙▒ `|ф}?  C·Г;#°Ш}ЛB╤·GФ          ·Г  _х  A╒                      	 С З Щ В Э Ж В Р Х Ы Т Х З ЬТл╙▒ `|ф}?  C·Г;#°Ш}ЛB╤·GФ          ·Г  _х  A╒                      	 С З Щ В Э Ж В Р Х Ы Т Х З ЬТл╙▒ `|ф}?  C·Г;#°Ш}ЛB╤·GФ          ·Г  _х  A╒                      	 С З Щ В Э Ж В Р Х Ы Т Х З ЬТл╙▒ `|ф}?  C·Г;#°Ш}ЛB╤·GФ          ·Г  _х  A╒                      	 С З Щ В Э Ж В Р Х Ы Т Х З ЬТл╙▒ `|ф}?  C·Г;#°Ш}ЛB╤·GФ          ·Г  _х  A╒                      	 С З Щ В Э Ж В Р Х Ы Т Х З ЬТл╙▒ `|ф}?  C·Г;#°Ш}ЛB╤·GФ          ·Г  _х  A╒                      	 С З Щ В Э Ж В Р Х Ы Т Х З ЬТл╙▒ `|ф}?  C·Г;#°Ш}ЛB╤·GФ          ·Г  _х  A╒                      	 С З Щ В Э Ж В Р Х Ы Т Х З ЬТл╙▒ `|ф}?  C·Г;#°Ш}ЛB╤·GФ          ·Г  _х  A╒                      	 С З Щ В Э Ж В Р Х Ы Т Х З ЬТл╙▒ `|ф}?  C·Г;#°Ш}ЛB╤·GФ          ·Г  _х  A╒                      	 С З Щ В Э Ж В Р Х Ы Т Х З ЬТл╙▒ `|ф}?  C·Г;#°Ш}ЛB╤·GФ          ·Г  _х  A╒                      	 С З Щ В Э Ж В Р Х Ы Т Х З ЬТл╙▒ `|ф}?  C·Г;#°Ш}ЛB╤·GФ          ·Г  _х  A╒                      	 С З Щ В Э Ж В Р Х Ы Т Х З ЬТ╙╙▒ `┐}э  B&²Г:с°ё}Э>u·'          ²Г  _х  DЖ                       ╟ В С Р З О А У я Я К ъ Т Ф В О≤л╙▒ `┐}э  B&²Г:с°ё}Э>u·'          ²Г  _х  DЖ                       ╟ В С Р З О А У я Я К ъ Т Ф В О≤л╙▒ `┐}э  B&²Г:с°ё}Э>u·'          ²Г  _х  DЖ                       ╟ В С Р З О А У я Я К ъ Т Ф В О≤╙╙▒ `┐}э  B&²Г:с°ё}Э>u·'          ²Г  _х  DЖ                       ╟ В С Р З О А У я Я К ъ Т Ф В О≤л╙▒ `┐}э  B&²Г:с°ё}Э>u·'          ²Г  _х  DЖ                       ╟ В С Р З О А У я Я К ъ Т Ф В О≤л╙▒ `┐}э  B&²Г:с°ё}Э>u·'          ²Г  _х  DЖ                       ╟ В С Р З О А У я Я К ъ Т Ф В О≤╙╙▒ `┐}э  B&²Г:с°ё}Э>u·'          ²Г  _х  DЖ                       ╟ В С Р З О А У я Я К ъ Т Ф В О≤л╙▒ `┐}э  B&²Г:с°ё}Э>u·'          ²Г  _х  DЖ                       ╟ В С Р З О А У я Я К ъ Т Ф В О≤л╙▒ `┐}э  B&²Г:с°ё}Э>u·'          ²Г  _х  DЖ                       ╟ В С Р З О А У я Я К ъ Т Ф В О≤╙╙▒ `┐}э  B&²Г:с°ё}Э>u·'          ²Г  _х  DЖ                       ╟ В С Р З О А У я Я К ъ Т Ф В О≤л╙▒ `┐}э  B&²Г:с°ё}Э>u·'          ²Г  _х  DЖ                       ╟ В С Р З О А У я Я К ъ Т Ф В О≤л╙▒ `┐}э  B&²Г:с°ё}Э>u·'          ²Г  _х  DЖ                       ╟ В С Р З О А У я Я К ъ Т Ф В О≤╙╙▒ `┐}э  B&²Г:с°ё}Э>u·'          ²Г  _х  DЖ                       ╟ В С Р З О А У я Я К ъ Т Ф В О≤л╙▒ `┐}э  B&²Г:с°ё}Э>u·'          ²Г  _х  DЖ                       ╟ В С Р З О А У я Я К ъ Т Ф В О≤л╙▒ `┐}э  B&²Г:с°ё}Э>u·'          ²Г  _х  DЖ                       ╟ В С Р З О А У я Я К ъ Т Ф В О≤╙╙▒ `┐}э  B&²Г:с°ё}Э>u·'          ²Г  _х  DЖ                       ╟ В С Р З О А У я Я К ъ Т Ф В О≤л╙▒ `┐}э  B&²Г:с°ё}Э>u·'          ²Г  _х  DЖ                       ╟ В С Р З О А У я Я К ъ Т Ф В О≤л╙▒ `┐}э  B&²Г:с°ё}Э>u·'          ²Г  _х  DЖ                       ╟ В С Р З О А У я Я К ъ Т Ф В О≤╙╙▒ `┐}э  B&²Г:с°ё}Э>u·'          ²Г  _х  DЖ                       ╟ В С Р З О А У я Я К ъ Т Ф В О≤л╙▒ `┐}э  B&²Г:с°ё}Э>u·'          ²Г  _х  DЖ                       ╟ В С Р З О А У я Я К ъ Т Ф В О≤л╙▒ `┐}э  B&²Г:с°ё}Э>u·'          ²Г  _х  DЖ                       ╟ В С Р З О А У я Я К ъ Т Ф В О≤╙╙▒ `┐}э  B&²Г:с°ё}Э>u·'          ²Г  _х  DЖ                       ╟ В С Р З О А У я Я К ъ Т Ф В О≤л╙▒ `┐}э  B&²Г:с°ё}Э>u·'          ²Г  _х  DЖ                       ╟ В С Р З О А У я Я К ъ Т Ф В О≤л╙▒ `┐}э  B&²Г:с°ё}Э>u·'          ²Г  _х  DЖ                       ╟ В С Р З О А У я Я К ъ Т Ф В О≤╙╙▒ `┐}э  B&²Г:с°ё}Э>u·'          ²Г  _х  DЖ                       ╟ В С Р З О А У я Я К ъ Т Ф В О≤л╙▒ `┐}э  B&²Г:с°ё}Э>u·'          ²Г  _х  DЖ                       ╟ В С Р З О А У я Я К ъ Т Ф В О≤л╙▒ `┐}э  B&²Г:с°ё}Э>u·'          ²Г  _х  DЖ                       ╟ В С Р З О А У я Я К ъ Т Ф В О≤╙╙▒ `┐}э  B&²Г:с°ё}Э>u·'          ²Г  _х  DЖ                       ╟ В С Р З О А У я Я К ъ Т Ф В О≤л╙▒ `┐}э  B&²Г:с°ё}Э>u·'          ²Г  _х  DЖ                       ╟ В С Р З О А У я Я К ъ Т Ф В О≤л╙▒ `┐}э  B&²Г:с°ё}Э>u·'          ²Г  _х  DЖ                       ╟ В С Р З О А У я Я К ъ Т Ф В О≤╙╙▒ `┐}э  B&²Г:с°ё}Э>u·'          ²Г  _х  DЖ                       ╟ В С Р З О А У я Я К ъ Т Ф В О≤л╙▒ `┐}э  B&²Г:с°ё}Э>u·'          ²Г  _х  DЖ                       ╟ В С Р З О А У я Я К ъ Т Ф В О≤л╙▒ `┐}э  B&²Г:с°ё}Э>u·'          ²Г  _х  DЖ                       ╟ В С Р З О А У я Я К ъ Т Ф В О≤╙╙▒ `┐}э  B&²Г:с°ё}Э>u·'          ²Г  _х  DЖ                       ╟ В С Р З О А У я Я К ъ Т Ф В О≤л╙▒ `┐}э  B&²Г:с°ё}Э>u·'          ²Г  _х  DЖ                       ╟ В С Р З О А У я Я К ъ Т Ф В О≤л╙▒ `┐}э  B&²Г:с°ё}Э>u·'          ²Г  _х  DЖ                       ╟ В С Р З О А У я Я К ъ Т Ф В О≤╙╙▒ `┐}э  B&²Г:с°ё}Э>u·'          ²Г  _х  DЖ                       ╟ В С Р З О А У я Я К ъ Т Ф В О≤л╙▒ `┐}э  B&²Г:с°ё}Э>u·'          ²Г  _х  DЖ                       ╟ В С Р З О А У я Я К ъ Т Ф В О≤л╙▒ `┐}э  B&²Г:с°ё}Э>u·'          ²Г  _х  DЖ                       ╟ В С Р З О А У я Я К ъ Т Ф В О≤╙╙▒ `┐}э  B&²Г:с°ё}Э>u·'          ²Г  _х  DЖ                       ╟ В С Р З О А У я Я К ъ Т Ф В О≤л╙▒ `┐}э  B&²Г:с°ё}Э>u·'          ²Г  _х  DЖ                       ╟ В С Р З О А У я Я К ъ Т Ф В О≤л╙▒ `┐}э  B&²Г:с°ё}Э>u·'          ²Г  _х  DЖ                       ╟ В С Р З О А У я Я К ъ Т Ф В О≤╙╙▒ `┐}э  B&²Г:с°ё}Э>u·'          ²Г  _х  DЖ                       ╟ В С Р З О А У я Я К ъ Т Ф В О≤л╙▒ `┐}э  B&²Г:с°ё}Э>u·'          ²Г  _х  DЖ                       ╟ В С Р З О А У я Я К ъ Т Ф В О≤л╙▒ `┐}э  B&²Г:с°ё}Э>u·'          ²Г  _х  DЖ                       ╟ В С Р З О А У я Я К ъ Т Ф В О≤╙╙▒ `┐}э  B&²Г:с°ё}Э>u·'          ²Г  _х  DЖ                       ╟ В С Р З О А У я Я К ъ Т Ф В О≤л╙▒ `┐}э  B&²Г:с°ё}Э>u·'          ²Г  _х  DЖ                       ╟ В С Р З О А У я Я К ъ Т Ф В О≤л╙▒ `┐}э  B&²Г:с°ё}Э>u·'          ²Г  _х  DЖ                       ╟ В С Р З О А У я Я К ъ Т Ф В О≤╙╙▒ `┐}э  B&²Г:с°ё}Э>u·'          ²Г  _х  DЖ                       ╟ В С Р З О А У я Я К ъ Т Ф В О≤л╙▒ `┐}э  B&²Г:с°ё}Э>u·'          ²Г  _х  DЖ                       ╟ В С Р З О А У я Я К ъ Т Ф В О≤л╙▒ `ш{Ш  C(║╗;c═0|AМ║h1          ║╗  _х  CA                       ы Ш П	 З
dл╙▒ `ш{Ш  C(║╗;c═0|AМ║h1          ║╗  _х  CA                       ы Ш П	 З
dл╙▒ `ш{Ш  C(║╗;c═0|AМ║h1          ║╗  _х  CA                       ы Ш П	 З
dл╙▒ `ш{Ш  C(║╗;c═0|AМ║h1          ║╗  _х  CA                       ы Ш П	 З
dл╙▒ `ш{Ш  C(║╗;c═0|AМ║h1          ║╗  _х  CA                       ы Ш П	 З
dл╙▒ `ш{Ш  C(║╗;c═0|AМ║h1          ║╗  _х  CA                       ы Ш П	 З
dл╙▒ `ш{Ш  C(║╗;c═0|AМ║h1          ║╗  _х  CA                       ы Ш П	 З
dл╙▒ `ш{Ш  C(║╗;c═0|AМ║h1          ║╗  _х  CA                       ы Ш П	 З
dл╙▒ `ш{Ш  C(║╗;c═0|AМ║h1          ║╗  _х  CA                       ы Ш П	 З
dл╙▒ `ш{Ш  C(║╗;c═0|AМ║h1          ║╗  _х  CA                       ы Ш П	 З
dл╙▒ `ш{Ш  C(║╗;c═0|AМ║h1          ║╗  _х  CA                       ы Ш П	 З
dл╙▒ `ш{Ш  C(║╗;c═0|AМ║h1          ║╗  _х  CA                       ы Ш П	 З
dл╙▒ `ш{Ш  C(║╗;c═0|AМ║h1          ║╗  _х  CA                       ы Ш П	 З
dл╙▒ `ш{Ш  C(║╗;c═0|AМ║h1          ║╗  _х  CA                       ы Ш П	 З
dл╙▒ `ш{Ш  C(║╗;c═0|AМ║h1          ║╗  _х  CA                       ы Ш П	 З
dл╙▒ `ш{Ш  C(║╗;c═0|AМ║h1          ║╗  _х  CA                       ы Ш П	 З
dл╙▒ `ш{Ш  C(║╗;c═0|AМ║h1          ║╗  _х  CA                       ы Ш П	 З
dл╙▒ `ш{Ш  C(║╗;c═0|AМ║h1          ║╗  _х  CA                       ы Ш П	 З
dл╙▒ `ш{Ш  C(║╗;c═0|AМ║h1          ║╗  _х  CA                       ы Ш П	 З
dл╙▒ `ш{Ш  C(║╗;c═0|AМ║h1          ║╗  _х  CA                       ы Ш П	 З
dл╙▒ `ш{Ш  C(║╗;c═0|AМ║h1          ║╗  _х  CA                       ы Ш П	 З
dл╙▒ `ш{Ш  C(║╗;c═0|AМ║h1          ║╗  _х  CA                       ы Ш П	 З
dл╙▒ `ш{Ш  C(║╗;c═0|AМ║h1          ║╗  _х  CA                       ы Ш П	 З
dл╙▒ `ш{Ш  C(║╗;c═0|AМ║h1          ║╗  _х  CA                       ы Ш П	 З
dл╙▒ `ш{Ш  C(║╗;c═0|AМ║h1          ║╗  _х  CA                       ы Ш П	 З
dл╙▒ `ш{Ш  C(║╗;c═0|AМ║h1          ║╗  _х  CA                       ы Ш П	 З
dл╙▒ `ш{Ш  C(║╗;c═0|AМ║h1          ║╗  _х  CA                       ы Ш П	 З
dл╙▒ `ш{Ш  C(║╗;c═0|AМ║h1          ║╗  _х  CA                       ы Ш П	 З
dл╙▒ `ш{Ш  C(║╗;c═0|AМ║h1          ║╗  _х  CA                       ы Ш П	 З
dл╙▒ `ш{Ш  C(║╗;c═0|AМ║h1          ║╗  _х  CA                       ы Ш П	 З
dл╙▒ `ш{Ш  C(║╗;c═0|AМ║h1          ║╗  _х  CA                       ы Ш П	 З
d╙╙▒ `ш{Ш  C(║╗;c═0|AМ║h1          ║╗  _х  CA                       ы Ш П	 З
dл╙▒ `ш{Ш  C(║╗;c═0|AМ║h1          ║╗  _х  CA                       ы Ш П	 З
dл╙▒ `ш{Ш  C(║╗;c═0|AМ║h1          ║╗  _х  CA                       ы Ш П	 З
dл╙▒ `ш{Ш  C(║╗;c═0|AМ║h1          ║╗  _х  CA                       ы Ш П	 З
dл╙▒ `ш{Ш  C(║╗;c═0|AМ║h1          ║╗  _х  CA                       ы Ш П	 З
dл╙▒ `ш{Ш  C(║╗;c═0|AМ║h1          ║╗  _х  CA                       ы Ш П	 З
dл╙▒ `ш{Ш  C(║╗;c═0|AМ║h1          ║╗  _х  CA                       ы Ш П	 З
dл╙▒ `ш{Ш  C(║╗;c═0|AМ║h1          ║╗  _х  CA                       ы Ш П	 З
dл╙▒ `ш{Ш  C(║╗;c═0|AМ║h1          ║╗  _х  CA                       ы Ш П	 З
dл╙▒ `ш{Ш  C(║╗;c═0|AМ║h1          ║╗  _х  CA                       ы Ш П	 З
dл╙▒ `ш{Ш  C(║╗;c═0|AМ║h1          ║╗  _х  CA                       ы Ш П	 З
dл╙▒ `ш{Ш  C(║╗;c═0|AМ║h1          ║╗  _х  CA                       ы Ш П	 З
dл╙▒ `ш{Ш  C(║╗;c═0|AМ║h1          ║╗  _х  CA                       ы Ш П	 З
dл╙▒ `ш{Ш  C(║╗;c═0|AМ║h1          ║╗  _х  CA                       ы Ш П	 З
dл╙▒ `ш{Ш  C(║╗;c═0|AМ║h1          ║╗  _х  CA                       ы Ш П	 З
dл╙▒ `ш{Ш  C(║╗;c═0|AМ║h1          ║╗  _х  CA                       ы Ш П	 З
dл╙▒ `ш{Ш  C(║╗;c═0|AМ║h1          ║╗  _х  CA                       ы Ш П	 З
dл╙▒ `ш{Ш  C(║╗;c═0|AМ║h1          ║╗  _х  CA                       ы Ш П	 З
d╙╙▒ `{F}!  D╧ёh;`÷E{╢EI═<          ёh  _х  @ь                      $	 
 Ь╪л╙▒ `{F}!  D╧ёh;`÷E{╢EI═<          ёh  _х  @ь                      $	 
 Ь╪л╙▒ `{F}!  D╧ёh;`÷E{╢EI═<          ёh  _х  @ь                      $	 
 Ь╪л╙▒ `{F}!  D╧ёh;`÷E{╢EI═<          ёh  _х  @ь                      $	 
 Ь╪л╙▒ `{F}!  D╧ёh;`÷E{╢EI═<          ёh  _х  @ь                      $	 
 Ь╪л╙▒ `{F}!  D╧ёh;`÷E{╢EI═<          ёh  _х  @ь                      $	 
 Ь╪л╙▒ `{F}!  D╧ёh;`÷E{╢EI═<          ёh  _х  @ь                      $	 
 Ь╪л╙▒ `{F}!  D╧ёh;`÷E{╢EI═<          ёh  _х  @ь                      $	 
 Ь╪л╙▒ `{F}!  D╧ёh;`÷E{╢EI═<          ёh  _х  @ь                      $	 
 Ь╪л╙▒ `{F}!  D╧ёh;`÷E{╢EI═<          ёh  _х  @ь                      $	 
 Ь╪л╙▒ `{F}!  D╧ёh;`÷E{╢EI═<          ёh  _х  @ь                      $	 
 Ь╪л╙▒ `{F}!  D╧ёh;`÷E{╢EI═<          ёh  _х  @ь                      $	 
 Ь╪л╙▒ `{F}!  D╧ёh;`÷E{╢EI═<          ёh  _х  @ь                      $	 
 Ь╪л╙▒ `{F}!  D╧ёh;`÷E{╢EI═<          ёh  _х  @ь                      $	 
 Ь╪л╙▒ `{F}!  D╧ёh;`÷E{╢EI═<          ёh  _х  @ь                      $	 
 Ь╪л╙▒ `{F}!  D╧ёh;`÷E{╢EI═<          ёh  _х  @ь                      $	 
 Ь╪л╙▒ `{F}!  D╧ёh;`÷E{╢EI═<          ёh  _х  @ь                      $	 
 Ь╪л╙▒ `{F}!  D╧ёh;`÷E{╢EI═<          ёh  _х  @ь                      $	 
 Ь╪л╙▒ `{F}!  D╧ёh;`÷E{╢EI═<          ёh  _х  @ь                      $	 
 Ь╪л╙▒ `{F}!  D╧ёh;`÷E{╢EI═<          ёh  _х  @ь                      $	 
 Ь╪л╙▒ `{F}!  D╧ёh;`÷E{╢EI═<          ёh  _х  @ь                      $	 
 Ь╪л╙▒ `{F}!  D╧ёh;`÷E{╢EI═<          ёh  _х  @ь                      $	 
 Ь╪л╙▒ `{F}!  D╧ёh;`÷E{╢EI═<          ёh  _х  @ь                      $	 
 Ь╪л╙▒ `{F}!  D╧ёh;`÷E{╢EI═<          ёh  _х  @ь                      $	 
 Ь╪л╙▒ `{F}!  D╧ёh;`÷E{╢EI═<          ёh  _х  @ь                      $	 
 Ь╪л╙▒ `{F}!  D╧ёh;`÷E{╢EI═<          ёh  _х  @ь                      $	 
 Ь╪л╙▒ `{F}!  D╧ёh;`÷E{╢EI═<          ёh  _х  @ь                      $	 
 Ь╪л╙▒ `{F}!  D╧ёh;`÷E{╢EI═<          ёh  _х  @ь                      $	 
 Ь╪л╙▒ `{F}!  D╧ёh;`÷E{╢EI═<          ёh  _х  @ь                      $	 
 Ь╪л╙▒ `{F}!  D╧ёh;`÷E{╢EI═<          ёh  _х  @ь                      $	 
 Ь╪л╙▒ `{F}!  D╧ёh;`÷E{╢EI═<          ёh  _х  @ь                      $	 
 Ь╪л╙▒ `{F}!  D╧ёh;`÷E{╢EI═<          ёh  _х  @ь                      $	 
 Ь╪л╙▒ `{F}!  D╧ёh;`÷E{╢EI═<          ёh  _х  @ь                      $	 
 Ь╪л╙▒ `{F}!  D╧ёh;`÷E{╢EI═<          ёh  _х  @ь                      $	 
 Ь╪л╙▒ `{F}!  D╧ёh;`÷E{╢EI═<          ёh  _х  @ь                      $	 
 Ь╪л╙▒ `{F}!  D╧ёh;`÷E{╢EI═<          ёh  _х  @ь                      $	 
 Ь╪л╙▒ `{F}!  D╧ёh;`÷E{╢EI═<          ёh  _х  @ь                      $	 
 Ь╪л╙▒ `{F}!  D╧ёh;`÷E{╢EI═<          ёh  _х  @ь                      $	 
 Ь╪л╙▒ `{F}!  D╧ёh;`÷E{╢EI═<          ёh  _х  @ь                      $	 
 Ь╪л╙▒ `{F}!  D╧ёh;`÷E{╢EI═<          ёh  _х  @ь                      $	 
 Ь╪л╙▒ `{F}!  D╧ёh;`÷E{╢EI═<          ёh  _х  @ь                      $	 
 Ь╪л╙▒ `{F}!  D╧ёh;`÷E{╢EI═<          ёh  _х  @ь                      $	 
 Ь╪л╙▒ `{F}!  D╧ёh;`÷E{╢EI═<          ёh  _х  @ь                      $	 
 Ь╪л╙▒ `{F}!  D╧ёh;`÷E{╢EI═<          ёh  _х  @ь                      $	 
 Ь╪л╙▒ `{F}!  D╧ёh;`÷E{╢EI═<          ёh  _х  @ь                      $	 
 Ь╪л╙▒ `{F}!  D╧ёh;`÷E{╢EI═<          ёh  _х  @ь                      $	 
 Ь╪л╙▒ `{F}!  D╧ёh;`÷E{╢EI═<          ёh  _х  @ь                      $	 
 Ь╪л╙▒ `{F}!  D╧ёh;`÷E{╢EI═<          ёh  _х  @ь                      $	 
 Ь╪л╙▒ `{F}!  D╧ёh;`÷E{╢EI═<          ёh  _х  @ь                      $	 
 Ь╪л╙▒ `{oш  E°г;Q°Ш|_EI═h          °г  _х  @Н                      ! ы Щ Ф Р└л╙▒ `{oш  E°г;Q°Ш|_EI═h          °г  _х  @Н                      ! ы Щ Ф Р└л╙▒ `{oш  E°г;Q°Ш|_EI═h          °г  _х  @Н                      ! ы Щ Ф Р└л╙▒ `{oш  E°г;Q°Ш|_EI═h          °г  _х  @Н                      ! ы Щ Ф Р└л╙▒ `{oш  E°г;Q°Ш|_EI═h          °г  _х  @Н                      ! ы Щ Ф Р└л╙▒ `{oш  E°г;Q°Ш|_EI═h          °г  _х  @Н                      ! ы Щ Ф Р└л╙▒ `{oш  E°г;Q°Ш|_EI═h          °г  _х  @Н                      ! ы Щ Ф Р└л╙▒ `{oш  E°г;Q°Ш|_EI═h          °г  _х  @Н                      ! ы Щ Ф Р└л╙▒ `{oш  E°г;Q°Ш|_EI═h          °г  _х  @Н                      ! ы Щ Ф Р└л╙▒ `{oш  E°г;Q°Ш|_EI═h          °г  _х  @Н                      ! ы Щ Ф Р└л╙▒ `{oш  E°г;Q°Ш|_EI═h          °г  _х  @Н                      ! ы Щ Ф Р└л╙▒ `{oш  E°г;Q°Ш|_EI═h          °г  _х  @Н                      ! ы Щ Ф Р└л╙▒ `{oш  E°г;Q°Ш|_EI═h          °г  _х  @Н                      ! ы Щ Ф Р└л╙▒ `{oш  E°г;Q°Ш|_EI═h          °г  _х  @Н                      ! ы Щ Ф Р└л╙▒ `{oш  E°г;Q°Ш|_EI═h          °г  _х  @Н                      ! ы Щ Ф Р└л╙▒ `{oш  E°г;Q°Ш|_EI═h          °г  _х  @Н                      ! ы Щ Ф Р└л╙▒ `{oш  E°г;Q°Ш|_EI═h          °г  _х  @Н                      ! ы Щ Ф Р└л╙▒ `{oш  E°г;Q°Ш|_EI═h          °г  _х  @Н                      ! ы Щ Ф Р└л╙▒ `{oш  E°г;Q°Ш|_EI═h          °г  _х  @Н                      ! ы Щ Ф Р└л╙▒ `{oш  E°г;Q°Ш|_EI═h          °г  _х  @Н                      ! ы Щ Ф Р└л╙▒ `{oш  E°г;Q°Ш|_EI═h          °г  _х  @Н                      ! ы Щ Ф Р└л╙▒ `{oш  E°г;Q°Ш|_EI═h          °г  _х  @Н                      ! ы Щ Ф Р└л╙▒ `{oш  E°г;Q°Ш|_EI═h          °г  _х  @Н                      ! ы Щ Ф Р└л╙▒ `{oш  E°г;Q°Ш|_EI═h          °г  _х  @Н                      ! ы Щ Ф Р└л╙▒ `{oш  E°г;Q°Ш|_EI═h          °г  _х  @Н                      ! ы Щ Ф Р└л╙▒ `{oш  E°г;Q°Ш|_EI═h          °г  _х  @Н                      ! ы Щ Ф Р└л╙▒ `{oш  E°г;Q°Ш|_EI═h          °г  _х  @Н                      ! ы Щ Ф Р└л╙▒ `{oш  E°г;Q°Ш|_EI═h          °г  _х  @Н                      ! ы Щ Ф Р└л╙▒ `{oш  E°г;Q°Ш|_EI═h          °г  _х  @Н                      ! ы Щ Ф Р└л╙▒ `{oш  E°г;Q°Ш|_EI═h          °г  _х  @Н                      ! ы Щ Ф Р└л╙▒ `{oш  E°г;Q°Ш|_EI═h          °г  _х  @Н                      ! ы Щ Ф Р└л╙▒ `{oш  E°г;Q°Ш|_EI═h          °г  _х  @Н                      ! ы Щ Ф Р└л╙▒ `{oш  E°г;Q°Ш|_EI═h          °г  _х  @Н                      ! ы Щ Ф Р└л╙▒ `{oш  E°г;Q°Ш|_EI═h          °г  _х  @Н                      ! ы Щ Ф Р└л╙▒ `{oш  E°г;Q°Ш|_EI═h          °г  _х  @Н                      ! ы Щ Ф Р└л╙▒ `{oш  E°г;Q°Ш|_EI═h          °г  _х  @Н                      ! ы Щ Ф Р└л╙▒ `{oш  E°г;Q°Ш|_EI═h          °г  _х  @Н                      ! ы Щ Ф Р└л╙▒ `{oш  E°г;Q°Ш|_EI═h          °г  _х  @Н                      ! ы Щ Ф Р└л╙▒ `{oш  E°г;Q°Ш|_EI═h          °г  _х  @Н                      ! ы Щ Ф Р└л╙▒ `{oш  E°г;Q°Ш|_EI═h          °г  _х  @Н                      ! ы Щ Ф Р└л╙▒ `{oш  E°г;Q°Ш|_EI═h          °г  _х  @Н                      ! ы Щ Ф Р└л╙▒ `{oш  E°г;Q°Ш|_EI═h          °г  _х  @Н                      ! ы Щ Ф Р└л╙▒ `{oш  E°г;Q°Ш|_EI═h          °г  _х  @Н                      ! ы Щ Ф Р└л╙▒ `{oш  E°г;Q°Ш|_EI═h          °г  _х  @Н                      ! ы Щ Ф Р└л╙▒ `{oш  E°г;Q°Ш|_EI═h          °г  _х  @Н                      ! ы Щ Ф Р└л╙▒ `{oш  E°г;Q°Ш|_EI═h          °г  _х  @Н                      ! ы Щ Ф Р└л╙▒ `{oш  E°г;Q°Ш|_EI═h          °г  _х  @Н                      ! ы Щ Ф Р└л╙▒ `{oш  E°г;Q°Ш|_EI═h          °г  _х  @Н                      ! ы Щ Ф Р└л╙▒ `{oш  E°г;Q°Ш|_EI═h          °г  _х  @Н                      ! ы Щ Ф Р└л╙▒ `|B}!  C╥⌡f;+²6~^C⌡÷Gд          ⌡f  _х  A]                       М  Ъ ш Ъ О Ъ З Д Ш З Э Ы М7л╙▒ `|B}!  C╥⌡f;+²6~^C⌡÷Gд          ⌡f  _х  A]                       М  Ъ ш Ъ О Ъ З Д Ш З Э Ы М7л╙▒ `|B}!  C╥⌡f;+²6~^C⌡÷Gд          ⌡f  _х  A]                       М  Ъ ш Ъ О Ъ З Д Ш З Э Ы М7л╙▒ `|B}!  C╥⌡f;+²6~^C⌡÷Gд          ⌡f  _х  A]                       М  Ъ ш Ъ О Ъ З Д Ш З Э Ы М7л╙▒ `|B}!  C╥⌡f;+²6~^C⌡÷Gд          ⌡f  _х  A]                       М  Ъ ш Ъ О Ъ З Д Ш З Э Ы М7л╙▒ `|B}!  C╥⌡f;+²6~^C⌡÷Gд          ⌡f  _х  A]                       М  Ъ ш Ъ О Ъ З Д Ш З Э Ы М7л╙▒ `|B}!  C╥⌡f;+²6~^C⌡÷Gд          ⌡f  _х  A]                       М  Ъ ш Ъ О Ъ З Д Ш З Э Ы М7л╙▒ `|B}!  C╥⌡f;+²6~^C⌡÷Gд          ⌡f  _х  A]                       М  Ъ ш Ъ О Ъ З Д Ш З Э Ы М7л╙▒ `|B}!  C╥⌡f;+²6~^C⌡÷Gд          ⌡f  _х  A]                       М  Ъ ш Ъ О Ъ З Д Ш З Э Ы М7л╙▒ `|B}!  C╥⌡f;+²6~^C⌡÷Gд          ⌡f  _х  A]                       М  Ъ ш Ъ О Ъ З Д Ш З Э Ы М7л╙▒ `|B}!  C╥⌡f;+²6~^C⌡÷Gд          ⌡f  _х  A]                       М  Ъ ш Ъ О Ъ З Д Ш З Э Ы М7л╙▒ `|B}!  C╥⌡f;+²6~^C⌡÷Gд          ⌡f  _х  A]                       М  Ъ ш Ъ О Ъ З Д Ш З Э Ы М7л╙▒ `|B}!  C╥⌡f;+²6~^C⌡÷Gд          ⌡f  _х  A]                       М  Ъ ш Ъ О Ъ З Д Ш З Э Ы М7л╙▒ `|B}!  C╥⌡f;+²6~^C⌡÷Gд          ⌡f  _х  A]                       М  Ъ ш Ъ О Ъ З Д Ш З Э Ы М7л╙▒ `|B}!  C╥⌡f;+²6~^C⌡÷Gд          ⌡f  _х  A]                       М  Ъ ш Ъ О Ъ З Д Ш З Э Ы М7л╙▒ `|B}!  C╥⌡f;+²6~^C⌡÷Gд          ⌡f  _х  A]                       М  Ъ ш Ъ О Ъ З Д Ш З Э Ы М7л╙▒ `|B}!  C╥⌡f;+²6~^C⌡÷Gд          ⌡f  _х  A]                       М  Ъ ш Ъ О Ъ З Д Ш З Э Ы М7л╙▒ `|B}!  C╥⌡f;+²6~^C⌡÷Gд          ⌡f  _х  A]                       М  Ъ ш Ъ О Ъ З Д Ш З Э Ы М7л╙▒ `|B}!  C╥⌡f;+²6~^C⌡÷Gд          ⌡f  _х  A]                       М  Ъ ш Ъ О Ъ З Д Ш З Э Ы М7л╙▒ `|B}!  C╥⌡f;+²6~^C⌡÷Gд          ⌡f  _х  A]                       М  Ъ ш Ъ О Ъ З Д Ш З Э Ы М7л╙▒ `|B}!  C╥⌡f;+²6~^C⌡÷Gд          ⌡f  _х  A]                       М  Ъ ш Ъ О Ъ З Д Ш З Э Ы М7л╙▒ `|B}!  C╥⌡f;+²6~^C⌡÷Gд          ⌡f  _х  A]                       М  Ъ ш Ъ О Ъ З Д Ш З Э Ы М7л╙▒ `|B}!  C╥⌡f;+²6~^C⌡÷Gд          ⌡f  _х  A]                       М  Ъ ш Ъ О Ъ З Д Ш З Э Ы М7л╙▒ `|B}!  C╥⌡f;+²6~^C⌡÷Gд          ⌡f  _х  A]                       М  Ъ ш Ъ О Ъ З Д Ш З Э Ы М7л╙▒ `|B}!  C╥⌡f;+²6~^C⌡÷Gд          ⌡f  _х  A]                       М  Ъ ш Ъ О Ъ З Д Ш З Э Ы М7л╙▒ `|B}!  C╥⌡f;+²6~^C⌡÷Gд          ⌡f  _х  A]                       М  Ъ ш Ъ О Ъ З Д Ш З Э Ы М7л╙▒ `|B}!  C╥⌡f;+²6~^C⌡÷Gд          ⌡f  _х  A]                       М  Ъ ш Ъ О Ъ З Д Ш З Э Ы М7л╙▒ `|B}!  C╥⌡f;+²6~^C⌡÷Gд          ⌡f  _х  A]                       М  Ъ ш Ъ О Ъ З Д Ш З Э Ы М7л╙▒ `|B}!  C╥⌡f;+²6~^C⌡÷Gд          ⌡f  _х  A]                       М  Ъ ш Ъ О Ъ З Д Ш З Э Ы М7л╙▒ `|B}!  C╥⌡f;+²6~^C⌡÷Gд          ⌡f  _х  A]                       М  Ъ ш Ъ О Ъ З Д Ш З Э Ы М7л╙▒ `|B}!  C╥⌡f;+²6~^C⌡÷Gд          ⌡f  _х  A]                       М  Ъ ш Ъ О Ъ З Д Ш З Э Ы М7л╙▒ `|B}!  C╥⌡f;+²6~^C⌡÷Gд          ⌡f  _х  A]                       М  Ъ ш Ъ О Ъ З Д Ш З Э Ы М7л╙▒ `|B}!  C╥⌡f;+²6~^C⌡÷Gд          ⌡f  _х  A]                       М  Ъ ш Ъ О Ъ З Д Ш З Э Ы М7л╙▒ `|B}!  C╥⌡f;+²6~^C⌡÷Gд          ⌡f  _х  A]                       М  Ъ ш Ъ О Ъ З Д Ш З Э Ы М7л╙▒ `|B}!  C╥⌡f;+²6~^C⌡÷Gд          ⌡f  _х  A]                       М  Ъ ш Ъ О Ъ З Д Ш З Э Ы М7л╙▒ `|B}!  C╥⌡f;+²6~^C⌡÷Gд          ⌡f  _х  A]                       М  Ъ ш Ъ О Ъ З Д Ш З Э Ы М7л╙▒ `|B}!  C╥⌡f;+²6~^C⌡÷Gд          ⌡f  _х  A]                       М  Ъ ш Ъ О Ъ З Д Ш З Э Ы М7л╙▒ `|B}!  C╥⌡f;+²6~^C⌡÷Gд          ⌡f  _х  A]                       М  Ъ ш Ъ О Ъ З Д Ш З Э Ы М7л╙▒ `|B}!  C╥⌡f;+²6~^C⌡÷Gд          ⌡f  _х  A]                       М  Ъ ш Ъ О Ъ З Д Ш З Э Ы М7л╙▒ `|B}!  C╥⌡f;+²6~^C⌡÷Gд          ⌡f  _х  A]                       М  Ъ ш Ъ О Ъ З Д Ш З Э Ы М7л╙▒ `|B}!  C╥⌡f;+²6~^C⌡÷Gд          ⌡f  _х  A]                       М  Ъ ш Ъ О Ъ З Д Ш З Э Ы М7л╙▒ `|B}!  C╥⌡f;+²6~^C⌡÷Gд          ⌡f  _х  A]                       М  Ъ ш Ъ О Ъ З Д Ш З Э Ы М7л╙▒ `|B}!  C╥⌡f;+²6~^C⌡÷Gд          ⌡f  _х  A]                       М  Ъ ш Ъ О Ъ З Д Ш З Э Ы М7л╙▒ `|B}!  C╥⌡f;+²6~^C⌡÷Gд          ⌡f  _х  A]                       М  Ъ ш Ъ О Ъ З Д Ш З Э Ы М7л╙▒ `|B}!  C╥⌡f;+²6~^C⌡÷Gд          ⌡f  _х  A]                       М  Ъ ш Ъ О Ъ З Д Ш З Э Ы М7л╙▒ `|B}!  C╥⌡f;+²6~^C⌡÷Gд          ⌡f  _х  A]                       М  Ъ ш Ъ О Ъ З Д Ш З Э Ы М7л╙▒ `|B}!  C╥⌡f;+²6~^C⌡÷Gд          ⌡f  _х  A]                       М  Ъ ш Ъ О Ъ З Д Ш З Э Ы М7л╙▒ `|B}!  C╥⌡f;+²6~^C⌡÷Gд          ⌡f  _х  A]                       М  Ъ ш Ъ О Ъ З Д Ш З Э Ы М7л╙▒ `|B}!  C╥⌡f;+²6~^C⌡÷Gд          ⌡f  _х  A]                       М  Ъ ш Ъ О Ъ З Д Ш З Э Ы М7л╙▒ `|%|Д  C╥═(:э²p}}>Г÷ч          ═(  _х  AN                       П  Д Щ у Ь Г Щ Ч Е Э Тzл╙▒ `|%|Д  C╥═(:э²p}}>Г÷ч          ═(  _х  AN                       П  Д Щ у Ь Г Щ Ч Е Э Тzл╙▒ `|%|Д  C╥═(:э²p}}>Г÷ч          ═(  _х  AN                       П  Д Щ у Ь Г Щ Ч Е Э Тzл╙▒ `|%|Д  C╥═(:э²p}}>Г÷ч          ═(  _х  AN                       П  Д Щ у Ь Г Щ Ч Е Э Тzл╙▒ `|%|Д  C╥═(:э²p}}>Г÷ч          ═(  _х  AN                       П  Д Щ у Ь Г Щ Ч Е Э Тzл╙▒ `|%|Д  C╥═(:э²p}}>Г÷ч          ═(  _х  AN                       П  Д Щ у Ь Г Щ Ч Е Э Тzл╙▒ `|%|Д  C╥═(:э²p}}>Г÷ч          ═(  _х  AN                       П  Д Щ у Ь Г Щ Ч Е Э Тzл╙▒ `|%|Д  C╥═(:э²p}}>Г÷ч          ═(  _х  AN                       П  Д Щ у Ь Г Щ Ч Е Э Тzл╙▒ `|%|Д  C╥═(:э²p}}>Г÷ч          ═(  _х  AN                       П  Д Щ у Ь Г Щ Ч Е Э Тzл╙▒ `|%|Д  C╥═(:э²p}}>Г÷ч          ═(  _х  AN                       П  Д Щ у Ь Г Щ Ч Е Э Тzл╙▒ `|%|Д  C╥═(:э²p}}>Г÷ч          ═(  _х  AN                       П  Д Щ у Ь Г Щ Ч Е Э Тzл╙▒ `|%|Д  C╥═(:э²p}}>Г÷ч          ═(  _х  AN                       П  Д Щ у Ь Г Щ Ч Е Э Тzл╙▒ `|%|Д  C╥═(:э²p}}>Г÷ч          ═(  _х  AN                       П  Д Щ у Ь Г Щ Ч Е Э Тzл╙▒ `|%|Д  C╥═(:э²p}}>Г÷ч          ═(  _х  AN                       П  Д Щ у Ь Г Щ Ч Е Э Тzл╙▒ `|%|Д  C╥═(:э²p}}>Г÷ч          ═(  _х  AN                       П  Д Щ у Ь Г Щ Ч Е Э Тzл╙▒ `|%|Д  C╥═(:э²p}}>Г÷ч          ═(  _х  AN                       П  Д Щ у Ь Г Щ Ч Е Э Тzл╙▒ `|%|Д  C╥═(:э²p}}>Г÷ч          ═(  _х  AN                       П  Д Щ у Ь Г Щ Ч Е Э Тzл╙▒ `|%|Д  C╥═(:э²p}}>Г÷ч          ═(  _х  AN                       П  Д Щ у Ь Г Щ Ч Е Э Тzл╙▒ `|%|Д  C╥═(:э²p}}>Г÷ч          ═(  _х  AN                       П  Д Щ у Ь Г Щ Ч Е Э Тzл╙▒ `|%|Д  C╥═(:э²p}}>Г÷ч          ═(  _х  AN                       П  Д Щ у Ь Г Щ Ч Е Э Тzл╙▒ `|%|Д  C╥═(:э²p}}>Г÷ч          ═(  _х  AN                       П  Д Щ у Ь Г Щ Ч Е Э Тzл╙▒ `|%|Д  C╥═(:э²p}}>Г÷ч          ═(  _х  AN                       П  Д Щ у Ь Г Щ Ч Е Э Тzл╙▒ `|%|Д  C╥═(:э²p}}>Г÷ч          ═(  _х  AN                       П  Д Щ у Ь Г Щ Ч Е Э Тzл╙▒ `|%|Д  C╥═(:э²p}}>Г÷ч          ═(  _х  AN                       П  Д Щ у Ь Г Щ Ч Е Э Тzл╙▒ `|%|Д  C╥═(:э²p}}>Г÷ч          ═(  _х  AN                       П  Д Щ у Ь Г Щ Ч Е Э Тzл╙▒ `|%|Д  C╥═(:э²p}}>Г÷ч          ═(  _х  AN                       П  Д Щ у Ь Г Щ Ч Е Э Тzл╙▒ `|%|Д  C╥═(:э²p}}>Г÷ч          ═(  _х  AN                       П  Д Щ у Ь Г Щ Ч Е Э Тzл╙▒ `|%|Д  C╥═(:э²p}}>Г÷ч          ═(  _х  AN                       П  Д Щ у Ь Г Щ Ч Е Э Тzл╙▒ `|%|Д  C╥═(:э²p}}>Г÷ч          ═(  _х  AN                       П  Д Щ у Ь Г Щ Ч Е Э Тzл╙▒ `|%|Д  C╥═(:э²p}}>Г÷ч          ═(  _х  AN                       П  Д Щ у Ь Г Щ Ч Е Э Тzл╙▒ `|%|Д  C╥═(:э²p}}>Г÷ч          ═(  _х  AN                       П  Д Щ у Ь Г Щ Ч Е Э Тzл╙▒ `|%|Д  C╥═(:э²p}}>Г÷ч          ═(  _х  AN                       П  Д Щ у Ь Г Щ Ч Е Э Тzл╙▒ `|%|Д  C╥═(:э²p}}>Г÷ч          ═(  _х  AN                       П  Д Щ у Ь Г Щ Ч Е Э Тzл╙▒ `|%|Д  C╥═(:э²p}}>Г÷ч          ═(  _х  AN                       П  Д Щ у Ь Г Щ Ч Е Э Тzл╙▒ `|%|Д  C╥═(:э²p}}>Г÷ч          ═(  _х  AN                       П  Д Щ у Ь Г Щ Ч Е Э Тzл╙▒ `|%|Д  C╥═(:э²p}}>Г÷ч          ═(  _х  AN                       П  Д Щ у Ь Г Щ Ч Е Э Тzл╙▒ `|%|Д  C╥═(:э²p}}>Г÷ч          ═(  _х  AN                       П  Д Щ у Ь Г Щ Ч Е Э Тzл╙▒ `|%|Д  C╥═(:э²p}}>Г÷ч          ═(  _х  AN                       П  Д Щ у Ь Г Щ Ч Е Э Тzл╙▒ `|%|Д  C╥═(:э²p}}>Г÷ч          ═(  _х  AN                       П  Д Щ у Ь Г Щ Ч Е Э Тzл╙▒ `|%|Д  C╥═(:э²p}}>Г÷ч          ═(  _х  AN                       П  Д Щ у Ь Г Щ Ч Е Э Тzл╙▒ `|%|Д  C╥═(:э²p}}>Г÷ч          ═(  _х  AN                       П  Д Щ у Ь Г Щ Ч Е Э Тzл╙▒ `|%|Д  C╥═(:э²p}}>Г÷ч          ═(  _х  AN                       П  Д Щ у Ь Г Щ Ч Е Э Тzл╙▒ `|%|Д  C╥═(:э²p}}>Г÷ч          ═(  _х  AN                       П  Д Щ у Ь Г Щ Ч Е Э Тzл╙▒ `|%|Д  C╥═(:э²p}}>Г÷ч          ═(  _х  AN                       П  Д Щ у Ь Г Щ Ч Е Э Тzл╙▒ `|%|Д  C╥═(:э²p}}>Г÷ч          ═(  _х  AN                       П  Д Щ у Ь Г Щ Ч Е Э Тzл╙▒ `|%|Д  C╥═(:э²p}}>Г÷ч          ═(  _х  AN                       П  Д Щ у Ь Г Щ Ч Е Э Тzл╙▒ `|%|Д  C╥═(:э²p}}>Г÷ч          ═(  _х  AN                       П  Д Щ у Ь Г Щ Ч Е Э Тzл╙▒ `|%|Д  C╥═(:э²p}}>Г÷ч          ═(  _х  AN                       П  Д Щ у Ь Г Щ Ч Е Э Тzл╙▒ `|%|Д  C╥═(:э²p}}>Г÷ч          ═(  _х  AN                       П  Д Щ у Ь Г Щ Ч Е Э Тzл╙▒ `|%|Д  C╥═(:э²p}}>Г÷ч          ═(  _х  AN                       П  Д Щ у Ь Г Щ Ч Е Э Тzл╙▒ `│m|ф  A^═╗;(⌡╦}!CE═д          ═╗  _х  D                       д	 К Р Ч Э  Ъ Ж  Ч Н╬л╙▒ `│m|ф  A^═╗;(⌡╦}!CE═д          ═╗  _х  D                       д	 К Р Ч Э  Ъ Ж  Ч Н╬л╙▒ `│m|ф  A^═╗;(⌡╦}!CE═д          ═╗  _х  D                       д	 К Р Ч Э  Ъ Ж  Ч Н╬л╙▒ `│m|ф  A^═╗;(⌡╦}!CE═д          ═╗  _х  D                       д	 К Р Ч Э  Ъ Ж  Ч Н╬л╙▒ `│m|ф  A^═╗;(⌡╦}!CE═д          ═╗  _х  D                       д	 К Р Ч Э  Ъ Ж  Ч Н╬л╙▒ `│m|ф  A^═╗;(⌡╦}!CE═д          ═╗  _х  D                       д	 К Р Ч Э  Ъ Ж  Ч Н╬л╙▒ `│m|ф  A^═╗;(⌡╦}!CE═д          ═╗  _х  D                       д	 К Р Ч Э  Ъ Ж  Ч Н╬л╙▒ `│m|ф  A^═╗;(⌡╦}!CE═д          ═╗  _х  D                       д	 К Р Ч Э  Ъ Ж  Ч Н╬л╙▒ `│m|ф  A^═╗;(⌡╦}!CE═д          ═╗  _х  D                       д	 К Р Ч Э  Ъ Ж  Ч Н╬л╙▒ `│m|ф  A^═╗;(⌡╦}!CE═д          ═╗  _х  D                       д	 К Р Ч Э  Ъ Ж  Ч Н╬л╙▒ `│m|ф  A^═╗;(⌡╦}!CE═д          ═╗  _х  D                       д	 К Р Ч Э  Ъ Ж  Ч Н╬л╙▒ `│m|ф  A^═╗;(⌡╦}!CE═д          ═╗  _х  D                       д	 К Р Ч Э  Ъ Ж  Ч Н╬л╙▒ `│m|ф  A^═╗;(⌡╦}!CE═д          ═╗  _х  D                       д	 К Р Ч Э  Ъ Ж  Ч Н╬л╙▒ `│m|ф  A^═╗;(⌡╦}!CE═д          ═╗  _х  D                       д	 К Р Ч Э  Ъ Ж  Ч Н╬л╙▒ `│m|ф  A^═╗;(⌡╦}!CE═д          ═╗  _х  D                       д	 К Р Ч Э  Ъ Ж  Ч Н╬л╙▒ `│m|ф  A^═╗;(⌡╦}!CE═д          ═╗  _х  D                       д	 К Р Ч Э  Ъ Ж  Ч Н╬л╙▒ `│m|ф  A^═╗;(⌡╦}!CE═д          ═╗  _х  D                       д	 К Р Ч Э  Ъ Ж  Ч Н╬л╙▒ `│m|ф  A^═╗;(⌡╦}!CE═д          ═╗  _х  D                       д	 К Р Ч Э  Ъ Ж  Ч Н╬л╙▒ `│m|ф  A^═╗;(⌡╦}!CE═д          ═╗  _х  D                       д	 К Р Ч Э  Ъ Ж  Ч Н╬л╙▒ `│m|ф  A^═╗;(⌡╦}!CE═д          ═╗  _х  D                       д	 К Р Ч Э  Ъ Ж  Ч Н╬л╙▒ `│m|ф  A^═╗;(⌡╦}!CE═д          ═╗  _х  D                       д	 К Р Ч Э  Ъ Ж  Ч Н╬л╙▒ `│m|ф  A^═╗;(⌡╦}!CE═д          ═╗  _х  D                       д	 К Р Ч Э  Ъ Ж  Ч Н╬л╙▒ `│m|ф  A^═╗;(⌡╦}!CE═д          ═╗  _х  D                       д	 К Р Ч Э  Ъ Ж  Ч Н╬л╙▒ `│m|ф  A^═╗;(⌡╦}!CE═д          ═╗  _х  D                       д	 К Р Ч Э  Ъ Ж  Ч Н╬л╙▒ `│m|ф  A^═╗;(⌡╦}!CE═д          ═╗  _х  D                       д	 К Р Ч Э  Ъ Ж  Ч Н╬л╙▒ `│m|ф  A^═╗;(⌡╦}!CE═д          ═╗  _х  D                       д	 К Р Ч Э  Ъ Ж  Ч Н╬л╙▒ `│m|ф  A^═╗;(⌡╦}!CE═д          ═╗  _х  D                       д	 К Р Ч Э  Ъ Ж  Ч Н╬л╙▒ `│m|ф  A^═╗;(⌡╦}!CE═д          ═╗  _х  D                       д	 К Р Ч Э  Ъ Ж  Ч Н╬л╙▒ `│m|ф  A^═╗;(⌡╦}!CE═д          ═╗  _х  D                       д	 К Р Ч Э  Ъ Ж  Ч Н╬л╙▒ `│m|ф  A^═╗;(⌡╦}!CE═д          ═╗  _х  D                       д	 К Р Ч Э  Ъ Ж  Ч Н╬л╙▒ `│m|ф  A^═╗;(⌡╦}!CE═д          ═╗  _х  D                       д	 К Р Ч Э  Ъ Ж  Ч Н╬л╙▒ `│m|ф  A^═╗;(⌡╦}!CE═д          ═╗  _х  D                       д	 К Р Ч Э  Ъ Ж  Ч Н╬л╙▒ `│m|ф  A^═╗;(⌡╦}!CE═д          ═╗  _х  D                       д	 К Р Ч Э  Ъ Ж  Ч Н╬л╙▒ `│m|ф  A^═╗;(⌡╦}!CE═д          ═╗  _х  D                       д	 К Р Ч Э  Ъ Ж  Ч Н╬л╙▒ `│m|ф  A^═╗;(⌡╦}!CE═д          ═╗  _х  D                       д	 К Р Ч Э  Ъ Ж  Ч Н╬л╙▒ `│m|ф  A^═╗;(⌡╦}!CE═д          ═╗  _х  D                       д	 К Р Ч Э  Ъ Ж  Ч Н╬л╙▒ `│m|ф  A^═╗;(⌡╦}!CE═д          ═╗  _х  D                       д	 К Р Ч Э  Ъ Ж  Ч Н╬л╙▒ `│m|ф  A^═╗;(⌡╦}!CE═д          ═╗  _х  D                       д	 К Р Ч Э  Ъ Ж  Ч Н╬л╙▒ `│m|ф  A^═╗;(⌡╦}!CE═д          ═╗  _х  D                       д	 К Р Ч Э  Ъ Ж  Ч Н╬л╙▒ `│m|ф  A^═╗;(⌡╦}!CE═д          ═╗  _х  D                       д	 К Р Ч Э  Ъ Ж  Ч Н╬л╙▒ `│m|ф  A^═╗;(⌡╦}!CE═д          ═╗  _х  D                       д	 К Р Ч Э  Ъ Ж  Ч Н╬л╙▒ `│m|ф  A^═╗;(⌡╦}!CE═д          ═╗  _х  D                       д	 К Р Ч Э  Ъ Ж  Ч Н╬л╙▒ `│m|ф  A^═╗;(⌡╦}!CE═д          ═╗  _х  D                       д	 К Р Ч Э  Ъ Ж  Ч Н╬л╙▒ `│m|ф  A^═╗;(⌡╦}!CE═д          ═╗  _х  D                       д	 К Р Ч Э  Ъ Ж  Ч Н╬л╙▒ `│m|ф  A^═╗;(⌡╦}!CE═д          ═╗  _х  D                       д	 К Р Ч Э  Ъ Ж  Ч Н╬л╙▒ `│m|ф  A^═╗;(⌡╦}!CE═д          ═╗  _х  D                       д	 К Р Ч Э  Ъ Ж  Ч Н╬л╙▒ `│m|ф  A^═╗;(⌡╦}!CE═д          ═╗  _х  D                       д	 К Р Ч Э  Ъ Ж  Ч Н╬л╙▒ `│m|ф  A^═╗;(⌡╦}!CE═д          ═╗  _х  D                       д	 К Р Ч Э  Ъ Ж  Ч Н╬л╙▒ `│m|ф  A^═╗;(⌡╦}!CE═д          ═╗  _х  D                       д	 К Р Ч Э  Ъ Ж  Ч Н╬л╙▒ `|_|у  CЯ°┤;L·=}ЛCЯ÷г          °┤  _х  Al                       Л Д
 Ж Ч М Х  Я╤л╙▒ `|_|у  CЯ°┤;L·=}ЛCЯ÷г          °┤  _х  Al                       Л Д
 Ж Ч М Х  Я╤л╙▒ `|_|у  CЯ°┤;L·=}ЛCЯ÷г          °┤  _х  Al                       Л Д
 Ж Ч М Х  Я╤л╙▒ `|_|у  CЯ°┤;L·=}ЛCЯ÷г          °┤  _х  Al                       Л Д
 Ж Ч М Х  Я╤л╙▒ `|_|у  CЯ°┤;L·=}ЛCЯ÷г          °┤  _х  Al                       Л Д
 Ж Ч М Х  Я╤л╙▒ `|_|у  CЯ°┤;L·=}ЛCЯ÷г          °┤  _х  Al                       Л Д
 Ж Ч М Х  Я╤л╙▒ `|_|у  CЯ°┤;L·=}ЛCЯ÷г          °┤  _х  Al                       Л Д
 Ж Ч М Х  Я╤л╙▒ `|_|у  CЯ°┤;L·=}ЛCЯ÷г          °┤  _х  Al                       Л Д
 Ж Ч М Х  Я╤л╙▒ `|_|у  CЯ°┤;L·=}ЛCЯ÷г          °┤  _х  Al                       Л Д
 Ж Ч М Х  Я╤л╙▒ `|_|у  CЯ°┤;L·=}ЛCЯ÷г          °┤  _х  Al                       Л Д
 Ж Ч М Х  Я╤л╙▒ `|_|у  CЯ°┤;L·=}ЛCЯ÷г          °┤  _х  Al                       Л Д
 Ж Ч М Х  Я╤л╙▒ `|_|у  CЯ°┤;L·=}ЛCЯ÷г          °┤  _х  Al                       Л Д
 Ж Ч М Х  Я╤л╙▒ `|_|у  CЯ°┤;L·=}ЛCЯ÷г          °┤  _х  Al                       Л Д
 Ж Ч М Х  Я╤л╙▒ `|_|у  CЯ°┤;L·=}ЛCЯ÷г          °┤  _х  Al                       Л Д
 Ж Ч М Х  Я╤л╙▒ `|_|у  CЯ°┤;L·=}ЛCЯ÷г          °┤  _х  Al                       Л Д
 Ж Ч М Х  Я╤л╙▒ `|_|у  CЯ°┤;L·=}ЛCЯ÷г          °┤  _х  Al                       Л Д
 Ж Ч М Х  Я╤л╙▒ `|_|у  CЯ°┤;L·=}ЛCЯ÷г          °┤  _х  Al                       Л Д
 Ж Ч М Х  Я╤л╙▒ `|_|у  CЯ°┤;L·=}ЛCЯ÷г          °┤  _х  Al                       Л Д
 Ж Ч М Х  Я╤л╙▒ `|_|у  CЯ°┤;L·=}ЛCЯ÷г          °┤  _х  Al                       Л Д
 Ж Ч М Х  Я╤л╙▒ `|_|у  CЯ°┤;L·=}ЛCЯ÷г          °┤  _х  Al                       Л Д
 Ж Ч М Х  Я╤л╙▒ `|_|у  CЯ°┤;L·=}ЛCЯ÷г          °┤  _х  Al                       Л Д
 Ж Ч М Х  Я╤л╙▒ `|_|у  CЯ°┤;L·=}ЛCЯ÷г          °┤  _х  Al                       Л Д
 Ж Ч М Х  Я╤л╙▒ `|_|у  CЯ°┤;L·=}ЛCЯ÷г          °┤  _х  Al                       Л Д
 Ж Ч М Х  Я╤л╙▒ `|_|у  CЯ°┤;L·=}ЛCЯ÷г          °┤  _х  Al                       Л Д
 Ж Ч М Х  Я╤л╙▒ `|_|у  CЯ°┤;L·=}ЛCЯ÷г          °┤  _х  Al                       Л Д
 Ж Ч М Х  Я╤л╙▒ `|_|у  CЯ°┤;L·=}ЛCЯ÷г          °┤  _х  Al                       Л Д
 Ж Ч М Х  Я╤л╙▒ `|_|у  CЯ°┤;L·=}ЛCЯ÷г          °┤  _х  Al                       Л Д
 Ж Ч М Х  Я╤л╙▒ `|_|у  CЯ°┤;L·=}ЛCЯ÷г          °┤  _х  Al                       Л Д
 Ж Ч М Х  Я╤л╙▒ `|_|у  CЯ°┤;L·=}ЛCЯ÷г          °┤  _х  Al                       Л Д
 Ж Ч М Х  Я╤л╙▒ `|_|у  CЯ°┤;L·=}ЛCЯ÷г          °┤  _х  Al                       Л Д
 Ж Ч М Х  Я╤л╙▒ `|_|у  CЯ°┤;L·=}ЛCЯ÷г          °┤  _х  Al                       Л Д
 Ж Ч М Х  Я╤л╙▒ `|_|у  CЯ°┤;L·=}ЛCЯ÷г          °┤  _х  Al                       Л Д
 Ж Ч М Х  Я╤л╙▒ `|_|у  CЯ°┤;L·=}ЛCЯ÷г          °┤  _х  Al                       Л Д
 Ж Ч М Х  Я╤л╙▒ `|_|у  CЯ°┤;L·=}ЛCЯ÷г          °┤  _х  Al                       Л Д
 Ж Ч М Х  Я╤л╙▒ `|_|у  CЯ°┤;L·=}ЛCЯ÷г          °┤  _х  Al                       Л Д
 Ж Ч М Х  Я╤л╙▒ `|_|у  CЯ°┤;L·=}ЛCЯ÷г          °┤  _х  Al                       Л Д
 Ж Ч М Х  Я╤л╙▒ `|_|у  CЯ°┤;L·=}ЛCЯ÷г          °┤  _х  Al                       Л Д
 Ж Ч М Х  Я╤л╙▒ `|_|у  CЯ°┤;L·=}ЛCЯ÷г          °┤  _х  Al                       Л Д
 Ж Ч М Х  Я╤л╙▒ `|_|у  CЯ°┤;L·=}ЛCЯ÷г          °┤  _х  Al                       Л Д
 Ж Ч М Х  Я╤л╙▒ `|_|у  CЯ°┤;L·=}ЛCЯ÷г          °┤  _х  Al                       Л Д
 Ж Ч М Х  Я╤л╙▒ `|_|у  CЯ°┤;L·=}ЛCЯ÷г          °┤  _х  Al                       Л Д
 Ж Ч М Х  Я╤л╙▒ `|_|у  CЯ°┤;L·=}ЛCЯ÷г          °┤  _х  Al                       Л Д
 Ж Ч М Х  Я╤л╙▒ `|_|у  CЯ°┤;L·=}ЛCЯ÷г          °┤  _х  Al                       Л Д
 Ж Ч М Х  Я╤л╙▒ `|_|у  CЯ°┤;L·=}ЛCЯ÷г          °┤  _х  Al                       Л Д
 Ж Ч М Х  Я╤л╙▒ `|_|у  CЯ°┤;L·=}ЛCЯ÷г          °┤  _х  Al                       Л Д
 Ж Ч М Х  Я╤л╙▒ `|_|у  CЯ°┤;L·=}ЛCЯ÷г          °┤  _х  Al                       Л Д
 Ж Ч М Х  Я╤л╙▒ `|_|у  CЯ°┤;L·=}ЛCЯ÷г          °┤  _х  Al                       Л Д
 Ж Ч М Х  Я╤л╙▒ `|_|у  CЯ°┤;L·=}ЛCЯ÷г          °┤  _х  Al                       Л Д
 Ж Ч М Х  Я╤л╙▒ `|_|у  CЯ°┤;L·=}ЛCЯ÷г          °┤  _х  Al                       Л Д
 Ж Ч М Х  Я╤л╙▒ `|%|у  D║Х:Э·∙|╘D─÷г          ║Х  _х  AN                       Н О Ч К Пзл╙▒ `|%|у  D║Х:Э·∙|╘D─÷г          ║Х  _х  AN                       Н О Ч К Пзл╙▒ `|%|у  D║Х:Э·∙|╘D─÷г          ║Х  _х  AN                       Н О Ч К Пзл╙▒ `|%|у  D║Х:Э·∙|╘D─÷г          ║Х  _х  AN                       Н О Ч К Пзл╙▒ `|%|у  D║Х:Э·∙|╘D─÷г          ║Х  _х  AN                       Н О Ч К Пзл╙▒ `|%|у  D║Х:Э·∙|╘D─÷г          ║Х  _х  AN                       Н О Ч К Пзл╙▒ `|%|у  D║Х:Э·∙|╘D─÷г          ║Х  _х  AN                       Н О Ч К Пзл╙▒ `|%|у  D║Х:Э·∙|╘D─÷г          ║Х  _х  AN                       Н О Ч К Пзл╙▒ `|%|у  D║Х:Э·∙|╘D─÷г          ║Х  _х  AN                       Н О Ч К Пзл╙▒ `|%|у  D║Х:Э·∙|╘D─÷г          ║Х  _х  AN                       Н О Ч К Пзл╙▒ `|%|у  D║Х:Э·∙|╘D─÷г          ║Х  _х  AN                       Н О Ч К Пзл╙▒ `|%|у  D║Х:Э·∙|╘D─÷г          ║Х  _х  AN                       Н О Ч К Пзл╙▒ `|%|у  D║Х:Э·∙|╘D─÷г          ║Х  _х  AN                       Н О Ч К Пзл╙▒ `|%|у  D║Х:Э·∙|╘D─÷г          ║Х  _х  AN                       Н О Ч К Пзл╙▒ `|%|у  D║Х:Э·∙|╘D─÷г          ║Х  _х  AN                       Н О Ч К Пзл╙▒ `|%|у  D║Х:Э·∙|╘D─÷г          ║Х  _х  AN                       Н О Ч К Пзл╙▒ `|%|у  D║Х:Э·∙|╘D─÷г          ║Х  _х  AN                       Н О Ч К Пзл╙▒ `|%|у  D║Х:Э·∙|╘D─÷г          ║Х  _х  AN                       Н О Ч К Пзл╙▒ `|%|у  D║Х:Э·∙|╘D─÷г          ║Х  _х  AN                       Н О Ч К Пзл╙▒ `|%|у  D║Х:Э·∙|╘D─÷г          ║Х  _х  AN                       Н О Ч К Пзл╙▒ `|%|у  D║Х:Э·∙|╘D─÷г          ║Х  _х  AN                       Н О Ч К Пзл╙▒ `|%|у  D║Х:Э·∙|╘D─÷г          ║Х  _х  AN                       Н О Ч К Пзл╙▒ `|%|у  D║Х:Э·∙|╘D─÷г          ║Х  _х  AN                       Н О Ч К Пзл╙▒ `|%|у  D║Х:Э·∙|╘D─÷г          ║Х  _х  AN                       Н О Ч К Пзл╙▒ `|%|у  D║Х:Э·∙|╘D─÷г          ║Х  _х  AN                       Н О Ч К Пзл╙▒ `|%|у  D║Х:Э·∙|╘D─÷г          ║Х  _х  AN                       Н О Ч К Пзл╙▒ `|%|у  D║Х:Э·∙|╘D─÷г          ║Х  _х  AN                       Н О Ч К Пзл╙▒ `|%|у  D║Х:Э·∙|╘D─÷г          ║Х  _х  AN                       Н О Ч К Пзл╙▒ `|%|у  D║Х:Э·∙|╘D─÷г          ║Х  _х  AN                       Н О Ч К Пзл╙▒ `|%|у  D║Х:Э·∙|╘D─÷г          ║Х  _х  AN                       Н О Ч К Пзл╙▒ `|%|у  D║Х:Э·∙|╘D─÷г          ║Х  _х  AN                       Н О Ч К Пзл╙▒ `|%|у  D║Х:Э·∙|╘D─÷г          ║Х  _х  AN                       Н О Ч К Пзл╙▒ `|%|у  D║Х:Э·∙|╘D─÷г          ║Х  _х  AN                       Н О Ч К Пзл╙▒ `|%|у  D║Х:Э·∙|╘D─÷г          ║Х  _х  AN                       Н О Ч К Пзл╙▒ `|%|у  D║Х:Э·∙|╘D─÷г          ║Х  _х  AN                       Н О Ч К Пзл╙▒ `|%|у  D║Х:Э·∙|╘D─÷г          ║Х  _х  AN                       Н О Ч К Пзл╙▒ `|%|у  D║Х:Э·∙|╘D─÷г          ║Х  _х  AN                       Н О Ч К Пзл╙▒ `|%|у  D║Х:Э·∙|╘D─÷г          ║Х  _х  AN                       Н О Ч К Пзл╙▒ `|%|у  D║Х:Э·∙|╘D─÷г          ║Х  _х  AN                       Н О Ч К Пзл╙▒ `|%|у  D║Х:Э·∙|╘D─÷г          ║Х  _х  AN                       Н О Ч К Пзл╙▒ `|%|у  D║Х:Э·∙|╘D─÷г          ║Х  _х  AN                       Н О Ч К Пзл╙▒ `|%|у  D║Х:Э·∙|╘D─÷г          ║Х  _х  AN                       Н О Ч К Пзл╙▒ `|%|у  D║Х:Э·∙|╘D─÷г          ║Х  _х  AN                       Н О Ч К Пзл╙▒ `|%|у  D║Х:Э·∙|╘D─÷г          ║Х  _х  AN                       Н О Ч К Пзл╙▒ `|%|у  D║Х:Э·∙|╘D─÷г          ║Х  _х  AN                       Н О Ч К Пзл╙▒ `|%|у  D║Х:Э·∙|╘D─÷г          ║Х  _х  AN                       Н О Ч К Пзл╙▒ `|%|у  D║Х:Э·∙|╘D─÷г          ║Х  _х  AN                       Н О Ч К Пзл╙▒ `|%|у  D║Х:Э·∙|╘D─÷г          ║Х  _х  AN                       Н О Ч К Пзл╙▒ `|%|у  D║Х:Э·∙|╘D─÷г          ║Х  _х  AN                       Н О Ч К Пзл╙▒ `─I|B  CE║┬:Н·=|у?╩3═Hд          ║┬  _х  C{                       с Э Й щ Ъ М И Щл╙▒ `─I|B  CE║┬:Н·=|у?╩3═Hд          ║┬  _х  C{                       с Э Й щ Ъ М И Щл╙▒ `─I|B  CE║┬:Н·=|у?╩3═Hд          ║┬  _х  C{                       с Э Й щ Ъ М И Щл╙▒ `─I|B  CE║┬:Н·=|у?╩3═Hд          ║┬  _х  C{                       с Э Й щ Ъ М И Щл╙▒ `─I|B  CE║┬:Н·=|у?╩3═Hд          ║┬  _х  C{                       с Э Й щ Ъ М И Щл╙▒ `─I|B  CE║┬:Н·=|у?╩3═Hд          ║┬  _х  C{                       с Э Й щ Ъ М И Щл╙▒ `─I|B  CE║┬:Н·=|у?╩3═Hд          ║┬  _х  C{                       с Э Й щ Ъ М И Щл╙▒ `─I|B  CE║┬:Н·=|у?╩3═Hд          ║┬  _х  C{                       с Э Й щ Ъ М И Щл╙▒ `─I|B  CE║┬:Н·=|у?╩3═Hд          ║┬  _х  C{                       с Э Й щ Ъ М И Щл╙▒ `─I|B  CE║┬:Н·=|у?╩3═Hд          ║┬  _х  C{                       с Э Й щ Ъ М И Щл╙▒ `─I|B  CE║┬:Н·=|у?╩3═Hд          ║┬  _х  C{                       с Э Й щ Ъ М И Щл╙▒ `─I|B  CE║┬:Н·=|у?╩3═Hд          ║┬  _х  C{                       с Э Й щ Ъ М И Щл╙▒ `─I|B  CE║┬:Н·=|у?╩3═Hд          ║┬  _х  C{                       с Э Й щ Ъ М И Щл╙▒ `─I|B  CE║┬:Н·=|у?╩3═Hд          ║┬  _х  C{                       с Э Й щ Ъ М И Щл╙▒ `─I|B  CE║┬:Н·=|у?╩3═Hд          ║┬  _х  C{                       с Э Й щ Ъ М И Щл╙▒ `─I|B  CE║┬:Н·=|у?╩3═Hд          ║┬  _х  C{                       с Э Й щ Ъ М И Щл╙▒ `─I|B  CE║┬:Н·=|у?╩3═Hд          ║┬  _х  C{                       с Э Й щ Ъ М И Щл╙▒ `─I|B  CE║┬:Н·=|у?╩3═Hд          ║┬  _х  C{                       с Э Й щ Ъ М И Щл╙▒ `─I|B  CE║┬:Н·=|у?╩3═Hд          ║┬  _х  C{                       с Э Й щ Ъ М И Щл╙▒ `─I|B  CE║┬:Н·=|у?╩3═Hд          ║┬  _х  C{                       с Э Й щ Ъ М И Щл╙▒ `─I|B  CE║┬:Н·=|у?╩3═Hд          ║┬  _х  C{                       с Э Й щ Ъ М И Щл╙▒ `─I|B  CE║┬:Н·=|у?╩3═Hд          ║┬  _х  C{                       с Э Й щ Ъ М И Щл╙▒ `─I|B  CE║┬:Н·=|у?╩3═Hд          ║┬  _х  C{                       с Э Й щ Ъ М И Щл╙▒ `─I|B  CE║┬:Н·=|у?╩3═Hд          ║┬  _х  C{                       с Э Й щ Ъ М И Щл╙▒ `─I|B  CE║┬:Н·=|у?╩3═Hд          ║┬  _х  C{                       с Э Й щ Ъ М И Щл╙▒ `─I|B  CE║┬:Н·=|у?╩3═Hд          ║┬  _х  C{                       с Э Й щ Ъ М И Щл╙▒ `─I|B  CE║┬:Н·=|у?╩3═Hд          ║┬  _х  C{                       с Э Й щ Ъ М И Щл╙▒ `─I|B  CE║┬:Н·=|у?╩3═Hд          ║┬  _х  C{                       с Э Й щ Ъ М И Щл╙▒ `─I|B  CE║┬:Н·=|у?╩3═Hд          ║┬  _х  C{                       с Э Й щ Ъ М И Щл╙▒ `─I|B  CE║┬:Н·=|у?╩3═Hд          ║┬  _х  C{                       с Э Й щ Ъ М И Щл╙▒ `─I|B  CE║┬:Н·=|у?╩3═Hд          ║┬  _х  C{                       с Э Й щ Ъ М И Щл╙▒ `─I|B  CE║┬:Н·=|у?╩3═Hд          ║┬  _х  C{                       с Э Й щ Ъ М И Щл╙▒ `─I|B  CE║┬:Н·=|у?╩3═Hд          ║┬  _х  C{                       с Э Й щ Ъ М И Щл╙▒ `─I|B  CE║┬:Н·=|у?╩3═Hд          ║┬  _х  C{                       с Э Й щ Ъ М И Щл╙▒ `─I|B  CE║┬:Н·=|у?╩3═Hд          ║┬  _х  C{                       с Э Й щ Ъ М И Щл╙▒ `─I|B  CE║┬:Н·=|у?╩3═Hд          ║┬  _х  C{                       с Э Й щ Ъ М И Щл╙▒ `─I|B  CE║┬:Н·=|у?╩3═Hд          ║┬  _х  C{                       с Э Й щ Ъ М И Щл╙▒ `─I|B  CE║┬:Н·=|у?╩3═Hд          ║┬  _х  C{                       с Э Й щ Ъ М И Щл╙▒ `─I|B  CE║┬:Н·=|у?╩3═Hд          ║┬  _х  C{                       с Э Й щ Ъ М И Щл╙▒ `─I|B  CE║┬:Н·=|у?╩3═Hд          ║┬  _х  C{                       с Э Й щ Ъ М И Щл╙▒ `─I|B  CE║┬:Н·=|у?╩3═Hд          ║┬  _х  C{                       с Э Й щ Ъ М И Щл╙▒ `─I|B  CE║┬:Н·=|у?╩3═Hд          ║┬  _х  C{                       с Э Й щ Ъ М И Щл╙▒ `─I|B  CE║┬:Н·=|у?╩3═Hд          ║┬  _х  C{                       с Э Й щ Ъ М И Щл╙▒ `─I|B  CE║┬:Н·=|у?╩3═Hд          ║┬  _х  C{                       с Э Й щ Ъ М И Щл╙▒ `─I|B  CE║┬:Н·=|у?╩3═Hд          ║┬  _х  C{                       с Э Й щ Ъ М И Щл╙▒ `─I|B  CE║┬:Н·=|у?╩3═Hд          ║┬  _х  C{                       с Э Й щ Ъ М И Щл╙▒ `─I|B  CE║┬:Н·=|у?╩3═Hд          ║┬  _х  C{                       с Э Й щ Ъ М И Щл╙▒ `─I|B  CE║┬:Н·=|у?╩3═Hд          ║┬  _х  C{                       с Э Й щ Ъ М И Щл╙▒ `─I|B  CE║┬:Н·=|у?╩3═Hд          ║┬  _х  C{                       с Э Й щ Ъ М И Щл╙▒ `}Э┌h  AМ≥Ф:Х Xш?⌠≤Ф╪          ≥Ф  _х  BE                       У ╦ Н П Ф о Х ы ш г Ц Б и Б ъ мrл╙▒ `}Э┌h  AМ≥Ф:Х Xш?⌠≤Ф╪          ≥Ф  _х  BE                       У ╦ Н П Ф о Х ы ш г Ц Б и Б ъ мrл╙▒ `}Э┌h  AМ≥Ф:Х Xш?⌠≤Ф╪          ≥Ф  _х  BE                       У ╦ Н П Ф о Х ы ш г Ц Б и Б ъ мrл╙▒ `}Э┌h  AМ≥Ф:Х Xш?⌠≤Ф╪          ≥Ф  _х  BE                       У ╦ Н П Ф о Х ы ш г Ц Б и Б ъ мrл╙▒ `}Э┌h  AМ≥Ф:Х Xш?⌠≤Ф╪          ≥Ф  _х  BE                       У ╦ Н П Ф о Х ы ш г Ц Б и Б ъ мrл╙▒ `}Э┌h  AМ≥Ф:Х Xш?⌠≤Ф╪          ≥Ф  _х  BE                       У ╦ Н П Ф о Х ы ш г Ц Б и Б ъ мrл╙▒ `}Э┌h  AМ≥Ф:Х Xш?⌠≤Ф╪          ≥Ф  _х  BE                       У ╦ Н П Ф о Х ы ш г Ц Б и Б ъ мrл╙▒ `}Э┌h  AМ≥Ф:Х Xш?⌠≤Ф╪          ≥Ф  _х  BE                       У ╦ Н П Ф о Х ы ш г Ц Б и Б ъ мrл╙▒ `}Э┌h  AМ≥Ф:Х Xш?⌠≤Ф╪          ≥Ф  _х  BE                       У ╦ Н П Ф о Х ы ш г Ц Б и Б ъ мrл╙▒ `}Э┌h  AМ≥Ф:Х Xш?⌠≤Ф╪          ≥Ф  _х  BE                       У ╦ Н П Ф о Х ы ш г Ц Б и Б ъ мrл╙▒ `}Э┌h  AМ≥Ф:Х Xш?⌠≤Ф╪          ≥Ф  _х  BE                       У ╦ Н П Ф о Х ы ш г Ц Б и Б ъ мrл╙▒ `}Э┌h  AМ≥Ф:Х Xш?⌠≤Ф╪          ≥Ф  _х  BE                       У ╦ Н П Ф о Х ы ш г Ц Б и Б ъ мrл╙▒ `}Э┌h  AМ≥Ф:Х Xш?⌠≤Ф╪          ≥Ф  _х  BE                       У ╦ Н П Ф о Х ы ш г Ц Б и Б ъ мrл╙▒ `}Э┌h  AМ≥Ф:Х Xш?⌠≤Ф╪          ≥Ф  _х  BE                       У ╦ Н П Ф о Х ы ш г Ц Б и Б ъ мrл╙▒ `}Э┌h  AМ≥Ф:Х Xш?⌠≤Ф╪          ≥Ф  _х  BE                       У ╦ Н П Ф о Х ы ш г Ц Б и Б ъ мrл╙▒ `}Э┌h  AМ≥Ф:Х Xш?⌠≤Ф╪          ≥Ф  _х  BE                       У ╦ Н П Ф о Х ы ш г Ц Б и Б ъ мrл╙▒ `}Э┌h  AМ≥Ф:Х Xш?⌠≤Ф╪          ≥Ф  _х  BE                       У ╦ Н П Ф о Х ы ш г Ц Б и Б ъ мrл╙▒ `}Э┌h  AМ≥Ф:Х Xш?⌠≤Ф╪          ≥Ф  _х  BE                       У ╦ Н П Ф о Х ы ш г Ц Б и Б ъ мrл╙▒ `}Э┌h  AМ≥Ф:Х Xш?⌠≤Ф╪          ≥Ф  _х  BE                       У ╦ Н П Ф о Х ы ш г Ц Б и Б ъ мrл╙▒ `}Э┌h  AМ≥Ф:Х Xш?⌠≤Ф╪          ≥Ф  _х  BE                       У ╦ Н П Ф о Х ы ш г Ц Б и Б ъ мrл╙▒ `}Э┌h  AМ≥Ф:Х Xш?⌠≤Ф╪          ≥Ф  _х  BE                       У ╦ Н П Ф о Х ы ш г Ц Б и Б ъ мrл╙▒ `}Э┌h  AМ≥Ф:Х Xш?⌠≤Ф╪          ≥Ф  _х  BE                       У ╦ Н П Ф о Х ы ш г Ц Б и Б ъ мrл╙▒ `}Э┌h  AМ≥Ф:Х Xш?⌠≤Ф╪          ≥Ф  _х  BE                       У ╦ Н П Ф о Х ы ш г Ц Б и Б ъ мrл╙▒ `}Э┌h  AМ≥Ф:Х Xш?⌠≤Ф╪          ≥Ф  _х  BE                       У ╦ Н П Ф о Х ы ш г Ц Б и Б ъ мrл╙▒ `}Э┌h  AМ≥Ф:Х Xш?⌠≤Ф╪          ≥Ф  _х  BE                       У ╦ Н П Ф о Х ы ш г Ц Б и Б ъ мrл╙▒ `}Э┌h  AМ≥Ф:Х Xш?⌠≤Ф╪          ≥Ф  _х  BE                       У ╦ Н П Ф о Х ы ш г Ц Б и Б ъ мrл╙▒ `}Э┌h  AМ≥Ф:Х Xш?⌠≤Ф╪          ≥Ф  _х  BE                       У ╦ Н П Ф о Х ы ш г Ц Б и Б ъ мrл╙▒ `}Э┌h  AМ≥Ф:Х Xш?⌠≤Ф╪          ≥Ф  _х  BE                       У ╦ Н П Ф о Х ы ш г Ц Б и Б ъ мrл╙▒ `}Э┌h  AМ≥Ф:Х Xш?⌠≤Ф╪          ≥Ф  _х  BE                       У ╦ Н П Ф о Х ы ш г Ц Б и Б ъ мrл╙▒ `}Э┌h  AМ≥Ф:Х Xш?⌠≤Ф╪          ≥Ф  _х  BE                       У ╦ Н П Ф о Х ы ш г Ц Б и Б ъ мrл╙▒ `}Э┌h  AМ≥Ф:Х Xш?⌠≤Ф╪          ≥Ф  _х  BE                       У ╦ Н П Ф о Х ы ш г Ц Б и Б ъ мrл╙▒ `}Э┌h  AМ≥Ф:Х Xш?⌠≤Ф╪          ≥Ф  _х  BE                       У ╦ Н П Ф о Х ы ш г Ц Б и Б ъ мrл╙▒ `}Э┌h  AМ≥Ф:Х Xш?⌠≤Ф╪          ≥Ф  _х  BE                       У ╦ Н П Ф о Х ы ш г Ц Б и Б ъ мrл╙▒ `}Э┌h  AМ≥Ф:Х Xш?⌠≤Ф╪          ≥Ф  _х  BE                       У ╦ Н П Ф о Х ы ш г Ц Б и Б ъ мrл╙▒ `}Э┌h  AМ≥Ф:Х Xш?⌠≤Ф╪          ≥Ф  _х  BE                       У ╦ Н П Ф о Х ы ш г Ц Б и Б ъ мrл╙▒ `}Э┌h  AМ≥Ф:Х Xш?⌠≤Ф╪          ≥Ф  _х  BE                       У ╦ Н П Ф о Х ы ш г Ц Б и Б ъ мrл╙▒ `}Э┌h  AМ≥Ф:Х Xш?⌠≤Ф╪          ≥Ф  _х  BE                       У ╦ Н П Ф о Х ы ш г Ц Б и Б ъ мrл╙▒ `}Э┌h  AМ≥Ф:Х Xш?⌠≤Ф╪          ≥Ф  _х  BE                       У ╦ Н П Ф о Х ы ш г Ц Б и Б ъ мrл╙▒ `}Э┌h  AМ≥Ф:Х Xш?⌠≤Ф╪          ≥Ф  _х  BE                       У ╦ Н П Ф о Х ы ш г Ц Б и Б ъ мrл╙▒ `}Э┌h  AМ≥Ф:Х Xш?⌠≤Ф╪          ≥Ф  _х  BE                       У ╦ Н П Ф о Х ы ш г Ц Б и Б ъ мrл╙▒ `}Э┌h  AМ≥Ф:Х Xш?⌠≤Ф╪          ≥Ф  _х  BE                       У ╦ Н П Ф о Х ы ш г Ц Б и Б ъ мrл╙▒ `}Э┌h  AМ≥Ф:Х Xш?⌠≤Ф╪          ≥Ф  _х  BE                       У ╦ Н П Ф о Х ы ш г Ц Б и Б ъ мrл╙▒ `}Э┌h  AМ≥Ф:Х Xш?⌠≤Ф╪          ≥Ф  _х  BE                       У ╦ Н П Ф о Х ы ш г Ц Б и Б ъ мrл╙▒ `}Э┌h  AМ≥Ф:Х Xш?⌠≤Ф╪          ≥Ф  _х  BE                       У ╦ Н П Ф о Х ы ш г Ц Б и Б ъ мrл╙▒ `}Э┌h  AМ≥Ф:Х Xш?⌠≤Ф╪          ≥Ф  _х  BE                       У ╦ Н П Ф о Х ы ш г Ц Б и Б ъ мrл╙▒ `}Э┌h  AМ≥Ф:Х Xш?⌠≤Ф╪          ≥Ф  _х  BE                       У ╦ Н П Ф о Х ы ш г Ц Б и Б ъ мrл╙▒ `}Э┌h  AМ≥Ф:Х Xш?⌠≤Ф╪          ≥Ф  _х  BE                       У ╦ Н П Ф о Х ы ш г Ц Б и Б ъ мrл╙▒ `}Э┌h  AМ≥Ф:Х Xш?⌠≤Ф╪          ≥Ф  _х  BE                       У ╦ Н П Ф о Х ы ш г Ц Б и Б ъ мrл╙▒ `}Э┌h  AМ≥Ф:Х Xш?⌠≤Ф╪          ≥Ф  _х  BE                       У ╦ Н П Ф о Х ы ш г Ц Б и Б ъ мrл╙▒ `}Э┌h  AМ≥Ф:Х Xш?⌠≤Ф╪          ≥Ф  _х  BE                       У ╦ Н П Ф о Х ы ш г Ц Б и Б ъ мrл╙▒ `}0}}  BC÷:ы⌡С~╠>²ч          ÷  _х  Aз                       Щ Н С Т Ь Ц Й н Х Г И И Д Х Ел╙▒ `}0}}  BC÷:ы⌡С~╠>²ч          ÷  _х  Aз                       Щ Н С Т Ь Ц Й н Х Г И И Д Х Ел╙▒ `}0}}  BC÷:ы⌡С~╠>²ч          ÷  _х  Aз                       Щ Н С Т Ь Ц Й н Х Г И И Д Х Е╙╙▒ `}0}}  BC÷:ы⌡С~╠>²ч          ÷  _х  Aз                       Щ Н С Т Ь Ц Й н Х Г И И Д Х Е╙╙▒ `}0}}  BC÷:ы⌡С~╠>²ч          ÷  _х  Aз                       Щ Н С Т Ь Ц Й н Х Г И И Д Х Е╙╙▒ `}0}}  BC÷:ы⌡С~╠>²ч          ÷  _х  Aз                       Щ Н С Т Ь Ц Й н Х Г И И Д Х Е╙╙▒ `}0}}  BC÷:ы⌡С~╠>²ч          ÷  _х  Aз                       Щ Н С Т Ь Ц Й н Х Г И И Д Х Е╙╙▒ `}0}}  BC÷:ы⌡С~╠>²ч          ÷  _х  Aз                       Щ Н С Т Ь Ц Й н Х Г И И Д Х Е╙╙▒ `}0}}  BC÷:ы⌡С~╠>²ч          ÷  _х  Aз                       Щ Н С Т Ь Ц Й н Х Г И И Д Х Е╙╙▒ `}0}}  BC÷:ы⌡С~╠>²ч          ÷  _х  Aз                       Щ Н С Т Ь Ц Й н Х Г И И Д Х Е╙╙▒ `}0}}  BC÷:ы⌡С~╠>²ч          ÷  _х  Aз                       Щ Н С Т Ь Ц Й н Х Г И И Д Х Е╙╙▒ `}0}}  BC÷:ы⌡С~╠>²ч          ÷  _х  Aз                       Щ Н С Т Ь Ц Й н Х Г И И Д Х Е╙╙▒ `}0}}  BC÷:ы⌡С~╠>²ч          ÷  _х  Aз                       Щ Н С Т Ь Ц Й н Х Г И И Д Х Е╙╙▒ `}0}}  BC÷:ы⌡С~╠>²ч          ÷  _х  Aз                       Щ Н С Т Ь Ц Й н Х Г И И Д Х Е╙╙▒ `}0}}  BC÷:ы⌡С~╠>²ч          ÷  _х  Aз                       Щ Н С Т Ь Ц Й н Х Г И И Д Х Е╙╙▒ `}0}}  BC÷:ы⌡С~╠>²ч          ÷  _х  Aз                       Щ Н С Т Ь Ц Й н Х Г И И Д Х Е╙╙▒ `}0}}  BC÷:ы⌡С~╠>²ч          ÷  _х  Aз                       Щ Н С Т Ь Ц Й н Х Г И И Д Х Е╙╙▒ `}0}}  BC÷:ы⌡С~╠>²ч          ÷  _х  Aз                       Щ Н С Т Ь Ц Й н Х Г И И Д Х Е╙╙▒ `}0}}  BC÷:ы⌡С~╠>²ч          ÷  _х  Aз                       Щ Н С Т Ь Ц Й н Х Г И И Д Х Е╙╙▒ `}0}}  BC÷:ы⌡С~╠>²ч          ÷  _х  Aз                       Щ Н С Т Ь Ц Й н Х Г И И Д Х Е╙╙▒ `}0}}  BC÷:ы⌡С~╠>²ч          ÷  _х  Aз                       Щ Н С Т Ь Ц Й н Х Г И И Д Х Е╙╙▒ `}0}}  BC÷:ы⌡С~╠>²ч          ÷  _х  Aз                       Щ Н С Т Ь Ц Й н Х Г И И Д Х Е╙╙▒ `}0}}  BC÷:ы⌡С~╠>²ч          ÷  _х  Aз                       Щ Н С Т Ь Ц Й н Х Г И И Д Х Е╙╙▒ `}0}}  BC÷:ы⌡С~╠>²ч          ÷  _х  Aз                       Щ Н С Т Ь Ц Й н Х Г И И Д Х Е╙╙▒ `}0}}  BC÷:ы⌡С~╠>²ч          ÷  _х  Aз                       Щ Н С Т Ь Ц Й н Х Г И И Д Х Е╙╙▒ `}0}}  BC÷:ы⌡С~╠>²ч          ÷  _х  Aз                       Щ Н С Т Ь Ц Й н Х Г И И Д Х Е╙╙▒ `}0}}  BC÷:ы⌡С~╠>²ч          ÷  _х  Aз                       Щ Н С Т Ь Ц Й н Х Г И И Д Х Е╙╙▒ `}0}}  BC÷:ы⌡С~╠>²ч          ÷  _х  Aз                       Щ Н С Т Ь Ц Й н Х Г И И Д Х Е╙╙▒ `}0}}  BC÷:ы⌡С~╠>²ч          ÷  _х  Aз                       Щ Н С Т Ь Ц Й н Х Г И И Д Х Е╙╙▒ `}0}}  BC÷:ы⌡С~╠>²ч          ÷  _х  Aз                       Щ Н С Т Ь Ц Й н Х Г И И Д Х Е╙╙▒ `}0}}  BC÷:ы⌡С~╠>²ч          ÷  _х  Aз                       Щ Н С Т Ь Ц Й н Х Г И И Д Х Е╙╙▒ `}0}}  BC÷:ы⌡С~╠>²ч          ÷  _х  Aз                       Щ Н С Т Ь Ц Й н Х Г И И Д Х Е╙╙▒ `}0}}  BC÷:ы⌡С~╠>²ч          ÷  _х  Aз                       Щ Н С Т Ь Ц Й н Х Г И И Д Х Е╙╙▒ `}0}}  BC÷:ы⌡С~╠>²ч          ÷  _х  Aз                       Щ Н С Т Ь Ц Й н Х Г И И Д Х Ел╙▒ `}0}}  BC÷:ы⌡С~╠>²ч          ÷  _х  Aз                       Щ Н С Т Ь Ц Й н Х Г И И Д Х Ел╙▒ `}0}}  BC÷:ы⌡С~╠>²ч          ÷  _х  Aз                       Щ Н С Т Ь Ц Й н Х Г И И Д Х Ел╙▒ `}0}}  BC÷:ы⌡С~╠>²ч          ÷  _х  Aз                       Щ Н С Т Ь Ц Й н Х Г И И Д Х Е╙╙▒ `}0}}  BC÷:ы⌡С~╠>²ч          ÷  _х  Aз                       Щ Н С Т Ь Ц Й н Х Г И И Д Х Е╙╙▒ `}0}}  BC÷:ы⌡С~╠>²ч          ÷  _х  Aз                       Щ Н С Т Ь Ц Й н Х Г И И Д Х Е╙╙▒ `}0}}  BC÷:ы⌡С~╠>²ч          ÷  _х  Aз                       Щ Н С Т Ь Ц Й н Х Г И И Д Х Е╙╙▒ `}0}}  BC÷:ы⌡С~╠>²ч          ÷  _х  Aз                       Щ Н С Т Ь Ц Й н Х Г И И Д Х Е╙╙▒ `}0}}  BC÷:ы⌡С~╠>²ч          ÷  _х  Aз                       Щ Н С Т Ь Ц Й н Х Г И И Д Х Е╙╙▒ `}0}}  BC÷:ы⌡С~╠>²ч          ÷  _х  Aз                       Щ Н С Т Ь Ц Й н Х Г И И Д Х Е╙╙▒ `}0}}  BC÷:ы⌡С~╠>²ч          ÷  _х  Aз                       Щ Н С Т Ь Ц Й н Х Г И И Д Х Ел╙▒ `}0}}  BC÷:ы⌡С~╠>²ч          ÷  _х  Aз                       Щ Н С Т Ь Ц Й н Х Г И И Д Х Ел╙▒ `}0}}  BC÷:ы⌡С~╠>²ч          ÷  _х  Aз                       Щ Н С Т Ь Ц Й н Х Г И И Д Х Ел╙▒ `}0}}  BC÷:ы⌡С~╠>²ч          ÷  _х  Aз                       Щ Н С Т Ь Ц Й н Х Г И И Д Х Е╙╙▒ `}0}}  BC÷:ы⌡С~╠>²ч          ÷  _х  Aз                       Щ Н С Т Ь Ц Й н Х Г И И Д Х Е╙╙▒ `}0}}  BC÷:ы⌡С~╠>²ч          ÷  _х  Aз                       Щ Н С Т Ь Ц Й н Х Г И И Д Х Ел╙▒ `|╥|_  B`║┬;C°ю}!BО²'ы          ║┬  _х  A                       
 Т Ш Ы И М Ь В Й Шл╙▒ `|╥|_  B`║┬;C°ю}!BО²'ы          ║┬  _х  A                       
 Т Ш Ы И М Ь В Й Шл╙▒ `|╥|_  B`║┬;C°ю}!BО²'ы          ║┬  _х  A                       
 Т Ш Ы И М Ь В Й Шл╙▒ `|╥|_  B`║┬;C°ю}!BО²'ы          ║┬  _х  A                       
 Т Ш Ы И М Ь В Й Шл╙▒ `|╥|_  B`║┬;C°ю}!BО²'ы          ║┬  _х  A                       
 Т Ш Ы И М Ь В Й Шл╙▒ `|╥|_  B`║┬;C°ю}!BО²'ы          ║┬  _х  A                       
 Т Ш Ы И М Ь В Й Шл╙▒ `|╥|_  B`║┬;C°ю}!BО²'ы          ║┬  _х  A                       
 Т Ш Ы И М Ь В Й Шл╙▒ `|╥|_  B`║┬;C°ю}!BО²'ы          ║┬  _х  A                       
 Т Ш Ы И М Ь В Й Шл╙▒ `|╥|_  B`║┬;C°ю}!BО²'ы          ║┬  _х  A                       
 Т Ш Ы И М Ь В Й Шл╙▒ `|╥|_  B`║┬;C°ю}!BО²'ы          ║┬  _х  A                       
 Т Ш Ы И М Ь В Й Шл╙▒ `|╥|_  B`║┬;C°ю}!BО²'ы          ║┬  _х  A                       
 Т Ш Ы И М Ь В Й Шл╙▒ `|╥|_  B`║┬;C°ю}!BО²'ы          ║┬  _х  A                       
 Т Ш Ы И М Ь В Й Шл╙▒ `|╥|_  B`║┬;C°ю}!BО²'ы          ║┬  _х  A                       
 Т Ш Ы И М Ь В Й Шл╙▒ `|╥|_  B`║┬;C°ю}!BО²'ы          ║┬  _х  A                       
 Т Ш Ы И М Ь В Й Шл╙▒ `|╥|_  B`║┬;C°ю}!BО²'ы          ║┬  _х  A                       
 Т Ш Ы И М Ь В Й Шл╙▒ `|╥|_  B`║┬;C°ю}!BО²'ы          ║┬  _х  A                       
 Т Ш Ы И М Ь В Й Шл╙▒ `|╥|_  B`║┬;C°ю}!BО²'ы          ║┬  _х  A                       
 Т Ш Ы И М Ь В Й Шл╙▒ `|╥|_  B`║┬;C°ю}!BО²'ы          ║┬  _х  A                       
 Т Ш Ы И М Ь В Й Шл╙▒ `|╥|_  B`║┬;C°ю}!BО²'ы          ║┬  _х  A                       
 Т Ш Ы И М Ь В Й Шл╙▒ `|╥|_  B`║┬;C°ю}!BО²'ы          ║┬  _х  A                       
 Т Ш Ы И М Ь В Й Шл╙▒ `|╥|_  B`║┬;C°ю}!BО²'ы          ║┬  _х  A                       
 Т Ш Ы И М Ь В Й Шл╙▒ `|╥|_  B`║┬;C°ю}!BО²'ы          ║┬  _х  A                       
 Т Ш Ы И М Ь В Й Шл╙▒ `|╥|_  B`║┬;C°ю}!BО²'ы          ║┬  _х  A                       
 Т Ш Ы И М Ь В Й Шл╙▒ `|╥|_  B`║┬;C°ю}!BО²'ы          ║┬  _х  A                       
 Т Ш Ы И М Ь В Й Шл╙▒ `|╥|_  B`║┬;C°ю}!BО²'ы          ║┬  _х  A                       
 Т Ш Ы И М Ь В Й Шл╙▒ `|╥|_  B`║┬;C°ю}!BО²'ы          ║┬  _х  A                       
 Т Ш Ы И М Ь В Й Шл╙▒ `|╥|_  B`║┬;C°ю}!BО²'ы          ║┬  _х  A                       
 Т Ш Ы И М Ь В Й Шл╙▒ `|╥|_  B`║┬;C°ю}!BО²'ы          ║┬  _х  A                       
 Т Ш Ы И М Ь В Й Шл╙▒ `|╥|_  B`║┬;C°ю}!BО²'ы          ║┬  _х  A                       
 Т Ш Ы И М Ь В Й Шл╙▒ `|╥|_  B`║┬;C°ю}!BО²'ы          ║┬  _х  A                       
 Т Ш Ы И М Ь В Й Шл╙▒ `|╥|_  B`║┬;C°ю}!BО²'ы          ║┬  _х  A                       
 Т Ш Ы И М Ь В Й Шл╙▒ `|╥|_  B`║┬;C°ю}!BО²'ы          ║┬  _х  A                       
 Т Ш Ы И М Ь В Й Шл╙▒ `|╥|_  B`║┬;C°ю}!BО²'ы          ║┬  _х  A                       
 Т Ш Ы И М Ь В Й Шл╙▒ `|╥|_  B`║┬;C°ю}!BО²'ы          ║┬  _х  A                       
 Т Ш Ы И М Ь В Й Шл╙▒ `|╥|_  B`║┬;C°ю}!BО²'ы          ║┬  _х  A                       
 Т Ш Ы И М Ь В Й Шл╙▒ `|╥|_  B`║┬;C°ю}!BО²'ы          ║┬  _х  A                       
 Т Ш Ы И М Ь В Й Шл╙▒ `|╥|_  B`║┬;C°ю}!BО²'ы          ║┬  _х  A                       
 Т Ш Ы И М Ь В Й Шл╙▒ `|╥|_  B`║┬;C°ю}!BО²'ы          ║┬  _х  A                       
 Т Ш Ы И М Ь В Й Шл╙▒ `|╥|_  B`║┬;C°ю}!BО²'ы          ║┬  _х  A                       
 Т Ш Ы И М Ь В Й Шл╙▒ `|╥|_  B`║┬;C°ю}!BО²'ы          ║┬  _х  A                       
 Т Ш Ы И М Ь В Й Шл╙▒ `|╥|_  B`║┬;C°ю}!BО²'ы          ║┬  _х  A                       
 Т Ш Ы И М Ь В Й Шл╙▒ `|╥|_  B`║┬;C°ю}!BО²'ы          ║┬  _х  A                       
 Т Ш Ы И М Ь В Й Шл╙▒ `|╥|_  B`║┬;C°ю}!BО²'ы          ║┬  _х  A                       
 Т Ш Ы И М Ь В Й Шл╙▒ `|╥|_  B`║┬;C°ю}!BО²'ы          ║┬  _х  A                       
 Т Ш Ы И М Ь В Й Шл╙▒ `|╥|_  B`║┬;C°ю}!BО²'ы          ║┬  _х  A                       
 Т Ш Ы И М Ь В Й Шл╙▒ `|╥|_  B`║┬;C°ю}!BО²'ы          ║┬  _х  A                       
 Т Ш Ы И М Ь В Й Шл╙▒ `|╥|_  B`║┬;C°ю}!BО²'ы          ║┬  _х  A                       
 Т Ш Ы И М Ь В Й Шл╙▒ `|╥|_  B`║┬;C°ю}!BО²'ы          ║┬  _х  A                       
 Т Ш Ы И М Ь В Й Шл╙▒ `|╥|_  B`║┬;C°ю}!BО²'ы          ║┬  _х  A                       
 Т Ш Ы И М Ь В Й Шл╙▒ `| o  C~·G;@²Е}╛Bр°┤           ·G  _х  A▀                       ъ Ч Р З Ь Д Ш Ч Д Щ Э Ул╙▒ `| o  C~·G;@²Е}╛Bр°┤           ·G  _х  A▀                       ъ Ч Р З Ь Д Ш Ч Д Щ Э Ул╙▒ `| o  C~·G;@²Е}╛Bр°┤           ·G  _х  A▀                       ъ Ч Р З Ь Д Ш Ч Д Щ Э Ул╙▒ `| o  C~·G;@²Е}╛Bр°┤           ·G  _х  A▀                       ъ Ч Р З Ь Д Ш Ч Д Щ Э Ул╙▒ `| o  C~·G;@²Е}╛Bр°┤           ·G  _х  A▀                       ъ Ч Р З Ь Д Ш Ч Д Щ Э Ул╙▒ `| o  C~·G;@²Е}╛Bр°┤           ·G  _х  A▀                       ъ Ч Р З Ь Д Ш Ч Д Щ Э Ул╙▒ `| o  C~·G;@²Е}╛Bр°┤           ·G  _х  A▀                       ъ Ч Р З Ь Д Ш Ч Д Щ Э Ул╙▒ `| o  C~·G;@²Е}╛Bр°┤           ·G  _х  A▀                       ъ Ч Р З Ь Д Ш Ч Д Щ Э Ул╙▒ `| o  C~·G;@²Е}╛Bр°┤           ·G  _х  A▀                       ъ Ч Р З Ь Д Ш Ч Д Щ Э Ул╙▒ `| o  C~·G;@²Е}╛Bр°┤           ·G  _х  A▀                       ъ Ч Р З Ь Д Ш Ч Д Щ Э Ул╙▒ `| o  C~·G;@²Е}╛Bр°┤           ·G  _х  A▀                       ъ Ч Р З Ь Д Ш Ч Д Щ Э Ул╙▒ `| o  C~·G;@²Е}╛Bр°┤           ·G  _х  A▀                       ъ Ч Р З Ь Д Ш Ч Д Щ Э Ул╙▒ `| o  C~·G;@²Е}╛Bр°┤           ·G  _х  A▀                       ъ Ч Р З Ь Д Ш Ч Д Щ Э Ул╙▒ `| o  C~·G;@²Е}╛Bр°┤           ·G  _х  A▀                       ъ Ч Р З Ь Д Ш Ч Д Щ Э Ул╙▒ `| o  C~·G;@²Е}╛Bр°┤           ·G  _х  A▀                       ъ Ч Р З Ь Д Ш Ч Д Щ Э Ул╙▒ `| o  C~·G;@²Е}╛Bр°┤           ·G  _х  A▀                       ъ Ч Р З Ь Д Ш Ч Д Щ Э Ул╙▒ `| o  C~·G;@²Е}╛Bр°┤           ·G  _х  A▀                       ъ Ч Р З Ь Д Ш Ч Д Щ Э Ул╙▒ `| o  C~·G;@²Е}╛Bр°┤           ·G  _х  A▀                       ъ Ч Р З Ь Д Ш Ч Д Щ Э Ул╙▒ `| o  C~·G;@²Е}╛Bр°┤           ·G  _х  A▀                       ъ Ч Р З Ь Д Ш Ч Д Щ Э Ул╙▒ `| o  C~·G;@²Е}╛Bр°┤           ·G  _х  A▀                       ъ Ч Р З Ь Д Ш Ч Д Щ Э Ул╙▒ `| o  C~·G;@²Е}╛Bр°┤           ·G  _х  A▀                       ъ Ч Р З Ь Д Ш Ч Д Щ Э Ул╙▒ `| o  C~·G;@²Е}╛Bр°┤           ·G  _х  A▀                       ъ Ч Р З Ь Д Ш Ч Д Щ Э Ул╙▒ `| o  C~·G;@²Е}╛Bр°┤           ·G  _х  A▀                       ъ Ч Р З Ь Д Ш Ч Д Щ Э Ул╙▒ `| o  C~·G;@²Е}╛Bр°┤           ·G  _х  A▀                       ъ Ч Р З Ь Д Ш Ч Д Щ Э Ул╙▒ `| o  C~·G;@²Е}╛Bр°┤           ·G  _х  A▀                       ъ Ч Р З Ь Д Ш Ч Д Щ Э Ул╙▒ `| o  C~·G;@²Е}╛Bр°┤           ·G  _х  A▀                       ъ Ч Р З Ь Д Ш Ч Д Щ Э Ул╙▒ `| o  C~·G;@²Е}╛Bр°┤           ·G  _х  A▀                       ъ Ч Р З Ь Д Ш Ч Д Щ Э Ул╙▒ `| o  C~·G;@²Е}╛Bр°┤           ·G  _х  A▀                       ъ Ч Р З Ь Д Ш Ч Д Щ Э Ул╙▒ `| o  C~·G;@²Е}╛Bр°┤           ·G  _х  A▀                       ъ Ч Р З Ь Д Ш Ч Д Щ Э Ул╙▒ `| o  C~·G;@²Е}╛Bр°┤           ·G  _х  A▀                       ъ Ч Р З Ь Д Ш Ч Д Щ Э Ул╙▒ `| o  C~·G;@²Е}╛Bр°┤           ·G  _х  A▀                       ъ Ч Р З Ь Д Ш Ч Д Щ Э Ул╙▒ `| o  C~·G;@²Е}╛Bр°┤           ·G  _х  A▀                       ъ Ч Р З Ь Д Ш Ч Д Щ Э Ул╙▒ `| o  C~·G;@²Е}╛Bр°┤           ·G  _х  A▀                       ъ Ч Р З Ь Д Ш Ч Д Щ Э Ул╙▒ `| o  C~·G;@²Е}╛Bр°┤           ·G  _х  A▀                       ъ Ч Р З Ь Д Ш Ч Д Щ Э Ул╙▒ `| o  C~·G;@²Е}╛Bр°┤           ·G  _х  A▀                       ъ Ч Р З Ь Д Ш Ч Д Щ Э Ул╙▒ `| o  C~·G;@²Е}╛Bр°┤           ·G  _х  A▀                       ъ Ч Р З Ь Д Ш Ч Д Щ Э Ул╙▒ `| o  C~·G;@²Е}╛Bр°┤           ·G  _х  A▀                       ъ Ч Р З Ь Д Ш Ч Д Щ Э Ул╙▒ `| o  C~·G;@²Е}╛Bр°┤           ·G  _х  A▀                       ъ Ч Р З Ь Д Ш Ч Д Щ Э Ул╙▒ `| o  C~·G;@²Е}╛Bр°┤           ·G  _х  A▀                       ъ Ч Р З Ь Д Ш Ч Д Щ Э Ул╙▒ `| o  C~·G;@²Е}╛Bр°┤           ·G  _х  A▀                       ъ Ч Р З Ь Д Ш Ч Д Щ Э Ул╙▒ `| o  C~·G;@²Е}╛Bр°┤           ·G  _х  A▀                       ъ Ч Р З Ь Д Ш Ч Д Щ Э Ул╙▒ `| o  C~·G;@²Е}╛Bр°┤           ·G  _х  A▀                       ъ Ч Р З Ь Д Ш Ч Д Щ Э Ул╙▒ `| o  C~·G;@²Е}╛Bр°┤           ·G  _х  A▀                       ъ Ч Р З Ь Д Ш Ч Д Щ Э Ул╙▒ `| o  C~·G;@²Е}╛Bр°┤           ·G  _х  A▀                       ъ Ч Р З Ь Д Ш Ч Д Щ Э Ул╙▒ `| o  C~·G;@²Е}╛Bр°┤           ·G  _х  A▀                       ъ Ч Р З Ь Д Ш Ч Д Щ Э Ул╙▒ `| o  C~·G;@²Е}╛Bр°┤           ·G  _х  A▀                       ъ Ч Р З Ь Д Ш Ч Д Щ Э Ул╙▒ `| o  C~·G;@²Е}╛Bр°┤           ·G  _х  A▀                       ъ Ч Р З Ь Д Ш Ч Д Щ Э Ул╙▒ `| o  C~·G;@²Е}╛Bр°┤           ·G  _х  A▀                       ъ Ч Р З Ь Д Ш Ч Д Щ Э Ул╙▒ `| o  C~·G;@²Е}╛Bр°┤           ·G  _х  A▀                       ъ Ч Р З Ь Д Ш Ч Д Щ Э Ул╙▒ `|╥}Л  Ca²';:²p~=Ca÷'д          ²'  _х  A                       
 Ж Ъ Щ И Я Щ Ы Ъ Ъ Ш Ъ ШЧл╙▒ `|╥}Л  Ca²';:²p~=Ca÷'д          ²'  _х  A                       
 Ж Ъ Щ И Я Щ Ы Ъ Ъ Ш Ъ ШЧл╙▒ `|╥}Л  Ca²';:²p~=Ca÷'д          ²'  _х  A                       
 Ж Ъ Щ И Я Щ Ы Ъ Ъ Ш Ъ ШЧл╙▒ `|╥}Л  Ca²';:²p~=Ca÷'д          ²'  _х  A                       
 Ж Ъ Щ И Я Щ Ы Ъ Ъ Ш Ъ ШЧл╙▒ `|╥}Л  Ca²';:²p~=Ca÷'д          ²'  _х  A                       
 Ж Ъ Щ И Я Щ Ы Ъ Ъ Ш Ъ ШЧл╙▒ `|╥}Л  Ca²';:²p~=Ca÷'д          ²'  _х  A                       
 Ж Ъ Щ И Я Щ Ы Ъ Ъ Ш Ъ ШЧл╙▒ `|╥}Л  Ca²';:²p~=Ca÷'д          ²'  _х  A                       
 Ж Ъ Щ И Я Щ Ы Ъ Ъ Ш Ъ ШЧл╙▒ `|╥}Л  Ca²';:²p~=Ca÷'д          ²'  _х  A                       
 Ж Ъ Щ И Я Щ Ы Ъ Ъ Ш Ъ ШЧл╙▒ `|╥}Л  Ca²';:²p~=Ca÷'д          ²'  _х  A                       
 Ж Ъ Щ И Я Щ Ы Ъ Ъ Ш Ъ ШЧл╙▒ `|╥}Л  Ca²';:²p~=Ca÷'д          ²'  _х  A                       
 Ж Ъ Щ И Я Щ Ы Ъ Ъ Ш Ъ ШЧл╙▒ `|╥}Л  Ca²';:²p~=Ca÷'д          ²'  _х  A                       
 Ж Ъ Щ И Я Щ Ы Ъ Ъ Ш Ъ ШЧл╙▒ `|╥}Л  Ca²';:²p~=Ca÷'д          ²'  _х  A                       
 Ж Ъ Щ И Я Щ Ы Ъ Ъ Ш Ъ ШЧл╙▒ `|╥}Л  Ca²';:²p~=Ca÷'д          ²'  _х  A                       
 Ж Ъ Щ И Я Щ Ы Ъ Ъ Ш Ъ ШЧл╙▒ `|╥}Л  Ca²';:²p~=Ca÷'д          ²'  _х  A                       
 Ж Ъ Щ И Я Щ Ы Ъ Ъ Ш Ъ ШЧл╙▒ `|╥}Л  Ca²';:²p~=Ca÷'д          ²'  _х  A                       
 Ж Ъ Щ И Я Щ Ы Ъ Ъ Ш Ъ ШЧл╙▒ `|╥}Л  Ca²';:²p~=Ca÷'д          ²'  _х  A                       
 Ж Ъ Щ И Я Щ Ы Ъ Ъ Ш Ъ ШЧл╙▒ `|╥}Л  Ca²';:²p~=Ca÷'д          ²'  _х  A                       
 Ж Ъ Щ И Я Щ Ы Ъ Ъ Ш Ъ ШЧл╙▒ `|╥}Л  Ca²';:²p~=Ca÷'д          ²'  _х  A                       
 Ж Ъ Щ И Я Щ Ы Ъ Ъ Ш Ъ ШЧл╙▒ `|╥}Л  Ca²';:²p~=Ca÷'д          ²'  _х  A                       
 Ж Ъ Щ И Я Щ Ы Ъ Ъ Ш Ъ ШЧл╙▒ `|╥}Л  Ca²';:²p~=Ca÷'д          ²'  _х  A                       
 Ж Ъ Щ И Я Щ Ы Ъ Ъ Ш Ъ ШЧл╙▒ `|╥}Л  Ca²';:²p~=Ca÷'д          ²'  _х  A                       
 Ж Ъ Щ И Я Щ Ы Ъ Ъ Ш Ъ ШЧл╙▒ `|╥}Л  Ca²';:²p~=Ca÷'д          ²'  _х  A                       
 Ж Ъ Щ И Я Щ Ы Ъ Ъ Ш Ъ ШЧл╙▒ `|╥}Л  Ca²';:²p~=Ca÷'д          ²'  _х  A                       
 Ж Ъ Щ И Я Щ Ы Ъ Ъ Ш Ъ ШЧл╙▒ `|╥}Л  Ca²';:²p~=Ca÷'д          ²'  _х  A                       
 Ж Ъ Щ И Я Щ Ы Ъ Ъ Ш Ъ ШЧл╙▒ `|╥}Л  Ca²';:²p~=Ca÷'д          ²'  _х  A                       
 Ж Ъ Щ И Я Щ Ы Ъ Ъ Ш Ъ ШЧл╙▒ `|╥}Л  Ca²';:²p~=Ca÷'д          ²'  _х  A                       
 Ж Ъ Щ И Я Щ Ы Ъ Ъ Ш Ъ ШЧл╙▒ `|╥}Л  Ca²';:²p~=Ca÷'д          ²'  _х  A                       
 Ж Ъ Щ И Я Щ Ы Ъ Ъ Ш Ъ ШЧл╙▒ `|╥}Л  Ca²';:²p~=Ca÷'д          ²'  _х  A                       
 Ж Ъ Щ И Я Щ Ы Ъ Ъ Ш Ъ ШЧл╙▒ `|╥}Л  Ca²';:²p~=Ca÷'д          ²'  _х  A                       
 Ж Ъ Щ И Я Щ Ы Ъ Ъ Ш Ъ ШЧл╙▒ `|╥}Л  Ca²';:²p~=Ca÷'д          ²'  _х  A                       
 Ж Ъ Щ И Я Щ Ы Ъ Ъ Ш Ъ ШЧл╙▒ `|╥}Л  Ca²';:²p~=Ca÷'д          ²'  _х  A                       
 Ж Ъ Щ И Я Щ Ы Ъ Ъ Ш Ъ ШЧл╙▒ `|╥}Л  Ca²';:²p~=Ca÷'д          ²'  _х  A                       
 Ж Ъ Щ И Я Щ Ы Ъ Ъ Ш Ъ ШЧл╙▒ `|╥}Л  Ca²';:²p~=Ca÷'д          ²'  _х  A                       
 Ж Ъ Щ И Я Щ Ы Ъ Ъ Ш Ъ ШЧл╙▒ `|╥}Л  Ca²';:²p~=Ca÷'д          ²'  _х  A                       
 Ж Ъ Щ И Я Щ Ы Ъ Ъ Ш Ъ ШЧл╙▒ `|╥}Л  Ca²';:²p~=Ca÷'д          ²'  _х  A                       
 Ж Ъ Щ И Я Щ Ы Ъ Ъ Ш Ъ ШЧл╙▒ `|╥}Л  Ca²';:²p~=Ca÷'д          ²'  _х  A                       
 Ж Ъ Щ И Я Щ Ы Ъ Ъ Ш Ъ ШЧл╙▒ `|╥}Л  Ca²';:²p~=Ca÷'д          ²'  _х  A                       
 Ж Ъ Щ И Я Щ Ы Ъ Ъ Ш Ъ ШЧл╙▒ `|╥}Л  Ca²';:²p~=Ca÷'д          ²'  _х  A                       
 Ж Ъ Щ И Я Щ Ы Ъ Ъ Ш Ъ ШЧл╙▒ `|╥}Л  Ca²';:²p~=Ca÷'д          ²'  _х  A                       
 Ж Ъ Щ И Я Щ Ы Ъ Ъ Ш Ъ ШЧл╙▒ `|╥}Л  Ca²';:²p~=Ca÷'д          ²'  _х  A                       
 Ж Ъ Щ И Я Щ Ы Ъ Ъ Ш Ъ ШЧл╙▒ `|╥}Л  Ca²';:²p~=Ca÷'д          ²'  _х  A                       
 Ж Ъ Щ И Я Щ Ы Ъ Ъ Ш Ъ ШЧл╙▒ `|╥}Л  Ca²';:²p~=Ca÷'д          ²'  _х  A                       
 Ж Ъ Щ И Я Щ Ы Ъ Ъ Ш Ъ ШЧл╙▒ `|╥}Л  Ca²';:²p~=Ca÷'д          ²'  _х  A                       
 Ж Ъ Щ И Я Щ Ы Ъ Ъ Ш Ъ ШЧл╙▒ `|╥}Л  Ca²';:²p~=Ca÷'д          ²'  _х  A                       
 Ж Ъ Щ И Я Щ Ы Ъ Ъ Ш Ъ ШЧл╙▒ `|╥}Л  Ca²';:²p~=Ca÷'д          ²'  _х  A                       
 Ж Ъ Щ И Я Щ Ы Ъ Ъ Ш Ъ ШЧл╙▒ `|╥}Л  Ca²';:²p~=Ca÷'д          ²'  _х  A                       
 Ж Ъ Щ И Я Щ Ы Ъ Ъ Ш Ъ ШЧл╙▒ `|╥}Л  Ca²';:²p~=Ca÷'д          ²'  _х  A                       
 Ж Ъ Щ И Я Щ Ы Ъ Ъ Ш Ъ ШЧл╙▒ `|╥}Л  Ca²';:²p~=Ca÷'д          ²'  _х  A                       
 Ж Ъ Щ И Я Щ Ы Ъ Ъ Ш Ъ ШЧл╙▒ `|╥}Л  Ca²';:²p~=Ca÷'д          ²'  _х  A                       
 Ж Ъ Щ И Я Щ Ы Ъ Ъ Ш Ъ ШЧл╙▒ `|╥}Л  Ca²';:²p~=Ca÷'д          ²'  _х  A                       
 Ж Ъ Щ И Я Щ Ы Ъ Ъ Ш Ъ ШЧл╙▒ `||~с  C(║(;1°Ш}█B╤²'╞          ║(  _х  A{                       Х Ш Щ	 Э В И Щ Ы М Э НNл╙▒ `||~с  C(║(;1°Ш}█B╤²'╞          ║(  _х  A{                       Х Ш Щ	 Э В И Щ Ы М Э НNл╙▒ `||~с  C(║(;1°Ш}█B╤²'╞          ║(  _х  A{                       Х Ш Щ	 Э В И Щ Ы М Э НNл╙▒ `||~с  C(║(;1°Ш}█B╤²'╞          ║(  _х  A{                       Х Ш Щ	 Э В И Щ Ы М Э НNл╙▒ `||~с  C(║(;1°Ш}█B╤²'╞          ║(  _х  A{                       Х Ш Щ	 Э В И Щ Ы М Э НNл╙▒ `||~с  C(║(;1°Ш}█B╤²'╞          ║(  _х  A{                       Х Ш Щ	 Э В И Щ Ы М Э НNл╙▒ `||~с  C(║(;1°Ш}█B╤²'╞          ║(  _х  A{                       Х Ш Щ	 Э В И Щ Ы М Э НNл╙▒ `||~с  C(║(;1°Ш}█B╤²'╞          ║(  _х  A{                       Х Ш Щ	 Э В И Щ Ы М Э НNл╙▒ `||~с  C(║(;1°Ш}█B╤²'╞          ║(  _х  A{                       Х Ш Щ	 Э В И Щ Ы М Э НNл╙▒ `||~с  C(║(;1°Ш}█B╤²'╞          ║(  _х  A{                       Х Ш Щ	 Э В И Щ Ы М Э НNл╙▒ `||~с  C(║(;1°Ш}█B╤²'╞          ║(  _х  A{                       Х Ш Щ	 Э В И Щ Ы М Э НNл╙▒ `||~с  C(║(;1°Ш}█B╤²'╞          ║(  _х  A{                       Х Ш Щ	 Э В И Щ Ы М Э НNл╙▒ `||~с  C(║(;1°Ш}█B╤²'╞          ║(  _х  A{                       Х Ш Щ	 Э В И Щ Ы М Э НNл╙▒ `||~с  C(║(;1°Ш}█B╤²'╞          ║(  _х  A{                       Х Ш Щ	 Э В И Щ Ы М Э НNл╙▒ `||~с  C(║(;1°Ш}█B╤²'╞          ║(  _х  A{                       Х Ш Щ	 Э В И Щ Ы М Э НNл╙▒ `||~с  C(║(;1°Ш}█B╤²'╞          ║(  _х  A{                       Х Ш Щ	 Э В И Щ Ы М Э НNл╙▒ `||~с  C(║(;1°Ш}█B╤²'╞          ║(  _х  A{                       Х Ш Щ	 Э В И Щ Ы М Э НNл╙▒ `||~с  C(║(;1°Ш}█B╤²'╞          ║(  _х  A{                       Х Ш Щ	 Э В И Щ Ы М Э НNл╙▒ `||~с  C(║(;1°Ш}█B╤²'╞          ║(  _х  A{                       Х Ш Щ	 Э В И Щ Ы М Э НNл╙▒ `||~с  C(║(;1°Ш}█B╤²'╞          ║(  _х  A{                       Х Ш Щ	 Э В И Щ Ы М Э НNл╙▒ `||~с  C(║(;1°Ш}█B╤²'╞          ║(  _х  A{                       Х Ш Щ	 Э В И Щ Ы М Э НNл╙▒ `||~с  C(║(;1°Ш}█B╤²'╞          ║(  _х  A{                       Х Ш Щ	 Э В И Щ Ы М Э НNл╙▒ `||~с  C(║(;1°Ш}█B╤²'╞          ║(  _х  A{                       Х Ш Щ	 Э В И Щ Ы М Э НNл╙▒ `||~с  C(║(;1°Ш}█B╤²'╞          ║(  _х  A{                       Х Ш Щ	 Э В И Щ Ы М Э НNл╙▒ `||~с  C(║(;1°Ш}█B╤²'╞          ║(  _х  A{                       Х Ш Щ	 Э В И Щ Ы М Э НN╙╙▒ `||~с  C(║(;1°Ш}█B╤²'╞          ║(  _х  A{                       Х Ш Щ	 Э В И Щ Ы М Э НNл╙▒ `||~с  C(║(;1°Ш}█B╤²'╞          ║(  _х  A{                       Х Ш Щ	 Э В И Щ Ы М Э НNл╙▒ `||~с  C(║(;1°Ш}█B╤²'╞          ║(  _х  A{                       Х Ш Щ	 Э В И Щ Ы М Э НNл╙▒ `||~с  C(║(;1°Ш}█B╤²'╞          ║(  _х  A{                       Х Ш Щ	 Э В И Щ Ы М Э НNл╙▒ `||~с  C(║(;1°Ш}█B╤²'╞          ║(  _х  A{                       Х Ш Щ	 Э В И Щ Ы М Э НNл╙▒ `||~с  C(║(;1°Ш}█B╤²'╞          ║(  _х  A{                       Х Ш Щ	 Э В И Щ Ы М Э НN╙╙▒ `||~с  C(║(;1°Ш}█B╤²'╞          ║(  _х  A{                       Х Ш Щ	 Э В И Щ Ы М Э НNл╙▒ `||~с  C(║(;1°Ш}█B╤²'╞          ║(  _х  A{                       Х Ш Щ	 Э В И Щ Ы М Э НNл╙▒ `||~с  C(║(;1°Ш}█B╤²'╞          ║(  _х  A{                       Х Ш Щ	 Э В И Щ Ы М Э НNл╙▒ `||~с  C(║(;1°Ш}█B╤²'╞          ║(  _х  A{                       Х Ш Щ	 Э В И Щ Ы М Э НNл╙▒ `||~с  C(║(;1°Ш}█B╤²'╞          ║(  _х  A{                       Х Ш Щ	 Э В И Щ Ы М Э НNл╙▒ `||~с  C(║(;1°Ш}█B╤²'╞          ║(  _х  A{                       Х Ш Щ	 Э В И Щ Ы М Э НNл╙▒ `||~с  C(║(;1°Ш}█B╤²'╞          ║(  _х  A{                       Х Ш Щ	 Э В И Щ Ы М Э НNл╙▒ `||~с  C(║(;1°Ш}█B╤²'╞          ║(  _х  A{                       Х Ш Щ	 Э В И Щ Ы М Э НNл╙▒ `||~с  C(║(;1°Ш}█B╤²'╞          ║(  _х  A{                       Х Ш Щ	 Э В И Щ Ы М Э НNл╙▒ `||~с  C(║(;1°Ш}█B╤²'╞          ║(  _х  A{                       Х Ш Щ	 Э В И Щ Ы М Э НNл╙▒ `||~с  C(║(;1°Ш}█B╤²'╞          ║(  _х  A{                       Х Ш Щ	 Э В И Щ Ы М Э НNл╙▒ `||~с  C(║(;1°Ш}█B╤²'╞          ║(  _х  A{                       Х Ш Щ	 Э В И Щ Ы М Э НNл╙▒ `||~с  C(║(;1°Ш}█B╤²'╞          ║(  _х  A{                       Х Ш Щ	 Э В И Щ Ы М Э НNл╙▒ `||~с  C(║(;1°Ш}█B╤²'╞          ║(  _х  A{                       Х Ш Щ	 Э В И Щ Ы М Э НNл╙▒ `||~с  C(║(;1°Ш}█B╤²'╞          ║(  _х  A{                       Х Ш Щ	 Э В И Щ Ы М Э НNл╙▒ `||~с  C(║(;1°Ш}█B╤²'╞          ║(  _х  A{                       Х Ш Щ	 Э В И Щ Ы М Э НNл╙▒ `||~с  C(║(;1°Ш}█B╤²'╞          ║(  _х  A{                       Х Ш Щ	 Э В И Щ Ы М Э НNл╙▒ `||~с  C(║(;1°Ш}█B╤²'╞          ║(  _х  A{                       Х Ш Щ	 Э В И Щ Ы М Э НNл╙▒ `|С}╛  C~ ├;°├~nAz·ё           ├  _х  A╨                       З П Ч Ы т Ы Н Л П Ю Ж ч Ь У Юл╙▒ `|С}╛  C~ ├;°├~nAz·ё           ├  _х  A╨                       З П Ч Ы т Ы Н Л П Ю Ж ч Ь У Юл╙▒ `|С}╛  C~ ├;°├~nAz·ё           ├  _х  A╨                       З П Ч Ы т Ы Н Л П Ю Ж ч Ь У Юл╙▒ `|С}╛  C~ ├;°├~nAz·ё           ├  _х  A╨                       З П Ч Ы т Ы Н Л П Ю Ж ч Ь У Юл╙▒ `|С}╛  C~ ├;°├~nAz·ё           ├  _х  A╨                       З П Ч Ы т Ы Н Л П Ю Ж ч Ь У Юл╙▒ `|С}╛  C~ ├;°├~nAz·ё           ├  _х  A╨                       З П Ч Ы т Ы Н Л П Ю Ж ч Ь У Юл╙▒ `|С}╛  C~ ├;°├~nAz·ё           ├  _х  A╨                       З П Ч Ы т Ы Н Л П Ю Ж ч Ь У Юл╙▒ `|С}╛  C~ ├;°├~nAz·ё           ├  _х  A╨                       З П Ч Ы т Ы Н Л П Ю Ж ч Ь У Юл╙▒ `|С}╛  C~ ├;°├~nAz·ё           ├  _х  A╨                       З П Ч Ы т Ы Н Л П Ю Ж ч Ь У Юл╙▒ `|С}╛  C~ ├;°├~nAz·ё           ├  _х  A╨                       З П Ч Ы т Ы Н Л П Ю Ж ч Ь У Юл╙▒ `|С}╛  C~ ├;°├~nAz·ё           ├  _х  A╨                       З П Ч Ы т Ы Н Л П Ю Ж ч Ь У Юл╙▒ `|С}╛  C~ ├;°├~nAz·ё           ├  _х  A╨                       З П Ч Ы т Ы Н Л П Ю Ж ч Ь У Юл╙▒ `|С}╛  C~ ├;°├~nAz·ё           ├  _х  A╨                       З П Ч Ы т Ы Н Л П Ю Ж ч Ь У Юл╙▒ `|С}╛  C~ ├;°├~nAz·ё           ├  _х  A╨                       З П Ч Ы т Ы Н Л П Ю Ж ч Ь У Юл╙▒ `|С}╛  C~ ├;°├~nAz·ё           ├  _х  A╨                       З П Ч Ы т Ы Н Л П Ю Ж ч Ь У Юл╙▒ `|С}╛  C~ ├;°├~nAz·ё           ├  _х  A╨                       З П Ч Ы т Ы Н Л П Ю Ж ч Ь У Юл╙▒ `|С}╛  C~ ├;°├~nAz·ё           ├  _х  A╨                       З П Ч Ы т Ы Н Л П Ю Ж ч Ь У Юл╙▒ `|С}╛  C~ ├;°├~nAz·ё           ├  _х  A╨                       З П Ч Ы т Ы Н Л П Ю Ж ч Ь У Юл╙▒ `|С}╛  C~ ├;°├~nAz·ё           ├  _х  A╨                       З П Ч Ы т Ы Н Л П Ю Ж ч Ь У Юл╙▒ `|С}╛  C~ ├;°├~nAz·ё           ├  _х  A╨                       З П Ч Ы т Ы Н Л П Ю Ж ч Ь У Юл╙▒ `|С}╛  C~ ├;°├~nAz·ё           ├  _х  A╨                       З П Ч Ы т Ы Н Л П Ю Ж ч Ь У Юл╙▒ `|С}╛  C~ ├;°├~nAz·ё           ├  _х  A╨                       З П Ч Ы т Ы Н Л П Ю Ж ч Ь У Юл╙▒ `|С}╛  C~ ├;°├~nAz·ё           ├  _х  A╨                       З П Ч Ы т Ы Н Л П Ю Ж ч Ь У Юл╙▒ `|С}╛  C~ ├;°├~nAz·ё           ├  _х  A╨                       З П Ч Ы т Ы Н Л П Ю Ж ч Ь У Юл╙▒ `|С}╛  C~ ├;°├~nAz·ё           ├  _х  A╨                       З П Ч Ы т Ы Н Л П Ю Ж ч Ь У Юл╙▒ `|С}╛  C~ ├;°├~nAz·ё           ├  _х  A╨                       З П Ч Ы т Ы Н Л П Ю Ж ч Ь У Юл╙▒ `|С}╛  C~ ├;°├~nAz·ё           ├  _х  A╨                       З П Ч Ы т Ы Н Л П Ю Ж ч Ь У Юл╙▒ `|С}╛  C~ ├;°├~nAz·ё           ├  _х  A╨                       З П Ч Ы т Ы Н Л П Ю Ж ч Ь У Юл╙▒ `|С}╛  C~ ├;°├~nAz·ё           ├  _х  A╨                       З П Ч Ы т Ы Н Л П Ю Ж ч Ь У Юл╙▒ `|С}╛  C~ ├;°├~nAz·ё           ├  _х  A╨                       З П Ч Ы т Ы Н Л П Ю Ж ч Ь У Юл╙▒ `|С}╛  C~ ├;°├~nAz·ё           ├  _х  A╨                       З П Ч Ы т Ы Н Л П Ю Ж ч Ь У Юл╙▒ `|С}╛  C~ ├;°├~nAz·ё           ├  _х  A╨                       З П Ч Ы т Ы Н Л П Ю Ж ч Ь У Юл╙▒ `|С}╛  C~ ├;°├~nAz·ё           ├  _х  A╨                       З П Ч Ы т Ы Н Л П Ю Ж ч Ь У Юл╙▒ `|С}╛  C~ ├;°├~nAz·ё           ├  _х  A╨                       З П Ч Ы т Ы Н Л П Ю Ж ч Ь У Юл╙▒ `|С}╛  C~ ├;°├~nAz·ё           ├  _х  A╨                       З П Ч Ы т Ы Н Л П Ю Ж ч Ь У Юл╙▒ `|С}╛  C~ ├;°├~nAz·ё           ├  _х  A╨                       З П Ч Ы т Ы Н Л П Ю Ж ч Ь У Юл╙▒ `|С}╛  C~ ├;°├~nAz·ё           ├  _х  A╨                       З П Ч Ы т Ы Н Л П Ю Ж ч Ь У Юл╙▒ `|С}╛  C~ ├;°├~nAz·ё           ├  _х  A╨                       З П Ч Ы т Ы Н Л П Ю Ж ч Ь У Юл╙▒ `|С}╛  C~ ├;°├~nAz·ё           ├  _х  A╨                       З П Ч Ы т Ы Н Л П Ю Ж ч Ь У Юл╙▒ `|С}╛  C~ ├;°├~nAz·ё           ├  _х  A╨                       З П Ч Ы т Ы Н Л П Ю Ж ч Ь У Юл╙▒ `|С}╛  C~ ├;°├~nAz·ё           ├  _х  A╨                       З П Ч Ы т Ы Н Л П Ю Ж ч Ь У Юл╙▒ `|С}╛  C~ ├;°├~nAz·ё           ├  _х  A╨                       З П Ч Ы т Ы Н Л П Ю Ж ч Ь У Юл╙▒ `|С}╛  C~ ├;°├~nAz·ё           ├  _х  A╨                       З П Ч Ы т Ы Н Л П Ю Ж ч Ь У Юл╙▒ `|С}╛  C~ ├;°├~nAz·ё           ├  _х  A╨                       З П Ч Ы т Ы Н Л П Ю Ж ч Ь У Юл╙▒ `|С}╛  C~ ├;°├~nAz·ё           ├  _х  A╨                       З П Ч Ы т Ы Н Л П Ю Ж ч Ь У Юл╙▒ `|С}╛  C~ ├;°├~nAz·ё           ├  _х  A╨                       З П Ч Ы т Ы Н Л П Ю Ж ч Ь У Юл╙▒ `|С}╛  C~ ├;°├~nAz·ё           ├  _х  A╨                       З П Ч Ы т Ы Н Л П Ю Ж ч Ь У Юл╙▒ `|С}╛  C~ ├;°├~nAz·ё           ├  _х  A╨                       З П Ч Ы т Ы Н Л П Ю Ж ч Ь У Юл╙▒ `|С}╛  C~ ├;°├~nAz·ё           ├  _х  A╨                       З П Ч Ы т Ы Н Л П Ю Ж ч Ь У Юл╙▒ `│	}╛  C(═:э°Ш}╩3Aп·G8          ═  _х  CЮ                       и З О Ш Щ  Д Ь О Р Я З Э Т Т Тл╙▒ `│	}╛  C(═:э°Ш}╩3Aп·G8          ═  _х  CЮ                       и З О Ш Щ  Д Ь О Р Я З Э Т Т Тл╙▒ `│	}╛  C(═:э°Ш}╩3Aп·G8          ═  _х  CЮ                       и З О Ш Щ  Д Ь О Р Я З Э Т Т Тл╙▒ `│	}╛  C(═:э°Ш}╩3Aп·G8          ═  _х  CЮ                       и З О Ш Щ  Д Ь О Р Я З Э Т Т Тл╙▒ `│	}╛  C(═:э°Ш}╩3Aп·G8          ═  _х  CЮ                       и З О Ш Щ  Д Ь О Р Я З Э Т Т Тл╙▒ `│	}╛  C(═:э°Ш}╩3Aп·G8          ═  _х  CЮ                       и З О Ш Щ  Д Ь О Р Я З Э Т Т Тл╙▒ `│	}╛  C(═:э°Ш}╩3Aп·G8          ═  _х  CЮ                       и З О Ш Щ  Д Ь О Р Я З Э Т Т Тл╙▒ `│	}╛  C(═:э°Ш}╩3Aп·G8          ═  _х  CЮ                       и З О Ш Щ  Д Ь О Р Я З Э Т Т Тл╙▒ `│	}╛  C(═:э°Ш}╩3Aп·G8          ═  _х  CЮ                       и З О Ш Щ  Д Ь О Р Я З Э Т Т Тл╙▒ `│	}╛  C(═:э°Ш}╩3Aп·G8          ═  _х  CЮ                       и З О Ш Щ  Д Ь О Р Я З Э Т Т Тл╙▒ `│	}╛  C(═:э°Ш}╩3Aп·G8          ═  _х  CЮ                       и З О Ш Щ  Д Ь О Р Я З Э Т Т Тл╙▒ `│	}╛  C(═:э°Ш}╩3Aп·G8          ═  _х  CЮ                       и З О Ш Щ  Д Ь О Р Я З Э Т Т Тл╙▒ `│	}╛  C(═:э°Ш}╩3Aп·G8          ═  _х  CЮ                       и З О Ш Щ  Д Ь О Р Я З Э Т Т Тл╙▒ `│	}╛  C(═:э°Ш}╩3Aп·G8          ═  _х  CЮ                       и З О Ш Щ  Д Ь О Р Я З Э Т Т Тл╙▒ `│	}╛  C(═:э°Ш}╩3Aп·G8          ═  _х  CЮ                       и З О Ш Щ  Д Ь О Р Я З Э Т Т Тл╙▒ `│	}╛  C(═:э°Ш}╩3Aп·G8          ═  _х  CЮ                       и З О Ш Щ  Д Ь О Р Я З Э Т Т Тл╙▒ `│	}╛  C(═:э°Ш}╩3Aп·G8          ═  _х  CЮ                       и З О Ш Щ  Д Ь О Р Я З Э Т Т Тл╙▒ `│	}╛  C(═:э°Ш}╩3Aп·G8          ═  _х  CЮ                       и З О Ш Щ  Д Ь О Р Я З Э Т Т Тл╙▒ `│	}╛  C(═:э°Ш}╩3Aп·G8          ═  _х  CЮ                       и З О Ш Щ  Д Ь О Р Я З Э Т Т Тл╙▒ `│	}╛  C(═:э°Ш}╩3Aп·G8          ═  _х  CЮ                       и З О Ш Щ  Д Ь О Р Я З Э Т Т Тл╙▒ `│	}╛  C(═:э°Ш}╩3Aп·G8          ═  _х  CЮ                       и З О Ш Щ  Д Ь О Р Я З Э Т Т Тл╙▒ `│	}╛  C(═:э°Ш}╩3Aп·G8          ═  _х  CЮ                       и З О Ш Щ  Д Ь О Р Я З Э Т Т Тл╙▒ `│	}╛  C(═:э°Ш}╩3Aп·G8          ═  _х  CЮ                       и З О Ш Щ  Д Ь О Р Я З Э Т Т Тл╙▒ `│	}╛  C(═:э°Ш}╩3Aп·G8          ═  _х  CЮ                       и З О Ш Щ  Д Ь О Р Я З Э Т Т Тл╙▒ `│	}╛  C(═:э°Ш}╩3Aп·G8          ═  _х  CЮ                       и З О Ш Щ  Д Ь О Р Я З Э Т Т Тл╙▒ `│	}╛  C(═:э°Ш}╩3Aп·G8          ═  _х  CЮ                       и З О Ш Щ  Д Ь О Р Я З Э Т Т Тл╙▒ `│	}╛  C(═:э°Ш}╩3Aп·G8          ═  _х  CЮ                       и З О Ш Щ  Д Ь О Р Я З Э Т Т Тл╙▒ `│	}╛  C(═:э°Ш}╩3Aп·G8          ═  _х  CЮ                       и З О Ш Щ  Д Ь О Р Я З Э Т Т Тл╙▒ `│	}╛  C(═:э°Ш}╩3Aп·G8          ═  _х  CЮ                       и З О Ш Щ  Д Ь О Р Я З Э Т Т Тл╙▒ `│	}╛  C(═:э°Ш}╩3Aп·G8          ═  _х  CЮ                       и З О Ш Щ  Д Ь О Р Я З Э Т Т Тл╙▒ `│	}╛  C(═:э°Ш}╩3Aп·G8          ═  _х  CЮ                       и З О Ш Щ  Д Ь О Р Я З Э Т Т Тл╙▒ `│	}╛  C(═:э°Ш}╩3Aп·G8          ═  _х  CЮ                       и З О Ш Щ  Д Ь О Р Я З Э Т Т Тл╙▒ `│	}╛  C(═:э°Ш}╩3Aп·G8          ═  _х  CЮ                       и З О Ш Щ  Д Ь О Р Я З Э Т Т Тл╙▒ `│	}╛  C(═:э°Ш}╩3Aп·G8          ═  _х  CЮ                       и З О Ш Щ  Д Ь О Р Я З Э Т Т Тл╙▒ `│	}╛  C(═:э°Ш}╩3Aп·G8          ═  _х  CЮ                       и З О Ш Щ  Д Ь О Р Я З Э Т Т Тл╙▒ `│	}╛  C(═:э°Ш}╩3Aп·G8          ═  _х  CЮ                       и З О Ш Щ  Д Ь О Р Я З Э Т Т Тл╙▒ `│	}╛  C(═:э°Ш}╩3Aп·G8          ═  _х  CЮ                       и З О Ш Щ  Д Ь О Р Я З Э Т Т Тл╙▒ `│	}╛  C(═:э°Ш}╩3Aп·G8          ═  _х  CЮ                       и З О Ш Щ  Д Ь О Р Я З Э Т Т Тл╙▒ `│	}╛  C(═:э°Ш}╩3Aп·G8          ═  _х  CЮ                       и З О Ш Щ  Д Ь О Р Я З Э Т Т Тл╙▒ `│	}╛  C(═:э°Ш}╩3Aп·G8          ═  _х  CЮ                       и З О Ш Щ  Д Ь О Р Я З Э Т Т Тл╙▒ `│	}╛  C(═:э°Ш}╩3Aп·G8          ═  _х  CЮ                       и З О Ш Щ  Д Ь О Р Я З Э Т Т Тл╙▒ `│	}╛  C(═:э°Ш}╩3Aп·G8          ═  _х  CЮ                       и З О Ш Щ  Д Ь О Р Я З Э Т Т Тл╙▒ `│	}╛  C(═:э°Ш}╩3Aп·G8          ═  _х  CЮ                       и З О Ш Щ  Д Ь О Р Я З Э Т Т Тл╙▒ `│	}╛  C(═:э°Ш}╩3Aп·G8          ═  _х  CЮ                       и З О Ш Щ  Д Ь О Р Я З Э Т Т Тл╙▒ `│	}╛  C(═:э°Ш}╩3Aп·G8          ═  _х  CЮ                       и З О Ш Щ  Д Ь О Р Я З Э Т Т Тл╙▒ `│	}╛  C(═:э°Ш}╩3Aп·G8          ═  _х  CЮ                       и З О Ш Щ  Д Ь О Р Я З Э Т Т Тл╙▒ `│	}╛  C(═:э°Ш}╩3Aп·G8          ═  _х  CЮ                       и З О Ш Щ  Д Ь О Р Я З Э Т Т Тл╙▒ `│	}╛  C(═:э°Ш}╩3Aп·G8          ═  _х  CЮ                       и З О Ш Щ  Д Ь О Р Я З Э Т Т Тл╙▒ `┌©}!  BC═┬:э²S}0?÷g├          ═┬  _х  Dг                       ╢ С  Д ж Ш Ы И Щ Ф Щ Ы▓л╙▒ `┌©}!  BC═┬:э²S}0?÷g├          ═┬  _х  Dг                       ╢ С  Д ж Ш Ы И Щ Ф Щ Ы▓л╙▒ `┌©}!  BC═┬:э²S}0?÷g├          ═┬  _х  Dг                       ╢ С  Д ж Ш Ы И Щ Ф Щ Ы▓л╙▒ `┌©}!  BC═┬:э²S}0?÷g├          ═┬  _х  Dг                       ╢ С  Д ж Ш Ы И Щ Ф Щ Ы▓л╙▒ `┌©}!  BC═┬:э²S}0?÷g├          ═┬  _х  Dг                       ╢ С  Д ж Ш Ы И Щ Ф Щ Ы▓л╙▒ `┌©}!  BC═┬:э²S}0?÷g├          ═┬  _х  Dг                       ╢ С  Д ж Ш Ы И Щ Ф Щ Ы▓л╙▒ `┌©}!  BC═┬:э²S}0?÷g├          ═┬  _х  Dг                       ╢ С  Д ж Ш Ы И Щ Ф Щ Ы▓л╙▒ `┌©}!  BC═┬:э²S}0?÷g├          ═┬  _х  Dг                       ╢ С  Д ж Ш Ы И Щ Ф Щ Ы▓л╙▒ `┌©}!  BC═┬:э²S}0?÷g├          ═┬  _х  Dг                       ╢ С  Д ж Ш Ы И Щ Ф Щ Ы▓л╙▒ `┌©}!  BC═┬:э²S}0?÷g├          ═┬  _х  Dг                       ╢ С  Д ж Ш Ы И Щ Ф Щ Ы▓л╙▒ `┌©}!  BC═┬:э²S}0?÷g├          ═┬  _х  Dг                       ╢ С  Д ж Ш Ы И Щ Ф Щ Ы▓л╙▒ `┌©}!  BC═┬:э²S}0?÷g├          ═┬  _х  Dг                       ╢ С  Д ж Ш Ы И Щ Ф Щ Ы▓л╙▒ `┌©}!  BC═┬:э²S}0?÷g├          ═┬  _х  Dг                       ╢ С  Д ж Ш Ы И Щ Ф Щ Ы▓л╙▒ `┌©}!  BC═┬:э²S}0?÷g├          ═┬  _х  Dг                       ╢ С  Д ж Ш Ы И Щ Ф Щ Ы▓л╙▒ `┌©}!  BC═┬:э²S}0?÷g├          ═┬  _х  Dг                       ╢ С  Д ж Ш Ы И Щ Ф Щ Ы▓л╙▒ `┌©}!  BC═┬:э²S}0?÷g├          ═┬  _х  Dг                       ╢ С  Д ж Ш Ы И Щ Ф Щ Ы▓л╙▒ `┌©}!  BC═┬:э²S}0?÷g├          ═┬  _х  Dг                       ╢ С  Д ж Ш Ы И Щ Ф Щ Ы▓л╙▒ `┌©}!  BC═┬:э²S}0?÷g├          ═┬  _х  Dг                       ╢ С  Д ж Ш Ы И Щ Ф Щ Ы▓л╙▒ `┌©}!  BC═┬:э²S}0?÷g├          ═┬  _х  Dг                       ╢ С  Д ж Ш Ы И Щ Ф Щ Ы▓л╙▒ `┌©}!  BC═┬:э²S}0?÷g├          ═┬  _х  Dг                       ╢ С  Д ж Ш Ы И Щ Ф Щ Ы▓л╙▒ `┌©}!  BC═┬:э²S}0?÷g├          ═┬  _х  Dг                       ╢ С  Д ж Ш Ы И Щ Ф Щ Ы▓л╙▒ `┌©}!  BC═┬:э²S}0?÷g├          ═┬  _х  Dг                       ╢ С  Д ж Ш Ы И Щ Ф Щ Ы▓л╙▒ `┌©}!  BC═┬:э²S}0?÷g├          ═┬  _х  Dг                       ╢ С  Д ж Ш Ы И Щ Ф Щ Ы▓л╙▒ `┌©}!  BC═┬:э²S}0?÷g├          ═┬  _х  Dг                       ╢ С  Д ж Ш Ы И Щ Ф Щ Ы▓л╙▒ `┌©}!  BC═┬:э²S}0?÷g├          ═┬  _х  Dг                       ╢ С  Д ж Ш Ы И Щ Ф Щ Ы▓л╙▒ `┌©}!  BC═┬:э²S}0?÷g├          ═┬  _х  Dг                       ╢ С  Д ж Ш Ы И Щ Ф Щ Ы▓л╙▒ `┌©}!  BC═┬:э²S}0?÷g├          ═┬  _х  Dг                       ╢ С  Д ж Ш Ы И Щ Ф Щ Ы▓л╙▒ `┌©}!  BC═┬:э²S}0?÷g├          ═┬  _х  Dг                       ╢ С  Д ж Ш Ы И Щ Ф Щ Ы▓л╙▒ `┌©}!  BC═┬:э²S}0?÷g├          ═┬  _х  Dг                       ╢ С  Д ж Ш Ы И Щ Ф Щ Ы▓л╙▒ `┌©}!  BC═┬:э²S}0?÷g├          ═┬  _х  Dг                       ╢ С  Д ж Ш Ы И Щ Ф Щ Ы▓л╙▒ `┌©}!  BC═┬:э²S}0?÷g├          ═┬  _х  Dг                       ╢ С  Д ж Ш Ы И Щ Ф Щ Ы▓л╙▒ `┌©}!  BC═┬:э²S}0?÷g├          ═┬  _х  Dг                       ╢ С  Д ж Ш Ы И Щ Ф Щ Ы▓л╙▒ `┌©}!  BC═┬:э²S}0?÷g├          ═┬  _х  Dг                       ╢ С  Д ж Ш Ы И Щ Ф Щ Ы▓л╙▒ `┌©}!  BC═┬:э²S}0?÷g├          ═┬  _х  Dг                       ╢ С  Д ж Ш Ы И Щ Ф Щ Ы▓л╙▒ `┌©}!  BC═┬:э²S}0?÷g├          ═┬  _х  Dг                       ╢ С  Д ж Ш Ы И Щ Ф Щ Ы▓л╙▒ `┌©}!  BC═┬:э²S}0?÷g├          ═┬  _х  Dг                       ╢ С  Д ж Ш Ы И Щ Ф Щ Ы▓л╙▒ `┌©}!  BC═┬:э²S}0?÷g├          ═┬  _х  Dг                       ╢ С  Д ж Ш Ы И Щ Ф Щ Ы▓л╙▒ `┌©}!  BC═┬:э²S}0?÷g├          ═┬  _х  Dг                       ╢ С  Д ж Ш Ы И Щ Ф Щ Ы▓л╙▒ `┌©}!  BC═┬:э²S}0?÷g├          ═┬  _х  Dг                       ╢ С  Д ж Ш Ы И Щ Ф Щ Ы▓л╙▒ `┌©}!  BC═┬:э²S}0?÷g├          ═┬  _х  Dг                       ╢ С  Д ж Ш Ы И Щ Ф Щ Ы▓л╙▒ `┌©}!  BC═┬:э²S}0?÷g├          ═┬  _х  Dг                       ╢ С  Д ж Ш Ы И Щ Ф Щ Ы▓л╙▒ `┌©}!  BC═┬:э²S}0?÷g├          ═┬  _х  Dг                       ╢ С  Д ж Ш Ы И Щ Ф Щ Ы▓л╙▒ `┌©}!  BC═┬:э²S}0?÷g├          ═┬  _х  Dг                       ╢ С  Д ж Ш Ы И Щ Ф Щ Ы▓л╙▒ `┌©}!  BC═┬:э²S}0?÷g├          ═┬  _х  Dг                       ╢ С  Д ж Ш Ы И Щ Ф Щ Ы▓л╙▒ `┌©}!  BC═┬:э²S}0?÷g├          ═┬  _х  Dг                       ╢ С  Д ж Ш Ы И Щ Ф Щ Ы▓л╙▒ `┌©}!  BC═┬:э²S}0?÷g├          ═┬  _х  Dг                       ╢ С  Д ж Ш Ы И Щ Ф Щ Ы▓л╙▒ `┌©}!  BC═┬:э²S}0?÷g├          ═┬  _х  Dг                       ╢ С  Д ж Ш Ы И Щ Ф Щ Ы▓л╙▒ `┌©}!  BC═┬:э²S}0?÷g├          ═┬  _х  Dг                       ╢ С  Д ж Ш Ы И Щ Ф Щ Ы▓л╙▒ `┌©}!  BC═┬:э²S}0?÷g├          ═┬  _х  Dг                       ╢ С  Д ж Ш Ы И Щ Ф Щ Ы▓л╙▒ `|у|%  DG╓);z÷E{ЛE,║┬j          ╓)  _х  A╩U                      ! Э"л╙▒ `|у|%  DG╓);z÷E{ЛE,║┬j          ╓)  _х  A╩U                      ! Э"л╙▒ `|у|%  DG╓);z÷E{ЛE,║┬j          ╓)  _х  A╩U                      ! Э"л╙▒ `|у|%  DG╓);z÷E{ЛE,║┬j          ╓)  _х  A╩U                      ! Э"л╙▒ `|у|%  DG╓);z÷E{ЛE,║┬j          ╓)  _х  A╩U                      ! Э"л╙▒ `|у|%  DG╓);z÷E{ЛE,║┬j          ╓)  _х  A╩U                      ! Э"л╙▒ `|у|%  DG╓);z÷E{ЛE,║┬j          ╓)  _х  A╩U                      ! Э"л╙▒ `|у|%  DG╓);z÷E{ЛE,║┬j          ╓)  _х  A╩U                      ! Э"л╙▒ `|у|%  DG╓);z÷E{ЛE,║┬j          ╓)  _х  A╩U                      ! Э"л╙▒ `|у|%  DG╓);z÷E{ЛE,║┬j          ╓)  _х  A╩U                      ! Э"л╙▒ `|у|%  DG╓);z÷E{ЛE,║┬j          ╓)  _х  A╩U                      ! Э"л╙▒ `|у|%  DG╓);z÷E{ЛE,║┬j          ╓)  _х  A╩U                      ! Э"л╙▒ `|у|%  DG╓);z÷E{ЛE,║┬j          ╓)  _х  A╩U                      ! Э"л╙▒ `|у|%  DG╓);z÷E{ЛE,║┬j          ╓)  _х  A╩U                      ! Э"л╙▒ `|у|%  DG╓);z÷E{ЛE,║┬j          ╓)  _х  A╩U                      ! Э"л╙▒ `|у|%  DG╓);z÷E{ЛE,║┬j          ╓)  _х  A╩U                      ! Э"л╙▒ `|у|%  DG╓);z÷E{ЛE,║┬j          ╓)  _х  A╩U                      ! Э"л╙▒ `|у|%  DG╓);z÷E{ЛE,║┬j          ╓)  _х  A╩U                      ! Э"л╙▒ `|у|%  DG╓);z÷E{ЛE,║┬j          ╓)  _х  A╩U                      ! Э"л╙▒ `|у|%  DG╓);z÷E{ЛE,║┬j          ╓)  _х  A╩U                      ! Э"л╙▒ `|у|%  DG╓);z÷E{ЛE,║┬j          ╓)  _х  A╩U                      ! Э"л╙▒ `|у|%  DG╓);z÷E{ЛE,║┬j          ╓)  _х  A╩U                      ! Э"л╙▒ `|у|%  DG╓);z÷E{ЛE,║┬j          ╓)  _х  A╩U                      ! Э"л╙▒ `|у|%  DG╓);z÷E{ЛE,║┬j          ╓)  _х  A╩U                      ! Э"л╙▒ `|у|%  DG╓);z÷E{ЛE,║┬j          ╓)  _х  A╩U                      ! Э"л╙▒ `|у|%  DG╓);z÷E{ЛE,║┬j          ╓)  _х  A╩U                      ! Э"л╙▒ `|у|%  DG╓);z÷E{ЛE,║┬j          ╓)  _х  A╩U                      ! Э"л╙▒ `|у|%  DG╓);z÷E{ЛE,║┬j          ╓)  _х  A╩U                      ! Э"л╙▒ `|у|%  DG╓);z÷E{ЛE,║┬j          ╓)  _х  A╩U                      ! Э"л╙▒ `|у|%  DG╓);z÷E{ЛE,║┬j          ╓)  _х  A╩U                      ! Э"л╙▒ `|у|%  DG╓);z÷E{ЛE,║┬j          ╓)  _х  A╩U                      ! Э"л╙▒ `|у|%  DG╓);z÷E{ЛE,║┬j          ╓)  _х  A╩U                      ! Э"л╙▒ `|у|%  DG╓);z÷E{ЛE,║┬j          ╓)  _х  A╩U                      ! Э"л╙▒ `|у|%  DG╓);z÷E{ЛE,║┬j          ╓)  _х  A╩U                      ! Э"л╙▒ `|у|%  DG╓);z÷E{ЛE,║┬j          ╓)  _х  A╩U                      ! Э"л╙▒ `|у|%  DG╓);z÷E{ЛE,║┬j          ╓)  _х  A╩U                      ! Э"л╙▒ `|у|%  DG╓);z÷E{ЛE,║┬j          ╓)  _х  A╩U                      ! Э"л╙▒ `|у|%  DG╓);z÷E{ЛE,║┬j          ╓)  _х  A╩U                      ! Э"л╙▒ `|у|%  DG╓);z÷E{ЛE,║┬j          ╓)  _х  A╩U                      ! Э"л╙▒ `|у|%  DG╓);z÷E{ЛE,║┬j          ╓)  _х  A╩U                      ! Э"л╙▒ `|у|%  DG╓);z÷E{ЛE,║┬j          ╓)  _х  A╩U                      ! Э"л╙▒ `|у|%  DG╓);z÷E{ЛE,║┬j          ╓)  _х  A╩U                      ! Э"л╙▒ `|у|%  DG╓);z÷E{ЛE,║┬j          ╓)  _х  A╩U                      ! Э"л╙▒ `|у|%  DG╓);z÷E{ЛE,║┬j          ╓)  _х  A╩U                      ! Э"л╙▒ `|у|%  DG╓);z÷E{ЛE,║┬j          ╓)  _х  A╩U                      ! Э"л╙▒ `|у|%  DG╓);z÷E{ЛE,║┬j          ╓)  _х  A╩U                      ! Э"л╙▒ `|у|%  DG╓);z÷E{ЛE,║┬j          ╓)  _х  A╩U                      ! Э"л╙▒ `|у|%  DG╓);z÷E{ЛE,║┬j          ╓)  _х  A╩U                      ! Э"л╙▒ `|у|%  DG╓);z÷E{ЛE,║┬j          ╓)  _х  A╩U                      ! Э"л╙▒ `zм:  E╩D²г;u²p{╢E╩D·Gj          ²г  _х  @≥                      - Б Н Р С Ш⌠л╙▒ `zм:  E╩D²г;u²p{╢E╩D·Gj          ²г  _х  @≥                      - Б Н Р С Ш⌠л╙▒ `zм:  E╩D²г;u²p{╢E╩D·Gj          ²г  _х  @≥                      - Б Н Р С Ш⌠л╙▒ `zм:  E╩D²г;u²p{╢E╩D·Gj          ²г  _х  @≥                      - Б Н Р С Ш⌠л╙▒ `zм:  E╩D²г;u²p{╢E╩D·Gj          ²г  _х  @≥                      - Б Н Р С Ш⌠л╙▒ `zм:  E╩D²г;u²p{╢E╩D·Gj          ²г  _х  @≥                      - Б Н Р С Ш⌠л╙▒ `zм:  E╩D²г;u²p{╢E╩D·Gj          ²г  _х  @≥                      - Б Н Р С Ш⌠л╙▒ `zм:  E╩D²г;u²p{╢E╩D·Gj          ²г  _х  @≥                      - Б Н Р С Ш⌠л╙▒ `zм:  E╩D²г;u²p{╢E╩D·Gj          ²г  _х  @≥                      - Б Н Р С Ш⌠л╙▒ `zм:  E╩D²г;u²p{╢E╩D·Gj          ²г  _х  @≥                      - Б Н Р С Ш⌠л╙▒ `zм:  E╩D²г;u²p{╢E╩D·Gj          ²г  _х  @≥                      - Б Н Р С Ш⌠л╙▒ `zм:  E╩D²г;u²p{╢E╩D·Gj          ²г  _х  @≥                      - Б Н Р С Ш⌠л╙▒ `zм:  E╩D²г;u²p{╢E╩D·Gj          ²г  _х  @≥                      - Б Н Р С Ш⌠л╙▒ `zм:  E╩D²г;u²p{╢E╩D·Gj          ²г  _х  @≥                      - Б Н Р С Ш⌠л╙▒ `zм:  E╩D²г;u²p{╢E╩D·Gj          ²г  _х  @≥                      - Б Н Р С Ш⌠л╙▒ `zм:  E╩D²г;u²p{╢E╩D·Gj          ²г  _х  @≥                      - Б Н Р С Ш⌠л╙▒ `zм:  E╩D²г;u²p{╢E╩D·Gj          ²г  _х  @≥                      - Б Н Р С Ш⌠л╙▒ `zм:  E╩D²г;u²p{╢E╩D·Gj          ²г  _х  @≥                      - Б Н Р С Ш⌠л╙▒ `zм:  E╩D²г;u²p{╢E╩D·Gj          ²г  _х  @≥                      - Б Н Р С Ш⌠л╙▒ `zм:  E╩D²г;u²p{╢E╩D·Gj          ²г  _х  @≥                      - Б Н Р С Ш⌠л╙▒ `zм:  E╩D²г;u²p{╢E╩D·Gj          ²г  _х  @≥                      - Б Н Р С Ш⌠л╙▒ `zм:  E╩D²г;u²p{╢E╩D·Gj          ²г  _х  @≥                      - Б Н Р С Ш⌠л╙▒ `zм:  E╩D²г;u²p{╢E╩D·Gj          ²г  _х  @≥                      - Б Н Р С Ш⌠л╙▒ `zм:  E╩D²г;u²p{╢E╩D·Gj          ²г  _х  @≥                      - Б Н Р С Ш⌠л╙▒ `zм:  E╩D²г;u²p{╢E╩D·Gj          ²г  _х  @≥                      - Б Н Р С Ш⌠л╙▒ `zм:  E╩D²г;u²p{╢E╩D·Gj          ²г  _х  @≥                      - Б Н Р С Ш⌠л╙▒ `zм:  E╩D²г;u²p{╢E╩D·Gj          ²г  _х  @≥                      - Б Н Р С Ш⌠л╙▒ `zм:  E╩D²г;u²p{╢E╩D·Gj          ²г  _х  @≥                      - Б Н Р С Ш⌠л╙▒ `zм:  E╩D²г;u²p{╢E╩D·Gj          ²г  _х  @≥                      - Б Н Р С Ш⌠л╙▒ `zм:  E╩D²г;u²p{╢E╩D·Gj          ²г  _х  @≥                      - Б Н Р С Ш⌠л╙▒ `zм:  E╩D²г;u²p{╢E╩D·Gj          ²г  _х  @≥                      - Б Н Р С Ш⌠л╙▒ `zм:  E╩D²г;u²p{╢E╩D·Gj          ²г  _х  @≥                      - Б Н Р С Ш⌠л╙▒ `zм:  E╩D²г;u²p{╢E╩D·Gj          ²г  _х  @≥                      - Б Н Р С Ш⌠л╙▒ `zм:  E╩D²г;u²p{╢E╩D·Gj          ²г  _х  @≥                      - Б Н Р С Ш⌠л╙▒ `zм:  E╩D²г;u²p{╢E╩D·Gj          ²г  _х  @≥                      - Б Н Р С Ш⌠л╙▒ `zм:  E╩D²г;u²p{╢E╩D·Gj          ²г  _х  @≥                      - Б Н Р С Ш⌠л╙▒ `zм:  E╩D²г;u²p{╢E╩D·Gj          ²г  _х  @≥                      - Б Н Р С Ш⌠л╙▒ `zм:  E╩D²г;u²p{╢E╩D·Gj          ²г  _х  @≥                      - Б Н Р С Ш⌠л╙▒ `zм:  E╩D²г;u²p{╢E╩D·Gj          ²г  _х  @≥                      - Б Н Р С Ш⌠л╙▒ `zм:  E╩D²г;u²p{╢E╩D·Gj          ²г  _х  @≥                      - Б Н Р С Ш⌠л╙▒ `zм:  E╩D²г;u²p{╢E╩D·Gj          ²г  _х  @≥                      - Б Н Р С Ш⌠л╙▒ `zм:  E╩D²г;u²p{╢E╩D·Gj          ²г  _х  @≥                      - Б Н Р С Ш⌠л╙▒ `zм:  E╩D²г;u²p{╢E╩D·Gj          ²г  _х  @≥                      - Б Н Р С Ш⌠л╙▒ `zм:  E╩D²г;u²p{╢E╩D·Gj          ²г  _х  @≥                      - Б Н Р С Ш⌠л╙▒ `zм:  E╩D²г;u²p{╢E╩D·Gj          ²г  _х  @≥                      - Б Н Р С Ш⌠л╙▒ `zм:  E╩D²г;u²p{╢E╩D·Gj          ²г  _х  @≥                      - Б Н Р С Ш⌠л╙▒ `zм:  E╩D²г;u²p{╢E╩D·Gj          ²г  _х  @≥                      - Б Н Р С Ш⌠л╙▒ `zм:  E╩D²г;u²p{╢E╩D·Gj          ²г  _х  @≥                      - Б Н Р С Ш⌠л╙▒ `zм:  E╩D²г;u²p{╢E╩D·Gj          ²г  _х  @≥                      - Б Н Р С Ш⌠л╙▒ `~б{}  Dc╒;÷(||@"═хн          ╒  _х  B╝                       И  Я Ю  Н КПл╙▒ `~б{}  Dc╒;÷(||@"═хн          ╒  _х  B╝                       И  Я Ю  Н КПл╙▒ `~б{}  Dc╒;÷(||@"═хн          ╒  _х  B╝                       И  Я Ю  Н КПл╙▒ `~б{}  Dc╒;÷(||@"═хн          ╒  _х  B╝                       И  Я Ю  Н КПл╙▒ `~б{}  Dc╒;÷(||@"═хн          ╒  _х  B╝                       И  Я Ю  Н КПл╙▒ `~б{}  Dc╒;÷(||@"═хн          ╒  _х  B╝                       И  Я Ю  Н КПл╙▒ `~б{}  Dc╒;÷(||@"═хн          ╒  _х  B╝                       И  Я Ю  Н КПл╙▒ `~б{}  Dc╒;÷(||@"═хн          ╒  _х  B╝                       И  Я Ю  Н КПл╙▒ `~б{}  Dc╒;÷(||@"═хн          ╒  _х  B╝                       И  Я Ю  Н КПл╙▒ `~б{}  Dc╒;÷(||@"═хн          ╒  _х  B╝                       И  Я Ю  Н КПл╙▒ `~б{}  Dc╒;÷(||@"═хн          ╒  _х  B╝                       И  Я Ю  Н КПл╙▒ `~б{}  Dc╒;÷(||@"═хн          ╒  _х  B╝                       И  Я Ю  Н КПл╙▒ `~б{}  Dc╒;÷(||@"═хн          ╒  _х  B╝                       И  Я Ю  Н КПл╙▒ `~б{}  Dc╒;÷(||@"═хн          ╒  _х  B╝                       И  Я Ю  Н КПл╙▒ `~б{}  Dc╒;÷(||@"═хн          ╒  _х  B╝                       И  Я Ю  Н КПл╙▒ `~б{}  Dc╒;÷(||@"═хн          ╒  _х  B╝                       И  Я Ю  Н КПл╙▒ `~б{}  Dc╒;÷(||@"═хн          ╒  _х  B╝                       И  Я Ю  Н КПл╙▒ `~б{}  Dc╒;÷(||@"═хн          ╒  _х  B╝                       И  Я Ю  Н КПл╙▒ `~б{}  Dc╒;÷(||@"═хн          ╒  _х  B╝                       И  Я Ю  Н КПл╙▒ `~б{}  Dc╒;÷(||@"═хн          ╒  _х  B╝                       И  Я Ю  Н КПл╙▒ `~б{}  Dc╒;÷(||@"═хн          ╒  _х  B╝                       И  Я Ю  Н КПл╙▒ `~б{}  Dc╒;÷(||@"═хн          ╒  _х  B╝                       И  Я Ю  Н КПл╙▒ `~б{}  Dc╒;÷(||@"═хн          ╒  _х  B╝                       И  Я Ю  Н КПл╙▒ `~б{}  Dc╒;÷(||@"═хн          ╒  _х  B╝                       И  Я Ю  Н КПл╙▒ `~б{}  Dc╒;÷(||@"═хн          ╒  _х  B╝                       И  Я Ю  Н КПл╙▒ `~б{}  Dc╒;÷(||@"═хн          ╒  _х  B╝                       И  Я Ю  Н КПл╙▒ `~б{}  Dc╒;÷(||@"═хн          ╒  _х  B╝                       И  Я Ю  Н КПл╙▒ `~б{}  Dc╒;÷(||@"═хн          ╒  _х  B╝                       И  Я Ю  Н КПл╙▒ `~б{}  Dc╒;÷(||@"═хн          ╒  _х  B╝                       И  Я Ю  Н КПл╙▒ `~б{}  Dc╒;÷(||@"═хн          ╒  _х  B╝                       И  Я Ю  Н КПл╙▒ `~б{}  Dc╒;÷(||@"═хн          ╒  _х  B╝                       И  Я Ю  Н КПл╙▒ `~б{}  Dc╒;÷(||@"═хн          ╒  _х  B╝                       И  Я Ю  Н КПл╙▒ `~б{}  Dc╒;÷(||@"═хн          ╒  _х  B╝                       И  Я Ю  Н КПл╙▒ `~б{}  Dc╒;÷(||@"═хн          ╒  _х  B╝                       И  Я Ю  Н КПл╙▒ `~б{}  Dc╒;÷(||@"═хн          ╒  _х  B╝                       И  Я Ю  Н КПл╙▒ `~б{}  Dc╒;÷(||@"═хн          ╒  _х  B╝                       И  Я Ю  Н КПл╙▒ `~б{}  Dc╒;÷(||@"═хн          ╒  _х  B╝                       И  Я Ю  Н КПл╙▒ `~б{}  Dc╒;÷(||@"═хн          ╒  _х  B╝                       И  Я Ю  Н КПл╙▒ `~б{}  Dc╒;÷(||@"═хн          ╒  _х  B╝                       И  Я Ю  Н КПл╙▒ `~б{}  Dc╒;÷(||@"═хн          ╒  _х  B╝                       И  Я Ю  Н КПл╙▒ `~б{}  Dc╒;÷(||@"═хн          ╒  _х  B╝                       И  Я Ю  Н КПл╙▒ `~б{}  Dc╒;÷(||@"═хн          ╒  _х  B╝                       И  Я Ю  Н КПл╙▒ `~б{}  Dc╒;÷(||@"═хн          ╒  _х  B╝                       И  Я Ю  Н КПл╙▒ `~б{}  Dc╒;÷(||@"═хн          ╒  _х  B╝                       И  Я Ю  Н КПл╙▒ `~б{}  Dc╒;÷(||@"═хн          ╒  _х  B╝                       И  Я Ю  Н КПл╙▒ `~б{}  Dc╒;÷(||@"═хн          ╒  _х  B╝                       И  Я Ю  Н КПл╙▒ `~б{}  Dc╒;÷(||@"═хн          ╒  _х  B╝                       И  Я Ю  Н КПл╙▒ `~б{}  Dc╒;÷(||@"═хн          ╒  _х  B╝                       И  Я Ю  Н КПл╙▒ `~б{}  Dc╒;÷(||@"═хн          ╒  _х  B╝                       И  Я Ю  Н КПл╙▒ `│╩U|   Bр║:ъ²╚}!?Z÷╖╓          ║  _х  D5                       а Ь Е ы Щ Э Х Ш А З Ьл╙▒ `│╩U|   Bр║:ъ²╚}!?Z÷╖╓          ║  _х  D5                       а Ь Е ы Щ Э Х Ш А З Ьл╙▒ `│╩U|   Bр║:ъ²╚}!?Z÷╖╓          ║  _х  D5                       а Ь Е ы Щ Э Х Ш А З Ьл╙▒ `│╩U|   Bр║:ъ²╚}!?Z÷╖╓          ║  _х  D5                       а Ь Е ы Щ Э Х Ш А З Ьл╙▒ `│╩U|   Bр║:ъ²╚}!?Z÷╖╓          ║  _х  D5                       а Ь Е ы Щ Э Х Ш А З Ьл╙▒ `│╩U|   Bр║:ъ²╚}!?Z÷╖╓          ║  _х  D5                       а Ь Е ы Щ Э Х Ш А З Ьл╙▒ `│╩U|   Bр║:ъ²╚}!?Z÷╖╓          ║  _х  D5                       а Ь Е ы Щ Э Х Ш А З Ьл╙▒ `│╩U|   Bр║:ъ²╚}!?Z÷╖╓          ║  _х  D5                       а Ь Е ы Щ Э Х Ш А З Ьл╙▒ `│╩U|   Bр║:ъ²╚}!?Z÷╖╓          ║  _х  D5                       а Ь Е ы Щ Э Х Ш А З Ьл╙▒ `│╩U|   Bр║:ъ²╚}!?Z÷╖╓          ║  _х  D5                       а Ь Е ы Щ Э Х Ш А З Ьл╙▒ `│╩U|   Bр║:ъ²╚}!?Z÷╖╓          ║  _х  D5                       а Ь Е ы Щ Э Х Ш А З Ьл╙▒ `│╩U|   Bр║:ъ²╚}!?Z÷╖╓          ║  _х  D5                       а Ь Е ы Щ Э Х Ш А З Ьл╙▒ `│╩U|   Bр║:ъ²╚}!?Z÷╖╓          ║  _х  D5                       а Ь Е ы Щ Э Х Ш А З Ьл╙▒ `│╩U|   Bр║:ъ²╚}!?Z÷╖╓          ║  _х  D5                       а Ь Е ы Щ Э Х Ш А З Ьл╙▒ `│╩U|   Bр║:ъ²╚}!?Z÷╖╓          ║  _х  D5                       а Ь Е ы Щ Э Х Ш А З Ьл╙▒ `│╩U|   Bр║:ъ²╚}!?Z÷╖╓          ║  _х  D5                       а Ь Е ы Щ Э Х Ш А З Ьл╙▒ `│╩U|   Bр║:ъ²╚}!?Z÷╖╓          ║  _х  D5                       а Ь Е ы Щ Э Х Ш А З Ьл╙▒ `│╩U|   Bр║:ъ²╚}!?Z÷╖╓          ║  _х  D5                       а Ь Е ы Щ Э Х Ш А З Ьл╙▒ `│╩U|   Bр║:ъ²╚}!?Z÷╖╓          ║  _х  D5                       а Ь Е ы Щ Э Х Ш А З Ьл╙▒ `│╩U|   Bр║:ъ²╚}!?Z÷╖╓          ║  _х  D5                       а Ь Е ы Щ Э Х Ш А З Ьл╙▒ `│╩U|   Bр║:ъ²╚}!?Z÷╖╓          ║  _х  D5                       а Ь Е ы Щ Э Х Ш А З Ьл╙▒ `│╩U|   Bр║:ъ²╚}!?Z÷╖╓          ║  _х  D5                       а Ь Е ы Щ Э Х Ш А З Ьл╙▒ `│╩U|   Bр║:ъ²╚}!?Z÷╖╓          ║  _х  D5                       а Ь Е ы Щ Э Х Ш А З Ьл╙▒ `│╩U|   Bр║:ъ²╚}!?Z÷╖╓          ║  _х  D5                       а Ь Е ы Щ Э Х Ш А З Ьл╙▒ `│╩U|   Bр║:ъ²╚}!?Z÷╖╓          ║  _х  D5                       а Ь Е ы Щ Э Х Ш А З Ьл╙▒ `│╩U|   Bр║:ъ²╚}!?Z÷╖╓          ║  _х  D5                       а Ь Е ы Щ Э Х Ш А З Ьл╙▒ `│╩U|   Bр║:ъ²╚}!?Z÷╖╓          ║  _х  D5                       а Ь Е ы Щ Э Х Ш А З Ьл╙▒ `│╩U|   Bр║:ъ²╚}!?Z÷╖╓          ║  _х  D5                       а Ь Е ы Щ Э Х Ш А З Ьл╙▒ `│╩U|   Bр║:ъ²╚}!?Z÷╖╓          ║  _х  D5                       а Ь Е ы Щ Э Х Ш А З Ьл╙▒ `│╩U|   Bр║:ъ²╚}!?Z÷╖╓          ║  _х  D5                       а Ь Е ы Щ Э Х Ш А З Ьл╙▒ `│╩U|   Bр║:ъ²╚}!?Z÷╖╓          ║  _х  D5                       а Ь Е ы Щ Э Х Ш А З Ьл╙▒ `│╩U|   Bр║:ъ²╚}!?Z÷╖╓          ║  _х  D5                       а Ь Е ы Щ Э Х Ш А З Ьл╙▒ `│╩U|   Bр║:ъ²╚}!?Z÷╖╓          ║  _х  D5                       а Ь Е ы Щ Э Х Ш А З Ьл╙▒ `│╩U|   Bр║:ъ²╚}!?Z÷╖╓          ║  _х  D5                       а Ь Е ы Щ Э Х Ш А З Ьл╙▒ `│╩U|   Bр║:ъ²╚}!?Z÷╖╓          ║  _х  D5                       а Ь Е ы Щ Э Х Ш А З Ьл╙▒ `│╩U|   Bр║:ъ²╚}!?Z÷╖╓          ║  _х  D5                       а Ь Е ы Щ Э Х Ш А З Ьл╙▒ `│╩U|   Bр║:ъ²╚}!?Z÷╖╓          ║  _х  D5                       а Ь Е ы Щ Э Х Ш А З Ьл╙▒ `│╩U|   Bр║:ъ²╚}!?Z÷╖╓          ║  _х  D5                       а Ь Е ы Щ Э Х Ш А З Ьл╙▒ `│╩U|   Bр║:ъ²╚}!?Z÷╖╓          ║  _х  D5                       а Ь Е ы Щ Э Х Ш А З Ьл╙▒ `│╩U|   Bр║:ъ²╚}!?Z÷╖╓          ║  _х  D5                       а Ь Е ы Щ Э Х Ш А З Ьл╙▒ `│╩U|   Bр║:ъ²╚}!?Z÷╖╓          ║  _х  D5                       а Ь Е ы Щ Э Х Ш А З Ьл╙▒ `│╩U|   Bр║:ъ²╚}!?Z÷╖╓          ║  _х  D5                       а Ь Е ы Щ Э Х Ш А З Ьл╙▒ `│╩U|   Bр║:ъ²╚}!?Z÷╖╓          ║  _х  D5                       а Ь Е ы Щ Э Х Ш А З Ьл╙▒ `│╩U|   Bр║:ъ²╚}!?Z÷╖╓          ║  _х  D5                       а Ь Е ы Щ Э Х Ш А З Ьл╙▒ `│╩U|   Bр║:ъ²╚}!?Z÷╖╓          ║  _х  D5                       а Ь Е ы Щ Э Х Ш А З Ьл╙▒ `│╩U|   Bр║:ъ²╚}!?Z÷╖╓          ║  _х  D5                       а Ь Е ы Щ Э Х Ш А З Ьл╙▒ `│╩U|   Bр║:ъ²╚}!?Z÷╖╓          ║  _х  D5                       а Ь Е ы Щ Э Х Ш А З Ьл╙▒ `│╩U|   Bр║:ъ²╚}!?Z÷╖╓          ║  _х  D5                       а Ь Е ы Щ Э Х Ш А З Ьл╙▒ `│╩U|   Bр║:ъ²╚}!?Z÷╖╓          ║  _х  D5                       а Ь Е ы Щ Э Х Ш А З Ьл╙▒ `|╘│E  C⌡⌡F;+°Ш}█B
⌡f|          ⌡F  _х  A⌠                       ф Щ Ъ Щ з Ъ Э Я ш Ь Ы Е Щ Ы Иtл╙▒ `|╘│E  C⌡⌡F;+°Ш}█B
⌡f|          ⌡F  _х  A⌠                       ф Щ Ъ Щ з Ъ Э Я ш Ь Ы Е Щ Ы Иtл╙▒ `|╘│E  C⌡⌡F;+°Ш}█B
⌡f|          ⌡F  _х  A⌠                       ф Щ Ъ Щ з Ъ Э Я ш Ь Ы Е Щ Ы Иtл╙▒ `|╘│E  C⌡⌡F;+°Ш}█B
⌡f|          ⌡F  _х  A⌠                       ф Щ Ъ Щ з Ъ Э Я ш Ь Ы Е Щ Ы Иtл╙▒ `|╘│E  C⌡⌡F;+°Ш}█B
⌡f|          ⌡F  _х  A⌠                       ф Щ Ъ Щ з Ъ Э Я ш Ь Ы Е Щ Ы Иtл╙▒ `|╘│E  C⌡⌡F;+°Ш}█B
⌡f|          ⌡F  _х  A⌠                       ф Щ Ъ Щ з Ъ Э Я ш Ь Ы Е Щ Ы Иtл╙▒ `|╘│E  C⌡⌡F;+°Ш}█B
⌡f|          ⌡F  _х  A⌠                       ф Щ Ъ Щ з Ъ Э Я ш Ь Ы Е Щ Ы Иtл╙▒ `|╘│E  C⌡⌡F;+°Ш}█B
⌡f|          ⌡F  _х  A⌠                       ф Щ Ъ Щ з Ъ Э Я ш Ь Ы Е Щ Ы Иtл╙▒ `|╘│E  C⌡⌡F;+°Ш}█B
⌡f|          ⌡F  _х  A⌠                       ф Щ Ъ Щ з Ъ Э Я ш Ь Ы Е Щ Ы Иtл╙▒ `|╘│E  C⌡⌡F;+°Ш}█B
⌡f|          ⌡F  _х  A⌠                       ф Щ Ъ Щ з Ъ Э Я ш Ь Ы Е Щ Ы Иtл╙▒ `|╘│E  C⌡⌡F;+°Ш}█B
⌡f|          ⌡F  _х  A⌠                       ф Щ Ъ Щ з Ъ Э Я ш Ь Ы Е Щ Ы Иtл╙▒ `|╘│E  C⌡⌡F;+°Ш}█B
⌡f|          ⌡F  _х  A⌠                       ф Щ Ъ Щ з Ъ Э Я ш Ь Ы Е Щ Ы Иtл╙▒ `|╘│E  C⌡⌡F;+°Ш}█B
⌡f|          ⌡F  _х  A⌠                       ф Щ Ъ Щ з Ъ Э Я ш Ь Ы Е Щ Ы Иtл╙▒ `|╘│E  C⌡⌡F;+°Ш}█B
⌡f|          ⌡F  _х  A⌠                       ф Щ Ъ Щ з Ъ Э Я ш Ь Ы Е Щ Ы Иtл╙▒ `|╘│E  C⌡⌡F;+°Ш}█B
⌡f|          ⌡F  _х  A⌠                       ф Щ Ъ Щ з Ъ Э Я ш Ь Ы Е Щ Ы Иtл╙▒ `|╘│E  C⌡⌡F;+°Ш}█B
⌡f|          ⌡F  _х  A⌠                       ф Щ Ъ Щ з Ъ Э Я ш Ь Ы Е Щ Ы Иtл╙▒ `|╘│E  C⌡⌡F;+°Ш}█B
⌡f|          ⌡F  _х  A⌠                       ф Щ Ъ Щ з Ъ Э Я ш Ь Ы Е Щ Ы Иtл╙▒ `|╘│E  C⌡⌡F;+°Ш}█B
⌡f|          ⌡F  _х  A⌠                       ф Щ Ъ Щ з Ъ Э Я ш Ь Ы Е Щ Ы Иtл╙▒ `|╘│E  C⌡⌡F;+°Ш}█B
⌡f|          ⌡F  _х  A⌠                       ф Щ Ъ Щ з Ъ Э Я ш Ь Ы Е Щ Ы Иtл╙▒ `|╘│E  C⌡⌡F;+°Ш}█B
⌡f|          ⌡F  _х  A⌠                       ф Щ Ъ Щ з Ъ Э Я ш Ь Ы Е Щ Ы Иtл╙▒ `|╘│E  C⌡⌡F;+°Ш}█B
⌡f|          ⌡F  _х  A⌠                       ф Щ Ъ Щ з Ъ Э Я ш Ь Ы Е Щ Ы Иtл╙▒ `|╘│E  C⌡⌡F;+°Ш}█B
⌡f|          ⌡F  _х  A⌠                       ф Щ Ъ Щ з Ъ Э Я ш Ь Ы Е Щ Ы Иtл╙▒ `|╘│E  C⌡⌡F;+°Ш}█B
⌡f|          ⌡F  _х  A⌠                       ф Щ Ъ Щ з Ъ Э Я ш Ь Ы Е Щ Ы Иtл╙▒ `|╘│E  C⌡⌡F;+°Ш}█B
⌡f|          ⌡F  _х  A⌠                       ф Щ Ъ Щ з Ъ Э Я ш Ь Ы Е Щ Ы Иtл╙▒ `|╘│E  C⌡⌡F;+°Ш}█B
⌡f|          ⌡F  _х  A⌠                       ф Щ Ъ Щ з Ъ Э Я ш Ь Ы Е Щ Ы Иtл╙▒ `|╘│E  C⌡⌡F;+°Ш}█B
⌡f|          ⌡F  _х  A⌠                       ф Щ Ъ Щ з Ъ Э Я ш Ь Ы Е Щ Ы Иtл╙▒ `|╘│E  C⌡⌡F;+°Ш}█B
⌡f|          ⌡F  _х  A⌠                       ф Щ Ъ Щ з Ъ Э Я ш Ь Ы Е Щ Ы Иtл╙▒ `|╘│E  C⌡⌡F;+°Ш}█B
⌡f|          ⌡F  _х  A⌠                       ф Щ Ъ Щ з Ъ Э Я ш Ь Ы Е Щ Ы Иtл╙▒ `|╘│E  C⌡⌡F;+°Ш}█B
⌡f|          ⌡F  _х  A⌠                       ф Щ Ъ Щ з Ъ Э Я ш Ь Ы Е Щ Ы Иtл╙▒ `|╘│E  C⌡⌡F;+°Ш}█B
⌡f|          ⌡F  _х  A⌠                       ф Щ Ъ Щ з Ъ Э Я ш Ь Ы Е Щ Ы Иtл╙▒ `|╘│E  C⌡⌡F;+°Ш}█B
⌡f|          ⌡F  _х  A⌠                       ф Щ Ъ Щ з Ъ Э Я ш Ь Ы Е Щ Ы Иtл╙▒ `|╘│E  C⌡⌡F;+°Ш}█B
⌡f|          ⌡F  _х  A⌠                       ф Щ Ъ Щ з Ъ Э Я ш Ь Ы Е Щ Ы Иtл╙▒ `|╘│E  C⌡⌡F;+°Ш}█B
⌡f|          ⌡F  _х  A⌠                       ф Щ Ъ Щ з Ъ Э Я ш Ь Ы Е Щ Ы Иtл╙▒ `|╘│E  C⌡⌡F;+°Ш}█B
⌡f|          ⌡F  _х  A⌠                       ф Щ Ъ Щ з Ъ Э Я ш Ь Ы Е Щ Ы Иtл╙▒ `|╘│E  C⌡⌡F;+°Ш}█B
⌡f|          ⌡F  _х  A⌠                       ф Щ Ъ Щ з Ъ Э Я ш Ь Ы Е Щ Ы Иtл╙▒ `|╘│E  C⌡⌡F;+°Ш}█B
⌡f|          ⌡F  _х  A⌠                       ф Щ Ъ Щ з Ъ Э Я ш Ь Ы Е Щ Ы Иtл╙▒ `|╘│E  C⌡⌡F;+°Ш}█B
⌡f|          ⌡F  _х  A⌠                       ф Щ Ъ Щ з Ъ Э Я ш Ь Ы Е Щ Ы Иtл╙▒ `|╘│E  C⌡⌡F;+°Ш}█B
⌡f|          ⌡F  _х  A⌠                       ф Щ Ъ Щ з Ъ Э Я ш Ь Ы Е Щ Ы Иtл╙▒ `|╘│E  C⌡⌡F;+°Ш}█B
⌡f|          ⌡F  _х  A⌠                       ф Щ Ъ Щ з Ъ Э Я ш Ь Ы Е Щ Ы Иtл╙▒ `|╘│E  C⌡⌡F;+°Ш}█B
⌡f|          ⌡F  _х  A⌠                       ф Щ Ъ Щ з Ъ Э Я ш Ь Ы Е Щ Ы Иtл╙▒ `|╘│E  C⌡⌡F;+°Ш}█B
⌡f|          ⌡F  _х  A⌠                       ф Щ Ъ Щ з Ъ Э Я ш Ь Ы Е Щ Ы Иtл╙▒ `|╘│E  C⌡⌡F;+°Ш}█B
⌡f|          ⌡F  _х  A⌠                       ф Щ Ъ Щ з Ъ Э Я ш Ь Ы Е Щ Ы Иtл╙▒ `|╘│E  C⌡⌡F;+°Ш}█B
⌡f|          ⌡F  _х  A⌠                       ф Щ Ъ Щ з Ъ Э Я ш Ь Ы Е Щ Ы Иtл╙▒ `|╘│E  C⌡⌡F;+°Ш}█B
⌡f|          ⌡F  _х  A⌠                       ф Щ Ъ Щ з Ъ Э Я ш Ь Ы Е Щ Ы Иtл╙▒ `|╘│E  C⌡⌡F;+°Ш}█B
⌡f|          ⌡F  _х  A⌠                       ф Щ Ъ Щ з Ъ Э Я ш Ь Ы Е Щ Ы Иtл╙▒ `|╘│E  C⌡⌡F;+°Ш}█B
⌡f|          ⌡F  _х  A⌠                       ф Щ Ъ Щ з Ъ Э Я ш Ь Ы Е Щ Ы Иtл╙▒ `|╘│E  C⌡⌡F;+°Ш}█B
⌡f|          ⌡F  _х  A⌠                       ф Щ Ъ Щ з Ъ Э Я ш Ь Ы Е Щ Ы Иtл╙▒ `|╘│E  C⌡⌡F;+°Ш}█B
⌡f|          ⌡F  _х  A⌠                       ф Щ Ъ Щ з Ъ Э Я ш Ь Ы Е Щ Ы Иtл╙▒ `|╘│E  C⌡⌡F;+°Ш}█B
⌡f|          ⌡F  _х  A⌠                       ф Щ Ъ Щ з Ъ Э Я ш Ь Ы Е Щ Ы Иtл╙▒ `|||╥  Cт═┬;·~MC⌡÷┤ч          ═┬  _х  A{                      
 П Т П Ъ Э Г Ъ  Х Ъ М╥л╙▒ `|||╥  Cт═┬;·~MC⌡÷┤ч          ═┬  _х  A{                      
 П Т П Ъ Э Г Ъ  Х Ъ М╥л╙▒ `|||╥  Cт═┬;·~MC⌡÷┤ч          ═┬  _х  A{                      
 П Т П Ъ Э Г Ъ  Х Ъ М╥л╙▒ `|||╥  Cт═┬;·~MC⌡÷┤ч          ═┬  _х  A{                      
 П Т П Ъ Э Г Ъ  Х Ъ М╥л╙▒ `|||╥  Cт═┬;·~MC⌡÷┤ч          ═┬  _х  A{                      
 П Т П Ъ Э Г Ъ  Х Ъ М╥л╙▒ `|||╥  Cт═┬;·~MC⌡÷┤ч          ═┬  _х  A{                      
 П Т П Ъ Э Г Ъ  Х Ъ М╥л╙▒ `|||╥  Cт═┬;·~MC⌡÷┤ч          ═┬  _х  A{                      
 П Т П Ъ Э Г Ъ  Х Ъ М╥л╙▒ `|||╥  Cт═┬;·~MC⌡÷┤ч          ═┬  _х  A{                      
 П Т П Ъ Э Г Ъ  Х Ъ М╥л╙▒ `|||╥  Cт═┬;·~MC⌡÷┤ч          ═┬  _х  A{                      
 П Т П Ъ Э Г Ъ  Х Ъ М╥л╙▒ `|||╥  Cт═┬;·~MC⌡÷┤ч          ═┬  _х  A{                      
 П Т П Ъ Э Г Ъ  Х Ъ М╥л╙▒ `|||╥  Cт═┬;·~MC⌡÷┤ч          ═┬  _х  A{                      
 П Т П Ъ Э Г Ъ  Х Ъ М╥л╙▒ `|||╥  Cт═┬;·~MC⌡÷┤ч          ═┬  _х  A{                      
 П Т П Ъ Э Г Ъ  Х Ъ М╥л╙▒ `|||╥  Cт═┬;·~MC⌡÷┤ч          ═┬  _х  A{                      
 П Т П Ъ Э Г Ъ  Х Ъ М╥л╙▒ `|||╥  Cт═┬;·~MC⌡÷┤ч          ═┬  _х  A{                      
 П Т П Ъ Э Г Ъ  Х Ъ М╥л╙▒ `|||╥  Cт═┬;·~MC⌡÷┤ч          ═┬  _х  A{                      
 П Т П Ъ Э Г Ъ  Х Ъ М╥л╙▒ `|||╥  Cт═┬;·~MC⌡÷┤ч          ═┬  _х  A{                      
 П Т П Ъ Э Г Ъ  Х Ъ М╥л╙▒ `|||╥  Cт═┬;·~MC⌡÷┤ч          ═┬  _х  A{                      
 П Т П Ъ Э Г Ъ  Х Ъ М╥л╙▒ `|||╥  Cт═┬;·~MC⌡÷┤ч          ═┬  _х  A{                      
 П Т П Ъ Э Г Ъ  Х Ъ М╥л╙▒ `|||╥  Cт═┬;·~MC⌡÷┤ч          ═┬  _х  A{                      
 П Т П Ъ Э Г Ъ  Х Ъ М╥л╙▒ `|||╥  Cт═┬;·~MC⌡÷┤ч          ═┬  _х  A{                      
 П Т П Ъ Э Г Ъ  Х Ъ М╥л╙▒ `|||╥  Cт═┬;·~MC⌡÷┤ч          ═┬  _х  A{                      
 П Т П Ъ Э Г Ъ  Х Ъ М╥л╙▒ `|||╥  Cт═┬;·~MC⌡÷┤ч          ═┬  _х  A{                      
 П Т П Ъ Э Г Ъ  Х Ъ М╥л╙▒ `|||╥  Cт═┬;·~MC⌡÷┤ч          ═┬  _х  A{                      
 П Т П Ъ Э Г Ъ  Х Ъ М╥л╙▒ `|||╥  Cт═┬;·~MC⌡÷┤ч          ═┬  _х  A{                      
 П Т П Ъ Э Г Ъ  Х Ъ М╥л╙▒ `|||╥  Cт═┬;·~MC⌡÷┤ч          ═┬  _х  A{                      
 П Т П Ъ Э Г Ъ  Х Ъ М╥л╙▒ `|||╥  Cт═┬;·~MC⌡÷┤ч          ═┬  _х  A{                      
 П Т П Ъ Э Г Ъ  Х Ъ М╥л╙▒ `|||╥  Cт═┬;·~MC⌡÷┤ч          ═┬  _х  A{                      
 П Т П Ъ Э Г Ъ  Х Ъ М╥л╙▒ `|||╥  Cт═┬;·~MC⌡÷┤ч          ═┬  _х  A{                      
 П Т П Ъ Э Г Ъ  Х Ъ М╥л╙▒ `|||╥  Cт═┬;·~MC⌡÷┤ч          ═┬  _х  A{                      
 П Т П Ъ Э Г Ъ  Х Ъ М╥л╙▒ `|||╥  Cт═┬;·~MC⌡÷┤ч          ═┬  _х  A{                      
 П Т П Ъ Э Г Ъ  Х Ъ М╥л╙▒ `|||╥  Cт═┬;·~MC⌡÷┤ч          ═┬  _х  A{                      
 П Т П Ъ Э Г Ъ  Х Ъ М╥л╙▒ `|||╥  Cт═┬;·~MC⌡÷┤ч          ═┬  _х  A{                      
 П Т П Ъ Э Г Ъ  Х Ъ М╥л╙▒ `|||╥  Cт═┬;·~MC⌡÷┤ч          ═┬  _х  A{                      
 П Т П Ъ Э Г Ъ  Х Ъ М╥л╙▒ `|||╥  Cт═┬;·~MC⌡÷┤ч          ═┬  _х  A{                      
 П Т П Ъ Э Г Ъ  Х Ъ М╥л╙▒ `|||╥  Cт═┬;·~MC⌡÷┤ч          ═┬  _х  A{                      
 П Т П Ъ Э Г Ъ  Х Ъ М╥л╙▒ `|||╥  Cт═┬;·~MC⌡÷┤ч          ═┬  _х  A{                      
 П Т П Ъ Э Г Ъ  Х Ъ М╥л╙▒ `|||╥  Cт═┬;·~MC⌡÷┤ч          ═┬  _х  A{                      
 П Т П Ъ Э Г Ъ  Х Ъ М╥л╙▒ `|||╥  Cт═┬;·~MC⌡÷┤ч          ═┬  _х  A{                      
 П Т П Ъ Э Г Ъ  Х Ъ М╥л╙▒ `|||╥  Cт═┬;·~MC⌡÷┤ч          ═┬  _х  A{                      
 П Т П Ъ Э Г Ъ  Х Ъ М╥л╙▒ `|||╥  Cт═┬;·~MC⌡÷┤ч          ═┬  _х  A{                      
 П Т П Ъ Э Г Ъ  Х Ъ М╥л╙▒ `|||╥  Cт═┬;·~MC⌡÷┤ч          ═┬  _х  A{                      
 П Т П Ъ Э Г Ъ  Х Ъ М╥л╙▒ `|||╥  Cт═┬;·~MC⌡÷┤ч          ═┬  _х  A{                      
 П Т П Ъ Э Г Ъ  Х Ъ М╥л╙▒ `|||╥  Cт═┬;·~MC⌡÷┤ч          ═┬  _х  A{                      
 П Т П Ъ Э Г Ъ  Х Ъ М╥л╙▒ `|||╥  Cт═┬;·~MC⌡÷┤ч          ═┬  _х  A{                      
 П Т П Ъ Э Г Ъ  Х Ъ М╥л╙▒ `|||╥  Cт═┬;·~MC⌡÷┤ч          ═┬  _х  A{                      
 П Т П Ъ Э Г Ъ  Х Ъ М╥л╙▒ `|||╥  Cт═┬;·~MC⌡÷┤ч          ═┬  _х  A{                      
 П Т П Ъ Э Г Ъ  Х Ъ М╥л╙▒ `|||╥  Cт═┬;·~MC⌡÷┤ч          ═┬  _х  A{                      
 П Т П Ъ Э Г Ъ  Х Ъ М╥л╙▒ `|||╥  Cт═┬;·~MC⌡÷┤ч          ═┬  _х  A{                      
 П Т П Ъ Э Г Ъ  Х Ъ М╥л╙▒ `|||╥  Cт═┬;·~MC⌡÷┤ч          ═┬  _х  A{                      
 П Т П Ъ Э Г Ъ  Х Ъ М╥л╙▒ `|||╥  Cт═┬;·~MC⌡÷┤ч          ═┬  _х  A{                      
 П Т П Ъ Э Г Ъ  Х Ъ М╥л╙▒ `|_{Л  D╧╒┬;l·[| Dc·Гj          ╒┬  _х  Al                      		 В	 Шfл╙▒ `|_{Л  D╧╒┬;l·[| Dc·Гj          ╒┬  _х  Al                      		 В	 Шfл╙▒ `|_{Л  D╧╒┬;l·[| Dc·Гj          ╒┬  _х  Al                      		 В	 Шfл╙▒ `|_{Л  D╧╒┬;l·[| Dc·Гj          ╒┬  _х  Al                      		 В	 Шfл╙▒ `|_{Л  D╧╒┬;l·[| Dc·Гj          ╒┬  _х  Al                      		 В	 Шfл╙▒ `|_{Л  D╧╒┬;l·[| Dc·Гj          ╒┬  _х  Al                      		 В	 Шfл╙▒ `|_{Л  D╧╒┬;l·[| Dc·Гj          ╒┬  _х  Al                      		 В	 Шfл╙▒ `|_{Л  D╧╒┬;l·[| Dc·Гj          ╒┬  _х  Al                      		 В	 Шfл╙▒ `|_{Л  D╧╒┬;l·[| Dc·Гj          ╒┬  _х  Al                      		 В	 Шfл╙▒ `|_{Л  D╧╒┬;l·[| Dc·Гj          ╒┬  _х  Al                      		 В	 Шfл╙▒ `|_{Л  D╧╒┬;l·[| Dc·Гj          ╒┬  _х  Al                      		 В	 Шfл╙▒ `|_{Л  D╧╒┬;l·[| Dc·Гj          ╒┬  _х  Al                      		 В	 Шfл╙▒ `|_{Л  D╧╒┬;l·[| Dc·Гj          ╒┬  _х  Al                      		 В	 Шfл╙▒ `|_{Л  D╧╒┬;l·[| Dc·Гj          ╒┬  _х  Al                      		 В	 Шfл╙▒ `|_{Л  D╧╒┬;l·[| Dc·Гj          ╒┬  _х  Al                      		 В	 Шfл╙▒ `|_{Л  D╧╒┬;l·[| Dc·Гj          ╒┬  _х  Al                      		 В	 Шfл╙▒ `|_{Л  D╧╒┬;l·[| Dc·Гj          ╒┬  _х  Al                      		 В	 Шfл╙▒ `|_{Л  D╧╒┬;l·[| Dc·Гj          ╒┬  _х  Al                      		 В	 Шfл╙▒ `|_{Л  D╧╒┬;l·[| Dc·Гj          ╒┬  _х  Al                      		 В	 Шfл╙▒ `|_{Л  D╧╒┬;l·[| Dc·Гj          ╒┬  _х  Al                      		 В	 Шfл╙▒ `|_{Л  D╧╒┬;l·[| Dc·Гj          ╒┬  _х  Al                      		 В	 Шfл╙▒ `|_{Л  D╧╒┬;l·[| Dc·Гj          ╒┬  _х  Al                      		 В	 Шfл╙▒ `|_{Л  D╧╒┬;l·[| Dc·Гj          ╒┬  _х  Al                      		 В	 Шfл╙▒ `|_{Л  D╧╒┬;l·[| Dc·Гj          ╒┬  _х  Al                      		 В	 Шfл╙▒ `|_{Л  D╧╒┬;l·[| Dc·Гj          ╒┬  _х  Al                      		 В	 Шfл╙▒ `|_{Л  D╧╒┬;l·[| Dc·Гj          ╒┬  _х  Al                      		 В	 Шfл╙▒ `|_{Л  D╧╒┬;l·[| Dc·Гj          ╒┬  _х  Al                      		 В	 Шf╙╙▒ `|_{Л  D╧╒┬;l·[| Dc·Гj          ╒┬  _х  Al                      		 В	 Шfл╙▒ `|_{Л  D╧╒┬;l·[| Dc·Гj          ╒┬  _х  Al                      		 В	 Шfл╙▒ `|_{Л  D╧╒┬;l·[| Dc·Гj          ╒┬  _х  Al                      		 В	 Шfл╙▒ `|_{Л  D╧╒┬;l·[| Dc·Гj          ╒┬  _х  Al                      		 В	 Шfл╙▒ `|_{Л  D╧╒┬;l·[| Dc·Гj          ╒┬  _х  Al                      		 В	 Шfл╙▒ `|_{Л  D╧╒┬;l·[| Dc·Гj          ╒┬  _х  Al                      		 В	 Шfл╙▒ `|_{Л  D╧╒┬;l·[| Dc·Гj          ╒┬  _х  Al                      		 В	 Шfл╙▒ `|_{Л  D╧╒┬;l·[| Dc·Гj          ╒┬  _х  Al                      		 В	 Шfл╙▒ `|_{Л  D╧╒┬;l·[| Dc·Гj          ╒┬  _х  Al                      		 В	 Шfл╙▒ `|_{Л  D╧╒┬;l·[| Dc·Гj          ╒┬  _х  Al                      		 В	 Шfл╙▒ `|_{Л  D╧╒┬;l·[| Dc·Гj          ╒┬  _х  Al                      		 В	 Шfл╙▒ `|_{Л  D╧╒┬;l·[| Dc·Гj          ╒┬  _х  Al                      		 В	 Шfл╙▒ `|_{Л  D╧╒┬;l·[| Dc·Гj          ╒┬  _х  Al                      		 В	 Шfл╙▒ `|_{Л  D╧╒┬;l·[| Dc·Гj          ╒┬  _х  Al                      		 В	 Шfл╙▒ `|_{Л  D╧╒┬;l·[| Dc·Гj          ╒┬  _х  Al                      		 В	 Шfл╙▒ `|_{Л  D╧╒┬;l·[| Dc·Гj          ╒┬  _х  Al                      		 В	 Шfл╙▒ `|_{Л  D╧╒┬;l·[| Dc·Гj          ╒┬  _х  Al                      		 В	 Шfл╙▒ `|_{Л  D╧╒┬;l·[| Dc·Гj          ╒┬  _х  Al                      		 В	 Шf╙╙▒ `|_{Л  D╧╒┬;l·[| Dc·Гj          ╒┬  _х  Al                      		 В	 Шfл╙▒ `|_{Л  D╧╒┬;l·[| Dc·Гj          ╒┬  _х  Al                      		 В	 Шfл╙▒ `|_{Л  D╧╒┬;l·[| Dc·Гj          ╒┬  _х  Al                      		 В	 Шfл╙▒ `|_{Л  D╧╒┬;l·[| Dc·Гj          ╒┬  _х  Al                      		 В	 Шf╙╙▒ `|_Ъ  BC╒;=⌡С| CЯ²Н          ╒  _х  Al                       в С Т Х Ъ  Нйл╙▒ `|_Ъ  BC╒;=⌡С| CЯ²Н          ╒  _х  Al                       в С Т Х Ъ  Нйл╙▒ `|_Ъ  BC╒;=⌡С| CЯ²Н          ╒  _х  Al                       в С Т Х Ъ  Нйл╙▒ `|_Ъ  BC╒;=⌡С| CЯ²Н          ╒  _х  Al                       в С Т Х Ъ  Нйл╙▒ `|_Ъ  BC╒;=⌡С| CЯ²Н          ╒  _х  Al                       в С Т Х Ъ  Нйл╙▒ `|_Ъ  BC╒;=⌡С| CЯ²Н          ╒  _х  Al                       в С Т Х Ъ  Нйл╙▒ `|_Ъ  BC╒;=⌡С| CЯ²Н          ╒  _х  Al                       в С Т Х Ъ  Нйл╙▒ `|_Ъ  BC╒;=⌡С| CЯ²Н          ╒  _х  Al                       в С Т Х Ъ  Нйл╙▒ `|_Ъ  BC╒;=⌡С| CЯ²Н          ╒  _х  Al                       в С Т Х Ъ  Нйл╙▒ `|_Ъ  BC╒;=⌡С| CЯ²Н          ╒  _х  Al                       в С Т Х Ъ  Нйл╙▒ `|_Ъ  BC╒;=⌡С| CЯ²Н          ╒  _х  Al                       в С Т Х Ъ  Нйл╙▒ `|_Ъ  BC╒;=⌡С| CЯ²Н          ╒  _х  Al                       в С Т Х Ъ  Нйл╙▒ `|_Ъ  BC╒;=⌡С| CЯ²Н          ╒  _х  Al                       в С Т Х Ъ  Нйл╙▒ `|_Ъ  BC╒;=⌡С| CЯ²Н          ╒  _х  Al                       в С Т Х Ъ  Нйл╙▒ `|_Ъ  BC╒;=⌡С| CЯ²Н          ╒  _х  Al                       в С Т Х Ъ  Нйл╙▒ `|_Ъ  BC╒;=⌡С| CЯ²Н          ╒  _х  Al                       в С Т Х Ъ  Нйл╙▒ `|_Ъ  BC╒;=⌡С| CЯ²Н          ╒  _х  Al                       в С Т Х Ъ  Нйл╙▒ `|_Ъ  BC╒;=⌡С| CЯ²Н          ╒  _х  Al                       в С Т Х Ъ  Нйл╙▒ `|_Ъ  BC╒;=⌡С| CЯ²Н          ╒  _х  Al                       в С Т Х Ъ  Нйл╙▒ `|_Ъ  BC╒;=⌡С| CЯ²Н          ╒  _х  Al                       в С Т Х Ъ  Нйл╙▒ `|_Ъ  BC╒;=⌡С| CЯ²Н          ╒  _х  Al                       в С Т Х Ъ  Нйл╙▒ `|_Ъ  BC╒;=⌡С| CЯ²Н          ╒  _х  Al                       в С Т Х Ъ  Нйл╙▒ `|_Ъ  BC╒;=⌡С| CЯ²Н          ╒  _х  Al                       в С Т Х Ъ  Нйл╙▒ `|_Ъ  BC╒;=⌡С| CЯ²Н          ╒  _х  Al                       в С Т Х Ъ  Нйл╙▒ `|_Ъ  BC╒;=⌡С| CЯ²Н          ╒  _х  Al                       в С Т Х Ъ  Нйл╙▒ `|_Ъ  BC╒;=⌡С| CЯ²Н          ╒  _х  Al                       в С Т Х Ъ  Нйл╙▒ `|_Ъ  BC╒;=⌡С| CЯ²Н          ╒  _х  Al                       в С Т Х Ъ  Нйл╙▒ `|_Ъ  BC╒;=⌡С| CЯ²Н          ╒  _х  Al                       в С Т Х Ъ  Нйл╙▒ `|_Ъ  BC╒;=⌡С| CЯ²Н          ╒  _х  Al                       в С Т Х Ъ  Нйл╙▒ `|_Ъ  BC╒;=⌡С| CЯ²Н          ╒  _х  Al                       в С Т Х Ъ  Нйл╙▒ `|_Ъ  BC╒;=⌡С| CЯ²Н          ╒  _х  Al                       в С Т Х Ъ  Нйл╙▒ `|_Ъ  BC╒;=⌡С| CЯ²Н          ╒  _х  Al                       в С Т Х Ъ  Нйл╙▒ `|_Ъ  BC╒;=⌡С| CЯ²Н          ╒  _х  Al                       в С Т Х Ъ  Нйл╙▒ `|_Ъ  BC╒;=⌡С| CЯ²Н          ╒  _х  Al                       в С Т Х Ъ  Нйл╙▒ `|_Ъ  BC╒;=⌡С| CЯ²Н          ╒  _х  Al                       в С Т Х Ъ  Нйл╙▒ `|_Ъ  BC╒;=⌡С| CЯ²Н          ╒  _х  Al                       в С Т Х Ъ  Нйл╙▒ `|_Ъ  BC╒;=⌡С| CЯ²Н          ╒  _х  Al                       в С Т Х Ъ  Нйл╙▒ `|_Ъ  BC╒;=⌡С| CЯ²Н          ╒  _х  Al                       в С Т Х Ъ  Нйл╙▒ `|_Ъ  BC╒;=⌡С| CЯ²Н          ╒  _х  Al                       в С Т Х Ъ  Нйл╙▒ `|_Ъ  BC╒;=⌡С| CЯ²Н          ╒  _х  Al                       в С Т Х Ъ  Нйл╙▒ `|_Ъ  BC╒;=⌡С| CЯ²Н          ╒  _х  Al                       в С Т Х Ъ  Нйл╙▒ `|_Ъ  BC╒;=⌡С| CЯ²Н          ╒  _х  Al                       в С Т Х Ъ  Нйл╙▒ `|_Ъ  BC╒;=⌡С| CЯ²Н          ╒  _х  Al                       в С Т Х Ъ  Нйл╙▒ `|_Ъ  BC╒;=⌡С| CЯ²Н          ╒  _х  Al                       в С Т Х Ъ  Нйл╙▒ `|_Ъ  BC╒;=⌡С| CЯ²Н          ╒  _х  Al                       в С Т Х Ъ  Нйл╙▒ `|_Ъ  BC╒;=⌡С| CЯ²Н          ╒  _х  Al                       в С Т Х Ъ  Нйл╙▒ `|_Ъ  BC╒;=⌡С| CЯ²Н          ╒  _х  Al                       в С Т Х Ъ  Нйл╙▒ `|_Ъ  BC╒;=⌡С| CЯ²Н          ╒  _х  Al                       в С Т Х Ъ  Нйл╙▒ `|_Ъ  BC╒;=⌡С| CЯ²Н          ╒  _х  Al                       в С Т Х Ъ  Нйл╙▒ `~^|Q  Dc═H;· }?A≈═hЬ          ═H  _х  By                       О Ш У М Й Ч Ч С Ъ Зaл╙▒ `~^|Q  Dc═H;· }?A≈═hЬ          ═H  _х  By                       О Ш У М Й Ч Ч С Ъ Зaл╙▒ `~^|Q  Dc═H;· }?A≈═hЬ          ═H  _х  By                       О Ш У М Й Ч Ч С Ъ Зaл╙▒ `~^|Q  Dc═H;· }?A≈═hЬ          ═H  _х  By                       О Ш У М Й Ч Ч С Ъ Зaл╙▒ `~^|Q  Dc═H;· }?A≈═hЬ          ═H  _х  By                       О Ш У М Й Ч Ч С Ъ Зaл╙▒ `~^|Q  Dc═H;· }?A≈═hЬ          ═H  _х  By                       О Ш У М Й Ч Ч С Ъ Зaл╙▒ `~^|Q  Dc═H;· }?A≈═hЬ          ═H  _х  By                       О Ш У М Й Ч Ч С Ъ Зaл╙▒ `~^|Q  Dc═H;· }?A≈═hЬ          ═H  _х  By                       О Ш У М Й Ч Ч С Ъ Зaл╙▒ `~^|Q  Dc═H;· }?A≈═hЬ          ═H  _х  By                       О Ш У М Й Ч Ч С Ъ Зaл╙▒ `~^|Q  Dc═H;· }?A≈═hЬ          ═H  _х  By                       О Ш У М Й Ч Ч С Ъ Зaл╙▒ `~^|Q  Dc═H;· }?A≈═hЬ          ═H  _х  By                       О Ш У М Й Ч Ч С Ъ Зaл╙▒ `~^|Q  Dc═H;· }?A≈═hЬ          ═H  _х  By                       О Ш У М Й Ч Ч С Ъ Зaл╙▒ `~^|Q  Dc═H;· }?A≈═hЬ          ═H  _х  By                       О Ш У М Й Ч Ч С Ъ Зaл╙▒ `~^|Q  Dc═H;· }?A≈═hЬ          ═H  _х  By                       О Ш У М Й Ч Ч С Ъ Зaл╙▒ `~^|Q  Dc═H;· }?A≈═hЬ          ═H  _х  By                       О Ш У М Й Ч Ч С Ъ Зaл╙▒ `~^|Q  Dc═H;· }?A≈═hЬ          ═H  _х  By                       О Ш У М Й Ч Ч С Ъ Зaл╙▒ `~^|Q  Dc═H;· }?A≈═hЬ          ═H  _х  By                       О Ш У М Й Ч Ч С Ъ Зaл╙▒ `~^|Q  Dc═H;· }?A≈═hЬ          ═H  _х  By                       О Ш У М Й Ч Ч С Ъ Зaл╙▒ `~^|Q  Dc═H;· }?A≈═hЬ          ═H  _х  By                       О Ш У М Й Ч Ч С Ъ Зaл╙▒ `~^|Q  Dc═H;· }?A≈═hЬ          ═H  _х  By                       О Ш У М Й Ч Ч С Ъ Зaл╙▒ `~^|Q  Dc═H;· }?A≈═hЬ          ═H  _х  By                       О Ш У М Й Ч Ч С Ъ Зaл╙▒ `~^|Q  Dc═H;· }?A≈═hЬ          ═H  _х  By                       О Ш У М Й Ч Ч С Ъ Зaл╙▒ `~^|Q  Dc═H;· }?A≈═hЬ          ═H  _х  By                       О Ш У М Й Ч Ч С Ъ Зaл╙▒ `~^|Q  Dc═H;· }?A≈═hЬ          ═H  _х  By                       О Ш У М Й Ч Ч С Ъ Зaл╙▒ `~^|Q  Dc═H;· }?A≈═hЬ          ═H  _х  By                       О Ш У М Й Ч Ч С Ъ Зaл╙▒ `~^|Q  Dc═H;· }?A≈═hЬ          ═H  _х  By                       О Ш У М Й Ч Ч С Ъ Зaл╙▒ `~^|Q  Dc═H;· }?A≈═hЬ          ═H  _х  By                       О Ш У М Й Ч Ч С Ъ Зaл╙▒ `~^|Q  Dc═H;· }?A≈═hЬ          ═H  _х  By                       О Ш У М Й Ч Ч С Ъ Зaл╙▒ `~^|Q  Dc═H;· }?A≈═hЬ          ═H  _х  By                       О Ш У М Й Ч Ч С Ъ Зaл╙▒ `~^|Q  Dc═H;· }?A≈═hЬ          ═H  _х  By                       О Ш У М Й Ч Ч С Ъ Зaл╙▒ `~^|Q  Dc═H;· }?A≈═hЬ          ═H  _х  By                       О Ш У М Й Ч Ч С Ъ Зaл╙▒ `~^|Q  Dc═H;· }?A≈═hЬ          ═H  _х  By                       О Ш У М Й Ч Ч С Ъ Зaл╙▒ `~^|Q  Dc═H;· }?A≈═hЬ          ═H  _х  By                       О Ш У М Й Ч Ч С Ъ Зaл╙▒ `~^|Q  Dc═H;· }?A≈═hЬ          ═H  _х  By                       О Ш У М Й Ч Ч С Ъ Зaл╙▒ `~^|Q  Dc═H;· }?A≈═hЬ          ═H  _х  By                       О Ш У М Й Ч Ч С Ъ Зaл╙▒ `~^|Q  Dc═H;· }?A≈═hЬ          ═H  _х  By                       О Ш У М Й Ч Ч С Ъ Зaл╙▒ `~^|Q  Dc═H;· }?A≈═hЬ          ═H  _х  By                       О Ш У М Й Ч Ч С Ъ Зaл╙▒ `~^|Q  Dc═H;· }?A≈═hЬ          ═H  _х  By                       О Ш У М Й Ч Ч С Ъ Зaл╙▒ `~^|Q  Dc═H;· }?A≈═hЬ          ═H  _х  By                       О Ш У М Й Ч Ч С Ъ Зaл╙▒ `~^|Q  Dc═H;· }?A≈═hЬ          ═H  _х  By                       О Ш У М Й Ч Ч С Ъ Зaл╙▒ `~^|Q  Dc═H;· }?A≈═hЬ          ═H  _х  By                       О Ш У М Й Ч Ч С Ъ Зaл╙▒ `~^|Q  Dc═H;· }?A≈═hЬ          ═H  _х  By                       О Ш У М Й Ч Ч С Ъ Зaл╙▒ `~^|Q  Dc═H;· }?A≈═hЬ          ═H  _х  By                       О Ш У М Й Ч Ч С Ъ Зaл╙▒ `~^|Q  Dc═H;· }?A≈═hЬ          ═H  _х  By                       О Ш У М Й Ч Ч С Ъ Зaл╙▒ `~^|Q  Dc═H;· }?A≈═hЬ          ═H  _х  By                       О Ш У М Й Ч Ч С Ъ Зaл╙▒ `~^|Q  Dc═H;· }?A≈═hЬ          ═H  _х  By                       О Ш У М Й Ч Ч С Ъ Зaл╙▒ `~^|Q  Dc═H;· }?A≈═hЬ          ═H  _х  By                       О Ш У М Й Ч Ч С Ъ Зaл╙▒ `~^|Q  Dc═H;· }?A≈═hЬ          ═H  _х  By                       О Ш У М Й Ч Ч С Ъ Зaл╙▒ `~^|Q  Dc═H;· }?A≈═hЬ          ═H  _х  By                       О Ш У М Й Ч Ч С Ъ Зaл╙▒ `└L~  ?=²g:к≈A╓>°G┐          ²g  _х  E≤                       ё М Х ь к К ч э м Б э н щ с б ы[л╙▒ `└L~  ?=²g:к≈A╓>°G┐          ²g  _х  E≤                       ё М Х ь к К ч э м Б э н щ с б ы[л╙▒ `└L~  ?=²g:к≈A╓>°G┐          ²g  _х  E≤                       ё М Х ь к К ч э м Б э н щ с б ы[л╙▒ `└L~  ?=²g:к≈A╓>°G┐          ²g  _х  E≤                       ё М Х ь к К ч э м Б э н щ с б ы[л╙▒ `└L~  ?=²g:к≈A╓>°G┐          ²g  _х  E≤                       ё М Х ь к К ч э м Б э н щ с б ы[л╙▒ `└L~  ?=²g:к≈A╓>°G┐          ²g  _х  E≤                       ё М Х ь к К ч э м Б э н щ с б ы[л╙▒ `└L~  ?=²g:к≈A╓>°G┐          ²g  _х  E≤                       ё М Х ь к К ч э м Б э н щ с б ы[л╙▒ `└L~  ?=²g:к≈A╓>°G┐          ²g  _х  E≤                       ё М Х ь к К ч э м Б э н щ с б ы[л╙▒ `└L~  ?=²g:к≈A╓>°G┐          ²g  _х  E≤                       ё М Х ь к К ч э м Б э н щ с б ы[л╙▒ `└L~  ?=²g:к≈A╓>°G┐          ²g  _х  E≤                       ё М Х ь к К ч э м Б э н щ с б ы[л╙▒ `└L~  ?=²g:к≈A╓>°G┐          ²g  _х  E≤                       ё М Х ь к К ч э м Б э н щ с б ы[л╙▒ `└L~  ?=²g:к≈A╓>°G┐          ²g  _х  E≤                       ё М Х ь к К ч э м Б э н щ с б ы[л╙▒ `└L~  ?=²g:к≈A╓>°G┐          ²g  _х  E≤                       ё М Х ь к К ч э м Б э н щ с б ы[л╙▒ `└L~  ?=²g:к≈A╓>°G┐          ²g  _х  E≤                       ё М Х ь к К ч э м Б э н щ с б ы[л╙▒ `└L~  ?=²g:к≈A╓>°G┐          ²g  _х  E≤                       ё М Х ь к К ч э м Б э н щ с б ы[л╙▒ `└L~  ?=²g:к≈A╓>°G┐          ²g  _х  E≤                       ё М Х ь к К ч э м Б э н щ с б ы[л╙▒ `└L~  ?=²g:к≈A╓>°G┐          ²g  _х  E≤                       ё М Х ь к К ч э м Б э н щ с б ы[л╙▒ `└L~  ?=²g:к≈A╓>°G┐          ²g  _х  E≤                       ё М Х ь к К ч э м Б э н щ с б ы[л╙▒ `└L~  ?=²g:к≈A╓>°G┐          ²g  _х  E≤                       ё М Х ь к К ч э м Б э н щ с б ы[л╙▒ `└L~  ?=²g:к≈A╓>°G┐          ²g  _х  E≤                       ё М Х ь к К ч э м Б э н щ с б ы[л╙▒ `└L~  ?=²g:к≈A╓>°G┐          ²g  _х  E≤                       ё М Х ь к К ч э м Б э н щ с б ы[л╙▒ `└L~  ?=²g:к≈A╓>°G┐          ²g  _х  E≤                       ё М Х ь к К ч э м Б э н щ с б ы[л╙▒ `└L~  ?=²g:к≈A╓>°G┐          ²g  _х  E≤                       ё М Х ь к К ч э м Б э н щ с б ы[л╙▒ `└L~  ?=²g:к≈A╓>°G┐          ²g  _х  E≤                       ё М Х ь к К ч э м Б э н щ с б ы[л╙▒ `└L~  ?=²g:к≈A╓>°G┐          ²g  _х  E≤                       ё М Х ь к К ч э м Б э н щ с б ы[л╙▒ `└L~  ?=²g:к≈A╓>°G┐          ²g  _х  E≤                       ё М Х ь к К ч э м Б э н щ с б ы[л╙▒ `└L~  ?=²g:к≈A╓>°G┐          ²g  _х  E≤                       ё М Х ь к К ч э м Б э н щ с б ы[л╙▒ `└L~  ?=²g:к≈A╓>°G┐          ²g  _х  E≤                       ё М Х ь к К ч э м Б э н щ с б ы[л╙▒ `└L~  ?=²g:к≈A╓>°G┐          ²g  _х  E≤                       ё М Х ь к К ч э м Б э н щ с б ы[л╙▒ `└L~  ?=²g:к≈A╓>°G┐          ²g  _х  E≤                       ё М Х ь к К ч э м Б э н щ с б ы[л╙▒ `└L~  ?=²g:к≈A╓>°G┐          ²g  _х  E≤                       ё М Х ь к К ч э м Б э н щ с б ы[л╙▒ `└L~  ?=²g:к≈A╓>°G┐          ²g  _х  E≤                       ё М Х ь к К ч э м Б э н щ с б ы[л╙▒ `└L~  ?=²g:к≈A╓>°G┐          ²g  _х  E≤                       ё М Х ь к К ч э м Б э н щ с б ы[л╙▒ `└L~  ?=²g:к≈A╓>°G┐          ²g  _х  E≤                       ё М Х ь к К ч э м Б э н щ с б ы[л╙▒ `└L~  ?=²g:к≈A╓>°G┐          ²g  _х  E≤                       ё М Х ь к К ч э м Б э н щ с б ы[л╙▒ `└L~  ?=²g:к≈A╓>°G┐          ²g  _х  E≤                       ё М Х ь к К ч э м Б э н щ с б ы[л╙▒ `└L~  ?=²g:к≈A╓>°G┐          ²g  _х  E≤                       ё М Х ь к К ч э м Б э н щ с б ы[л╙▒ `└L~  ?=²g:к≈A╓>°G┐          ²g  _х  E≤                       ё М Х ь к К ч э м Б э н щ с б ы[л╙▒ `└L~  ?=²g:к≈A╓>°G┐          ²g  _х  E≤                       ё М Х ь к К ч э м Б э н щ с б ы[л╙▒ `└L~  ?=²g:к≈A╓>°G┐          ²g  _х  E≤                       ё М Х ь к К ч э м Б э н щ с б ы[л╙▒ `└L~  ?=²g:к≈A╓>°G┐          ²g  _х  E≤                       ё М Х ь к К ч э м Б э н щ с б ы[л╙▒ `└L~  ?=²g:к≈A╓>°G┐          ²g  _х  E≤                       ё М Х ь к К ч э м Б э н щ с б ы[л╙▒ `└L~  ?=²g:к≈A╓>°G┐          ²g  _х  E≤                       ё М Х ь к К ч э м Б э н щ с б ы[л╙▒ `└L~  ?=²g:к≈A╓>°G┐          ²g  _х  E≤                       ё М Х ь к К ч э м Б э н щ с б ы[л╙▒ `└L~  ?=²g:к≈A╓>°G┐          ²g  _х  E≤                       ё М Х ь к К ч э м Б э н щ с б ы[л╙▒ `└L~  ?=²g:к≈A╓>°G┐          ²g  _х  E≤                       ё М Х ь к К ч э м Б э н щ с б ы[л╙▒ `└L~  ?=²g:к≈A╓>°G┐          ²g  _х  E≤                       ё М Х ь к К ч э м Б э н щ с б ы[л╙▒ `└L~  ?=²g:к≈A╓>°G┐          ²g  _х  E≤                       ё М Х ь к К ч э м Б э н щ с б ы[л╙▒ `└L~  ?=²g:к≈A╓>°G┐          ²g  _х  E≤                       ё М Х ь к К ч э м Б э н щ с б ы[л╙▒ `|С─$  C~²G; °├}╩3BО Fч          ²G  _х  A╨                       у Ч Ы Й Ш Ь Ы р Г Й в Н К щKл╙▒ `|С─$  C~²G; °├}╩3BО Fч          ²G  _х  A╨                       у Ч Ы Й Ш Ь Ы р Г Й в Н К щKл╙▒ `|С─$  C~²G; °├}╩3BО Fч          ²G  _х  A╨                       у Ч Ы Й Ш Ь Ы р Г Й в Н К щKл╙▒ `|С─$  C~²G; °├}╩3BО Fч          ²G  _х  A╨                       у Ч Ы Й Ш Ь Ы р Г Й в Н К щKл╙▒ `|С─$  C~²G; °├}╩3BО Fч          ²G  _х  A╨                       у Ч Ы Й Ш Ь Ы р Г Й в Н К щKл╙▒ `|С─$  C~²G; °├}╩3BО Fч          ²G  _х  A╨                       у Ч Ы Й Ш Ь Ы р Г Й в Н К щKл╙▒ `|С─$  C~²G; °├}╩3BО Fч          ²G  _х  A╨                       у Ч Ы Й Ш Ь Ы р Г Й в Н К щKл╙▒ `|С─$  C~²G; °├}╩3BО Fч          ²G  _х  A╨                       у Ч Ы Й Ш Ь Ы р Г Й в Н К щKл╙▒ `|С─$  C~²G; °├}╩3BО Fч          ²G  _х  A╨                       у Ч Ы Й Ш Ь Ы р Г Й в Н К щKл╙▒ `|С─$  C~²G; °├}╩3BО Fч          ²G  _х  A╨                       у Ч Ы Й Ш Ь Ы р Г Й в Н К щKл╙▒ `|С─$  C~²G; °├}╩3BО Fч          ²G  _х  A╨                       у Ч Ы Й Ш Ь Ы р Г Й в Н К щKл╙▒ `|С─$  C~²G; °├}╩3BО Fч          ²G  _х  A╨                       у Ч Ы Й Ш Ь Ы р Г Й в Н К щKл╙▒ `|С─$  C~²G; °├}╩3BО Fч          ²G  _х  A╨                       у Ч Ы Й Ш Ь Ы р Г Й в Н К щKл╙▒ `|С─$  C~²G; °├}╩3BО Fч          ²G  _х  A╨                       у Ч Ы Й Ш Ь Ы р Г Й в Н К щKл╙▒ `|С─$  C~²G; °├}╩3BО Fч          ²G  _х  A╨                       у Ч Ы Й Ш Ь Ы р Г Й в Н К щKл╙▒ `|С─$  C~²G; °├}╩3BО Fч          ²G  _х  A╨                       у Ч Ы Й Ш Ь Ы р Г Й в Н К щKл╙▒ `|С─$  C~²G; °├}╩3BО Fч          ²G  _х  A╨                       у Ч Ы Й Ш Ь Ы р Г Й в Н К щKл╙▒ `|С─$  C~²G; °├}╩3BО Fч          ²G  _х  A╨                       у Ч Ы Й Ш Ь Ы р Г Й в Н К щKл╙▒ `|С─$  C~²G; °├}╩3BО Fч          ²G  _х  A╨                       у Ч Ы Й Ш Ь Ы р Г Й в Н К щKл╙▒ `|С─$  C~²G; °├}╩3BО Fч          ²G  _х  A╨                       у Ч Ы Й Ш Ь Ы р Г Й в Н К щKл╙▒ `|С─$  C~²G; °├}╩3BО Fч          ²G  _х  A╨                       у Ч Ы Й Ш Ь Ы р Г Й в Н К щKл╙▒ `|С─$  C~²G; °├}╩3BО Fч          ²G  _х  A╨                       у Ч Ы Й Ш Ь Ы р Г Й в Н К щKл╙▒ `|С─$  C~²G; °├}╩3BО Fч          ²G  _х  A╨                       у Ч Ы Й Ш Ь Ы р Г Й в Н К щKл╙▒ `|С─$  C~²G; °├}╩3BО Fч          ²G  _х  A╨                       у Ч Ы Й Ш Ь Ы р Г Й в Н К щKл╙▒ `|С─$  C~²G; °├}╩3BО Fч          ²G  _х  A╨                       у Ч Ы Й Ш Ь Ы р Г Й в Н К щKл╙▒ `|С─$  C~²G; °├}╩3BО Fч          ²G  _х  A╨                       у Ч Ы Й Ш Ь Ы р Г Й в Н К щKл╙▒ `|С─$  C~²G; °├}╩3BО Fч          ²G  _х  A╨                       у Ч Ы Й Ш Ь Ы р Г Й в Н К щKл╙▒ `|С─$  C~²G; °├}╩3BО Fч          ²G  _х  A╨                       у Ч Ы Й Ш Ь Ы р Г Й в Н К щKл╙▒ `|С─$  C~²G; °├}╩3BО Fч          ²G  _х  A╨                       у Ч Ы Й Ш Ь Ы р Г Й в Н К щKл╙▒ `|С─$  C~²G; °├}╩3BО Fч          ²G  _х  A╨                       у Ч Ы Й Ш Ь Ы р Г Й в Н К щKл╙▒ `|С─$  C~²G; °├}╩3BО Fч          ²G  _х  A╨                       у Ч Ы Й Ш Ь Ы р Г Й в Н К щKл╙▒ `|С─$  C~²G; °├}╩3BО Fч          ²G  _х  A╨                       у Ч Ы Й Ш Ь Ы р Г Й в Н К щKл╙▒ `|С─$  C~²G; °├}╩3BО Fч          ²G  _х  A╨                       у Ч Ы Й Ш Ь Ы р Г Й в Н К щKл╙▒ `|С─$  C~²G; °├}╩3BО Fч          ²G  _х  A╨                       у Ч Ы Й Ш Ь Ы р Г Й в Н К щKл╙▒ `|С─$  C~²G; °├}╩3BО Fч          ²G  _х  A╨                       у Ч Ы Й Ш Ь Ы р Г Й в Н К щKл╙▒ `|С─$  C~²G; °├}╩3BО Fч          ²G  _х  A╨                       у Ч Ы Й Ш Ь Ы р Г Й в Н К щKл╙▒ `|С─$  C~²G; °├}╩3BО Fч          ²G  _х  A╨                       у Ч Ы Й Ш Ь Ы р Г Й в Н К щKл╙▒ `|С─$  C~²G; °├}╩3BО Fч          ²G  _х  A╨                       у Ч Ы Й Ш Ь Ы р Г Й в Н К щKл╙▒ `|С─$  C~²G; °├}╩3BО Fч          ²G  _х  A╨                       у Ч Ы Й Ш Ь Ы р Г Й в Н К щKл╙▒ `|С─$  C~²G; °├}╩3BО Fч          ²G  _х  A╨                       у Ч Ы Й Ш Ь Ы р Г Й в Н К щKл╙▒ `|С─$  C~²G; °├}╩3BО Fч          ²G  _х  A╨                       у Ч Ы Й Ш Ь Ы р Г Й в Н К щKл╙▒ `|С─$  C~²G; °├}╩3BО Fч          ²G  _х  A╨                       у Ч Ы Й Ш Ь Ы р Г Й в Н К щKл╙▒ `|С─$  C~²G; °├}╩3BО Fч          ²G  _х  A╨                       у Ч Ы Й Ш Ь Ы р Г Й в Н К щKл╙▒ `|С─$  C~²G; °├}╩3BО Fч          ²G  _х  A╨                       у Ч Ы Й Ш Ь Ы р Г Й в Н К щKл╙▒ `|С─$  C~²G; °├}╩3BО Fч          ²G  _х  A╨                       у Ч Ы Й Ш Ь Ы р Г Й в Н К щKл╙▒ `|С─$  C~²G; °├}╩3BО Fч          ²G  _х  A╨                       у Ч Ы Й Ш Ь Ы р Г Й в Н К щKл╙▒ `|С─$  C~²G; °├}╩3BО Fч          ²G  _х  A╨                       у Ч Ы Й Ш Ь Ы р Г Й в Н К щKл╙▒ `|С─$  C~²G; °├}╩3BО Fч          ²G  _х  A╨                       у Ч Ы Й Ш Ь Ы р Г Й в Н К щKл╙▒ `|С─$  C~²G; °├}╩3BО Fч          ²G  _х  A╨                       у Ч Ы Й Ш Ь Ы р Г Й в Н К щKл╙▒ `х|   Bр═Х;.· }0?╩3÷Г░          ═Х  _х  C8                       з Ь  щ Ъ З О Ч Щ О Ч╬л╙▒ `х|   Bр═Х;.· }0?╩3÷Г░          ═Х  _х  C8                       з Ь  щ Ъ З О Ч Щ О Ч╬л╙▒ `х|   Bр═Х;.· }0?╩3÷Г░          ═Х  _х  C8                       з Ь  щ Ъ З О Ч Щ О Ч╬л╙▒ `х|   Bр═Х;.· }0?╩3÷Г░          ═Х  _х  C8                       з Ь  щ Ъ З О Ч Щ О Ч╬л╙▒ `х|   Bр═Х;.· }0?╩3÷Г░          ═Х  _х  C8                       з Ь  щ Ъ З О Ч Щ О Ч╬л╙▒ `х|   Bр═Х;.· }0?╩3÷Г░          ═Х  _х  C8                       з Ь  щ Ъ З О Ч Щ О Ч╬л╙▒ `х|   Bр═Х;.· }0?╩3÷Г░          ═Х  _х  C8                       з Ь  щ Ъ З О Ч Щ О Ч╬л╙▒ `х|   Bр═Х;.· }0?╩3÷Г░          ═Х  _х  C8                       з Ь  щ Ъ З О Ч Щ О Ч╬л╙▒ `х|   Bр═Х;.· }0?╩3÷Г░          ═Х  _х  C8                       з Ь  щ Ъ З О Ч Щ О Ч╬л╙▒ `х|   Bр═Х;.· }0?╩3÷Г░          ═Х  _х  C8                       з Ь  щ Ъ З О Ч Щ О Ч╬л╙▒ `х|   Bр═Х;.· }0?╩3÷Г░          ═Х  _х  C8                       з Ь  щ Ъ З О Ч Щ О Ч╬л╙▒ `х|   Bр═Х;.· }0?╩3÷Г░          ═Х  _х  C8                       з Ь  щ Ъ З О Ч Щ О Ч╬л╙▒ `х|   Bр═Х;.· }0?╩3÷Г░          ═Х  _х  C8                       з Ь  щ Ъ З О Ч Щ О Ч╬л╙▒ `х|   Bр═Х;.· }0?╩3÷Г░          ═Х  _х  C8                       з Ь  щ Ъ З О Ч Щ О Ч╬л╙▒ `х|   Bр═Х;.· }0?╩3÷Г░          ═Х  _х  C8                       з Ь  щ Ъ З О Ч Щ О Ч╬л╙▒ `х|   Bр═Х;.· }0?╩3÷Г░          ═Х  _х  C8                       з Ь  щ Ъ З О Ч Щ О Ч╬л╙▒ `х|   Bр═Х;.· }0?╩3÷Г░          ═Х  _х  C8                       з Ь  щ Ъ З О Ч Щ О Ч╬л╙▒ `х|   Bр═Х;.· }0?╩3÷Г░          ═Х  _х  C8                       з Ь  щ Ъ З О Ч Щ О Ч╬л╙▒ `х|   Bр═Х;.· }0?╩3÷Г░          ═Х  _х  C8                       з Ь  щ Ъ З О Ч Щ О Ч╬л╙▒ `х|   Bр═Х;.· }0?╩3÷Г░          ═Х  _х  C8                       з Ь  щ Ъ З О Ч Щ О Ч╬л╙▒ `х|   Bр═Х;.· }0?╩3÷Г░          ═Х  _х  C8                       з Ь  щ Ъ З О Ч Щ О Ч╬л╙▒ `х|   Bр═Х;.· }0?╩3÷Г░          ═Х  _х  C8                       з Ь  щ Ъ З О Ч Щ О Ч╬л╙▒ `х|   Bр═Х;.· }0?╩3÷Г░          ═Х  _х  C8                       з Ь  щ Ъ З О Ч Щ О Ч╬л╙▒ `х|   Bр═Х;.· }0?╩3÷Г░          ═Х  _х  C8                       з Ь  щ Ъ З О Ч Щ О Ч╬л╙▒ `х|   Bр═Х;.· }0?╩3÷Г░          ═Х  _х  C8                       з Ь  щ Ъ З О Ч Щ О Ч╬л╙▒ `х|   Bр═Х;.· }0?╩3÷Г░          ═Х  _х  C8                       з Ь  щ Ъ З О Ч Щ О Ч╬л╙▒ `х|   Bр═Х;.· }0?╩3÷Г░          ═Х  _х  C8                       з Ь  щ Ъ З О Ч Щ О Ч╬л╙▒ `х|   Bр═Х;.· }0?╩3÷Г░          ═Х  _х  C8                       з Ь  щ Ъ З О Ч Щ О Ч╬л╙▒ `х|   Bр═Х;.· }0?╩3÷Г░          ═Х  _х  C8                       з Ь  щ Ъ З О Ч Щ О Ч╬л╙▒ `х|   Bр═Х;.· }0?╩3÷Г░          ═Х  _х  C8                       з Ь  щ Ъ З О Ч Щ О Ч╬л╙▒ `х|   Bр═Х;.· }0?╩3÷Г░          ═Х  _х  C8                       з Ь  щ Ъ З О Ч Щ О Ч╬л╙▒ `х|   Bр═Х;.· }0?╩3÷Г░          ═Х  _х  C8                       з Ь  щ Ъ З О Ч Щ О Ч╬л╙▒ `х|   Bр═Х;.· }0?╩3÷Г░          ═Х  _х  C8                       з Ь  щ Ъ З О Ч Щ О Ч╬л╙▒ `х|   Bр═Х;.· }0?╩3÷Г░          ═Х  _х  C8                       з Ь  щ Ъ З О Ч Щ О Ч╬л╙▒ `х|   Bр═Х;.· }0?╩3÷Г░          ═Х  _х  C8                       з Ь  щ Ъ З О Ч Щ О Ч╬л╙▒ `х|   Bр═Х;.· }0?╩3÷Г░          ═Х  _х  C8                       з Ь  щ Ъ З О Ч Щ О Ч╬л╙▒ `х|   Bр═Х;.· }0?╩3÷Г░          ═Х  _х  C8                       з Ь  щ Ъ З О Ч Щ О Ч╬л╙▒ `х|   Bр═Х;.· }0?╩3÷Г░          ═Х  _х  C8                       з Ь  щ Ъ З О Ч Щ О Ч╬л╙▒ `х|   Bр═Х;.· }0?╩3÷Г░          ═Х  _х  C8                       з Ь  щ Ъ З О Ч Щ О Ч╬л╙▒ `х|   Bр═Х;.· }0?╩3÷Г░          ═Х  _х  C8                       з Ь  щ Ъ З О Ч Щ О Ч╬л╙▒ `х|   Bр═Х;.· }0?╩3÷Г░          ═Х  _х  C8                       з Ь  щ Ъ З О Ч Щ О Ч╬л╙▒ `х|   Bр═Х;.· }0?╩3÷Г░          ═Х  _х  C8                       з Ь  щ Ъ З О Ч Щ О Ч╬л╙▒ `х|   Bр═Х;.· }0?╩3÷Г░          ═Х  _х  C8                       з Ь  щ Ъ З О Ч Щ О Ч╬л╙▒ `х|   Bр═Х;.· }0?╩3÷Г░          ═Х  _х  C8                       з Ь  щ Ъ З О Ч Щ О Ч╬л╙▒ `х|   Bр═Х;.· }0?╩3÷Г░          ═Х  _х  C8                       з Ь  щ Ъ З О Ч Щ О Ч╬л╙▒ `х|   Bр═Х;.· }0?╩3÷Г░          ═Х  _х  C8                       з Ь  щ Ъ З О Ч Щ О Ч╬л╙▒ `х|   Bр═Х;.· }0?╩3÷Г░          ═Х  _х  C8                       з Ь  щ Ъ З О Ч Щ О Ч╬л╙▒ `х|   Bр═Х;.· }0?╩3÷Г░          ═Х  _х  C8                       з Ь  щ Ъ З О Ч Щ О Ч╬л╙▒ `х|   Bр═Х;.· }0?╩3÷Г░          ═Х  _х  C8                       з Ь  щ Ъ З О Ч Щ О Ч╬л╙▒ `| ]  @∙÷г;( К}}BО°r          ÷г  _х  A▀                       Ю Д К Ч Ч Щ Ы Ю В А Ш Ж И ЬГл╙▒ `| ]  @∙÷г;( К}}BО°r          ÷г  _х  A▀                       Ю Д К Ч Ч Щ Ы Ю В А Ш Ж И ЬГл╙▒ `| ]  @∙÷г;( К}}BО°r          ÷г  _х  A▀                       Ю Д К Ч Ч Щ Ы Ю В А Ш Ж И ЬГл╙▒ `| ]  @∙÷г;( К}}BО°r          ÷г  _х  A▀                       Ю Д К Ч Ч Щ Ы Ю В А Ш Ж И ЬГл╙▒ `| ]  @∙÷г;( К}}BО°r          ÷г  _х  A▀                       Ю Д К Ч Ч Щ Ы Ю В А Ш Ж И ЬГл╙▒ `| ]  @∙÷г;( К}}BО°r          ÷г  _х  A▀                       Ю Д К Ч Ч Щ Ы Ю В А Ш Ж И ЬГл╙▒ `| ]  @∙÷г;( К}}BО°r          ÷г  _х  A▀                       Ю Д К Ч Ч Щ Ы Ю В А Ш Ж И ЬГл╙▒ `| ]  @∙÷г;( К}}BО°r          ÷г  _х  A▀                       Ю Д К Ч Ч Щ Ы Ю В А Ш Ж И ЬГл╙▒ `| ]  @∙÷г;( К}}BО°r          ÷г  _х  A▀                       Ю Д К Ч Ч Щ Ы Ю В А Ш Ж И ЬГл╙▒ `| ]  @∙÷г;( К}}BО°r          ÷г  _х  A▀                       Ю Д К Ч Ч Щ Ы Ю В А Ш Ж И ЬГл╙▒ `| ]  @∙÷г;( К}}BО°r          ÷г  _х  A▀                       Ю Д К Ч Ч Щ Ы Ю В А Ш Ж И ЬГл╙▒ `| ]  @∙÷г;( К}}BО°r          ÷г  _х  A▀                       Ю Д К Ч Ч Щ Ы Ю В А Ш Ж И ЬГл╙▒ `| ]  @∙÷г;( К}}BО°r          ÷г  _х  A▀                       Ю Д К Ч Ч Щ Ы Ю В А Ш Ж И ЬГл╙▒ `| ]  @∙÷г;( К}}BО°r          ÷г  _х  A▀                       Ю Д К Ч Ч Щ Ы Ю В А Ш Ж И ЬГл╙▒ `| ]  @∙÷г;( К}}BО°r          ÷г  _х  A▀                       Ю Д К Ч Ч Щ Ы Ю В А Ш Ж И ЬГл╙▒ `| ]  @∙÷г;( К}}BО°r          ÷г  _х  A▀                       Ю Д К Ч Ч Щ Ы Ю В А Ш Ж И ЬГл╙▒ `| ]  @∙÷г;( К}}BО°r          ÷г  _х  A▀                       Ю Д К Ч Ч Щ Ы Ю В А Ш Ж И ЬГл╙▒ `| ]  @∙÷г;( К}}BО°r          ÷г  _х  A▀                       Ю Д К Ч Ч Щ Ы Ю В А Ш Ж И ЬГл╙▒ `| ]  @∙÷г;( К}}BО°r          ÷г  _х  A▀                       Ю Д К Ч Ч Щ Ы Ю В А Ш Ж И ЬГл╙▒ `| ]  @∙÷г;( К}}BО°r          ÷г  _х  A▀                       Ю Д К Ч Ч Щ Ы Ю В А Ш Ж И ЬГл╙▒ `| ]  @∙÷г;( К}}BО°r          ÷г  _х  A▀                       Ю Д К Ч Ч Щ Ы Ю В А Ш Ж И ЬГл╙▒ `| ]  @∙÷г;( К}}BО°r          ÷г  _х  A▀                       Ю Д К Ч Ч Щ Ы Ю В А Ш Ж И ЬГл╙▒ `| ]  @∙÷г;( К}}BО°r          ÷г  _х  A▀                       Ю Д К Ч Ч Щ Ы Ю В А Ш Ж И ЬГл╙▒ `| ]  @∙÷г;( К}}BО°r          ÷г  _х  A▀                       Ю Д К Ч Ч Щ Ы Ю В А Ш Ж И ЬГл╙▒ `| ]  @∙÷г;( К}}BО°r          ÷г  _х  A▀                       Ю Д К Ч Ч Щ Ы Ю В А Ш Ж И ЬГл╙▒ `| ]  @∙÷г;( К}}BО°r          ÷г  _х  A▀                       Ю Д К Ч Ч Щ Ы Ю В А Ш Ж И ЬГл╙▒ `| ]  @∙÷г;( К}}BО°r          ÷г  _х  A▀                       Ю Д К Ч Ч Щ Ы Ю В А Ш Ж И ЬГл╙▒ `| ]  @∙÷г;( К}}BО°r          ÷г  _х  A▀                       Ю Д К Ч Ч Щ Ы Ю В А Ш Ж И ЬГл╙▒ `| ]  @∙÷г;( К}}BО°r          ÷г  _х  A▀                       Ю Д К Ч Ч Щ Ы Ю В А Ш Ж И ЬГл╙▒ `| ]  @∙÷г;( К}}BО°r          ÷г  _х  A▀                       Ю Д К Ч Ч Щ Ы Ю В А Ш Ж И ЬГл╙▒ `| ]  @∙÷г;( К}}BО°r          ÷г  _х  A▀                       Ю Д К Ч Ч Щ Ы Ю В А Ш Ж И ЬГл╙▒ `| ]  @∙÷г;( К}}BО°r          ÷г  _х  A▀                       Ю Д К Ч Ч Щ Ы Ю В А Ш Ж И ЬГл╙▒ `| ]  @∙÷г;( К}}BО°r          ÷г  _х  A▀                       Ю Д К Ч Ч Щ Ы Ю В А Ш Ж И ЬГл╙▒ `| ]  @∙÷г;( К}}BО°r          ÷г  _х  A▀                       Ю Д К Ч Ч Щ Ы Ю В А Ш Ж И ЬГл╙▒ `| ]  @∙÷г;( К}}BО°r          ÷г  _х  A▀                       Ю Д К Ч Ч Щ Ы Ю В А Ш Ж И ЬГл╙▒ `| ]  @∙÷г;( К}}BО°r          ÷г  _х  A▀                       Ю Д К Ч Ч Щ Ы Ю В А Ш Ж И ЬГл╙▒ `| ]  @∙÷г;( К}}BО°r          ÷г  _х  A▀                       Ю Д К Ч Ч Щ Ы Ю В А Ш Ж И ЬГл╙▒ `| ]  @∙÷г;( К}}BО°r          ÷г  _х  A▀                       Ю Д К Ч Ч Щ Ы Ю В А Ш Ж И ЬГл╙▒ `| ]  @∙÷г;( К}}BО°r          ÷г  _х  A▀                       Ю Д К Ч Ч Щ Ы Ю В А Ш Ж И ЬГл╙▒ `| ]  @∙÷г;( К}}BО°r          ÷г  _х  A▀                       Ю Д К Ч Ч Щ Ы Ю В А Ш Ж И ЬГл╙▒ `| ]  @∙÷г;( К}}BО°r          ÷г  _х  A▀                       Ю Д К Ч Ч Щ Ы Ю В А Ш Ж И ЬГл╙▒ `| ]  @∙÷г;( К}}BО°r          ÷г  _х  A▀                       Ю Д К Ч Ч Щ Ы Ю В А Ш Ж И ЬГл╙▒ `| ]  @∙÷г;( К}}BО°r          ÷г  _х  A▀                       Ю Д К Ч Ч Щ Ы Ю В А Ш Ж И ЬГл╙▒ `| ]  @∙÷г;( К}}BО°r          ÷г  _х  A▀                       Ю Д К Ч Ч Щ Ы Ю В А Ш Ж И ЬГл╙▒ `| ]  @∙÷г;( К}}BО°r          ÷г  _х  A▀                       Ю Д К Ч Ч Щ Ы Ю В А Ш Ж И ЬГл╙▒ `| ]  @∙÷г;( К}}BО°r          ÷г  _х  A▀                       Ю Д К Ч Ч Щ Ы Ю В А Ш Ж И ЬГл╙▒ `| ]  @∙÷г;( К}}BО°r          ÷г  _х  A▀                       Ю Д К Ч Ч Щ Ы Ю В А Ш Ж И ЬГл╙▒ `| ]  @∙÷г;( К}}BО°r          ÷г  _х  A▀                       Ю Д К Ч Ч Щ Ы Ю В А Ш Ж И ЬГл╙▒ `| ]  @∙÷г;( К}}BО°r          ÷г  _х  A▀                       Ю Д К Ч Ч Щ Ы Ю В А Ш Ж И ЬГ╙╙▒ `||o  @∙÷╖;#⌡&}█B╤°'░          ÷╖  _х  A{                       ъ Д М Щ Э Э В А З Ш Э В Д ЖМл╙▒ `||o  @∙÷╖;#⌡&}█B╤°'░          ÷╖  _х  A{                       ъ Д М Щ Э Э В А З Ш Э В Д ЖМл╙▒ `||o  @∙÷╖;#⌡&}█B╤°'░          ÷╖  _х  A{                       ъ Д М Щ Э Э В А З Ш Э В Д ЖМл╙▒ `||o  @∙÷╖;#⌡&}█B╤°'░          ÷╖  _х  A{                       ъ Д М Щ Э Э В А З Ш Э В Д ЖМл╙▒ `||o  @∙÷╖;#⌡&}█B╤°'░          ÷╖  _х  A{                       ъ Д М Щ Э Э В А З Ш Э В Д ЖМл╙▒ `||o  @∙÷╖;#⌡&}█B╤°'░          ÷╖  _х  A{                       ъ Д М Щ Э Э В А З Ш Э В Д ЖМл╙▒ `||o  @∙÷╖;#⌡&}█B╤°'░          ÷╖  _х  A{                       ъ Д М Щ Э Э В А З Ш Э В Д ЖМл╙▒ `||o  @∙÷╖;#⌡&}█B╤°'░          ÷╖  _х  A{                       ъ Д М Щ Э Э В А З Ш Э В Д ЖМл╙▒ `||o  @∙÷╖;#⌡&}█B╤°'░          ÷╖  _х  A{                       ъ Д М Щ Э Э В А З Ш Э В Д ЖМл╙▒ `||o  @∙÷╖;#⌡&}█B╤°'░          ÷╖  _х  A{                       ъ Д М Щ Э Э В А З Ш Э В Д ЖМл╙▒ `||o  @∙÷╖;#⌡&}█B╤°'░          ÷╖  _х  A{                       ъ Д М Щ Э Э В А З Ш Э В Д ЖМл╙▒ `||o  @∙÷╖;#⌡&}█B╤°'░          ÷╖  _х  A{                       ъ Д М Щ Э Э В А З Ш Э В Д ЖМл╙▒ `||o  @∙÷╖;#⌡&}█B╤°'░          ÷╖  _х  A{                       ъ Д М Щ Э Э В А З Ш Э В Д ЖМл╙▒ `||o  @∙÷╖;#⌡&}█B╤°'░          ÷╖  _х  A{                       ъ Д М Щ Э Э В А З Ш Э В Д ЖМл╙▒ `||o  @∙÷╖;#⌡&}█B╤°'░          ÷╖  _х  A{                       ъ Д М Щ Э Э В А З Ш Э В Д ЖМл╙▒ `||o  @∙÷╖;#⌡&}█B╤°'░          ÷╖  _х  A{                       ъ Д М Щ Э Э В А З Ш Э В Д ЖМл╙▒ `||o  @∙÷╖;#⌡&}█B╤°'░          ÷╖  _х  A{                       ъ Д М Щ Э Э В А З Ш Э В Д ЖМл╙▒ `||o  @∙÷╖;#⌡&}█B╤°'░          ÷╖  _х  A{                       ъ Д М Щ Э Э В А З Ш Э В Д ЖМл╙▒ `||o  @∙÷╖;#⌡&}█B╤°'░          ÷╖  _х  A{                       ъ Д М Щ Э Э В А З Ш Э В Д ЖМл╙▒ `||o  @∙÷╖;#⌡&}█B╤°'░          ÷╖  _х  A{                       ъ Д М Щ Э Э В А З Ш Э В Д ЖМл╙▒ `||o  @∙÷╖;#⌡&}█B╤°'░          ÷╖  _х  A{                       ъ Д М Щ Э Э В А З Ш Э В Д ЖМл╙▒ `||o  @∙÷╖;#⌡&}█B╤°'░          ÷╖  _х  A{                       ъ Д М Щ Э Э В А З Ш Э В Д ЖМл╙▒ `||o  @∙÷╖;#⌡&}█B╤°'░          ÷╖  _х  A{                       ъ Д М Щ Э Э В А З Ш Э В Д ЖМл╙▒ `||o  @∙÷╖;#⌡&}█B╤°'░          ÷╖  _х  A{                       ъ Д М Щ Э Э В А З Ш Э В Д ЖМл╙▒ `||o  @∙÷╖;#⌡&}█B╤°'░          ÷╖  _х  A{                       ъ Д М Щ Э Э В А З Ш Э В Д ЖМл╙▒ `||o  @∙÷╖;#⌡&}█B╤°'░          ÷╖  _х  A{                       ъ Д М Щ Э Э В А З Ш Э В Д ЖМл╙▒ `||o  @∙÷╖;#⌡&}█B╤°'░          ÷╖  _х  A{                       ъ Д М Щ Э Э В А З Ш Э В Д ЖМл╙▒ `||o  @∙÷╖;#⌡&}█B╤°'░          ÷╖  _х  A{                       ъ Д М Щ Э Э В А З Ш Э В Д ЖМл╙▒ `||o  @∙÷╖;#⌡&}█B╤°'░          ÷╖  _х  A{                       ъ Д М Щ Э Э В А З Ш Э В Д ЖМл╙▒ `||o  @∙÷╖;#⌡&}█B╤°'░          ÷╖  _х  A{                       ъ Д М Щ Э Э В А З Ш Э В Д ЖМл╙▒ `||o  @∙÷╖;#⌡&}█B╤°'░          ÷╖  _х  A{                       ъ Д М Щ Э Э В А З Ш Э В Д ЖМл╙▒ `||o  @∙÷╖;#⌡&}█B╤°'░          ÷╖  _х  A{                       ъ Д М Щ Э Э В А З Ш Э В Д ЖМл╙▒ `||o  @∙÷╖;#⌡&}█B╤°'░          ÷╖  _х  A{                       ъ Д М Щ Э Э В А З Ш Э В Д ЖМл╙▒ `||o  @∙÷╖;#⌡&}█B╤°'░          ÷╖  _х  A{                       ъ Д М Щ Э Э В А З Ш Э В Д ЖМл╙▒ `||o  @∙÷╖;#⌡&}█B╤°'░          ÷╖  _х  A{                       ъ Д М Щ Э Э В А З Ш Э В Д ЖМл╙▒ `||o  @∙÷╖;#⌡&}█B╤°'░          ÷╖  _х  A{                       ъ Д М Щ Э Э В А З Ш Э В Д ЖМл╙▒ `||o  @∙÷╖;#⌡&}█B╤°'░          ÷╖  _х  A{                       ъ Д М Щ Э Э В А З Ш Э В Д ЖМл╙▒ `||o  @∙÷╖;#⌡&}█B╤°'░          ÷╖  _х  A{                       ъ Д М Щ Э Э В А З Ш Э В Д ЖМл╙▒ `||o  @∙÷╖;#⌡&}█B╤°'░          ÷╖  _х  A{                       ъ Д М Щ Э Э В А З Ш Э В Д ЖМл╙▒ `||o  @∙÷╖;#⌡&}█B╤°'░          ÷╖  _х  A{                       ъ Д М Щ Э Э В А З Ш Э В Д ЖМл╙▒ `||o  @∙÷╖;#⌡&}█B╤°'░          ÷╖  _х  A{                       ъ Д М Щ Э Э В А З Ш Э В Д ЖМл╙▒ `||o  @∙÷╖;#⌡&}█B╤°'░          ÷╖  _х  A{                       ъ Д М Щ Э Э В А З Ш Э В Д ЖМл╙▒ `||o  @∙÷╖;#⌡&}█B╤°'░          ÷╖  _х  A{                       ъ Д М Щ Э Э В А З Ш Э В Д ЖМл╙▒ `||o  @∙÷╖;#⌡&}█B╤°'░          ÷╖  _х  A{                       ъ Д М Щ Э Э В А З Ш Э В Д ЖМл╙▒ `||o  @∙÷╖;#⌡&}█B╤°'░          ÷╖  _х  A{                       ъ Д М Щ Э Э В А З Ш Э В Д ЖМл╙▒ `||o  @∙÷╖;#⌡&}█B╤°'░          ÷╖  _х  A{                       ъ Д М Щ Э Э В А З Ш Э В Д ЖМл╙▒ `||o  @∙÷╖;#⌡&}█B╤°'░          ÷╖  _х  A{                       ъ Д М Щ Э Э В А З Ш Э В Д ЖМл╙▒ `||o  @∙÷╖;#⌡&}█B╤°'░          ÷╖  _х  A{                       ъ Д М Щ Э Э В А З Ш Э В Д ЖМл╙▒ `||o  @∙÷╖;#⌡&}█B╤°'░          ÷╖  _х  A{                       ъ Д М Щ Э Э В А З Ш Э В Д ЖМл╙▒ `}Э}²  Bр═х:ы°h}╩3B≥²Гё          ═х  _х  BE                       У Ш Д Ь Ь Ц Ь Ж О Ю У С ч С С л╙▒ `}Э}²  Bр═х:ы°h}╩3B≥²Гё          ═х  _х  BE                       У Ш Д Ь Ь Ц Ь Ж О Ю У С ч С С л╙▒ `}Э}²  Bр═х:ы°h}╩3B≥²Гё          ═х  _х  BE                       У Ш Д Ь Ь Ц Ь Ж О Ю У С ч С С л╙▒ `}Э}²  Bр═х:ы°h}╩3B≥²Гё          ═х  _х  BE                       У Ш Д Ь Ь Ц Ь Ж О Ю У С ч С С л╙▒ `}Э}²  Bр═х:ы°h}╩3B≥²Гё          ═х  _х  BE                       У Ш Д Ь Ь Ц Ь Ж О Ю У С ч С С л╙▒ `}Э}²  Bр═х:ы°h}╩3B≥²Гё          ═х  _х  BE                       У Ш Д Ь Ь Ц Ь Ж О Ю У С ч С С л╙▒ `}Э}²  Bр═х:ы°h}╩3B≥²Гё          ═х  _х  BE                       У Ш Д Ь Ь Ц Ь Ж О Ю У С ч С С л╙▒ `}Э}²  Bр═х:ы°h}╩3B≥²Гё          ═х  _х  BE                       У Ш Д Ь Ь Ц Ь Ж О Ю У С ч С С л╙▒ `}Э}²  Bр═х:ы°h}╩3B≥²Гё          ═х  _х  BE                       У Ш Д Ь Ь Ц Ь Ж О Ю У С ч С С л╙▒ `}Э}²  Bр═х:ы°h}╩3B≥²Гё          ═х  _х  BE                       У Ш Д Ь Ь Ц Ь Ж О Ю У С ч С С л╙▒ `}Э}²  Bр═х:ы°h}╩3B≥²Гё          ═х  _х  BE                       У Ш Д Ь Ь Ц Ь Ж О Ю У С ч С С л╙▒ `}Э}²  Bр═х:ы°h}╩3B≥²Гё          ═х  _х  BE                       У Ш Д Ь Ь Ц Ь Ж О Ю У С ч С С л╙▒ `}Э}²  Bр═х:ы°h}╩3B≥²Гё          ═х  _х  BE                       У Ш Д Ь Ь Ц Ь Ж О Ю У С ч С С л╙▒ `}Э}²  Bр═х:ы°h}╩3B≥²Гё          ═х  _х  BE                       У Ш Д Ь Ь Ц Ь Ж О Ю У С ч С С л╙▒ `}Э}²  Bр═х:ы°h}╩3B≥²Гё          ═х  _х  BE                       У Ш Д Ь Ь Ц Ь Ж О Ю У С ч С С л╙▒ `}Э}²  Bр═х:ы°h}╩3B≥²Гё          ═х  _х  BE                       У Ш Д Ь Ь Ц Ь Ж О Ю У С ч С С л╙▒ `}Э}²  Bр═х:ы°h}╩3B≥²Гё          ═х  _х  BE                       У Ш Д Ь Ь Ц Ь Ж О Ю У С ч С С л╙▒ `}Э}²  Bр═х:ы°h}╩3B≥²Гё          ═х  _х  BE                       У Ш Д Ь Ь Ц Ь Ж О Ю У С ч С С л╙▒ `}Э}²  Bр═х:ы°h}╩3B≥²Гё          ═х  _х  BE                       У Ш Д Ь Ь Ц Ь Ж О Ю У С ч С С л╙▒ `}Э}²  Bр═х:ы°h}╩3B≥²Гё          ═х  _х  BE                       У Ш Д Ь Ь Ц Ь Ж О Ю У С ч С С л╙▒ `}Э}²  Bр═х:ы°h}╩3B≥²Гё          ═х  _х  BE                       У Ш Д Ь Ь Ц Ь Ж О Ю У С ч С С л╙▒ `}Э}²  Bр═х:ы°h}╩3B≥²Гё          ═х  _х  BE                       У Ш Д Ь Ь Ц Ь Ж О Ю У С ч С С л╙▒ `}Э}²  Bр═х:ы°h}╩3B≥²Гё          ═х  _х  BE                       У Ш Д Ь Ь Ц Ь Ж О Ю У С ч С С л╙▒ `}Э}²  Bр═х:ы°h}╩3B≥²Гё          ═х  _х  BE                       У Ш Д Ь Ь Ц Ь Ж О Ю У С ч С С л╙▒ `}Э}²  Bр═х:ы°h}╩3B≥²Гё          ═х  _х  BE                       У Ш Д Ь Ь Ц Ь Ж О Ю У С ч С С л╙▒ `}Э}²  Bр═х:ы°h}╩3B≥²Гё          ═х  _х  BE                       У Ш Д Ь Ь Ц Ь Ж О Ю У С ч С С л╙▒ `}Э}²  Bр═х:ы°h}╩3B≥²Гё          ═х  _х  BE                       У Ш Д Ь Ь Ц Ь Ж О Ю У С ч С С л╙▒ `}Э}²  Bр═х:ы°h}╩3B≥²Гё          ═х  _х  BE                       У Ш Д Ь Ь Ц Ь Ж О Ю У С ч С С л╙▒ `}Э}²  Bр═х:ы°h}╩3B≥²Гё          ═х  _х  BE                       У Ш Д Ь Ь Ц Ь Ж О Ю У С ч С С л╙▒ `}Э}²  Bр═х:ы°h}╩3B≥²Гё          ═х  _х  BE                       У Ш Д Ь Ь Ц Ь Ж О Ю У С ч С С л╙▒ `}Э}²  Bр═х:ы°h}╩3B≥²Гё          ═х  _х  BE                       У Ш Д Ь Ь Ц Ь Ж О Ю У С ч С С л╙▒ `}Э}²  Bр═х:ы°h}╩3B≥²Гё          ═х  _х  BE                       У Ш Д Ь Ь Ц Ь Ж О Ю У С ч С С л╙▒ `}Э}²  Bр═х:ы°h}╩3B≥²Гё          ═х  _х  BE                       У Ш Д Ь Ь Ц Ь Ж О Ю У С ч С С л╙▒ `}Э}²  Bр═х:ы°h}╩3B≥²Гё          ═х  _х  BE                       У Ш Д Ь Ь Ц Ь Ж О Ю У С ч С С л╙▒ `}Э}²  Bр═х:ы°h}╩3B≥²Гё          ═х  _х  BE                       У Ш Д Ь Ь Ц Ь Ж О Ю У С ч С С л╙▒ `}Э}²  Bр═х:ы°h}╩3B≥²Гё          ═х  _х  BE                       У Ш Д Ь Ь Ц Ь Ж О Ю У С ч С С л╙▒ `}Э}²  Bр═х:ы°h}╩3B≥²Гё          ═х  _х  BE                       У Ш Д Ь Ь Ц Ь Ж О Ю У С ч С С л╙▒ `}Э}²  Bр═х:ы°h}╩3B≥²Гё          ═х  _х  BE                       У Ш Д Ь Ь Ц Ь Ж О Ю У С ч С С л╙▒ `}Э}²  Bр═х:ы°h}╩3B≥²Гё          ═х  _х  BE                       У Ш Д Ь Ь Ц Ь Ж О Ю У С ч С С л╙▒ `}Э}²  Bр═х:ы°h}╩3B≥²Гё          ═х  _х  BE                       У Ш Д Ь Ь Ц Ь Ж О Ю У С ч С С л╙▒ `}Э}²  Bр═х:ы°h}╩3B≥²Гё          ═х  _х  BE                       У Ш Д Ь Ь Ц Ь Ж О Ю У С ч С С л╙▒ `}Э}²  Bр═х:ы°h}╩3B≥²Гё          ═х  _х  BE                       У Ш Д Ь Ь Ц Ь Ж О Ю У С ч С С л╙▒ `}Э}²  Bр═х:ы°h}╩3B≥²Гё          ═х  _х  BE                       У Ш Д Ь Ь Ц Ь Ж О Ю У С ч С С л╙▒ `}Э}²  Bр═х:ы°h}╩3B≥²Гё          ═х  _х  BE                       У Ш Д Ь Ь Ц Ь Ж О Ю У С ч С С л╙▒ `}Э}²  Bр═х:ы°h}╩3B≥²Гё          ═х  _х  BE                       У Ш Д Ь Ь Ц Ь Ж О Ю У С ч С С л╙▒ `}Э}²  Bр═х:ы°h}╩3B≥²Гё          ═х  _х  BE                       У Ш Д Ь Ь Ц Ь Ж О Ю У С ч С С л╙▒ `}Э}²  Bр═х:ы°h}╩3B≥²Гё          ═х  _х  BE                       У Ш Д Ь Ь Ц Ь Ж О Ю У С ч С С л╙▒ `}Э}²  Bр═х:ы°h}╩3B≥²Гё          ═х  _х  BE                       У Ш Д Ь Ь Ц Ь Ж О Ю У С ч С С л╙▒ `┐╩D}╪  @∙÷┤:╪°~M@н·G8          ÷┤  _х  EK                       ╘ Ы Т Д У Э ы П Ф Р Я ч Т П Т О├л╙▒ `┐╩D}╪  @∙÷┤:╪°~M@н·G8          ÷┤  _х  EK                       ╘ Ы Т Д У Э ы П Ф Р Я ч Т П Т О├л╙▒ `┐╩D}╪  @∙÷┤:╪°~M@н·G8          ÷┤  _х  EK                       ╘ Ы Т Д У Э ы П Ф Р Я ч Т П Т О├л╙▒ `┐╩D}╪  @∙÷┤:╪°~M@н·G8          ÷┤  _х  EK                       ╘ Ы Т Д У Э ы П Ф Р Я ч Т П Т О├л╙▒ `┐╩D}╪  @∙÷┤:╪°~M@н·G8          ÷┤  _х  EK                       ╘ Ы Т Д У Э ы П Ф Р Я ч Т П Т О├л╙▒ `┐╩D}╪  @∙÷┤:╪°~M@н·G8          ÷┤  _х  EK                       ╘ Ы Т Д У Э ы П Ф Р Я ч Т П Т О├л╙▒ `┐╩D}╪  @∙÷┤:╪°~M@н·G8          ÷┤  _х  EK                       ╘ Ы Т Д У Э ы П Ф Р Я ч Т П Т О├л╙▒ `┐╩D}╪  @∙÷┤:╪°~M@н·G8          ÷┤  _х  EK                       ╘ Ы Т Д У Э ы П Ф Р Я ч Т П Т О├л╙▒ `┐╩D}╪  @∙÷┤:╪°~M@н·G8          ÷┤  _х  EK                       ╘ Ы Т Д У Э ы П Ф Р Я ч Т П Т О├л╙▒ `┐╩D}╪  @∙÷┤:╪°~M@н·G8          ÷┤  _х  EK                       ╘ Ы Т Д У Э ы П Ф Р Я ч Т П Т О├л╙▒ `┐╩D}╪  @∙÷┤:╪°~M@н·G8          ÷┤  _х  EK                       ╘ Ы Т Д У Э ы П Ф Р Я ч Т П Т О├л╙▒ `┐╩D}╪  @∙÷┤:╪°~M@н·G8          ÷┤  _х  EK                       ╘ Ы Т Д У Э ы П Ф Р Я ч Т П Т О├л╙▒ `┐╩D}╪  @∙÷┤:╪°~M@н·G8          ÷┤  _х  EK                       ╘ Ы Т Д У Э ы П Ф Р Я ч Т П Т О├л╙▒ `┐╩D}╪  @∙÷┤:╪°~M@н·G8          ÷┤  _х  EK                       ╘ Ы Т Д У Э ы П Ф Р Я ч Т П Т О├л╙▒ `┐╩D}╪  @∙÷┤:╪°~M@н·G8          ÷┤  _х  EK                       ╘ Ы Т Д У Э ы П Ф Р Я ч Т П Т О├л╙▒ `┐╩D}╪  @∙÷┤:╪°~M@н·G8          ÷┤  _х  EK                       ╘ Ы Т Д У Э ы П Ф Р Я ч Т П Т О├л╙▒ `┐╩D}╪  @∙÷┤:╪°~M@н·G8          ÷┤  _х  EK                       ╘ Ы Т Д У Э ы П Ф Р Я ч Т П Т О├л╙▒ `┐╩D}╪  @∙÷┤:╪°~M@н·G8          ÷┤  _х  EK                       ╘ Ы Т Д У Э ы П Ф Р Я ч Т П Т О├л╙▒ `┐╩D}╪  @∙÷┤:╪°~M@н·G8          ÷┤  _х  EK                       ╘ Ы Т Д У Э ы П Ф Р Я ч Т П Т О├л╙▒ `┐╩D}╪  @∙÷┤:╪°~M@н·G8          ÷┤  _х  EK                       ╘ Ы Т Д У Э ы П Ф Р Я ч Т П Т О├л╙▒ `┐╩D}╪  @∙÷┤:╪°~M@н·G8          ÷┤  _х  EK                       ╘ Ы Т Д У Э ы П Ф Р Я ч Т П Т О├л╙▒ `┐╩D}╪  @∙÷┤:╪°~M@н·G8          ÷┤  _х  EK                       ╘ Ы Т Д У Э ы П Ф Р Я ч Т П Т О├л╙▒ `┐╩D}╪  @∙÷┤:╪°~M@н·G8          ÷┤  _х  EK                       ╘ Ы Т Д У Э ы П Ф Р Я ч Т П Т О├л╙▒ `┐╩D}╪  @∙÷┤:╪°~M@н·G8          ÷┤  _х  EK                       ╘ Ы Т Д У Э ы П Ф Р Я ч Т П Т О├л╙▒ `┐╩D}╪  @∙÷┤:╪°~M@н·G8          ÷┤  _х  EK                       ╘ Ы Т Д У Э ы П Ф Р Я ч Т П Т О├л╙▒ `┐╩D}╪  @∙÷┤:╪°~M@н·G8          ÷┤  _х  EK                       ╘ Ы Т Д У Э ы П Ф Р Я ч Т П Т О├л╙▒ `┐╩D}╪  @∙÷┤:╪°~M@н·G8          ÷┤  _х  EK                       ╘ Ы Т Д У Э ы П Ф Р Я ч Т П Т О├л╙▒ `┐╩D}╪  @∙÷┤:╪°~M@н·G8          ÷┤  _х  EK                       ╘ Ы Т Д У Э ы П Ф Р Я ч Т П Т О├л╙▒ `┐╩D}╪  @∙÷┤:╪°~M@н·G8          ÷┤  _х  EK                       ╘ Ы Т Д У Э ы П Ф Р Я ч Т П Т О├л╙▒ `┐╩D}╪  @∙÷┤:╪°~M@н·G8          ÷┤  _х  EK                       ╘ Ы Т Д У Э ы П Ф Р Я ч Т П Т О├л╙▒ `┐╩D}╪  @∙÷┤:╪°~M@н·G8          ÷┤  _х  EK                       ╘ Ы Т Д У Э ы П Ф Р Я ч Т П Т О├л╙▒ `┐╩D}╪  @∙÷┤:╪°~M@н·G8          ÷┤  _х  EK                       ╘ Ы Т Д У Э ы П Ф Р Я ч Т П Т О├л╙▒ `┐╩D}╪  @∙÷┤:╪°~M@н·G8          ÷┤  _х  EK                       ╘ Ы Т Д У Э ы П Ф Р Я ч Т П Т О├л╙▒ `┐╩D}╪  @∙÷┤:╪°~M@н·G8          ÷┤  _х  EK                       ╘ Ы Т Д У Э ы П Ф Р Я ч Т П Т О├л╙▒ `┐╩D}╪  @∙÷┤:╪°~M@н·G8          ÷┤  _х  EK                       ╘ Ы Т Д У Э ы П Ф Р Я ч Т П Т О├л╙▒ `┐╩D}╪  @∙÷┤:╪°~M@н·G8          ÷┤  _х  EK                       ╘ Ы Т Д У Э ы П Ф Р Я ч Т П Т О├л╙▒ `┐╩D}╪  @∙÷┤:╪°~M@н·G8          ÷┤  _х  EK                       ╘ Ы Т Д У Э ы П Ф Р Я ч Т П Т О├л╙▒ `┐╩D}╪  @∙÷┤:╪°~M@н·G8          ÷┤  _х  EK                       ╘ Ы Т Д У Э ы П Ф Р Я ч Т П Т О├л╙▒ `┐╩D}╪  @∙÷┤:╪°~M@н·G8          ÷┤  _х  EK                       ╘ Ы Т Д У Э ы П Ф Р Я ч Т П Т О├л╙▒ `┐╩D}╪  @∙÷┤:╪°~M@н·G8          ÷┤  _х  EK                       ╘ Ы Т Д У Э ы П Ф Р Я ч Т П Т О├л╙▒ `┐╩D}╪  @∙÷┤:╪°~M@н·G8          ÷┤  _х  EK                       ╘ Ы Т Д У Э ы П Ф Р Я ч Т П Т О├л╙▒ `┐╩D}╪  @∙÷┤:╪°~M@н·G8          ÷┤  _х  EK                       ╘ Ы Т Д У Э ы П Ф Р Я ч Т П Т О├л╙▒ `┐╩D}╪  @∙÷┤:╪°~M@н·G8          ÷┤  _х  EK                       ╘ Ы Т Д У Э ы П Ф Р Я ч Т П Т О├л╙▒ `┐╩D}╪  @∙÷┤:╪°~M@н·G8          ÷┤  _х  EK                       ╘ Ы Т Д У Э ы П Ф Р Я ч Т П Т О├л╙▒ `┐╩D}╪  @∙÷┤:╪°~M@н·G8          ÷┤  _х  EK                       ╘ Ы Т Д У Э ы П Ф Р Я ч Т П Т О├л╙▒ `┐╩D}╪  @∙÷┤:╪°~M@н·G8          ÷┤  _х  EK                       ╘ Ы Т Д У Э ы П Ф Р Я ч Т П Т О├л╙▒ `┐╩D}╪  @∙÷┤:╪°~M@н·G8          ÷┤  _х  EK                       ╘ Ы Т Д У Э ы П Ф Р Я ч Т П Т О├л╙▒ `┐╩D}╪  @∙÷┤:╪°~M@н·G8          ÷┤  _х  EK                       ╘ Ы Т Д У Э ы П Ф Р Я ч Т П Т О├л╙▒ `┐╩D}╪  @∙÷┤:╪°~M@н·G8          ÷┤  _х  EK                       ╘ Ы Т Д У Э ы П Ф Р Я ч Т П Т О├л╙▒ `┐╩D}╪  @∙÷┤:╪°~M@н·G8          ÷┤  _х  EK                       ╘ Ы Т Д У Э ы П Ф Р Я ч Т П Т О├л╙▒ `|у}╪  C(·╖:╪°~-B`²Г⌡          ·╖  _х  A╩U                       Ы Г Ш У У ы Р Т О ъ У Р з С К∙л╙▒ `|у}╪  C(·╖:╪°~-B`²Г⌡          ·╖  _х  A╩U                       Ы Г Ш У У ы Р Т О ъ У Р з С К∙л╙▒ `|у}╪  C(·╖:╪°~-B`²Г⌡          ·╖  _х  A╩U                       Ы Г Ш У У ы Р Т О ъ У Р з С К∙л╙▒ `|у}╪  C(·╖:╪°~-B`²Г⌡          ·╖  _х  A╩U                       Ы Г Ш У У ы Р Т О ъ У Р з С К∙л╙▒ `|у}╪  C(·╖:╪°~-B`²Г⌡          ·╖  _х  A╩U                       Ы Г Ш У У ы Р Т О ъ У Р з С К∙л╙▒ `|у}╪  C(·╖:╪°~-B`²Г⌡          ·╖  _х  A╩U                       Ы Г Ш У У ы Р Т О ъ У Р з С К∙л╙▒ `|у}╪  C(·╖:╪°~-B`²Г⌡          ·╖  _х  A╩U                       Ы Г Ш У У ы Р Т О ъ У Р з С К∙л╙▒ `|у}╪  C(·╖:╪°~-B`²Г⌡          ·╖  _х  A╩U                       Ы Г Ш У У ы Р Т О ъ У Р з С К∙л╙▒ `|у}╪  C(·╖:╪°~-B`²Г⌡          ·╖  _х  A╩U                       Ы Г Ш У У ы Р Т О ъ У Р з С К∙л╙▒ `|у}╪  C(·╖:╪°~-B`²Г⌡          ·╖  _х  A╩U                       Ы Г Ш У У ы Р Т О ъ У Р з С К∙л╙▒ `|у}╪  C(·╖:╪°~-B`²Г⌡          ·╖  _х  A╩U                       Ы Г Ш У У ы Р Т О ъ У Р з С К∙л╙▒ `|у}╪  C(·╖:╪°~-B`²Г⌡          ·╖  _х  A╩U                       Ы Г Ш У У ы Р Т О ъ У Р з С К∙л╙▒ `|у}╪  C(·╖:╪°~-B`²Г⌡          ·╖  _х  A╩U                       Ы Г Ш У У ы Р Т О ъ У Р з С К∙л╙▒ `|у}╪  C(·╖:╪°~-B`²Г⌡          ·╖  _х  A╩U                       Ы Г Ш У У ы Р Т О ъ У Р з С К∙л╙▒ `|у}╪  C(·╖:╪°~-B`²Г⌡          ·╖  _х  A╩U                       Ы Г Ш У У ы Р Т О ъ У Р з С К∙л╙▒ `|у}╪  C(·╖:╪°~-B`²Г⌡          ·╖  _х  A╩U                       Ы Г Ш У У ы Р Т О ъ У Р з С К∙л╙▒ `|у}╪  C(·╖:╪°~-B`²Г⌡          ·╖  _х  A╩U                       Ы Г Ш У У ы Р Т О ъ У Р з С К∙л╙▒ `|у}╪  C(·╖:╪°~-B`²Г⌡          ·╖  _х  A╩U                       Ы Г Ш У У ы Р Т О ъ У Р з С К∙л╙▒ `|у}╪  C(·╖:╪°~-B`²Г⌡          ·╖  _х  A╩U                       Ы Г Ш У У ы Р Т О ъ У Р з С К∙л╙▒ `|у}╪  C(·╖:╪°~-B`²Г⌡          ·╖  _х  A╩U                       Ы Г Ш У У ы Р Т О ъ У Р з С К∙л╙▒ `|у}╪  C(·╖:╪°~-B`²Г⌡          ·╖  _х  A╩U                       Ы Г Ш У У ы Р Т О ъ У Р з С К∙л╙▒ `|у}╪  C(·╖:╪°~-B`²Г⌡          ·╖  _х  A╩U                       Ы Г Ш У У ы Р Т О ъ У Р з С К∙л╙▒ `|у}╪  C(·╖:╪°~-B`²Г⌡          ·╖  _х  A╩U                       Ы Г Ш У У ы Р Т О ъ У Р з С К∙л╙▒ `|у}╪  C(·╖:╪°~-B`²Г⌡          ·╖  _х  A╩U                       Ы Г Ш У У ы Р Т О ъ У Р з С К∙л╙▒ `|у}╪  C(·╖:╪°~-B`²Г⌡          ·╖  _х  A╩U                       Ы Г Ш У У ы Р Т О ъ У Р з С К∙л╙▒ `|у}╪  C(·╖:╪°~-B`²Г⌡          ·╖  _х  A╩U                       Ы Г Ш У У ы Р Т О ъ У Р з С К∙л╙▒ `|у}╪  C(·╖:╪°~-B`²Г⌡          ·╖  _х  A╩U                       Ы Г Ш У У ы Р Т О ъ У Р з С К∙л╙▒ `|у}╪  C(·╖:╪°~-B`²Г⌡          ·╖  _х  A╩U                       Ы Г Ш У У ы Р Т О ъ У Р з С К∙л╙▒ `|у}╪  C(·╖:╪°~-B`²Г⌡          ·╖  _х  A╩U                       Ы Г Ш У У ы Р Т О ъ У Р з С К∙л╙▒ `|у}╪  C(·╖:╪°~-B`²Г⌡          ·╖  _х  A╩U                       Ы Г Ш У У ы Р Т О ъ У Р з С К∙л╙▒ `|у}╪  C(·╖:╪°~-B`²Г⌡          ·╖  _х  A╩U                       Ы Г Ш У У ы Р Т О ъ У Р з С К∙л╙▒ `|у}╪  C(·╖:╪°~-B`²Г⌡          ·╖  _х  A╩U                       Ы Г Ш У У ы Р Т О ъ У Р з С К∙л╙▒ `|у}╪  C(·╖:╪°~-B`²Г⌡          ·╖  _х  A╩U                       Ы Г Ш У У ы Р Т О ъ У Р з С К∙л╙▒ `|у}╪  C(·╖:╪°~-B`²Г⌡          ·╖  _х  A╩U                       Ы Г Ш У У ы Р Т О ъ У Р з С К∙л╙▒ `|у}╪  C(·╖:╪°~-B`²Г⌡          ·╖  _х  A╩U                       Ы Г Ш У У ы Р Т О ъ У Р з С К∙л╙▒ `|у}╪  C(·╖:╪°~-B`²Г⌡          ·╖  _х  A╩U                       Ы Г Ш У У ы Р Т О ъ У Р з С К∙л╙▒ `|у}╪  C(·╖:╪°~-B`²Г⌡          ·╖  _х  A╩U                       Ы Г Ш У У ы Р Т О ъ У Р з С К∙л╙▒ `|у}╪  C(·╖:╪°~-B`²Г⌡          ·╖  _х  A╩U                       Ы Г Ш У У ы Р Т О ъ У Р з С К∙л╙▒ `|у}╪  C(·╖:╪°~-B`²Г⌡          ·╖  _х  A╩U                       Ы Г Ш У У ы Р Т О ъ У Р з С К∙л╙▒ `|у}╪  C(·╖:╪°~-B`²Г⌡          ·╖  _х  A╩U                       Ы Г Ш У У ы Р Т О ъ У Р з С К∙л╙▒ `|у}╪  C(·╖:╪°~-B`²Г⌡          ·╖  _х  A╩U                       Ы Г Ш У У ы Р Т О ъ У Р з С К∙л╙▒ `|у}╪  C(·╖:╪°~-B`²Г⌡          ·╖  _х  A╩U                       Ы Г Ш У У ы Р Т О ъ У Р з С К∙л╙▒ `|у}╪  C(·╖:╪°~-B`²Г⌡          ·╖  _х  A╩U                       Ы Г Ш У У ы Р Т О ъ У Р з С К∙л╙▒ `|у}╪  C(·╖:╪°~-B`²Г⌡          ·╖  _х  A╩U                       Ы Г Ш У У ы Р Т О ъ У Р з С К∙л╙▒ `|у}╪  C(·╖:╪°~-B`²Г⌡          ·╖  _х  A╩U                       Ы Г Ш У У ы Р Т О ъ У Р з С К∙л╙▒ `|у}╪  C(·╖:╪°~-B`²Г⌡          ·╖  _х  A╩U                       Ы Г Ш У У ы Р Т О ъ У Р з С К∙л╙▒ `|у}╪  C(·╖:╪°~-B`²Г⌡          ·╖  _х  A╩U                       Ы Г Ш У У ы Р Т О ъ У Р з С К∙л╙▒ `|у}╪  C(·╖:╪°~-B`²Г⌡          ·╖  _х  A╩U                       Ы Г Ш У У ы Р Т О ъ У Р з С К∙л╙▒ `{Ш|	  Dж╒х;`═k{ЛFK═j          ╒х  _х  A8                      
 
Oл╙▒ `{Ш|	  Dж╒х;`═k{ЛFK═j          ╒х  _х  A8                      
 
Oл╙▒ `{Ш|	  Dж╒х;`═k{ЛFK═j          ╒х  _х  A8                      
 
Oл╙▒ `{Ш|	  Dж╒х;`═k{ЛFK═j          ╒х  _х  A8                      
 
Oл╙▒ `{Ш|	  Dж╒х;`═k{ЛFK═j          ╒х  _х  A8                      
 
Oл╙▒ `{Ш|	  Dж╒х;`═k{ЛFK═j          ╒х  _х  A8                      
 
Oл╙▒ `{Ш|	  Dж╒х;`═k{ЛFK═j          ╒х  _х  A8                      
 
Oл╙▒ `{Ш|	  Dж╒х;`═k{ЛFK═j          ╒х  _х  A8                      
 
Oл╙▒ `{Ш|	  Dж╒х;`═k{ЛFK═j          ╒х  _х  A8                      
 
Oл╙▒ `{Ш|	  Dж╒х;`═k{ЛFK═j          ╒х  _х  A8                      
 
Oл╙▒ `{Ш|	  Dж╒х;`═k{ЛFK═j          ╒х  _х  A8                      
 
Oл╙▒ `{Ш|	  Dж╒х;`═k{ЛFK═j          ╒х  _х  A8                      
 
Oл╙▒ `{Ш|	  Dж╒х;`═k{ЛFK═j          ╒х  _х  A8                      
 
Oл╙▒ `{Ш|	  Dж╒х;`═k{ЛFK═j          ╒х  _х  A8                      
 
Oл╙▒ `{Ш|	  Dж╒х;`═k{ЛFK═j          ╒х  _х  A8                      
 
Oл╙▒ `{Ш|	  Dж╒х;`═k{ЛFK═j          ╒х  _х  A8                      
 
Oл╙▒ `{Ш|	  Dж╒х;`═k{ЛFK═j          ╒х  _х  A8                      
 
Oл╙▒ `{Ш|	  Dж╒х;`═k{ЛFK═j          ╒х  _х  A8                      
 
Oл╙▒ `{Ш|	  Dж╒х;`═k{ЛFK═j          ╒х  _х  A8                      
 
Oл╙▒ `{Ш|	  Dж╒х;`═k{ЛFK═j          ╒х  _х  A8                      
 
Oл╙▒ `{Ш|	  Dж╒х;`═k{ЛFK═j          ╒х  _х  A8                      
 
Oл╙▒ `{Ш|	  Dж╒х;`═k{ЛFK═j          ╒х  _х  A8                      
 
Oл╙▒ `{Ш|	  Dж╒х;`═k{ЛFK═j          ╒х  _х  A8                      
 
Oл╙▒ `{Ш|	  Dж╒х;`═k{ЛFK═j          ╒х  _х  A8                      
 
Oл╙▒ `{Ш|	  Dж╒х;`═k{ЛFK═j          ╒х  _х  A8                      
 
Oл╙▒ `{Ш|	  Dж╒х;`═k{ЛFK═j          ╒х  _х  A8                      
 
Oл╙▒ `{Ш|	  Dж╒х;`═k{ЛFK═j          ╒х  _х  A8                      
 
Oл╙▒ `{Ш|	  Dж╒х;`═k{ЛFK═j          ╒х  _х  A8                      
 
Oл╙▒ `{Ш|	  Dж╒х;`═k{ЛFK═j          ╒х  _х  A8                      
 
Oл╙▒ `{Ш|	  Dж╒х;`═k{ЛFK═j          ╒х  _х  A8                      
 
Oл╙▒ `{Ш|	  Dж╒х;`═k{ЛFK═j          ╒х  _х  A8                      
 
Oл╙▒ `{Ш|	  Dж╒х;`═k{ЛFK═j          ╒х  _х  A8                      
 
Oл╙▒ `{Ш|	  Dж╒х;`═k{ЛFK═j          ╒х  _х  A8                      
 
Oл╙▒ `{Ш|	  Dж╒х;`═k{ЛFK═j          ╒х  _х  A8                      
 
Oл╙▒ `{Ш|	  Dж╒х;`═k{ЛFK═j          ╒х  _х  A8                      
 
Oл╙▒ `{Ш|	  Dж╒х;`═k{ЛFK═j          ╒х  _х  A8                      
 
Oл╙▒ `{Ш|	  Dж╒х;`═k{ЛFK═j          ╒х  _х  A8                      
 
Oл╙▒ `{Ш|	  Dж╒х;`═k{ЛFK═j          ╒х  _х  A8                      
 
Oл╙▒ `{Ш|	  Dж╒х;`═k{ЛFK═j          ╒х  _х  A8                      
 
Oл╙▒ `{Ш|	  Dж╒х;`═k{ЛFK═j          ╒х  _х  A8                      
 
Oл╙▒ `{Ш|	  Dж╒х;`═k{ЛFK═j          ╒х  _х  A8                      
 
Oл╙▒ `{Ш|	  Dж╒х;`═k{ЛFK═j          ╒х  _х  A8                      
 
Oл╙▒ `{Ш|	  Dж╒х;`═k{ЛFK═j          ╒х  _х  A8                      
 
Oл╙▒ `{Ш|	  Dж╒х;`═k{ЛFK═j          ╒х  _х  A8                      
 
Oл╙▒ `{Ш|	  Dж╒х;`═k{ЛFK═j          ╒х  _х  A8                      
 
Oл╙▒ `{Ш|	  Dж╒х;`═k{ЛFK═j          ╒х  _х  A8                      
 
Oл╙▒ `{Ш|	  Dж╒х;`═k{ЛFK═j          ╒х  _х  A8                      
 
Oл╙▒ `{Ш|	  Dж╒х;`═k{ЛFK═j          ╒х  _х  A8                      
 
Oл╙▒ `{Ш|	  Dж╒х;`═k{ЛFK═j          ╒х  _х  A8                      
 
Oл╙▒ `{8~Д  E÷ё┬;o· {пF║┬Ё          ё┬  _х  @я                      % Г!┤л╙▒ `{8~Д  E÷ё┬;o· {пF║┬Ё          ё┬  _х  @я                      % Г!┤л╙▒ `{8~Д  E÷ё┬;o· {пF║┬Ё          ё┬  _х  @я                      % Г!┤л╙▒ `{8~Д  E÷ё┬;o· {пF║┬Ё          ё┬  _х  @я                      % Г!┤л╙▒ `{8~Д  E÷ё┬;o· {пF║┬Ё          ё┬  _х  @я                      % Г!┤л╙▒ `{8~Д  E÷ё┬;o· {пF║┬Ё          ё┬  _х  @я                      % Г!┤л╙▒ `{8~Д  E÷ё┬;o· {пF║┬Ё          ё┬  _х  @я                      % Г!┤л╙▒ `{8~Д  E÷ё┬;o· {пF║┬Ё          ё┬  _х  @я                      % Г!┤л╙▒ `{8~Д  E÷ё┬;o· {пF║┬Ё          ё┬  _х  @я                      % Г!┤л╙▒ `{8~Д  E÷ё┬;o· {пF║┬Ё          ё┬  _х  @я                      % Г!┤л╙▒ `{8~Д  E÷ё┬;o· {пF║┬Ё          ё┬  _х  @я                      % Г!┤л╙▒ `{8~Д  E÷ё┬;o· {пF║┬Ё          ё┬  _х  @я                      % Г!┤л╙▒ `{8~Д  E÷ё┬;o· {пF║┬Ё          ё┬  _х  @я                      % Г!┤╙╙▒ `{8~Д  E÷ё┬;o· {пF║┬Ё          ё┬  _х  @я                      % Г!┤л╙▒ `{8~Д  E÷ё┬;o· {пF║┬Ё          ё┬  _х  @я                      % Г!┤л╙▒ `{8~Д  E÷ё┬;o· {пF║┬Ё          ё┬  _х  @я                      % Г!┤л╙▒ `{8~Д  E÷ё┬;o· {пF║┬Ё          ё┬  _х  @я                      % Г!┤л╙▒ `{8~Д  E÷ё┬;o· {пF║┬Ё          ё┬  _х  @я                      % Г!┤л╙▒ `{8~Д  E÷ё┬;o· {пF║┬Ё          ё┬  _х  @я                      % Г!┤л╙▒ `{8~Д  E÷ё┬;o· {пF║┬Ё          ё┬  _х  @я                      % Г!┤л╙▒ `{8~Д  E÷ё┬;o· {пF║┬Ё          ё┬  _х  @я                      % Г!┤л╙▒ `{8~Д  E÷ё┬;o· {пF║┬Ё          ё┬  _х  @я                      % Г!┤л╙▒ `{8~Д  E÷ё┬;o· {пF║┬Ё          ё┬  _х  @я                      % Г!┤л╙▒ `{8~Д  E÷ё┬;o· {пF║┬Ё          ё┬  _х  @я                      % Г!┤л╙▒ `{8~Д  E÷ё┬;o· {пF║┬Ё          ё┬  _х  @я                      % Г!┤л╙▒ `{8~Д  E÷ё┬;o· {пF║┬Ё          ё┬  _х  @я                      % Г!┤л╙▒ `{8~Д  E÷ё┬;o· {пF║┬Ё          ё┬  _х  @я                      % Г!┤л╙▒ `{8~Д  E÷ё┬;o· {пF║┬Ё          ё┬  _х  @я                      % Г!┤л╙▒ `{8~Д  E÷ё┬;o· {пF║┬Ё          ё┬  _х  @я                      % Г!┤л╙▒ `{8~Д  E÷ё┬;o· {пF║┬Ё          ё┬  _х  @я                      % Г!┤л╙▒ `{8~Д  E÷ё┬;o· {пF║┬Ё          ё┬  _х  @я                      % Г!┤л╙▒ `{8~Д  E÷ё┬;o· {пF║┬Ё          ё┬  _х  @я                      % Г!┤л╙▒ `{8~Д  E÷ё┬;o· {пF║┬Ё          ё┬  _х  @я                      % Г!┤л╙▒ `{8~Д  E÷ё┬;o· {пF║┬Ё          ё┬  _х  @я                      % Г!┤л╙▒ `{8~Д  E÷ё┬;o· {пF║┬Ё          ё┬  _х  @я                      % Г!┤л╙▒ `{8~Д  E÷ё┬;o· {пF║┬Ё          ё┬  _х  @я                      % Г!┤л╙▒ `{8~Д  E÷ё┬;o· {пF║┬Ё          ё┬  _х  @я                      % Г!┤╙╙▒ `{8~Д  E÷ё┬;o· {пF║┬Ё          ё┬  _х  @я                      % Г!┤л╙▒ `{8~Д  E÷ё┬;o· {пF║┬Ё          ё┬  _х  @я                      % Г!┤л╙▒ `{8~Д  E÷ё┬;o· {пF║┬Ё          ё┬  _х  @я                      % Г!┤л╙▒ `{8~Д  E÷ё┬;o· {пF║┬Ё          ё┬  _х  @я                      % Г!┤л╙▒ `{8~Д  E÷ё┬;o· {пF║┬Ё          ё┬  _х  @я                      % Г!┤л╙▒ `{8~Д  E÷ё┬;o· {пF║┬Ё          ё┬  _х  @я                      % Г!┤л╙▒ `{8~Д  E÷ё┬;o· {пF║┬Ё          ё┬  _х  @я                      % Г!┤л╙▒ `{8~Д  E÷ё┬;o· {пF║┬Ё          ё┬  _х  @я                      % Г!┤л╙▒ `{8~Д  E÷ё┬;o· {пF║┬Ё          ё┬  _х  @я                      % Г!┤л╙▒ `{8~Д  E÷ё┬;o· {пF║┬Ё          ё┬  _х  @я                      % Г!┤л╙▒ `{8~Д  E÷ё┬;o· {пF║┬Ё          ё┬  _х  @я                      % Г!┤л╙▒ `{8~Д  E÷ё┬;o· {пF║┬Ё          ё┬  _х  @я                      % Г!┤╙╙▒ `{S|	  E┌╒;f÷E|уDС═h╓          ╒  _х  @ъ                      #	 Э	  Жл╙▒ `{S|	  E┌╒;f÷E|уDС═h╓          ╒  _х  @ъ                      #	 Э	  Жл╙▒ `{S|	  E┌╒;f÷E|уDС═h╓          ╒  _х  @ъ                      #	 Э	  Жл╙▒ `{S|	  E┌╒;f÷E|уDС═h╓          ╒  _х  @ъ                      #	 Э	  Жл╙▒ `{S|	  E┌╒;f÷E|уDС═h╓          ╒  _х  @ъ                      #	 Э	  Жл╙▒ `{S|	  E┌╒;f÷E|уDС═h╓          ╒  _х  @ъ                      #	 Э	  Жл╙▒ `{S|	  E┌╒;f÷E|уDС═h╓          ╒  _х  @ъ                      #	 Э	  Жл╙▒ `{S|	  E┌╒;f÷E|уDС═h╓          ╒  _х  @ъ                      #	 Э	  Жл╙▒ `{S|	  E┌╒;f÷E|уDС═h╓          ╒  _х  @ъ                      #	 Э	  Жл╙▒ `{S|	  E┌╒;f÷E|уDС═h╓          ╒  _х  @ъ                      #	 Э	  Жл╙▒ `{S|	  E┌╒;f÷E|уDС═h╓          ╒  _х  @ъ                      #	 Э	  Жл╙▒ `{S|	  E┌╒;f÷E|уDС═h╓          ╒  _х  @ъ                      #	 Э	  Жл╙▒ `{S|	  E┌╒;f÷E|уDС═h╓          ╒  _х  @ъ                      #	 Э	  Жл╙▒ `{S|	  E┌╒;f÷E|уDС═h╓          ╒  _х  @ъ                      #	 Э	  Жл╙▒ `{S|	  E┌╒;f÷E|уDС═h╓          ╒  _х  @ъ                      #	 Э	  Жл╙▒ `{S|	  E┌╒;f÷E|уDС═h╓          ╒  _х  @ъ                      #	 Э	  Жл╙▒ `{S|	  E┌╒;f÷E|уDС═h╓          ╒  _х  @ъ                      #	 Э	  Жл╙▒ `{S|	  E┌╒;f÷E|уDС═h╓          ╒  _х  @ъ                      #	 Э	  Жл╙▒ `{S|	  E┌╒;f÷E|уDС═h╓          ╒  _х  @ъ                      #	 Э	  Жл╙▒ `{S|	  E┌╒;f÷E|уDС═h╓          ╒  _х  @ъ                      #	 Э	  Жл╙▒ `{S|	  E┌╒;f÷E|уDС═h╓          ╒  _х  @ъ                      #	 Э	  Жл╙▒ `{S|	  E┌╒;f÷E|уDС═h╓          ╒  _х  @ъ                      #	 Э	  Жл╙▒ `{S|	  E┌╒;f÷E|уDС═h╓          ╒  _х  @ъ                      #	 Э	  Жл╙▒ `{S|	  E┌╒;f÷E|уDС═h╓          ╒  _х  @ъ                      #	 Э	  Жл╙▒ `{S|	  E┌╒;f÷E|уDС═h╓          ╒  _х  @ъ                      #	 Э	  Жл╙▒ `{S|	  E┌╒;f÷E|уDС═h╓          ╒  _х  @ъ                      #	 Э	  Жл╙▒ `{S|	  E┌╒;f÷E|уDС═h╓          ╒  _х  @ъ                      #	 Э	  Жл╙▒ `{S|	  E┌╒;f÷E|уDС═h╓          ╒  _х  @ъ                      #	 Э	  Жл╙▒ `{S|	  E┌╒;f÷E|уDС═h╓          ╒  _х  @ъ                      #	 Э	  Жл╙▒ `{S|	  E┌╒;f÷E|уDС═h╓          ╒  _х  @ъ                      #	 Э	  Жл╙▒ `{S|	  E┌╒;f÷E|уDС═h╓          ╒  _х  @ъ                      #	 Э	  Жл╙▒ `{S|	  E┌╒;f÷E|уDС═h╓          ╒  _х  @ъ                      #	 Э	  Жл╙▒ `{S|	  E┌╒;f÷E|уDС═h╓          ╒  _х  @ъ                      #	 Э	  Жл╙▒ `{S|	  E┌╒;f÷E|уDС═h╓          ╒  _х  @ъ                      #	 Э	  Жл╙▒ `{S|	  E┌╒;f÷E|уDС═h╓          ╒  _х  @ъ                      #	 Э	  Жл╙▒ `{S|	  E┌╒;f÷E|уDС═h╓          ╒  _х  @ъ                      #	 Э	  Жл╙▒ `{S|	  E┌╒;f÷E|уDС═h╓          ╒  _х  @ъ                      #	 Э	  Жл╙▒ `{S|	  E┌╒;f÷E|уDС═h╓          ╒  _х  @ъ                      #	 Э	  Жл╙▒ `{S|	  E┌╒;f÷E|уDС═h╓          ╒  _х  @ъ                      #	 Э	  Жл╙▒ `{S|	  E┌╒;f÷E|уDС═h╓          ╒  _х  @ъ                      #	 Э	  Жл╙▒ `{S|	  E┌╒;f÷E|уDС═h╓          ╒  _х  @ъ                      #	 Э	  Жл╙▒ `{S|	  E┌╒;f÷E|уDС═h╓          ╒  _х  @ъ                      #	 Э	  Жл╙▒ `{S|	  E┌╒;f÷E|уDС═h╓          ╒  _х  @ъ                      #	 Э	  Жл╙▒ `{S|	  E┌╒;f÷E|уDС═h╓          ╒  _х  @ъ                      #	 Э	  Жл╙▒ `{S|	  E┌╒;f÷E|уDС═h╓          ╒  _х  @ъ                      #	 Э	  Жл╙▒ `{S|	  E┌╒;f÷E|уDС═h╓          ╒  _х  @ъ                      #	 Э	  Жл╙▒ `{S|	  E┌╒;f÷E|уDС═h╓          ╒  _х  @ъ                      #	 Э	  Жл╙▒ `{S|	  E┌╒;f÷E|уDС═h╓          ╒  _х  @ъ                      #	 Э	  Жл╙▒ `{S|	  E┌╒;f÷E|уDС═h╓          ╒  _х  @ъ                      #	 Э	  Жл╙▒ `{8{ч  D²║;·=}0A╢═хы          ║  _х  @я                      % Ь Н Ж Ч Т Щфл╙▒ `{8{ч  D²║;·=}0A╢═хы          ║  _х  @я                      % Ь Н Ж Ч Т Щфл╙▒ `{8{ч  D²║;·=}0A╢═хы          ║  _х  @я                      % Ь Н Ж Ч Т Щфл╙▒ `{8{ч  D²║;·=}0A╢═хы          ║  _х  @я                      % Ь Н Ж Ч Т Щфл╙▒ `{8{ч  D²║;·=}0A╢═хы          ║  _х  @я                      % Ь Н Ж Ч Т Щфл╙▒ `{8{ч  D²║;·=}0A╢═хы          ║  _х  @я                      % Ь Н Ж Ч Т Щфл╙▒ `{8{ч  D²║;·=}0A╢═хы          ║  _х  @я                      % Ь Н Ж Ч Т Щфл╙▒ `{8{ч  D²║;·=}0A╢═хы          ║  _х  @я                      % Ь Н Ж Ч Т Щфл╙▒ `{8{ч  D²║;·=}0A╢═хы          ║  _х  @я                      % Ь Н Ж Ч Т Щфл╙▒ `{8{ч  D²║;·=}0A╢═хы          ║  _х  @я                      % Ь Н Ж Ч Т Щфл╙▒ `{8{ч  D²║;·=}0A╢═хы          ║  _х  @я                      % Ь Н Ж Ч Т Щфл╙▒ `{8{ч  D²║;·=}0A╢═хы          ║  _х  @я                      % Ь Н Ж Ч Т Щфл╙▒ `{8{ч  D²║;·=}0A╢═хы          ║  _х  @я                      % Ь Н Ж Ч Т Щфл╙▒ `{8{ч  D²║;·=}0A╢═хы          ║  _х  @я                      % Ь Н Ж Ч Т Щфл╙▒ `{8{ч  D²║;·=}0A╢═хы          ║  _х  @я                      % Ь Н Ж Ч Т Щфл╙▒ `{8{ч  D²║;·=}0A╢═хы          ║  _х  @я                      % Ь Н Ж Ч Т Щфл╙▒ `{8{ч  D²║;·=}0A╢═хы          ║  _х  @я                      % Ь Н Ж Ч Т Щфл╙▒ `{8{ч  D²║;·=}0A╢═хы          ║  _х  @я                      % Ь Н Ж Ч Т Щфл╙▒ `{8{ч  D²║;·=}0A╢═хы          ║  _х  @я                      % Ь Н Ж Ч Т Щфл╙▒ `{8{ч  D²║;·=}0A╢═хы          ║  _х  @я                      % Ь Н Ж Ч Т Щфл╙▒ `{8{ч  D²║;·=}0A╢═хы          ║  _х  @я                      % Ь Н Ж Ч Т Щфл╙▒ `{8{ч  D²║;·=}0A╢═хы          ║  _х  @я                      % Ь Н Ж Ч Т Щфл╙▒ `{8{ч  D²║;·=}0A╢═хы          ║  _х  @я                      % Ь Н Ж Ч Т Щфл╙▒ `{8{ч  D²║;·=}0A╢═хы          ║  _х  @я                      % Ь Н Ж Ч Т Щфл╙▒ `{8{ч  D²║;·=}0A╢═хы          ║  _х  @я                      % Ь Н Ж Ч Т Щфл╙▒ `{8{ч  D²║;·=}0A╢═хы          ║  _х  @я                      % Ь Н Ж Ч Т Щфл╙▒ `{8{ч  D²║;·=}0A╢═хы          ║  _х  @я                      % Ь Н Ж Ч Т Щфл╙▒ `{8{ч  D²║;·=}0A╢═хы          ║  _х  @я                      % Ь Н Ж Ч Т Щфл╙▒ `{8{ч  D²║;·=}0A╢═хы          ║  _х  @я                      % Ь Н Ж Ч Т Щфл╙▒ `{8{ч  D²║;·=}0A╢═хы          ║  _х  @я                      % Ь Н Ж Ч Т Щфл╙▒ `{8{ч  D²║;·=}0A╢═хы          ║  _х  @я                      % Ь Н Ж Ч Т Щфл╙▒ `{8{ч  D²║;·=}0A╢═хы          ║  _х  @я                      % Ь Н Ж Ч Т Щфл╙▒ `{8{ч  D²║;·=}0A╢═хы          ║  _х  @я                      % Ь Н Ж Ч Т Щфл╙▒ `{8{ч  D²║;·=}0A╢═хы          ║  _х  @я                      % Ь Н Ж Ч Т Щфл╙▒ `{8{ч  D²║;·=}0A╢═хы          ║  _х  @я                      % Ь Н Ж Ч Т Щфл╙▒ `{8{ч  D²║;·=}0A╢═хы          ║  _х  @я                      % Ь Н Ж Ч Т Щфл╙▒ `{8{ч  D²║;·=}0A╢═хы          ║  _х  @я                      % Ь Н Ж Ч Т Щфл╙▒ `{8{ч  D²║;·=}0A╢═хы          ║  _х  @я                      % Ь Н Ж Ч Т Щфл╙▒ `{8{ч  D²║;·=}0A╢═хы          ║  _х  @я                      % Ь Н Ж Ч Т Щфл╙▒ `{8{ч  D²║;·=}0A╢═хы          ║  _х  @я                      % Ь Н Ж Ч Т Щфл╙▒ `{8{ч  D²║;·=}0A╢═хы          ║  _х  @я                      % Ь Н Ж Ч Т Щфл╙▒ `{8{ч  D²║;·=}0A╢═хы          ║  _х  @я                      % Ь Н Ж Ч Т Щфл╙▒ `{8{ч  D²║;·=}0A╢═хы          ║  _х  @я                      % Ь Н Ж Ч Т Щфл╙▒ `{8{ч  D²║;·=}0A╢═хы          ║  _х  @я                      % Ь Н Ж Ч Т Щфл╙▒ `{8{ч  D²║;·=}0A╢═хы          ║  _х  @я                      % Ь Н Ж Ч Т Щфл╙▒ `{8{ч  D²║;·=}0A╢═хы          ║  _х  @я                      % Ь Н Ж Ч Т Щфл╙▒ `{8{ч  D²║;·=}0A╢═хы          ║  _х  @я                      % Ь Н Ж Ч Т Щфл╙▒ `{8{ч  D²║;·=}0A╢═хы          ║  _х  @я                      % Ь Н Ж Ч Т Щфл╙▒ `{8{ч  D²║;·=}0A╢═хы          ║  _х  @я                      % Ь Н Ж Ч Т Щфл╙▒ `)|4  D*╒┬;1²Е}OBр═Hд          ╒┬  _х  BД                       Ц  Ь Ъ Т Щ Р Щшл╙▒ `)|4  D*╒┬;1²Е}OBр═Hд          ╒┬  _х  BД                       Ц  Ь Ъ Т Щ Р Щшл╙▒ `)|4  D*╒┬;1²Е}OBр═Hд          ╒┬  _х  BД                       Ц  Ь Ъ Т Щ Р Щшл╙▒ `)|4  D*╒┬;1²Е}OBр═Hд          ╒┬  _х  BД                       Ц  Ь Ъ Т Щ Р Щшл╙▒ `)|4  D*╒┬;1²Е}OBр═Hд          ╒┬  _х  BД                       Ц  Ь Ъ Т Щ Р Щшл╙▒ `)|4  D*╒┬;1²Е}OBр═Hд          ╒┬  _х  BД                       Ц  Ь Ъ Т Щ Р Щшл╙▒ `)|4  D*╒┬;1²Е}OBр═Hд          ╒┬  _х  BД                       Ц  Ь Ъ Т Щ Р Щшл╙▒ `)|4  D*╒┬;1²Е}OBр═Hд          ╒┬  _х  BД                       Ц  Ь Ъ Т Щ Р Щшл╙▒ `)|4  D*╒┬;1²Е}OBр═Hд          ╒┬  _х  BД                       Ц  Ь Ъ Т Щ Р Щшл╙▒ `)|4  D*╒┬;1²Е}OBр═Hд          ╒┬  _х  BД                       Ц  Ь Ъ Т Щ Р Щшл╙▒ `)|4  D*╒┬;1²Е}OBр═Hд          ╒┬  _х  BД                       Ц  Ь Ъ Т Щ Р Щшл╙▒ `)|4  D*╒┬;1²Е}OBр═Hд          ╒┬  _х  BД                       Ц  Ь Ъ Т Щ Р Щшл╙▒ `)|4  D*╒┬;1²Е}OBр═Hд          ╒┬  _х  BД                       Ц  Ь Ъ Т Щ Р Щшл╙▒ `)|4  D*╒┬;1²Е}OBр═Hд          ╒┬  _х  BД                       Ц  Ь Ъ Т Щ Р Щшл╙▒ `)|4  D*╒┬;1²Е}OBр═Hд          ╒┬  _х  BД                       Ц  Ь Ъ Т Щ Р Щшл╙▒ `)|4  D*╒┬;1²Е}OBр═Hд          ╒┬  _х  BД                       Ц  Ь Ъ Т Щ Р Щшл╙▒ `)|4  D*╒┬;1²Е}OBр═Hд          ╒┬  _х  BД                       Ц  Ь Ъ Т Щ Р Щшл╙▒ `)|4  D*╒┬;1²Е}OBр═Hд          ╒┬  _х  BД                       Ц  Ь Ъ Т Щ Р Щшл╙▒ `)|4  D*╒┬;1²Е}OBр═Hд          ╒┬  _х  BД                       Ц  Ь Ъ Т Щ Р Щшл╙▒ `)|4  D*╒┬;1²Е}OBр═Hд          ╒┬  _х  BД                       Ц  Ь Ъ Т Щ Р Щшл╙▒ `)|4  D*╒┬;1²Е}OBр═Hд          ╒┬  _х  BД                       Ц  Ь Ъ Т Щ Р Щшл╙▒ `)|4  D*╒┬;1²Е}OBр═Hд          ╒┬  _х  BД                       Ц  Ь Ъ Т Щ Р Щшл╙▒ `)|4  D*╒┬;1²Е}OBр═Hд          ╒┬  _х  BД                       Ц  Ь Ъ Т Щ Р Щшл╙▒ `)|4  D*╒┬;1²Е}OBр═Hд          ╒┬  _х  BД                       Ц  Ь Ъ Т Щ Р Щшл╙▒ `)|4  D*╒┬;1²Е}OBр═Hд          ╒┬  _х  BД                       Ц  Ь Ъ Т Щ Р Щшл╙▒ `)|4  D*╒┬;1²Е}OBр═Hд          ╒┬  _х  BД                       Ц  Ь Ъ Т Щ Р Щшл╙▒ `)|4  D*╒┬;1²Е}OBр═Hд          ╒┬  _х  BД                       Ц  Ь Ъ Т Щ Р Щшл╙▒ `)|4  D*╒┬;1²Е}OBр═Hд          ╒┬  _х  BД                       Ц  Ь Ъ Т Щ Р Щшл╙▒ `)|4  D*╒┬;1²Е}OBр═Hд          ╒┬  _х  BД                       Ц  Ь Ъ Т Щ Р Щшл╙▒ `)|4  D*╒┬;1²Е}OBр═Hд          ╒┬  _х  BД                       Ц  Ь Ъ Т Щ Р Щшл╙▒ `)|4  D*╒┬;1²Е}OBр═Hд          ╒┬  _х  BД                       Ц  Ь Ъ Т Щ Р Щшл╙▒ `)|4  D*╒┬;1²Е}OBр═Hд          ╒┬  _х  BД                       Ц  Ь Ъ Т Щ Р Щшл╙▒ `)|4  D*╒┬;1²Е}OBр═Hд          ╒┬  _х  BД                       Ц  Ь Ъ Т Щ Р Щшл╙▒ `)|4  D*╒┬;1²Е}OBр═Hд          ╒┬  _х  BД                       Ц  Ь Ъ Т Щ Р Щшл╙▒ `)|4  D*╒┬;1²Е}OBр═Hд          ╒┬  _х  BД                       Ц  Ь Ъ Т Щ Р Щшл╙▒ `)|4  D*╒┬;1²Е}OBр═Hд          ╒┬  _х  BД                       Ц  Ь Ъ Т Щ Р Щшл╙▒ `)|4  D*╒┬;1²Е}OBр═Hд          ╒┬  _х  BД                       Ц  Ь Ъ Т Щ Р Щшл╙▒ `)|4  D*╒┬;1²Е}OBр═Hд          ╒┬  _х  BД                       Ц  Ь Ъ Т Щ Р Щшл╙▒ `)|4  D*╒┬;1²Е}OBр═Hд          ╒┬  _х  BД                       Ц  Ь Ъ Т Щ Р Щшл╙▒ `)|4  D*╒┬;1²Е}OBр═Hд          ╒┬  _х  BД                       Ц  Ь Ъ Т Щ Р Щшл╙▒ `)|4  D*╒┬;1²Е}OBр═Hд          ╒┬  _х  BД                       Ц  Ь Ъ Т Щ Р Щшл╙▒ `)|4  D*╒┬;1²Е}OBр═Hд          ╒┬  _х  BД                       Ц  Ь Ъ Т Щ Р Щшл╙▒ `)|4  D*╒┬;1²Е}OBр═Hд          ╒┬  _х  BД                       Ц  Ь Ъ Т Щ Р Щшл╙▒ `)|4  D*╒┬;1²Е}OBр═Hд          ╒┬  _х  BД                       Ц  Ь Ъ Т Щ Р Щшл╙▒ `)|4  D*╒┬;1²Е}OBр═Hд          ╒┬  _х  BД                       Ц  Ь Ъ Т Щ Р Щшл╙▒ `)|4  D*╒┬;1²Е}OBр═Hд          ╒┬  _х  BД                       Ц  Ь Ъ Т Щ Р Щшл╙▒ `)|4  D*╒┬;1²Е}OBр═Hд          ╒┬  _х  BД                       Ц  Ь Ъ Т Щ Р Щшл╙▒ `)|4  D*╒┬;1²Е}OBр═Hд          ╒┬  _х  BД                       Ц  Ь Ъ Т Щ Р Щшл╙▒ `)|4  D*╒┬;1²Е}OBр═Hд          ╒┬  _х  BД                       Ц  Ь Ъ Т Щ Р Щшл╙▒ `||│  C╥═Х;+ К}}C(°G╓          ═Х  _х  A{                       х Ъ  К Ъ Щ Ш Б Э Э Ч Ы Ф Зил╙▒ `||│  C╥═Х;+ К}}C(°G╓          ═Х  _х  A{                       х Ъ  К Ъ Щ Ш Б Э Э Ч Ы Ф Зил╙▒ `||│  C╥═Х;+ К}}C(°G╓          ═Х  _х  A{                       х Ъ  К Ъ Щ Ш Б Э Э Ч Ы Ф Зил╙▒ `||│  C╥═Х;+ К}}C(°G╓          ═Х  _х  A{                       х Ъ  К Ъ Щ Ш Б Э Э Ч Ы Ф Зил╙▒ `||│  C╥═Х;+ К}}C(°G╓          ═Х  _х  A{                       х Ъ  К Ъ Щ Ш Б Э Э Ч Ы Ф Зил╙▒ `||│  C╥═Х;+ К}}C(°G╓          ═Х  _х  A{                       х Ъ  К Ъ Щ Ш Б Э Э Ч Ы Ф Зил╙▒ `||│  C╥═Х;+ К}}C(°G╓          ═Х  _х  A{                       х Ъ  К Ъ Щ Ш Б Э Э Ч Ы Ф Зил╙▒ `||│  C╥═Х;+ К}}C(°G╓          ═Х  _х  A{                       х Ъ  К Ъ Щ Ш Б Э Э Ч Ы Ф Зил╙▒ `||│  C╥═Х;+ К}}C(°G╓          ═Х  _х  A{                       х Ъ  К Ъ Щ Ш Б Э Э Ч Ы Ф Зил╙▒ `||│  C╥═Х;+ К}}C(°G╓          ═Х  _х  A{                       х Ъ  К Ъ Щ Ш Б Э Э Ч Ы Ф Зил╙▒ `||│  C╥═Х;+ К}}C(°G╓          ═Х  _х  A{                       х Ъ  К Ъ Щ Ш Б Э Э Ч Ы Ф Зил╙▒ `||│  C╥═Х;+ К}}C(°G╓          ═Х  _х  A{                       х Ъ  К Ъ Щ Ш Б Э Э Ч Ы Ф Зил╙▒ `||│  C╥═Х;+ К}}C(°G╓          ═Х  _х  A{                       х Ъ  К Ъ Щ Ш Б Э Э Ч Ы Ф Зил╙▒ `||│  C╥═Х;+ К}}C(°G╓          ═Х  _х  A{                       х Ъ  К Ъ Щ Ш Б Э Э Ч Ы Ф Зил╙▒ `||│  C╥═Х;+ К}}C(°G╓          ═Х  _х  A{                       х Ъ  К Ъ Щ Ш Б Э Э Ч Ы Ф Зил╙▒ `||│  C╥═Х;+ К}}C(°G╓          ═Х  _х  A{                       х Ъ  К Ъ Щ Ш Б Э Э Ч Ы Ф Зил╙▒ `||│  C╥═Х;+ К}}C(°G╓          ═Х  _х  A{                       х Ъ  К Ъ Щ Ш Б Э Э Ч Ы Ф Зил╙▒ `||│  C╥═Х;+ К}}C(°G╓          ═Х  _х  A{                       х Ъ  К Ъ Щ Ш Б Э Э Ч Ы Ф Зил╙▒ `||│  C╥═Х;+ К}}C(°G╓          ═Х  _х  A{                       х Ъ  К Ъ Щ Ш Б Э Э Ч Ы Ф Зил╙▒ `||│  C╥═Х;+ К}}C(°G╓          ═Х  _х  A{                       х Ъ  К Ъ Щ Ш Б Э Э Ч Ы Ф Зил╙▒ `||│  C╥═Х;+ К}}C(°G╓          ═Х  _х  A{                       х Ъ  К Ъ Щ Ш Б Э Э Ч Ы Ф Зил╙▒ `||│  C╥═Х;+ К}}C(°G╓          ═Х  _х  A{                       х Ъ  К Ъ Щ Ш Б Э Э Ч Ы Ф Зил╙▒ `||│  C╥═Х;+ К}}C(°G╓          ═Х  _х  A{                       х Ъ  К Ъ Щ Ш Б Э Э Ч Ы Ф Зил╙▒ `||│  C╥═Х;+ К}}C(°G╓          ═Х  _х  A{                       х Ъ  К Ъ Щ Ш Б Э Э Ч Ы Ф Зил╙▒ `||│  C╥═Х;+ К}}C(°G╓          ═Х  _х  A{                       х Ъ  К Ъ Щ Ш Б Э Э Ч Ы Ф Зил╙▒ `||│  C╥═Х;+ К}}C(°G╓          ═Х  _х  A{                       х Ъ  К Ъ Щ Ш Б Э Э Ч Ы Ф Зил╙▒ `||│  C╥═Х;+ К}}C(°G╓          ═Х  _х  A{                       х Ъ  К Ъ Щ Ш Б Э Э Ч Ы Ф Зил╙▒ `||│  C╥═Х;+ К}}C(°G╓          ═Х  _х  A{                       х Ъ  К Ъ Щ Ш Б Э Э Ч Ы Ф Зил╙▒ `||│  C╥═Х;+ К}}C(°G╓          ═Х  _х  A{                       х Ъ  К Ъ Щ Ш Б Э Э Ч Ы Ф Зил╙▒ `||│  C╥═Х;+ К}}C(°G╓          ═Х  _х  A{                       х Ъ  К Ъ Щ Ш Б Э Э Ч Ы Ф Зил╙▒ `||│  C╥═Х;+ К}}C(°G╓          ═Х  _х  A{                       х Ъ  К Ъ Щ Ш Б Э Э Ч Ы Ф Зил╙▒ `||│  C╥═Х;+ К}}C(°G╓          ═Х  _х  A{                       х Ъ  К Ъ Щ Ш Б Э Э Ч Ы Ф Зил╙▒ `||│  C╥═Х;+ К}}C(°G╓          ═Х  _х  A{                       х Ъ  К Ъ Щ Ш Б Э Э Ч Ы Ф Зил╙▒ `||│  C╥═Х;+ К}}C(°G╓          ═Х  _х  A{                       х Ъ  К Ъ Щ Ш Б Э Э Ч Ы Ф Зил╙▒ `||│  C╥═Х;+ К}}C(°G╓          ═Х  _х  A{                       х Ъ  К Ъ Щ Ш Б Э Э Ч Ы Ф Зил╙▒ `||│  C╥═Х;+ К}}C(°G╓          ═Х  _х  A{                       х Ъ  К Ъ Щ Ш Б Э Э Ч Ы Ф Зил╙▒ `||│  C╥═Х;+ К}}C(°G╓          ═Х  _х  A{                       х Ъ  К Ъ Щ Ш Б Э Э Ч Ы Ф Зил╙▒ `||│  C╥═Х;+ К}}C(°G╓          ═Х  _х  A{                       х Ъ  К Ъ Щ Ш Б Э Э Ч Ы Ф Зил╙▒ `||│  C╥═Х;+ К}}C(°G╓          ═Х  _х  A{                       х Ъ  К Ъ Щ Ш Б Э Э Ч Ы Ф Зил╙▒ `||│  C╥═Х;+ К}}C(°G╓          ═Х  _х  A{                       х Ъ  К Ъ Щ Ш Б Э Э Ч Ы Ф Зил╙▒ `||│  C╥═Х;+ К}}C(°G╓          ═Х  _х  A{                       х Ъ  К Ъ Щ Ш Б Э Э Ч Ы Ф Зил╙▒ `||│  C╥═Х;+ К}}C(°G╓          ═Х  _х  A{                       х Ъ  К Ъ Щ Ш Б Э Э Ч Ы Ф Зил╙▒ `||│  C╥═Х;+ К}}C(°G╓          ═Х  _х  A{                       х Ъ  К Ъ Щ Ш Б Э Э Ч Ы Ф Зил╙▒ `||│  C╥═Х;+ К}}C(°G╓          ═Х  _х  A{                       х Ъ  К Ъ Щ Ш Б Э Э Ч Ы Ф Зил╙▒ `||│  C╥═Х;+ К}}C(°G╓          ═Х  _х  A{                       х Ъ  К Ъ Щ Ш Б Э Э Ч Ы Ф Зил╙▒ `||│  C╥═Х;+ К}}C(°G╓          ═Х  _х  A{                       х Ъ  К Ъ Щ Ш Б Э Э Ч Ы Ф Зил╙▒ `||│  C╥═Х;+ К}}C(°G╓          ═Х  _х  A{                       х Ъ  К Ъ Щ Ш Б Э Э Ч Ы Ф Зил╙▒ `||│  C╥═Х;+ К}}C(°G╓          ═Х  _х  A{                       х Ъ  К Ъ Щ Ш Б Э Э Ч Ы Ф Зил╙▒ `||│  C╥═Х;+ К}}C(°G╓          ═Х  _х  A{                       х Ъ  К Ъ Щ Ш Б Э Э Ч Ы Ф Зил╙▒ `|	|Д  Dж═х;I·Ё}ODС═h░          ═х  _х  A?                      
	  З
 Шdл╙▒ `|	|Д  Dж═х;I·Ё}ODС═h░          ═х  _х  A?                      
	  З
 Шd╙╙▒ `|	|Д  Dж═х;I·Ё}ODС═h░          ═х  _х  A?                      
	  З
 Шdл╙▒ `|	|Д  Dж═х;I·Ё}ODС═h░          ═х  _х  A?                      
	  З
 Шd╙╙▒ `|	|Д  Dж═х;I·Ё}ODС═h░          ═х  _х  A?                      
	  З
 Шdл╙▒ `|	|Д  Dж═х;I·Ё}ODС═h░          ═х  _х  A?                      
	  З
 Шd╙╙▒ `|	|Д  Dж═х;I·Ё}ODС═h░          ═х  _х  A?                      
	  З
 Шdл╙▒ `|	|Д  Dж═х;I·Ё}ODС═h░          ═х  _х  A?                      
	  З
 Шd╙╙▒ `|	|Д  Dж═х;I·Ё}ODС═h░          ═х  _х  A?                      
	  З
 Шdл╙▒ `|	|Д  Dж═х;I·Ё}ODС═h░          ═х  _х  A?                      
	  З
 Шd╙╙▒ `|	|Д  Dж═х;I·Ё}ODС═h░          ═х  _х  A?                      
	  З
 Шdл╙▒ `|	|Д  Dж═х;I·Ё}ODС═h░          ═х  _х  A?                      
	  З
 Шd╙╙▒ `|	|Д  Dж═х;I·Ё}ODС═h░          ═х  _х  A?                      
	  З
 Шdл╙▒ `|	|Д  Dж═х;I·Ё}ODС═h░          ═х  _х  A?                      
	  З
 Шd╙╙▒ `|	|Д  Dж═х;I·Ё}ODС═h░          ═х  _х  A?                      
	  З
 Шdл╙▒ `|	|Д  Dж═х;I·Ё}ODС═h░          ═х  _х  A?                      
	  З
 Шd╙╙▒ `|	|Д  Dж═х;I·Ё}ODС═h░          ═х  _х  A?                      
	  З
 Шdл╙▒ `|	|Д  Dж═х;I·Ё}ODС═h░          ═х  _х  A?                      
	  З
 Шd╙╙▒ `|	|Д  Dж═х;I·Ё}ODС═h░          ═х  _х  A?                      
	  З
 Шdл╙▒ `|	|Д  Dж═х;I·Ё}ODС═h░          ═х  _х  A?                      
	  З
 Шd╙╙▒ `|	|Д  Dж═х;I·Ё}ODС═h░          ═х  _х  A?                      
	  З
 Шdл╙▒ `|	|Д  Dж═х;I·Ё}ODС═h░          ═х  _х  A?                      
	  З
 Шd╙╙▒ `|	|Д  Dж═х;I·Ё}ODС═h░          ═х  _х  A?                      
	  З
 Шdл╙▒ `|	|Д  Dж═х;I·Ё}ODС═h░          ═х  _х  A?                      
	  З
 Шd╙╙▒ `|	|Д  Dж═х;I·Ё}ODС═h░          ═х  _х  A?                      
	  З
 Шdл╙▒ `|	|Д  Dж═х;I·Ё}ODС═h░          ═х  _х  A?                      
	  З
 Шd╙╙▒ `|	|Д  Dж═х;I·Ё}ODС═h░          ═х  _х  A?                      
	  З
 Шdл╙▒ `|	|Д  Dж═х;I·Ё}ODС═h░          ═х  _х  A?                      
	  З
 Шd╙╙▒ `|	|Д  Dж═х;I·Ё}ODС═h░          ═х  _х  A?                      
	  З
 Шdл╙▒ `|	|Д  Dж═х;I·Ё}ODС═h░          ═х  _х  A?                      
	  З
 Шd╙╙▒ `|	|Д  Dж═х;I·Ё}ODС═h░          ═х  _х  A?                      
	  З
 Шdл╙▒ `|	|Д  Dж═х;I·Ё}ODС═h░          ═х  _х  A?                      
	  З
 Шd╙╙▒ `|	|Д  Dж═х;I·Ё}ODС═h░          ═х  _х  A?                      
	  З
 Шdл╙▒ `|	|Д  Dж═х;I·Ё}ODС═h░          ═х  _х  A?                      
	  З
 Шd╙╙▒ `|	|Д  Dж═х;I·Ё}ODС═h░          ═х  _х  A?                      
	  З
 Шdл╙▒ `|	|Д  Dж═х;I·Ё}ODС═h░          ═х  _х  A?                      
	  З
 Шd╙╙▒ `|	|Д  Dж═х;I·Ё}ODС═h░          ═х  _х  A?                      
	  З
 Шdл╙▒ `|	|Д  Dж═х;I·Ё}ODС═h░          ═х  _х  A?                      
	  З
 Шd╙╙▒ `|	|Д  Dж═х;I·Ё}ODС═h░          ═х  _х  A?                      
	  З
 Шdл╙▒ `|	|Д  Dж═х;I·Ё}ODС═h░          ═х  _х  A?                      
	  З
 Шd╙╙▒ `|	|Д  Dж═х;I·Ё}ODС═h░          ═х  _х  A?                      
	  З
 Шdл╙▒ `|	|Д  Dж═х;I·Ё}ODС═h░          ═х  _х  A?                      
	  З
 Шd╙╙▒ `|	|Д  Dж═х;I·Ё}ODС═h░          ═х  _х  A?                      
	  З
 Шdл╙▒ `|	|Д  Dж═х;I·Ё}ODС═h░          ═х  _х  A?                      
	  З
 Шd╙╙▒ `|	|Д  Dж═х;I·Ё}ODС═h░          ═х  _х  A?                      
	  З
 Шdл╙▒ `|	|Д  Dж═х;I·Ё}ODС═h░          ═х  _х  A?                      
	  З
 Шd╙╙▒ `|	|Д  Dж═х;I·Ё}ODС═h░          ═х  _х  A?                      
	  З
 Шdл╙▒ `|	|Д  Dж═х;I·Ё}ODС═h░          ═х  _х  A?                      
	  З
 Шd╙╙▒ `|	|Д  Dж═х;I·Ё}ODС═h░          ═х  _х  A?                      
	  З
 Шdл╙▒ `|	|Д  Dж═х;I·Ё}ODС═h░          ═х  _х  A?                      
	  З
 Шdл╙▒ `{╢||  D²÷г;Z÷(}Dж═┬Н          ÷г  _х  A                       Ч
 Я Шшл╙▒ `{╢||  D²÷г;Z÷(}Dж═┬Н          ÷г  _х  A                       Ч
 Я Шшл╙▒ `{╢||  D²÷г;Z÷(}Dж═┬Н          ÷г  _х  A                       Ч
 Я Шшл╙▒ `{╢||  D²÷г;Z÷(}Dж═┬Н          ÷г  _х  A                       Ч
 Я Шшл╙▒ `{╢||  D²÷г;Z÷(}Dж═┬Н          ÷г  _х  A                       Ч
 Я Шшл╙▒ `{╢||  D²÷г;Z÷(}Dж═┬Н          ÷г  _х  A                       Ч
 Я Шшл╙▒ `{╢||  D²÷г;Z÷(}Dж═┬Н          ÷г  _х  A                       Ч
 Я Шшл╙▒ `{╢||  D²÷г;Z÷(}Dж═┬Н          ÷г  _х  A                       Ч
 Я Шшл╙▒ `{╢||  D²÷г;Z÷(}Dж═┬Н          ÷г  _х  A                       Ч
 Я Шшл╙▒ `{╢||  D²÷г;Z÷(}Dж═┬Н          ÷г  _х  A                       Ч
 Я Шшл╙▒ `{╢||  D²÷г;Z÷(}Dж═┬Н          ÷г  _х  A                       Ч
 Я Шшл╙▒ `{╢||  D²÷г;Z÷(}Dж═┬Н          ÷г  _х  A                       Ч
 Я Шшл╙▒ `{╢||  D²÷г;Z÷(}Dж═┬Н          ÷г  _х  A                       Ч
 Я Шшл╙▒ `{╢||  D²÷г;Z÷(}Dж═┬Н          ÷г  _х  A                       Ч
 Я Шшл╙▒ `{╢||  D²÷г;Z÷(}Dж═┬Н          ÷г  _х  A                       Ч
 Я Шшл╙▒ `{╢||  D²÷г;Z÷(}Dж═┬Н          ÷г  _х  A                       Ч
 Я Шшл╙▒ `{╢||  D²÷г;Z÷(}Dж═┬Н          ÷г  _х  A                       Ч
 Я Шшл╙▒ `{╢||  D²÷г;Z÷(}Dж═┬Н          ÷г  _х  A                       Ч
 Я Шшл╙▒ `{╢||  D²÷г;Z÷(}Dж═┬Н          ÷г  _х  A                       Ч
 Я Шшл╙▒ `{╢||  D²÷г;Z÷(}Dж═┬Н          ÷г  _х  A                       Ч
 Я Шшл╙▒ `{╢||  D²÷г;Z÷(}Dж═┬Н          ÷г  _х  A                       Ч
 Я Шшл╙▒ `{╢||  D²÷г;Z÷(}Dж═┬Н          ÷г  _х  A                       Ч
 Я Шшл╙▒ `{╢||  D²÷г;Z÷(}Dж═┬Н          ÷г  _х  A                       Ч
 Я Шшл╙▒ `{╢||  D²÷г;Z÷(}Dж═┬Н          ÷г  _х  A                       Ч
 Я Шшл╙▒ `{╢||  D²÷г;Z÷(}Dж═┬Н          ÷г  _х  A                       Ч
 Я Шшл╙▒ `{╢||  D²÷г;Z÷(}Dж═┬Н          ÷г  _х  A                       Ч
 Я Шшл╙▒ `{╢||  D²÷г;Z÷(}Dж═┬Н          ÷г  _х  A                       Ч
 Я Шшл╙▒ `{╢||  D²÷г;Z÷(}Dж═┬Н          ÷г  _х  A                       Ч
 Я Шшл╙▒ `{╢||  D²÷г;Z÷(}Dж═┬Н          ÷г  _х  A                       Ч
 Я Шшл╙▒ `{╢||  D²÷г;Z÷(}Dж═┬Н          ÷г  _х  A                       Ч
 Я Шшл╙▒ `{╢||  D²÷г;Z÷(}Dж═┬Н          ÷г  _х  A                       Ч
 Я Шшл╙▒ `{╢||  D²÷г;Z÷(}Dж═┬Н          ÷г  _х  A                       Ч
 Я Шшл╙▒ `{╢||  D²÷г;Z÷(}Dж═┬Н          ÷г  _х  A                       Ч
 Я Шшл╙▒ `{╢||  D²÷г;Z÷(}Dж═┬Н          ÷г  _х  A                       Ч
 Я Шшл╙▒ `{╢||  D²÷г;Z÷(}Dж═┬Н          ÷г  _х  A                       Ч
 Я Шшл╙▒ `{╢||  D²÷г;Z÷(}Dж═┬Н          ÷г  _х  A                       Ч
 Я Шшл╙▒ `{╢||  D²÷г;Z÷(}Dж═┬Н          ÷г  _х  A                       Ч
 Я Шшл╙▒ `{╢||  D²÷г;Z÷(}Dж═┬Н          ÷г  _х  A                       Ч
 Я Шшл╙▒ `{╢||  D²÷г;Z÷(}Dж═┬Н          ÷г  _х  A                       Ч
 Я Шшл╙▒ `{╢||  D²÷г;Z÷(}Dж═┬Н          ÷г  _х  A                       Ч
 Я Шшл╙▒ `{╢||  D²÷г;Z÷(}Dж═┬Н          ÷г  _х  A                       Ч
 Я Шшл╙▒ `{╢||  D²÷г;Z÷(}Dж═┬Н          ÷г  _х  A                       Ч
 Я Шшл╙▒ `{╢||  D²÷г;Z÷(}Dж═┬Н          ÷г  _х  A                       Ч
 Я Шшл╙▒ `{╢||  D²÷г;Z÷(}Dж═┬Н          ÷г  _х  A                       Ч
 Я Шшл╙▒ `{╢||  D²÷г;Z÷(}Dж═┬Н          ÷г  _х  A                       Ч
 Я Шшл╙▒ `{╢||  D²÷г;Z÷(}Dж═┬Н          ÷г  _х  A                       Ч
 Я Шшл╙▒ `{╢||  D²÷г;Z÷(}Dж═┬Н          ÷г  _х  A                       Ч
 Я Шшл╙▒ `{╢||  D²÷г;Z÷(}Dж═┬Н          ÷г  _х  A                       Ч
 Я Шшл╙▒ `{╢||  D²÷г;Z÷(}Dж═┬Н          ÷г  _х  A                       Ч
 Я Шшл╙▒ `{╕}!  D*═(:Э· ~Cт÷г/          ═(  _х  A                       К О Т Ч П  М Щ5л╙▒ `{╕}!  D*═(:Э· ~Cт÷г/          ═(  _х  A                       К О Т Ч П  М Щ5л╙▒ `{╕}!  D*═(:Э· ~Cт÷г/          ═(  _х  A                       К О Т Ч П  М Щ5л╙▒ `{╕}!  D*═(:Э· ~Cт÷г/          ═(  _х  A                       К О Т Ч П  М Щ5л╙▒ `{╕}!  D*═(:Э· ~Cт÷г/          ═(  _х  A                       К О Т Ч П  М Щ5л╙▒ `{╕}!  D*═(:Э· ~Cт÷г/          ═(  _х  A                       К О Т Ч П  М Щ5л╙▒ `{╕}!  D*═(:Э· ~Cт÷г/          ═(  _х  A                       К О Т Ч П  М Щ5л╙▒ `{╕}!  D*═(:Э· ~Cт÷г/          ═(  _х  A                       К О Т Ч П  М Щ5л╙▒ `{╕}!  D*═(:Э· ~Cт÷г/          ═(  _х  A                       К О Т Ч П  М Щ5л╙▒ `{╕}!  D*═(:Э· ~Cт÷г/          ═(  _х  A                       К О Т Ч П  М Щ5л╙▒ `{╕}!  D*═(:Э· ~Cт÷г/          ═(  _х  A                       К О Т Ч П  М Щ5л╙▒ `{╕}!  D*═(:Э· ~Cт÷г/          ═(  _х  A                       К О Т Ч П  М Щ5л╙▒ `{╕}!  D*═(:Э· ~Cт÷г/          ═(  _х  A                       К О Т Ч П  М Щ5л╙▒ `{╕}!  D*═(:Э· ~Cт÷г/          ═(  _х  A                       К О Т Ч П  М Щ5л╙▒ `{╕}!  D*═(:Э· ~Cт÷г/          ═(  _х  A                       К О Т Ч П  М Щ5л╙▒ `{╕}!  D*═(:Э· ~Cт÷г/          ═(  _х  A                       К О Т Ч П  М Щ5л╙▒ `{╕}!  D*═(:Э· ~Cт÷г/          ═(  _х  A                       К О Т Ч П  М Щ5л╙▒ `{╕}!  D*═(:Э· ~Cт÷г/          ═(  _х  A                       К О Т Ч П  М Щ5л╙▒ `{╕}!  D*═(:Э· ~Cт÷г/          ═(  _х  A                       К О Т Ч П  М Щ5л╙▒ `{╕}!  D*═(:Э· ~Cт÷г/          ═(  _х  A                       К О Т Ч П  М Щ5л╙▒ `{╕}!  D*═(:Э· ~Cт÷г/          ═(  _х  A                       К О Т Ч П  М Щ5л╙▒ `{╕}!  D*═(:Э· ~Cт÷г/          ═(  _х  A                       К О Т Ч П  М Щ5л╙▒ `{╕}!  D*═(:Э· ~Cт÷г/          ═(  _х  A                       К О Т Ч П  М Щ5л╙▒ `{╕}!  D*═(:Э· ~Cт÷г/          ═(  _х  A                       К О Т Ч П  М Щ5л╙▒ `{╕}!  D*═(:Э· ~Cт÷г/          ═(  _х  A                       К О Т Ч П  М Щ5л╙▒ `{╕}!  D*═(:Э· ~Cт÷г/          ═(  _х  A                       К О Т Ч П  М Щ5л╙▒ `{╕}!  D*═(:Э· ~Cт÷г/          ═(  _х  A                       К О Т Ч П  М Щ5л╙▒ `{╕}!  D*═(:Э· ~Cт÷г/          ═(  _х  A                       К О Т Ч П  М Щ5л╙▒ `{╕}!  D*═(:Э· ~Cт÷г/          ═(  _х  A                       К О Т Ч П  М Щ5л╙▒ `{╕}!  D*═(:Э· ~Cт÷г/          ═(  _х  A                       К О Т Ч П  М Щ5л╙▒ `{╕}!  D*═(:Э· ~Cт÷г/          ═(  _х  A                       К О Т Ч П  М Щ5л╙▒ `{╕}!  D*═(:Э· ~Cт÷г/          ═(  _х  A                       К О Т Ч П  М Щ5л╙▒ `{╕}!  D*═(:Э· ~Cт÷г/          ═(  _х  A                       К О Т Ч П  М Щ5л╙▒ `{╕}!  D*═(:Э· ~Cт÷г/          ═(  _х  A                       К О Т Ч П  М Щ5л╙▒ `{╕}!  D*═(:Э· ~Cт÷г/          ═(  _х  A                       К О Т Ч П  М Щ5л╙▒ `{╕}!  D*═(:Э· ~Cт÷г/          ═(  _х  A                       К О Т Ч П  М Щ5л╙▒ `{╕}!  D*═(:Э· ~Cт÷г/          ═(  _х  A                       К О Т Ч П  М Щ5л╙▒ `{╕}!  D*═(:Э· ~Cт÷г/          ═(  _х  A                       К О Т Ч П  М Щ5л╙▒ `{╕}!  D*═(:Э· ~Cт÷г/          ═(  _х  A                       К О Т Ч П  М Щ5л╙▒ `{╕}!  D*═(:Э· ~Cт÷г/          ═(  _х  A                       К О Т Ч П  М Щ5л╙▒ `{╕}!  D*═(:Э· ~Cт÷г/          ═(  _х  A                       К О Т Ч П  М Щ5л╙▒ `{╕}!  D*═(:Э· ~Cт÷г/          ═(  _х  A                       К О Т Ч П  М Щ5л╙▒ `{╕}!  D*═(:Э· ~Cт÷г/          ═(  _х  A                       К О Т Ч П  М Щ5л╙▒ `{╕}!  D*═(:Э· ~Cт÷г/          ═(  _х  A                       К О Т Ч П  М Щ5л╙▒ `{╕}!  D*═(:Э· ~Cт÷г/          ═(  _х  A                       К О Т Ч П  М Щ5л╙▒ `{╕}!  D*═(:Э· ~Cт÷г/          ═(  _х  A                       К О Т Ч П  М Щ5л╙▒ `{╕}!  D*═(:Э· ~Cт÷г/          ═(  _х  A                       К О Т Ч П  М Щ5л╙▒ `{╕}!  D*═(:Э· ~Cт÷г/          ═(  _х  A                       К О Т Ч П  М Щ5л╙▒ `{╕}!  D*═(:Э· ~Cт÷г/          ═(  _х  A                       К О Т Ч П  М Щ5╙╙▒ `│╩U}╛  B&÷╖:Н⌡`~░A·
          ÷╖  _х  D5                       а З П Р О Щ Й Л Х П Л Ц Р Л А Й╫л╙▒ `│╩U}╛  B&÷╖:Н⌡`~░A·
          ÷╖  _х  D5                       а З П Р О Щ Й Л Х П Л Ц Р Л А Й╫л╙▒ `│╩U}╛  B&÷╖:Н⌡`~░A·
          ÷╖  _х  D5                       а З П Р О Щ Й Л Х П Л Ц Р Л А Й╫л╙▒ `│╩U}╛  B&÷╖:Н⌡`~░A·
          ÷╖  _х  D5                       а З П Р О Щ Й Л Х П Л Ц Р Л А Й╫л╙▒ `│╩U}╛  B&÷╖:Н⌡`~░A·
          ÷╖  _х  D5                       а З П Р О Щ Й Л Х П Л Ц Р Л А Й╫л╙▒ `│╩U}╛  B&÷╖:Н⌡`~░A·
          ÷╖  _х  D5                       а З П Р О Щ Й Л Х П Л Ц Р Л А Й╫л╙▒ `│╩U}╛  B&÷╖:Н⌡`~░A·
          ÷╖  _х  D5                       а З П Р О Щ Й Л Х П Л Ц Р Л А Й╫л╙▒ `│╩U}╛  B&÷╖:Н⌡`~░A·
          ÷╖  _х  D5                       а З П Р О Щ Й Л Х П Л Ц Р Л А Й╫л╙▒ `│╩U}╛  B&÷╖:Н⌡`~░A·
          ÷╖  _х  D5                       а З П Р О Щ Й Л Х П Л Ц Р Л А Й╫л╙▒ `│╩U}╛  B&÷╖:Н⌡`~░A·
          ÷╖  _х  D5                       а З П Р О Щ Й Л Х П Л Ц Р Л А Й╫л╙▒ `│╩U}╛  B&÷╖:Н⌡`~░A·
          ÷╖  _х  D5                       а З П Р О Щ Й Л Х П Л Ц Р Л А Й╫л╙▒ `│╩U}╛  B&÷╖:Н⌡`~░A·
          ÷╖  _х  D5                       а З П Р О Щ Й Л Х П Л Ц Р Л А Й╫л╙▒ `│╩U}╛  B&÷╖:Н⌡`~░A·
          ÷╖  _х  D5                       а З П Р О Щ Й Л Х П Л Ц Р Л А Й╫л╙▒ `│╩U}╛  B&÷╖:Н⌡`~░A·
          ÷╖  _х  D5                       а З П Р О Щ Й Л Х П Л Ц Р Л А Й╫л╙▒ `│╩U}╛  B&÷╖:Н⌡`~░A·
          ÷╖  _х  D5                       а З П Р О Щ Й Л Х П Л Ц Р Л А Й╫л╙▒ `│╩U}╛  B&÷╖:Н⌡`~░A·
          ÷╖  _х  D5                       а З П Р О Щ Й Л Х П Л Ц Р Л А Й╫л╙▒ `│╩U}╛  B&÷╖:Н⌡`~░A·
          ÷╖  _х  D5                       а З П Р О Щ Й Л Х П Л Ц Р Л А Й╫л╙▒ `│╩U}╛  B&÷╖:Н⌡`~░A·
          ÷╖  _х  D5                       а З П Р О Щ Й Л Х П Л Ц Р Л А Й╫л╙▒ `│╩U}╛  B&÷╖:Н⌡`~░A·
          ÷╖  _х  D5                       а З П Р О Щ Й Л Х П Л Ц Р Л А Й╫л╙▒ `│╩U}╛  B&÷╖:Н⌡`~░A·
          ÷╖  _х  D5                       а З П Р О Щ Й Л Х П Л Ц Р Л А Й╫л╙▒ `│╩U}╛  B&÷╖:Н⌡`~░A·
          ÷╖  _х  D5                       а З П Р О Щ Й Л Х П Л Ц Р Л А Й╫л╙▒ `│╩U}╛  B&÷╖:Н⌡`~░A·
          ÷╖  _х  D5                       а З П Р О Щ Й Л Х П Л Ц Р Л А Й╫л╙▒ `│╩U}╛  B&÷╖:Н⌡`~░A·
          ÷╖  _х  D5                       а З П Р О Щ Й Л Х П Л Ц Р Л А Й╫л╙▒ `│╩U}╛  B&÷╖:Н⌡`~░A·
          ÷╖  _х  D5                       а З П Р О Щ Й Л Х П Л Ц Р Л А Й╫л╙▒ `│╩U}╛  B&÷╖:Н⌡`~░A·
          ÷╖  _х  D5                       а З П Р О Щ Й Л Х П Л Ц Р Л А Й╫л╙▒ `│╩U}╛  B&÷╖:Н⌡`~░A·
          ÷╖  _х  D5                       а З П Р О Щ Й Л Х П Л Ц Р Л А Й╫л╙▒ `│╩U}╛  B&÷╖:Н⌡`~░A·
          ÷╖  _х  D5                       а З П Р О Щ Й Л Х П Л Ц Р Л А Й╫л╙▒ `│╩U}╛  B&÷╖:Н⌡`~░A·
          ÷╖  _х  D5                       а З П Р О Щ Й Л Х П Л Ц Р Л А Й╫л╙▒ `│╩U}╛  B&÷╖:Н⌡`~░A·
          ÷╖  _х  D5                       а З П Р О Щ Й Л Х П Л Ц Р Л А Й╫л╙▒ `│╩U}╛  B&÷╖:Н⌡`~░A·
          ÷╖  _х  D5                       а З П Р О Щ Й Л Х П Л Ц Р Л А Й╫л╙▒ `│╩U}╛  B&÷╖:Н⌡`~░A·
          ÷╖  _х  D5                       а З П Р О Щ Й Л Х П Л Ц Р Л А Й╫л╙▒ `│╩U}╛  B&÷╖:Н⌡`~░A·
          ÷╖  _х  D5                       а З П Р О Щ Й Л Х П Л Ц Р Л А Й╫л╙▒ `│╩U}╛  B&÷╖:Н⌡`~░A·
          ÷╖  _х  D5                       а З П Р О Щ Й Л Х П Л Ц Р Л А Й╫л╙▒ `│╩U}╛  B&÷╖:Н⌡`~░A·
          ÷╖  _х  D5                       а З П Р О Щ Й Л Х П Л Ц Р Л А Й╫л╙▒ `│╩U}╛  B&÷╖:Н⌡`~░A·
          ÷╖  _х  D5                       а З П Р О Щ Й Л Х П Л Ц Р Л А Й╫л╙▒ `│╩U}╛  B&÷╖:Н⌡`~░A·
          ÷╖  _х  D5                       а З П Р О Щ Й Л Х П Л Ц Р Л А Й╫л╙▒ `│╩U}╛  B&÷╖:Н⌡`~░A·
          ÷╖  _х  D5                       а З П Р О Щ Й Л Х П Л Ц Р Л А Й╫л╙▒ `│╩U}╛  B&÷╖:Н⌡`~░A·
          ÷╖  _х  D5                       а З П Р О Щ Й Л Х П Л Ц Р Л А Й╫л╙▒ `│╩U}╛  B&÷╖:Н⌡`~░A·
          ÷╖  _х  D5                       а З П Р О Щ Й Л Х П Л Ц Р Л А Й╫л╙▒ `│╩U}╛  B&÷╖:Н⌡`~░A·
          ÷╖  _х  D5                       а З П Р О Щ Й Л Х П Л Ц Р Л А Й╫л╙▒ `│╩U}╛  B&÷╖:Н⌡`~░A·
          ÷╖  _х  D5                       а З П Р О Щ Й Л Х П Л Ц Р Л А Й╫л╙▒ `│╩U}╛  B&÷╖:Н⌡`~░A·
          ÷╖  _х  D5                       а З П Р О Щ Й Л Х П Л Ц Р Л А Й╫л╙▒ `│╩U}╛  B&÷╖:Н⌡`~░A·
          ÷╖  _х  D5                       а З П Р О Щ Й Л Х П Л Ц Р Л А Й╫л╙▒ `│╩U}╛  B&÷╖:Н⌡`~░A·
          ÷╖  _х  D5                       а З П Р О Щ Й Л Х П Л Ц Р Л А Й╫л╙▒ `│╩U}╛  B&÷╖:Н⌡`~░A·
          ÷╖  _х  D5                       а З П Р О Щ Й Л Х П Л Ц Р Л А Й╫л╙▒ `│╩U}╛  B&÷╖:Н⌡`~░A·
          ÷╖  _х  D5                       а З П Р О Щ Й Л Х П Л Ц Р Л А Й╫л╙▒ `│╩U}╛  B&÷╖:Н⌡`~░A·
          ÷╖  _х  D5                       а З П Р О Щ Й Л Х П Л Ц Р Л А Й╫л╙▒ `│╩U}╛  B&÷╖:Н⌡`~░A·
          ÷╖  _х  D5                       а З П Р О Щ Й Л Х П Л Ц Р Л А Й╫л╙▒ `│╩U}╛  B&÷╖:Н⌡`~░A·
          ÷╖  _х  D5                       а З П Р О Щ Й Л Х П Л Ц Р Л А Й╫╙╙▒ `}э~n  B|÷G:ж⌡╦~Д=▐⌡Ф          ÷G  _х  B4                       В Н Д У Р З Б Г и ъ ╩3 ъ А т Б ь╪л╙▒ `}э~n  B|÷G:ж⌡╦~Д=▐⌡Ф          ÷G  _х  B4                       В Н Д У Р З Б Г и ъ ╩3 ъ А т Б ь╪л╙▒ `}э~n  B|÷G:ж⌡╦~Д=▐⌡Ф          ÷G  _х  B4                       В Н Д У Р З Б Г и ъ ╩3 ъ А т Б ь╪л╙▒ `}э~n  B|÷G:ж⌡╦~Д=▐⌡Ф          ÷G  _х  B4                       В Н Д У Р З Б Г и ъ ╩3 ъ А т Б ь╪л╙▒ `}э~n  B|÷G:ж⌡╦~Д=▐⌡Ф          ÷G  _х  B4                       В Н Д У Р З Б Г и ъ ╩3 ъ А т Б ь╪л╙▒ `}э~n  B|÷G:ж⌡╦~Д=▐⌡Ф          ÷G  _х  B4                       В Н Д У Р З Б Г и ъ ╩3 ъ А т Б ь╪л╙▒ `}э~n  B|÷G:ж⌡╦~Д=▐⌡Ф          ÷G  _х  B4                       В Н Д У Р З Б Г и ъ ╩3 ъ А т Б ь╪л╙▒ `}э~n  B|÷G:ж⌡╦~Д=▐⌡Ф          ÷G  _х  B4                       В Н Д У Р З Б Г и ъ ╩3 ъ А т Б ь╪л╙▒ `}э~n  B|÷G:ж⌡╦~Д=▐⌡Ф          ÷G  _х  B4                       В Н Д У Р З Б Г и ъ ╩3 ъ А т Б ь╪л╙▒ `}э~n  B|÷G:ж⌡╦~Д=▐⌡Ф          ÷G  _х  B4                       В Н Д У Р З Б Г и ъ ╩3 ъ А т Б ь╪л╙▒ `}э~n  B|÷G:ж⌡╦~Д=▐⌡Ф          ÷G  _х  B4                       В Н Д У Р З Б Г и ъ ╩3 ъ А т Б ь╪л╙▒ `}э~n  B|÷G:ж⌡╦~Д=▐⌡Ф          ÷G  _х  B4                       В Н Д У Р З Б Г и ъ ╩3 ъ А т Б ь╪л╙▒ `}э~n  B|÷G:ж⌡╦~Д=▐⌡Ф          ÷G  _х  B4                       В Н Д У Р З Б Г и ъ ╩3 ъ А т Б ь╪л╙▒ `}э~n  B|÷G:ж⌡╦~Д=▐⌡Ф          ÷G  _х  B4                       В Н Д У Р З Б Г и ъ ╩3 ъ А т Б ь╪л╙▒ `}э~n  B|÷G:ж⌡╦~Д=▐⌡Ф          ÷G  _х  B4                       В Н Д У Р З Б Г и ъ ╩3 ъ А т Б ь╪л╙▒ `}э~n  B|÷G:ж⌡╦~Д=▐⌡Ф          ÷G  _х  B4                       В Н Д У Р З Б Г и ъ ╩3 ъ А т Б ь╪л╙▒ `}э~n  B|÷G:ж⌡╦~Д=▐⌡Ф          ÷G  _х  B4                       В Н Д У Р З Б Г и ъ ╩3 ъ А т Б ь╪л╙▒ `}э~n  B|÷G:ж⌡╦~Д=▐⌡Ф          ÷G  _х  B4                       В Н Д У Р З Б Г и ъ ╩3 ъ А т Б ь╪л╙▒ `}э~n  B|÷G:ж⌡╦~Д=▐⌡Ф          ÷G  _х  B4                       В Н Д У Р З Б Г и ъ ╩3 ъ А т Б ь╪л╙▒ `}э~n  B|÷G:ж⌡╦~Д=▐⌡Ф          ÷G  _х  B4                       В Н Д У Р З Б Г и ъ ╩3 ъ А т Б ь╪л╙▒ `}э~n  B|÷G:ж⌡╦~Д=▐⌡Ф          ÷G  _х  B4                       В Н Д У Р З Б Г и ъ ╩3 ъ А т Б ь╪л╙▒ `}э~n  B|÷G:ж⌡╦~Д=▐⌡Ф          ÷G  _х  B4                       В Н Д У Р З Б Г и ъ ╩3 ъ А т Б ь╪л╙▒ `}э~n  B|÷G:ж⌡╦~Д=▐⌡Ф          ÷G  _х  B4                       В Н Д У Р З Б Г и ъ ╩3 ъ А т Б ь╪л╙▒ `}э~n  B|÷G:ж⌡╦~Д=▐⌡Ф          ÷G  _х  B4                       В Н Д У Р З Б Г и ъ ╩3 ъ А т Б ь╪л╙▒ `}э~n  B|÷G:ж⌡╦~Д=▐⌡Ф          ÷G  _х  B4                       В Н Д У Р З Б Г и ъ ╩3 ъ А т Б ь╪л╙▒ `}э~n  B|÷G:ж⌡╦~Д=▐⌡Ф          ÷G  _х  B4                       В Н Д У Р З Б Г и ъ ╩3 ъ А т Б ь╪л╙▒ `}э~n  B|÷G:ж⌡╦~Д=▐⌡Ф          ÷G  _х  B4                       В Н Д У Р З Б Г и ъ ╩3 ъ А т Б ь╪л╙▒ `}э~n  B|÷G:ж⌡╦~Д=▐⌡Ф          ÷G  _х  B4                       В Н Д У Р З Б Г и ъ ╩3 ъ А т Б ь╪л╙▒ `}э~n  B|÷G:ж⌡╦~Д=▐⌡Ф          ÷G  _х  B4                       В Н Д У Р З Б Г и ъ ╩3 ъ А т Б ь╪л╙▒ `}э~n  B|÷G:ж⌡╦~Д=▐⌡Ф          ÷G  _х  B4                       В Н Д У Р З Б Г и ъ ╩3 ъ А т Б ь╪л╙▒ `}э~n  B|÷G:ж⌡╦~Д=▐⌡Ф          ÷G  _х  B4                       В Н Д У Р З Б Г и ъ ╩3 ъ А т Б ь╪л╙▒ `}э~n  B|÷G:ж⌡╦~Д=▐⌡Ф          ÷G  _х  B4                       В Н Д У Р З Б Г и ъ ╩3 ъ А т Б ь╪л╙▒ `}э~n  B|÷G:ж⌡╦~Д=▐⌡Ф          ÷G  _х  B4                       В Н Д У Р З Б Г и ъ ╩3 ъ А т Б ь╪л╙▒ `}э~n  B|÷G:ж⌡╦~Д=▐⌡Ф          ÷G  _х  B4                       В Н Д У Р З Б Г и ъ ╩3 ъ А т Б ь╪л╙▒ `}э~n  B|÷G:ж⌡╦~Д=▐⌡Ф          ÷G  _х  B4                       В Н Д У Р З Б Г и ъ ╩3 ъ А т Б ь╪л╙▒ `}э~n  B|÷G:ж⌡╦~Д=▐⌡Ф          ÷G  _х  B4                       В Н Д У Р З Б Г и ъ ╩3 ъ А т Б ь╪л╙▒ `}э~n  B|÷G:ж⌡╦~Д=▐⌡Ф          ÷G  _х  B4                       В Н Д У Р З Б Г и ъ ╩3 ъ А т Б ь╪л╙▒ `}э~n  B|÷G:ж⌡╦~Д=▐⌡Ф          ÷G  _х  B4                       В Н Д У Р З Б Г и ъ ╩3 ъ А т Б ь╪л╙▒ `}э~n  B|÷G:ж⌡╦~Д=▐⌡Ф          ÷G  _х  B4                       В Н Д У Р З Б Г и ъ ╩3 ъ А т Б ь╪л╙▒ `}э~n  B|÷G:ж⌡╦~Д=▐⌡Ф          ÷G  _х  B4                       В Н Д У Р З Б Г и ъ ╩3 ъ А т Б ь╪л╙▒ `}э~n  B|÷G:ж⌡╦~Д=▐⌡Ф          ÷G  _х  B4                       В Н Д У Р З Б Г и ъ ╩3 ъ А т Б ь╪л╙▒ `}э~n  B|÷G:ж⌡╦~Д=▐⌡Ф          ÷G  _х  B4                       В Н Д У Р З Б Г и ъ ╩3 ъ А т Б ь╪л╙▒ `}э~n  B|÷G:ж⌡╦~Д=▐⌡Ф          ÷G  _х  B4                       В Н Д У Р З Б Г и ъ ╩3 ъ А т Б ь╪л╙▒ `}э~n  B|÷G:ж⌡╦~Д=▐⌡Ф          ÷G  _х  B4                       В Н Д У Р З Б Г и ъ ╩3 ъ А т Б ь╪л╙▒ `}э~n  B|÷G:ж⌡╦~Д=▐⌡Ф          ÷G  _х  B4                       В Н Д У Р З Б Г и ъ ╩3 ъ А т Б ь╪л╙▒ `}э~n  B|÷G:ж⌡╦~Д=▐⌡Ф          ÷G  _х  B4                       В Н Д У Р З Б Г и ъ ╩3 ъ А т Б ь╪л╙▒ `}э~n  B|÷G:ж⌡╦~Д=▐⌡Ф          ÷G  _х  B4                       В Н Д У Р З Б Г и ъ ╩3 ъ А т Б ь╪л╙▒ `}э~n  B|÷G:ж⌡╦~Д=▐⌡Ф          ÷G  _х  B4                       В Н Д У Р З Б Г и ъ ╩3 ъ А т Б ь╪л╙▒ `}э~n  B|÷G:ж⌡╦~Д=▐⌡Ф          ÷G  _х  B4                       В Н Д У Р З Б Г и ъ ╩3 ъ А т Б ь╪л╙▒ `}^┌=  C( ╕;°├~=@≥FЬ           ╕  _х  AР                       Ъ ╨ Т Ш Ы у Т Я ъ й Й Й ы Л И И┼л╙▒ `}^┌=  C( ╕;°├~=@≥FЬ           ╕  _х  AР                       Ъ ╨ Т Ш Ы у Т Я ъ й Й Й ы Л И И┼л╙▒ `}^┌=  C( ╕;°├~=@≥FЬ           ╕  _х  AР                       Ъ ╨ Т Ш Ы у Т Я ъ й Й Й ы Л И И┼л╙▒ `}^┌=  C( ╕;°├~=@≥FЬ           ╕  _х  AР                       Ъ ╨ Т Ш Ы у Т Я ъ й Й Й ы Л И И┼л╙▒ `}^┌=  C( ╕;°├~=@≥FЬ           ╕  _х  AР                       Ъ ╨ Т Ш Ы у Т Я ъ й Й Й ы Л И И┼л╙▒ `}^┌=  C( ╕;°├~=@≥FЬ           ╕  _х  AР                       Ъ ╨ Т Ш Ы у Т Я ъ й Й Й ы Л И И┼л╙▒ `}^┌=  C( ╕;°├~=@≥FЬ           ╕  _х  AР                       Ъ ╨ Т Ш Ы у Т Я ъ й Й Й ы Л И И┼л╙▒ `}^┌=  C( ╕;°├~=@≥FЬ           ╕  _х  AР                       Ъ ╨ Т Ш Ы у Т Я ъ й Й Й ы Л И И┼л╙▒ `}^┌=  C( ╕;°├~=@≥FЬ           ╕  _х  AР                       Ъ ╨ Т Ш Ы у Т Я ъ й Й Й ы Л И И┼л╙▒ `}^┌=  C( ╕;°├~=@≥FЬ           ╕  _х  AР                       Ъ ╨ Т Ш Ы у Т Я ъ й Й Й ы Л И И┼л╙▒ `}^┌=  C( ╕;°├~=@≥FЬ           ╕  _х  AР                       Ъ ╨ Т Ш Ы у Т Я ъ й Й Й ы Л И И┼л╙▒ `}^┌=  C( ╕;°├~=@≥FЬ           ╕  _х  AР                       Ъ ╨ Т Ш Ы у Т Я ъ й Й Й ы Л И И┼л╙▒ `}^┌=  C( ╕;°├~=@≥FЬ           ╕  _х  AР                       Ъ ╨ Т Ш Ы у Т Я ъ й Й Й ы Л И И┼л╙▒ `}^┌=  C( ╕;°├~=@≥FЬ           ╕  _х  AР                       Ъ ╨ Т Ш Ы у Т Я ъ й Й Й ы Л И И┼л╙▒ `}^┌=  C( ╕;°├~=@≥FЬ           ╕  _х  AР                       Ъ ╨ Т Ш Ы у Т Я ъ й Й Й ы Л И И┼л╙▒ `}^┌=  C( ╕;°├~=@≥FЬ           ╕  _х  AР                       Ъ ╨ Т Ш Ы у Т Я ъ й Й Й ы Л И И┼л╙▒ `}^┌=  C( ╕;°├~=@≥FЬ           ╕  _х  AР                       Ъ ╨ Т Ш Ы у Т Я ъ й Й Й ы Л И И┼л╙▒ `}^┌=  C( ╕;°├~=@≥FЬ           ╕  _х  AР                       Ъ ╨ Т Ш Ы у Т Я ъ й Й Й ы Л И И┼л╙▒ `}^┌=  C( ╕;°├~=@≥FЬ           ╕  _х  AР                       Ъ ╨ Т Ш Ы у Т Я ъ й Й Й ы Л И И┼л╙▒ `}^┌=  C( ╕;°├~=@≥FЬ           ╕  _х  AР                       Ъ ╨ Т Ш Ы у Т Я ъ й Й Й ы Л И И┼л╙▒ `}^┌=  C( ╕;°├~=@≥FЬ           ╕  _х  AР                       Ъ ╨ Т Ш Ы у Т Я ъ й Й Й ы Л И И┼л╙▒ `}^┌=  C( ╕;°├~=@≥FЬ           ╕  _х  AР                       Ъ ╨ Т Ш Ы у Т Я ъ й Й Й ы Л И И┼л╙▒ `}^┌=  C( ╕;°├~=@≥FЬ           ╕  _х  AР                       Ъ ╨ Т Ш Ы у Т Я ъ й Й Й ы Л И И┼л╙▒ `}^┌=  C( ╕;°├~=@≥FЬ           ╕  _х  AР                       Ъ ╨ Т Ш Ы у Т Я ъ й Й Й ы Л И И┼л╙▒ `}^┌=  C( ╕;°├~=@≥FЬ           ╕  _х  AР                       Ъ ╨ Т Ш Ы у Т Я ъ й Й Й ы Л И И┼л╙▒ `}^┌=  C( ╕;°├~=@≥FЬ           ╕  _х  AР                       Ъ ╨ Т Ш Ы у Т Я ъ й Й Й ы Л И И┼л╙▒ `}^┌=  C( ╕;°├~=@≥FЬ           ╕  _х  AР                       Ъ ╨ Т Ш Ы у Т Я ъ й Й Й ы Л И И┼л╙▒ `}^┌=  C( ╕;°├~=@≥FЬ           ╕  _х  AР                       Ъ ╨ Т Ш Ы у Т Я ъ й Й Й ы Л И И┼л╙▒ `}^┌=  C( ╕;°├~=@≥FЬ           ╕  _х  AР                       Ъ ╨ Т Ш Ы у Т Я ъ й Й Й ы Л И И┼л╙▒ `}^┌=  C( ╕;°├~=@≥FЬ           ╕  _х  AР                       Ъ ╨ Т Ш Ы у Т Я ъ й Й Й ы Л И И┼л╙▒ `}^┌=  C( ╕;°├~=@≥FЬ           ╕  _х  AР                       Ъ ╨ Т Ш Ы у Т Я ъ й Й Й ы Л И И┼л╙▒ `}^┌=  C( ╕;°├~=@≥FЬ           ╕  _х  AР                       Ъ ╨ Т Ш Ы у Т Я ъ й Й Й ы Л И И┼л╙▒ `}^┌=  C( ╕;°├~=@≥FЬ           ╕  _х  AР                       Ъ ╨ Т Ш Ы у Т Я ъ й Й Й ы Л И И┼л╙▒ `}^┌=  C( ╕;°├~=@≥FЬ           ╕  _х  AР                       Ъ ╨ Т Ш Ы у Т Я ъ й Й Й ы Л И И┼л╙▒ `}^┌=  C( ╕;°├~=@≥FЬ           ╕  _х  AР                       Ъ ╨ Т Ш Ы у Т Я ъ й Й Й ы Л И И┼л╙▒ `}^┌=  C( ╕;°├~=@≥FЬ           ╕  _х  AР                       Ъ ╨ Т Ш Ы у Т Я ъ й Й Й ы Л И И┼л╙▒ `}^┌=  C( ╕;°├~=@≥FЬ           ╕  _х  AР                       Ъ ╨ Т Ш Ы у Т Я ъ й Й Й ы Л И И┼л╙▒ `}^┌=  C( ╕;°├~=@≥FЬ           ╕  _х  AР                       Ъ ╨ Т Ш Ы у Т Я ъ й Й Й ы Л И И┼л╙▒ `}^┌=  C( ╕;°├~=@≥FЬ           ╕  _х  AР                       Ъ ╨ Т Ш Ы у Т Я ъ й Й Й ы Л И И┼л╙▒ `}^┌=  C( ╕;°├~=@≥FЬ           ╕  _х  AР                       Ъ ╨ Т Ш Ы у Т Я ъ й Й Й ы Л И И┼л╙▒ `}^┌=  C( ╕;°├~=@≥FЬ           ╕  _х  AР                       Ъ ╨ Т Ш Ы у Т Я ъ й Й Й ы Л И И┼л╙▒ `}^┌=  C( ╕;°├~=@≥FЬ           ╕  _х  AР                       Ъ ╨ Т Ш Ы у Т Я ъ й Й Й ы Л И И┼л╙▒ `}^┌=  C( ╕;°├~=@≥FЬ           ╕  _х  AР                       Ъ ╨ Т Ш Ы у Т Я ъ й Й Й ы Л И И┼л╙▒ `}^┌=  C( ╕;°├~=@≥FЬ           ╕  _х  AР                       Ъ ╨ Т Ш Ы у Т Я ъ й Й Й ы Л И И┼л╙▒ `}^┌=  C( ╕;°├~=@≥FЬ           ╕  _х  AР                       Ъ ╨ Т Ш Ы у Т Я ъ й Й Й ы Л И И┼л╙▒ `}^┌=  C( ╕;°├~=@≥FЬ           ╕  _х  AР                       Ъ ╨ Т Ш Ы у Т Я ъ й Й Й ы Л И И┼л╙▒ `}^┌=  C( ╕;°├~=@≥FЬ           ╕  _х  AР                       Ъ ╨ Т Ш Ы у Т Я ъ й Й Й ы Л И И┼л╙▒ `}^┌=  C( ╕;°├~=@≥FЬ           ╕  _х  AР                       Ъ ╨ Т Ш Ы у Т Я ъ й Й Й ы Л И И┼л╙▒ `}^┌=  C( ╕;°├~=@≥FЬ           ╕  _х  AР                       Ъ ╨ Т Ш Ы у Т Я ъ й Й Й ы Л И И┼л╙▒ `|n}█  CE═(:с²6~MD÷у          ═(  _х  At                       Э Г Э Ъ А П Ь Ф Ь С Ю Ш У╧л╙▒ `|n}█  CE═(:с²6~MD÷у          ═(  _х  At                       Э Г Э Ъ А П Ь Ф Ь С Ю Ш У╧л╙▒ `|n}█  CE═(:с²6~MD÷у          ═(  _х  At                       Э Г Э Ъ А П Ь Ф Ь С Ю Ш У╧л╙▒ `|n}█  CE═(:с²6~MD÷у          ═(  _х  At                       Э Г Э Ъ А П Ь Ф Ь С Ю Ш У╧л╙▒ `|n}█  CE═(:с²6~MD÷у          ═(  _х  At                       Э Г Э Ъ А П Ь Ф Ь С Ю Ш У╧л╙▒ `|n}█  CE═(:с²6~MD÷у          ═(  _х  At                       Э Г Э Ъ А П Ь Ф Ь С Ю Ш У╧л╙▒ `|n}█  CE═(:с²6~MD÷у          ═(  _х  At                       Э Г Э Ъ А П Ь Ф Ь С Ю Ш У╧л╙▒ `|n}█  CE═(:с²6~MD÷у          ═(  _х  At                       Э Г Э Ъ А П Ь Ф Ь С Ю Ш У╧л╙▒ `|n}█  CE═(:с²6~MD÷у          ═(  _х  At                       Э Г Э Ъ А П Ь Ф Ь С Ю Ш У╧л╙▒ `|n}█  CE═(:с²6~MD÷у          ═(  _х  At                       Э Г Э Ъ А П Ь Ф Ь С Ю Ш У╧л╙▒ `|n}█  CE═(:с²6~MD÷у          ═(  _х  At                       Э Г Э Ъ А П Ь Ф Ь С Ю Ш У╧л╙▒ `|n}█  CE═(:с²6~MD÷у          ═(  _х  At                       Э Г Э Ъ А П Ь Ф Ь С Ю Ш У╧л╙▒ `|n}█  CE═(:с²6~MD÷у          ═(  _х  At                       Э Г Э Ъ А П Ь Ф Ь С Ю Ш У╧л╙▒ `|n}█  CE═(:с²6~MD÷у          ═(  _х  At                       Э Г Э Ъ А П Ь Ф Ь С Ю Ш У╧л╙▒ `|n}█  CE═(:с²6~MD÷у          ═(  _х  At                       Э Г Э Ъ А П Ь Ф Ь С Ю Ш У╧л╙▒ `|n}█  CE═(:с²6~MD÷у          ═(  _х  At                       Э Г Э Ъ А П Ь Ф Ь С Ю Ш У╧л╙▒ `|n}█  CE═(:с²6~MD÷у          ═(  _х  At                       Э Г Э Ъ А П Ь Ф Ь С Ю Ш У╧╙╙▒ `|n}█  CE═(:с²6~MD÷у          ═(  _х  At                       Э Г Э Ъ А П Ь Ф Ь С Ю Ш У╧л╙▒ `|n}█  CE═(:с²6~MD÷у          ═(  _х  At                       Э Г Э Ъ А П Ь Ф Ь С Ю Ш У╧л╙▒ `|n}█  CE═(:с²6~MD÷у          ═(  _х  At                       Э Г Э Ъ А П Ь Ф Ь С Ю Ш У╧л╙▒ `|n}█  CE═(:с²6~MD÷у          ═(  _х  At                       Э Г Э Ъ А П Ь Ф Ь С Ю Ш У╧л╙▒ `|n}█  CE═(:с²6~MD÷у          ═(  _х  At                       Э Г Э Ъ А П Ь Ф Ь С Ю Ш У╧л╙▒ `|n}█  CE═(:с²6~MD÷у          ═(  _х  At                       Э Г Э Ъ А П Ь Ф Ь С Ю Ш У╧л╙▒ `|n}█  CE═(:с²6~MD÷у          ═(  _х  At                       Э Г Э Ъ А П Ь Ф Ь С Ю Ш У╧л╙▒ `|n}█  CE═(:с²6~MD÷у          ═(  _х  At                       Э Г Э Ъ А П Ь Ф Ь С Ю Ш У╧л╙▒ `|n}█  CE═(:с²6~MD÷у          ═(  _х  At                       Э Г Э Ъ А П Ь Ф Ь С Ю Ш У╧л╙▒ `|n}█  CE═(:с²6~MD÷у          ═(  _х  At                       Э Г Э Ъ А П Ь Ф Ь С Ю Ш У╧л╙▒ `|n}█  CE═(:с²6~MD÷у          ═(  _х  At                       Э Г Э Ъ А П Ь Ф Ь С Ю Ш У╧л╙▒ `|n}█  CE═(:с²6~MD÷у          ═(  _х  At                       Э Г Э Ъ А П Ь Ф Ь С Ю Ш У╧л╙▒ `|n}█  CE═(:с²6~MD÷у          ═(  _х  At                       Э Г Э Ъ А П Ь Ф Ь С Ю Ш У╧л╙▒ `|n}█  CE═(:с²6~MD÷у          ═(  _х  At                       Э Г Э Ъ А П Ь Ф Ь С Ю Ш У╧л╙▒ `|n}█  CE═(:с²6~MD÷у          ═(  _х  At                       Э Г Э Ъ А П Ь Ф Ь С Ю Ш У╧л╙▒ `|n}█  CE═(:с²6~MD÷у          ═(  _х  At                       Э Г Э Ъ А П Ь Ф Ь С Ю Ш У╧л╙▒ `|n}█  CE═(:с²6~MD÷у          ═(  _х  At                       Э Г Э Ъ А П Ь Ф Ь С Ю Ш У╧л╙▒ `|n}█  CE═(:с²6~MD÷у          ═(  _х  At                       Э Г Э Ъ А П Ь Ф Ь С Ю Ш У╧л╙▒ `|n}█  CE═(:с²6~MD÷у          ═(  _х  At                       Э Г Э Ъ А П Ь Ф Ь С Ю Ш У╧л╙▒ `|n}█  CE═(:с²6~MD÷у          ═(  _х  At                       Э Г Э Ъ А П Ь Ф Ь С Ю Ш У╧л╙▒ `|n}█  CE═(:с²6~MD÷у          ═(  _х  At                       Э Г Э Ъ А П Ь Ф Ь С Ю Ш У╧л╙▒ `|n}█  CE═(:с²6~MD÷у          ═(  _х  At                       Э Г Э Ъ А П Ь Ф Ь С Ю Ш У╧л╙▒ `|n}█  CE═(:с²6~MD÷у          ═(  _х  At                       Э Г Э Ъ А П Ь Ф Ь С Ю Ш У╧л╙▒ `|n}█  CE═(:с²6~MD÷у          ═(  _х  At                       Э Г Э Ъ А П Ь Ф Ь С Ю Ш У╧л╙▒ `|n}█  CE═(:с²6~MD÷у          ═(  _х  At                       Э Г Э Ъ А П Ь Ф Ь С Ю Ш У╧л╙▒ `|n}█  CE═(:с²6~MD÷у          ═(  _х  At                       Э Г Э Ъ А П Ь Ф Ь С Ю Ш У╧л╙▒ `|n}█  CE═(:с²6~MD÷у          ═(  _х  At                       Э Г Э Ъ А П Ь Ф Ь С Ю Ш У╧л╙▒ `|n}█  CE═(:с²6~MD÷у          ═(  _х  At                       Э Г Э Ъ А П Ь Ф Ь С Ю Ш У╧л╙▒ `|n}█  CE═(:с²6~MD÷у          ═(  _х  At                       Э Г Э Ъ А П Ь Ф Ь С Ю Ш У╧л╙▒ `|n}█  CE═(:с²6~MD÷у          ═(  _х  At                       Э Г Э Ъ А П Ь Ф Ь С Ю Ш У╧л╙▒ `|n}█  CE═(:с²6~MD÷у          ═(  _х  At                       Э Г Э Ъ А П Ь Ф Ь С Ю Ш У╧л╙▒ `|n}█  CE═(:с²6~MD÷у          ═(  _х  At                       Э Г Э Ъ А П Ь Ф Ь С Ю Ш У╧л╙▒ `││|у  @╡═╗:Э²█}}B╤÷┤░          ═╗  _х  D                        ц Ш Е О Щ В Э З П Ш Ъ ЧЮл╙▒ `││|у  @╡═╗:Э²█}}B╤÷┤░          ═╗  _х  D                        ц Ш Е О Щ В Э З П Ш Ъ ЧЮл╙▒ `││|у  @╡═╗:Э²█}}B╤÷┤░          ═╗  _х  D                        ц Ш Е О Щ В Э З П Ш Ъ ЧЮл╙▒ `││|у  @╡═╗:Э²█}}B╤÷┤░          ═╗  _х  D                        ц Ш Е О Щ В Э З П Ш Ъ ЧЮл╙▒ `││|у  @╡═╗:Э²█}}B╤÷┤░          ═╗  _х  D                        ц Ш Е О Щ В Э З П Ш Ъ ЧЮл╙▒ `││|у  @╡═╗:Э²█}}B╤÷┤░          ═╗  _х  D                        ц Ш Е О Щ В Э З П Ш Ъ ЧЮл╙▒ `││|у  @╡═╗:Э²█}}B╤÷┤░          ═╗  _х  D                        ц Ш Е О Щ В Э З П Ш Ъ ЧЮл╙▒ `││|у  @╡═╗:Э²█}}B╤÷┤░          ═╗  _х  D                        ц Ш Е О Щ В Э З П Ш Ъ ЧЮл╙▒ `││|у  @╡═╗:Э²█}}B╤÷┤░          ═╗  _х  D                        ц Ш Е О Щ В Э З П Ш Ъ ЧЮл╙▒ `││|у  @╡═╗:Э²█}}B╤÷┤░          ═╗  _х  D                        ц Ш Е О Щ В Э З П Ш Ъ ЧЮл╙▒ `││|у  @╡═╗:Э²█}}B╤÷┤░          ═╗  _х  D                        ц Ш Е О Щ В Э З П Ш Ъ ЧЮл╙▒ `││|у  @╡═╗:Э²█}}B╤÷┤░          ═╗  _х  D                        ц Ш Е О Щ В Э З П Ш Ъ ЧЮл╙▒ `││|у  @╡═╗:Э²█}}B╤÷┤░          ═╗  _х  D                        ц Ш Е О Щ В Э З П Ш Ъ ЧЮл╙▒ `││|у  @╡═╗:Э²█}}B╤÷┤░          ═╗  _х  D                        ц Ш Е О Щ В Э З П Ш Ъ ЧЮл╙▒ `││|у  @╡═╗:Э²█}}B╤÷┤░          ═╗  _х  D                        ц Ш Е О Щ В Э З П Ш Ъ ЧЮл╙▒ `││|у  @╡═╗:Э²█}}B╤÷┤░          ═╗  _х  D                        ц Ш Е О Щ В Э З П Ш Ъ ЧЮл╙▒ `││|у  @╡═╗:Э²█}}B╤÷┤░          ═╗  _х  D                        ц Ш Е О Щ В Э З П Ш Ъ ЧЮл╙▒ `││|у  @╡═╗:Э²█}}B╤÷┤░          ═╗  _х  D                        ц Ш Е О Щ В Э З П Ш Ъ ЧЮл╙▒ `││|у  @╡═╗:Э²█}}B╤÷┤░          ═╗  _х  D                        ц Ш Е О Щ В Э З П Ш Ъ ЧЮл╙▒ `││|у  @╡═╗:Э²█}}B╤÷┤░          ═╗  _х  D                        ц Ш Е О Щ В Э З П Ш Ъ ЧЮл╙▒ `││|у  @╡═╗:Э²█}}B╤÷┤░          ═╗  _х  D                        ц Ш Е О Щ В Э З П Ш Ъ ЧЮл╙▒ `││|у  @╡═╗:Э²█}}B╤÷┤░          ═╗  _х  D                        ц Ш Е О Щ В Э З П Ш Ъ ЧЮл╙▒ `││|у  @╡═╗:Э²█}}B╤÷┤░          ═╗  _х  D                        ц Ш Е О Щ В Э З П Ш Ъ ЧЮл╙▒ `││|у  @╡═╗:Э²█}}B╤÷┤░          ═╗  _х  D                        ц Ш Е О Щ В Э З П Ш Ъ ЧЮл╙▒ `││|у  @╡═╗:Э²█}}B╤÷┤░          ═╗  _х  D                        ц Ш Е О Щ В Э З П Ш Ъ ЧЮл╙▒ `││|у  @╡═╗:Э²█}}B╤÷┤░          ═╗  _х  D                        ц Ш Е О Щ В Э З П Ш Ъ ЧЮл╙▒ `││|у  @╡═╗:Э²█}}B╤÷┤░          ═╗  _х  D                        ц Ш Е О Щ В Э З П Ш Ъ ЧЮл╙▒ `││|у  @╡═╗:Э²█}}B╤÷┤░          ═╗  _х  D                        ц Ш Е О Щ В Э З П Ш Ъ ЧЮл╙▒ `││|у  @╡═╗:Э²█}}B╤÷┤░          ═╗  _х  D                        ц Ш Е О Щ В Э З П Ш Ъ ЧЮл╙▒ `││|у  @╡═╗:Э²█}}B╤÷┤░          ═╗  _х  D                        ц Ш Е О Щ В Э З П Ш Ъ ЧЮл╙▒ `││|у  @╡═╗:Э²█}}B╤÷┤░          ═╗  _х  D                        ц Ш Е О Щ В Э З П Ш Ъ ЧЮл╙▒ `││|у  @╡═╗:Э²█}}B╤÷┤░          ═╗  _х  D                        ц Ш Е О Щ В Э З П Ш Ъ ЧЮл╙▒ `││|у  @╡═╗:Э²█}}B╤÷┤░          ═╗  _х  D                        ц Ш Е О Щ В Э З П Ш Ъ ЧЮл╙▒ `││|у  @╡═╗:Э²█}}B╤÷┤░          ═╗  _х  D                        ц Ш Е О Щ В Э З П Ш Ъ ЧЮл╙▒ `││|у  @╡═╗:Э²█}}B╤÷┤░          ═╗  _х  D                        ц Ш Е О Щ В Э З П Ш Ъ ЧЮл╙▒ `││|у  @╡═╗:Э²█}}B╤÷┤░          ═╗  _х  D                        ц Ш Е О Щ В Э З П Ш Ъ ЧЮл╙▒ `││|у  @╡═╗:Э²█}}B╤÷┤░          ═╗  _х  D                        ц Ш Е О Щ В Э З П Ш Ъ ЧЮл╙▒ `││|у  @╡═╗:Э²█}}B╤÷┤░          ═╗  _х  D                        ц Ш Е О Щ В Э З П Ш Ъ ЧЮл╙▒ `││|у  @╡═╗:Э²█}}B╤÷┤░          ═╗  _х  D                        ц Ш Е О Щ В Э З П Ш Ъ ЧЮл╙▒ `││|у  @╡═╗:Э²█}}B╤÷┤░          ═╗  _х  D                        ц Ш Е О Щ В Э З П Ш Ъ ЧЮл╙▒ `││|у  @╡═╗:Э²█}}B╤÷┤░          ═╗  _х  D                        ц Ш Е О Щ В Э З П Ш Ъ ЧЮл╙▒ `││|у  @╡═╗:Э²█}}B╤÷┤░          ═╗  _х  D                        ц Ш Е О Щ В Э З П Ш Ъ ЧЮл╙▒ `││|у  @╡═╗:Э²█}}B╤÷┤░          ═╗  _х  D                        ц Ш Е О Щ В Э З П Ш Ъ ЧЮл╙▒ `││|у  @╡═╗:Э²█}}B╤÷┤░          ═╗  _х  D                        ц Ш Е О Щ В Э З П Ш Ъ ЧЮл╙▒ `││|у  @╡═╗:Э²█}}B╤÷┤░          ═╗  _х  D                        ц Ш Е О Щ В Э З П Ш Ъ ЧЮл╙▒ `││|у  @╡═╗:Э²█}}B╤÷┤░          ═╗  _х  D                        ц Ш Е О Щ В Э З П Ш Ъ ЧЮл╙▒ `││|у  @╡═╗:Э²█}}B╤÷┤░          ═╗  _х  D                        ц Ш Е О Щ В Э З П Ш Ъ ЧЮл╙▒ `││|у  @╡═╗:Э²█}}B╤÷┤░          ═╗  _х  D                        ц Ш Е О Щ В Э З П Ш Ъ ЧЮл╙▒ `││|у  @╡═╗:Э²█}}B╤÷┤░          ═╗  _х  D                        ц Ш Е О Щ В Э З П Ш Ъ ЧЮл╙▒ `}│  BО²г;:²p}╪B╤⌡фh          ²г  _х  Aб                       ч  Ы Н Ы В ч Ж Ы Ц Э Щ У|л╙▒ `}│  BО²г;:²p}╪B╤⌡фh          ²г  _х  Aб                       ч  Ы Н Ы В ч Ж Ы Ц Э Щ У|л╙▒ `}│  BО²г;:²p}╪B╤⌡фh          ²г  _х  Aб                       ч  Ы Н Ы В ч Ж Ы Ц Э Щ У|л╙▒ `}│  BО²г;:²p}╪B╤⌡фh          ²г  _х  Aб                       ч  Ы Н Ы В ч Ж Ы Ц Э Щ У|л╙▒ `}│  BО²г;:²p}╪B╤⌡фh          ²г  _х  Aб                       ч  Ы Н Ы В ч Ж Ы Ц Э Щ У|л╙▒ `}│  BО²г;:²p}╪B╤⌡фh          ²г  _х  Aб                       ч  Ы Н Ы В ч Ж Ы Ц Э Щ У|л╙▒ `}│  BО²г;:²p}╪B╤⌡фh          ²г  _х  Aб                       ч  Ы Н Ы В ч Ж Ы Ц Э Щ У|л╙▒ `}│  BО²г;:²p}╪B╤⌡фh          ²г  _х  Aб                       ч  Ы Н Ы В ч Ж Ы Ц Э Щ У|л╙▒ `}│  BО²г;:²p}╪B╤⌡фh          ²г  _х  Aб                       ч  Ы Н Ы В ч Ж Ы Ц Э Щ У|л╙▒ `}│  BО²г;:²p}╪B╤⌡фh          ²г  _х  Aб                       ч  Ы Н Ы В ч Ж Ы Ц Э Щ У|л╙▒ `}│  BО²г;:²p}╪B╤⌡фh          ²г  _х  Aб                       ч  Ы Н Ы В ч Ж Ы Ц Э Щ У|л╙▒ `}│  BО²г;:²p}╪B╤⌡фh          ²г  _х  Aб                       ч  Ы Н Ы В ч Ж Ы Ц Э Щ У|л╙▒ `}│  BО²г;:²p}╪B╤⌡фh          ²г  _х  Aб                       ч  Ы Н Ы В ч Ж Ы Ц Э Щ У|л╙▒ `}│  BО²г;:²p}╪B╤⌡фh          ²г  _х  Aб                       ч  Ы Н Ы В ч Ж Ы Ц Э Щ У|л╙▒ `}│  BО²г;:²p}╪B╤⌡фh          ²г  _х  Aб                       ч  Ы Н Ы В ч Ж Ы Ц Э Щ У|л╙▒ `}│  BО²г;:²p}╪B╤⌡фh          ²г  _х  Aб                       ч  Ы Н Ы В ч Ж Ы Ц Э Щ У|л╙▒ `}│  BО²г;:²p}╪B╤⌡фh          ²г  _х  Aб                       ч  Ы Н Ы В ч Ж Ы Ц Э Щ У|╙╙▒ `}│  BО²г;:²p}╪B╤⌡фh          ²г  _х  Aб                       ч  Ы Н Ы В ч Ж Ы Ц Э Щ У|╙╙▒ `}│  BО²г;:²p}╪B╤⌡фh          ²г  _х  Aб                       ч  Ы Н Ы В ч Ж Ы Ц Э Щ У|╙╙▒ `}│  BО²г;:²p}╪B╤⌡фh          ²г  _х  Aб                       ч  Ы Н Ы В ч Ж Ы Ц Э Щ У|╙╙▒ `}│  BО²г;:²p}╪B╤⌡фh          ²г  _х  Aб                       ч  Ы Н Ы В ч Ж Ы Ц Э Щ У|╙╙▒ `}│  BО²г;:²p}╪B╤⌡фh          ²г  _х  Aб                       ч  Ы Н Ы В ч Ж Ы Ц Э Щ У|╙╙▒ `}│  BО²г;:²p}╪B╤⌡фh          ²г  _х  Aб                       ч  Ы Н Ы В ч Ж Ы Ц Э Щ У|╙╙▒ `}│  BО²г;:²p}╪B╤⌡фh          ²г  _х  Aб                       ч  Ы Н Ы В ч Ж Ы Ц Э Щ У|╙╙▒ `}│  BО²г;:²p}╪B╤⌡фh          ²г  _х  Aб                       ч  Ы Н Ы В ч Ж Ы Ц Э Щ У|╙╙▒ `}│  BО²г;:²p}╪B╤⌡фh          ²г  _х  Aб                       ч  Ы Н Ы В ч Ж Ы Ц Э Щ У|╙╙▒ `}│  BО²г;:²p}╪B╤⌡фh          ²г  _х  Aб                       ч  Ы Н Ы В ч Ж Ы Ц Э Щ У|╙╙▒ `}│  BО²г;:²p}╪B╤⌡фh          ²г  _х  Aб                       ч  Ы Н Ы В ч Ж Ы Ц Э Щ У|╙╙▒ `}│  BО²г;:²p}╪B╤⌡фh          ²г  _х  Aб                       ч  Ы Н Ы В ч Ж Ы Ц Э Щ У|╙╙▒ `}│  BО²г;:²p}╪B╤⌡фh          ²г  _х  Aб                       ч  Ы Н Ы В ч Ж Ы Ц Э Щ У|╙╙▒ `}│  BО²г;:²p}╪B╤⌡фh          ²г  _х  Aб                       ч  Ы Н Ы В ч Ж Ы Ц Э Щ У|╙╙▒ `}│  BО²г;:²p}╪B╤⌡фh          ²г  _х  Aб                       ч  Ы Н Ы В ч Ж Ы Ц Э Щ У|╙╙▒ `}│  BО²г;:²p}╪B╤⌡фh          ²г  _х  Aб                       ч  Ы Н Ы В ч Ж Ы Ц Э Щ У|╙╙▒ `}│  BО²г;:²p}╪B╤⌡фh          ²г  _х  Aб                       ч  Ы Н Ы В ч Ж Ы Ц Э Щ У|╙╙▒ `}│  BО²г;:²p}╪B╤⌡фh          ²г  _х  Aб                       ч  Ы Н Ы В ч Ж Ы Ц Э Щ У|╙╙▒ `}│  BО²г;:²p}╪B╤⌡фh          ²г  _х  Aб                       ч  Ы Н Ы В ч Ж Ы Ц Э Щ У|╙╙▒ `}│  BО²г;:²p}╪B╤⌡фh          ²г  _х  Aб                       ч  Ы Н Ы В ч Ж Ы Ц Э Щ У|╙╙▒ `}│  BО²г;:²p}╪B╤⌡фh          ²г  _х  Aб                       ч  Ы Н Ы В ч Ж Ы Ц Э Щ У|╙╙▒ `}│  BО²г;:²p}╪B╤⌡фh          ²г  _х  Aб                       ч  Ы Н Ы В ч Ж Ы Ц Э Щ У|╙╙▒ `}│  BО²г;:²p}╪B╤⌡фh          ²г  _х  Aб                       ч  Ы Н Ы В ч Ж Ы Ц Э Щ У|╙╙▒ `}│  BО²г;:²p}╪B╤⌡фh          ²г  _х  Aб                       ч  Ы Н Ы В ч Ж Ы Ц Э Щ У|╙╙▒ `}│  BО²г;:²p}╪B╤⌡фh          ²г  _х  Aб                       ч  Ы Н Ы В ч Ж Ы Ц Э Щ У|╙╙▒ `}│  BО²г;:²p}╪B╤⌡фh          ²г  _х  Aб                       ч  Ы Н Ы В ч Ж Ы Ц Э Щ У|╙╙▒ `}│  BО²г;:²p}╪B╤⌡фh          ²г  _х  Aб                       ч  Ы Н Ы В ч Ж Ы Ц Э Щ У|╙╙▒ `}│  BО²г;:²p}╪B╤⌡фh          ²г  _х  Aб                       ч  Ы Н Ы В ч Ж Ы Ц Э Щ У|╙╙▒ `}│  BО²г;:²p}╪B╤⌡фh          ²г  _х  Aб                       ч  Ы Н Ы В ч Ж Ы Ц Э Щ У|╙╙▒ `}│  BО²г;:²p}╪B╤⌡фh          ²г  _х  Aб                       ч  Ы Н Ы В ч Ж Ы Ц Э Щ У|╙╙▒ `}│  BО²г;:²p}╪B╤⌡фh          ²г  _х  Aб                       ч  Ы Н Ы В ч Ж Ы Ц Э Щ У|╙╙▒ `}│  BО²г;:²p}╪B╤⌡фh          ²г  _х  Aб                       ч  Ы Н Ы В ч Ж Ы Ц Э Щ У|╙╙▒ `}│  BО²г;:²p}╪B╤⌡фh          ²г  _х  Aб                       ч  Ы Н Ы В ч Ж Ы Ц Э Щ У|л╙▒ `─Б|С  @∙÷┤;≥ф}╩3B&·Г           ÷┤  _х  C╩3                       к З Д А Э С Ь Р В Ш С В У М В╤л╙▒ `─Б|С  @∙÷┤;≥ф}╩3B&·Г           ÷┤  _х  C╩3                       к З Д А Э С Ь Р В Ш С В У М В╤л╙▒ `─Б|С  @∙÷┤;≥ф}╩3B&·Г           ÷┤  _х  C╩3                       к З Д А Э С Ь Р В Ш С В У М В╤л╙▒ `─Б|С  @∙÷┤;≥ф}╩3B&·Г           ÷┤  _х  C╩3                       к З Д А Э С Ь Р В Ш С В У М В╤л╙▒ `─Б|С  @∙÷┤;≥ф}╩3B&·Г           ÷┤  _х  C╩3                       к З Д А Э С Ь Р В Ш С В У М В╤л╙▒ `─Б|С  @∙÷┤;≥ф}╩3B&·Г           ÷┤  _х  C╩3                       к З Д А Э С Ь Р В Ш С В У М В╤л╙▒ `─Б|С  @∙÷┤;≥ф}╩3B&·Г           ÷┤  _х  C╩3                       к З Д А Э С Ь Р В Ш С В У М В╤л╙▒ `─Б|С  @∙÷┤;≥ф}╩3B&·Г           ÷┤  _х  C╩3                       к З Д А Э С Ь Р В Ш С В У М В╤л╙▒ `─Б|С  @∙÷┤;≥ф}╩3B&·Г           ÷┤  _х  C╩3                       к З Д А Э С Ь Р В Ш С В У М В╤л╙▒ `─Б|С  @∙÷┤;≥ф}╩3B&·Г           ÷┤  _х  C╩3                       к З Д А Э С Ь Р В Ш С В У М В╤л╙▒ `─Б|С  @∙÷┤;≥ф}╩3B&·Г           ÷┤  _х  C╩3                       к З Д А Э С Ь Р В Ш С В У М В╤л╙▒ `─Б|С  @∙÷┤;≥ф}╩3B&·Г           ÷┤  _х  C╩3                       к З Д А Э С Ь Р В Ш С В У М В╤л╙▒ `─Б|С  @∙÷┤;≥ф}╩3B&·Г           ÷┤  _х  C╩3                       к З Д А Э С Ь Р В Ш С В У М В╤л╙▒ `─Б|С  @∙÷┤;≥ф}╩3B&·Г           ÷┤  _х  C╩3                       к З Д А Э С Ь Р В Ш С В У М В╤л╙▒ `─Б|С  @∙÷┤;≥ф}╩3B&·Г           ÷┤  _х  C╩3                       к З Д А Э С Ь Р В Ш С В У М В╤л╙▒ `─Б|С  @∙÷┤;≥ф}╩3B&·Г           ÷┤  _х  C╩3                       к З Д А Э С Ь Р В Ш С В У М В╤л╙▒ `─Б|С  @∙÷┤;≥ф}╩3B&·Г           ÷┤  _х  C╩3                       к З Д А Э С Ь Р В Ш С В У М В╤л╙▒ `─Б|С  @∙÷┤;≥ф}╩3B&·Г           ÷┤  _х  C╩3                       к З Д А Э С Ь Р В Ш С В У М В╤л╙▒ `─Б|С  @∙÷┤;≥ф}╩3B&·Г           ÷┤  _х  C╩3                       к З Д А Э С Ь Р В Ш С В У М В╤л╙▒ `─Б|С  @∙÷┤;≥ф}╩3B&·Г           ÷┤  _х  C╩3                       к З Д А Э С Ь Р В Ш С В У М В╤л╙▒ `─Б|С  @∙÷┤;≥ф}╩3B&·Г           ÷┤  _х  C╩3                       к З Д А Э С Ь Р В Ш С В У М В╤л╙▒ `─Б|С  @∙÷┤;≥ф}╩3B&·Г           ÷┤  _х  C╩3                       к З Д А Э С Ь Р В Ш С В У М В╤л╙▒ `─Б|С  @∙÷┤;≥ф}╩3B&·Г           ÷┤  _х  C╩3                       к З Д А Э С Ь Р В Ш С В У М В╤л╙▒ `─Б|С  @∙÷┤;≥ф}╩3B&·Г           ÷┤  _х  C╩3                       к З Д А Э С Ь Р В Ш С В У М В╤л╙▒ `─Б|С  @∙÷┤;≥ф}╩3B&·Г           ÷┤  _х  C╩3                       к З Д А Э С Ь Р В Ш С В У М В╤л╙▒ `─Б|С  @∙÷┤;≥ф}╩3B&·Г           ÷┤  _х  C╩3                       к З Д А Э С Ь Р В Ш С В У М В╤л╙▒ `─Б|С  @∙÷┤;≥ф}╩3B&·Г           ÷┤  _х  C╩3                       к З Д А Э С Ь Р В Ш С В У М В╤л╙▒ `─Б|С  @∙÷┤;≥ф}╩3B&·Г           ÷┤  _х  C╩3                       к З Д А Э С Ь Р В Ш С В У М В╤л╙▒ `─Б|С  @∙÷┤;≥ф}╩3B&·Г           ÷┤  _х  C╩3                       к З Д А Э С Ь Р В Ш С В У М В╤л╙▒ `─Б|С  @∙÷┤;≥ф}╩3B&·Г           ÷┤  _х  C╩3                       к З Д А Э С Ь Р В Ш С В У М В╤л╙▒ `─Б|С  @∙÷┤;≥ф}╩3B&·Г           ÷┤  _х  C╩3                       к З Д А Э С Ь Р В Ш С В У М В╤л╙▒ `─Б|С  @∙÷┤;≥ф}╩3B&·Г           ÷┤  _х  C╩3                       к З Д А Э С Ь Р В Ш С В У М В╤л╙▒ `─Б|С  @∙÷┤;≥ф}╩3B&·Г           ÷┤  _х  C╩3                       к З Д А Э С Ь Р В Ш С В У М В╤л╙▒ `─Б|С  @∙÷┤;≥ф}╩3B&·Г           ÷┤  _х  C╩3                       к З Д А Э С Ь Р В Ш С В У М В╤л╙▒ `─Б|С  @∙÷┤;≥ф}╩3B&·Г           ÷┤  _х  C╩3                       к З Д А Э С Ь Р В Ш С В У М В╤л╙▒ `─Б|С  @∙÷┤;≥ф}╩3B&·Г           ÷┤  _х  C╩3                       к З Д А Э С Ь Р В Ш С В У М В╤л╙▒ `─Б|С  @∙÷┤;≥ф}╩3B&·Г           ÷┤  _х  C╩3                       к З Д А Э С Ь Р В Ш С В У М В╤л╙▒ `─Б|С  @∙÷┤;≥ф}╩3B&·Г           ÷┤  _х  C╩3                       к З Д А Э С Ь Р В Ш С В У М В╤л╙▒ `─Б|С  @∙÷┤;≥ф}╩3B&·Г           ÷┤  _х  C╩3                       к З Д А Э С Ь Р В Ш С В У М В╤л╙▒ `─Б|С  @∙÷┤;≥ф}╩3B&·Г           ÷┤  _х  C╩3                       к З Д А Э С Ь Р В Ш С В У М В╤л╙▒ `─Б|С  @∙÷┤;≥ф}╩3B&·Г           ÷┤  _х  C╩3                       к З Д А Э С Ь Р В Ш С В У М В╤л╙▒ `─Б|С  @∙÷┤;≥ф}╩3B&·Г           ÷┤  _х  C╩3                       к З Д А Э С Ь Р В Ш С В У М В╤л╙▒ `─Б|С  @∙÷┤;≥ф}╩3B&·Г           ÷┤  _х  C╩3                       к З Д А Э С Ь Р В Ш С В У М В╤л╙▒ `─Б|С  @∙÷┤;≥ф}╩3B&·Г           ÷┤  _х  C╩3                       к З Д А Э С Ь Р В Ш С В У М В╤л╙▒ `─Б|С  @∙÷┤;≥ф}╩3B&·Г           ÷┤  _х  C╩3                       к З Д А Э С Ь Р В Ш С В У М В╤л╙▒ `─Б|С  @∙÷┤;≥ф}╩3B&·Г           ÷┤  _х  C╩3                       к З Д А Э С Ь Р В Ш С В У М В╤л╙▒ `─Б|С  @∙÷┤;≥ф}╩3B&·Г           ÷┤  _х  C╩3                       к З Д А Э С Ь Р В Ш С В У М В╤л╙▒ `─Б|С  @∙÷┤;≥ф}╩3B&·Г           ÷┤  _х  C╩3                       к З Д А Э С Ь Р В Ш С В У М В╤л╙▒ `~┌R  B&⌡F;°.)B
°гK          ⌡F  _х  B┼                       М ╧ У Р Ж з Ы Ц Я Ф С Я ч С Н щ<л╙▒ `~┌R  B&⌡F;°.)B
°гK          ⌡F  _х  B┼                       М ╧ У Р Ж з Ы Ц Я Ф С Я ч С Н щ<л╙▒ `~┌R  B&⌡F;°.)B
°гK          ⌡F  _х  B┼                       М ╧ У Р Ж з Ы Ц Я Ф С Я ч С Н щ<л╙▒ `~┌R  B&⌡F;°.)B
°гK          ⌡F  _х  B┼                       М ╧ У Р Ж з Ы Ц Я Ф С Я ч С Н щ<л╙▒ `~┌R  B&⌡F;°.)B
°гK          ⌡F  _х  B┼                       М ╧ У Р Ж з Ы Ц Я Ф С Я ч С Н щ<л╙▒ `~┌R  B&⌡F;°.)B
°гK          ⌡F  _х  B┼                       М ╧ У Р Ж з Ы Ц Я Ф С Я ч С Н щ<л╙▒ `~┌R  B&⌡F;°.)B
°гK          ⌡F  _х  B┼                       М ╧ У Р Ж з Ы Ц Я Ф С Я ч С Н щ<л╙▒ `~┌R  B&⌡F;°.)B
°гK          ⌡F  _х  B┼                       М ╧ У Р Ж з Ы Ц Я Ф С Я ч С Н щ<л╙▒ `~┌R  B&⌡F;°.)B
°гK          ⌡F  _х  B┼                       М ╧ У Р Ж з Ы Ц Я Ф С Я ч С Н щ<л╙▒ `~┌R  B&⌡F;°.)B
°гK          ⌡F  _х  B┼                       М ╧ У Р Ж з Ы Ц Я Ф С Я ч С Н щ<л╙▒ `~┌R  B&⌡F;°.)B
°гK          ⌡F  _х  B┼                       М ╧ У Р Ж з Ы Ц Я Ф С Я ч С Н щ<л╙▒ `~┌R  B&⌡F;°.)B
°гK          ⌡F  _х  B┼                       М ╧ У Р Ж з Ы Ц Я Ф С Я ч С Н щ<л╙▒ `~┌R  B&⌡F;°.)B
°гK          ⌡F  _х  B┼                       М ╧ У Р Ж з Ы Ц Я Ф С Я ч С Н щ<л╙▒ `~┌R  B&⌡F;°.)B
°гK          ⌡F  _х  B┼                       М ╧ У Р Ж з Ы Ц Я Ф С Я ч С Н щ<л╙▒ `~┌R  B&⌡F;°.)B
°гK          ⌡F  _х  B┼                       М ╧ У Р Ж з Ы Ц Я Ф С Я ч С Н щ<л╙▒ `~┌R  B&⌡F;°.)B
°гK          ⌡F  _х  B┼                       М ╧ У Р Ж з Ы Ц Я Ф С Я ч С Н щ<л╙▒ `~┌R  B&⌡F;°.)B
°гK          ⌡F  _х  B┼                       М ╧ У Р Ж з Ы Ц Я Ф С Я ч С Н щ<л╙▒ `~┌R  B&⌡F;°.)B
°гK          ⌡F  _х  B┼                       М ╧ У Р Ж з Ы Ц Я Ф С Я ч С Н щ<л╙▒ `~┌R  B&⌡F;°.)B
°гK          ⌡F  _х  B┼                       М ╧ У Р Ж з Ы Ц Я Ф С Я ч С Н щ<л╙▒ `~┌R  B&⌡F;°.)B
°гK          ⌡F  _х  B┼                       М ╧ У Р Ж з Ы Ц Я Ф С Я ч С Н щ<л╙▒ `~┌R  B&⌡F;°.)B
°гK          ⌡F  _х  B┼                       М ╧ У Р Ж з Ы Ц Я Ф С Я ч С Н щ<л╙▒ `~┌R  B&⌡F;°.)B
°гK          ⌡F  _х  B┼                       М ╧ У Р Ж з Ы Ц Я Ф С Я ч С Н щ<л╙▒ `~┌R  B&⌡F;°.)B
°гK          ⌡F  _х  B┼                       М ╧ У Р Ж з Ы Ц Я Ф С Я ч С Н щ<л╙▒ `~┌R  B&⌡F;°.)B
°гK          ⌡F  _х  B┼                       М ╧ У Р Ж з Ы Ц Я Ф С Я ч С Н щ<л╙▒ `~┌R  B&⌡F;°.)B
°гK          ⌡F  _х  B┼                       М ╧ У Р Ж з Ы Ц Я Ф С Я ч С Н щ<л╙▒ `~┌R  B&⌡F;°.)B
°гK          ⌡F  _х  B┼                       М ╧ У Р Ж з Ы Ц Я Ф С Я ч С Н щ<л╙▒ `~┌R  B&⌡F;°.)B
°гK          ⌡F  _х  B┼                       М ╧ У Р Ж з Ы Ц Я Ф С Я ч С Н щ<л╙▒ `~┌R  B&⌡F;°.)B
°гK          ⌡F  _х  B┼                       М ╧ У Р Ж з Ы Ц Я Ф С Я ч С Н щ<л╙▒ `~┌R  B&⌡F;°.)B
°гK          ⌡F  _х  B┼                       М ╧ У Р Ж з Ы Ц Я Ф С Я ч С Н щ<л╙▒ `~┌R  B&⌡F;°.)B
°гK          ⌡F  _х  B┼                       М ╧ У Р Ж з Ы Ц Я Ф С Я ч С Н щ<л╙▒ `~┌R  B&⌡F;°.)B
°гK          ⌡F  _х  B┼                       М ╧ У Р Ж з Ы Ц Я Ф С Я ч С Н щ<л╙▒ `~┌R  B&⌡F;°.)B
°гK          ⌡F  _х  B┼                       М ╧ У Р Ж з Ы Ц Я Ф С Я ч С Н щ<л╙▒ `~┌R  B&⌡F;°.)B
°гK          ⌡F  _х  B┼                       М ╧ У Р Ж з Ы Ц Я Ф С Я ч С Н щ<л╙▒ `~┌R  B&⌡F;°.)B
°гK          ⌡F  _х  B┼                       М ╧ У Р Ж з Ы Ц Я Ф С Я ч С Н щ<л╙▒ `~┌R  B&⌡F;°.)B
°гK          ⌡F  _х  B┼                       М ╧ У Р Ж з Ы Ц Я Ф С Я ч С Н щ<л╙▒ `~┌R  B&⌡F;°.)B
°гK          ⌡F  _х  B┼                       М ╧ У Р Ж з Ы Ц Я Ф С Я ч С Н щ<л╙▒ `~┌R  B&⌡F;°.)B
°гK          ⌡F  _х  B┼                       М ╧ У Р Ж з Ы Ц Я Ф С Я ч С Н щ<л╙▒ `~┌R  B&⌡F;°.)B
°гK          ⌡F  _х  B┼                       М ╧ У Р Ж з Ы Ц Я Ф С Я ч С Н щ<л╙▒ `~┌R  B&⌡F;°.)B
°гK          ⌡F  _х  B┼                       М ╧ У Р Ж з Ы Ц Я Ф С Я ч С Н щ<л╙▒ `~┌R  B&⌡F;°.)B
°гK          ⌡F  _х  B┼                       М ╧ У Р Ж з Ы Ц Я Ф С Я ч С Н щ<л╙▒ `~┌R  B&⌡F;°.)B
°гK          ⌡F  _х  B┼                       М ╧ У Р Ж з Ы Ц Я Ф С Я ч С Н щ<л╙▒ `~┌R  B&⌡F;°.)B
°гK          ⌡F  _х  B┼                       М ╧ У Р Ж з Ы Ц Я Ф С Я ч С Н щ<л╙▒ `~┌R  B&⌡F;°.)B
°гK          ⌡F  _х  B┼                       М ╧ У Р Ж з Ы Ц Я Ф С Я ч С Н щ<л╙▒ `~┌R  B&⌡F;°.)B
°гK          ⌡F  _х  B┼                       М ╧ У Р Ж з Ы Ц Я Ф С Я ч С Н щ<л╙▒ `~┌R  B&⌡F;°.)B
°гK          ⌡F  _х  B┼                       М ╧ У Р Ж з Ы Ц Я Ф С Я ч С Н щ<л╙▒ `~┌R  B&⌡F;°.)B
°гK          ⌡F  _х  B┼                       М ╧ У Р Ж з Ы Ц Я Ф С Я ч С Н щ<л╙▒ `~┌R  B&⌡F;°.)B
°гK          ⌡F  _х  B┼                       М ╧ У Р Ж з Ы Ц Я Ф С Я ч С Н щ<л╙▒ `~┌R  B&⌡F;°.)B
°гK          ⌡F  _х  B┼                       М ╧ У Р Ж з Ы Ц Я Ф С Я ч С Н щ<л╙▒ `~┌R  B&⌡F;°.)B
°гK          ⌡F  _х  B┼                       М ╧ У Р Ж з Ы Ц Я Ф С Я ч С Н щ<л╙▒ `│	}^  C⌡═h:п°ё~@x÷┤U          ═h  _х  CЮ                       и Ъ Й Ъ З Ю С Ц Э Т Ж Э Т Ь Рул╙▒ `│	}^  C⌡═h:п°ё~@x÷┤U          ═h  _х  CЮ                       и Ъ Й Ъ З Ю С Ц Э Т Ж Э Т Ь Рул╙▒ `│	}^  C⌡═h:п°ё~@x÷┤U          ═h  _х  CЮ                       и Ъ Й Ъ З Ю С Ц Э Т Ж Э Т Ь Рул╙▒ `│	}^  C⌡═h:п°ё~@x÷┤U          ═h  _х  CЮ                       и Ъ Й Ъ З Ю С Ц Э Т Ж Э Т Ь Рул╙▒ `│	}^  C⌡═h:п°ё~@x÷┤U          ═h  _х  CЮ                       и Ъ Й Ъ З Ю С Ц Э Т Ж Э Т Ь Рул╙▒ `│	}^  C⌡═h:п°ё~@x÷┤U          ═h  _х  CЮ                       и Ъ Й Ъ З Ю С Ц Э Т Ж Э Т Ь Рул╙▒ `│	}^  C⌡═h:п°ё~@x÷┤U          ═h  _х  CЮ                       и Ъ Й Ъ З Ю С Ц Э Т Ж Э Т Ь Рул╙▒ `│	}^  C⌡═h:п°ё~@x÷┤U          ═h  _х  CЮ                       и Ъ Й Ъ З Ю С Ц Э Т Ж Э Т Ь Рул╙▒ `│	}^  C⌡═h:п°ё~@x÷┤U          ═h  _х  CЮ                       и Ъ Й Ъ З Ю С Ц Э Т Ж Э Т Ь Рул╙▒ `│	}^  C⌡═h:п°ё~@x÷┤U          ═h  _х  CЮ                       и Ъ Й Ъ З Ю С Ц Э Т Ж Э Т Ь Рул╙▒ `│	}^  C⌡═h:п°ё~@x÷┤U          ═h  _х  CЮ                       и Ъ Й Ъ З Ю С Ц Э Т Ж Э Т Ь Рул╙▒ `│	}^  C⌡═h:п°ё~@x÷┤U          ═h  _х  CЮ                       и Ъ Й Ъ З Ю С Ц Э Т Ж Э Т Ь Рул╙▒ `│	}^  C⌡═h:п°ё~@x÷┤U          ═h  _х  CЮ                       и Ъ Й Ъ З Ю С Ц Э Т Ж Э Т Ь Рул╙▒ `│	}^  C⌡═h:п°ё~@x÷┤U          ═h  _х  CЮ                       и Ъ Й Ъ З Ю С Ц Э Т Ж Э Т Ь Рул╙▒ `│	}^  C⌡═h:п°ё~@x÷┤U          ═h  _х  CЮ                       и Ъ Й Ъ З Ю С Ц Э Т Ж Э Т Ь Рул╙▒ `│	}^  C⌡═h:п°ё~@x÷┤U          ═h  _х  CЮ                       и Ъ Й Ъ З Ю С Ц Э Т Ж Э Т Ь Рул╙▒ `│	}^  C⌡═h:п°ё~@x÷┤U          ═h  _х  CЮ                       и Ъ Й Ъ З Ю С Ц Э Т Ж Э Т Ь Рул╙▒ `│	}^  C⌡═h:п°ё~@x÷┤U          ═h  _х  CЮ                       и Ъ Й Ъ З Ю С Ц Э Т Ж Э Т Ь Рул╙▒ `│	}^  C⌡═h:п°ё~@x÷┤U          ═h  _х  CЮ                       и Ъ Й Ъ З Ю С Ц Э Т Ж Э Т Ь Рул╙▒ `│	}^  C⌡═h:п°ё~@x÷┤U          ═h  _х  CЮ                       и Ъ Й Ъ З Ю С Ц Э Т Ж Э Т Ь Рул╙▒ `│	}^  C⌡═h:п°ё~@x÷┤U          ═h  _х  CЮ                       и Ъ Й Ъ З Ю С Ц Э Т Ж Э Т Ь Рул╙▒ `│	}^  C⌡═h:п°ё~@x÷┤U          ═h  _х  CЮ                       и Ъ Й Ъ З Ю С Ц Э Т Ж Э Т Ь Рул╙▒ `│	}^  C⌡═h:п°ё~@x÷┤U          ═h  _х  CЮ                       и Ъ Й Ъ З Ю С Ц Э Т Ж Э Т Ь Рул╙▒ `│	}^  C⌡═h:п°ё~@x÷┤U          ═h  _х  CЮ                       и Ъ Й Ъ З Ю С Ц Э Т Ж Э Т Ь Рул╙▒ `│	}^  C⌡═h:п°ё~@x÷┤U          ═h  _х  CЮ                       и Ъ Й Ъ З Ю С Ц Э Т Ж Э Т Ь Рул╙▒ `│	}^  C⌡═h:п°ё~@x÷┤U          ═h  _х  CЮ                       и Ъ Й Ъ З Ю С Ц Э Т Ж Э Т Ь Рул╙▒ `│	}^  C⌡═h:п°ё~@x÷┤U          ═h  _х  CЮ                       и Ъ Й Ъ З Ю С Ц Э Т Ж Э Т Ь Рул╙▒ `│	}^  C⌡═h:п°ё~@x÷┤U          ═h  _х  CЮ                       и Ъ Й Ъ З Ю С Ц Э Т Ж Э Т Ь Рул╙▒ `│	}^  C⌡═h:п°ё~@x÷┤U          ═h  _х  CЮ                       и Ъ Й Ъ З Ю С Ц Э Т Ж Э Т Ь Рул╙▒ `│	}^  C⌡═h:п°ё~@x÷┤U          ═h  _х  CЮ                       и Ъ Й Ъ З Ю С Ц Э Т Ж Э Т Ь Рул╙▒ `│	}^  C⌡═h:п°ё~@x÷┤U          ═h  _х  CЮ                       и Ъ Й Ъ З Ю С Ц Э Т Ж Э Т Ь Рул╙▒ `│	}^  C⌡═h:п°ё~@x÷┤U          ═h  _х  CЮ                       и Ъ Й Ъ З Ю С Ц Э Т Ж Э Т Ь Рул╙▒ `│	}^  C⌡═h:п°ё~@x÷┤U          ═h  _х  CЮ                       и Ъ Й Ъ З Ю С Ц Э Т Ж Э Т Ь Рул╙▒ `│	}^  C⌡═h:п°ё~@x÷┤U          ═h  _х  CЮ                       и Ъ Й Ъ З Ю С Ц Э Т Ж Э Т Ь Рул╙▒ `│	}^  C⌡═h:п°ё~@x÷┤U          ═h  _х  CЮ                       и Ъ Й Ъ З Ю С Ц Э Т Ж Э Т Ь Рул╙▒ `│	}^  C⌡═h:п°ё~@x÷┤U          ═h  _х  CЮ                       и Ъ Й Ъ З Ю С Ц Э Т Ж Э Т Ь Рул╙▒ `│	}^  C⌡═h:п°ё~@x÷┤U          ═h  _х  CЮ                       и Ъ Й Ъ З Ю С Ц Э Т Ж Э Т Ь Рул╙▒ `│	}^  C⌡═h:п°ё~@x÷┤U          ═h  _х  CЮ                       и Ъ Й Ъ З Ю С Ц Э Т Ж Э Т Ь Рул╙▒ `│	}^  C⌡═h:п°ё~@x÷┤U          ═h  _х  CЮ                       и Ъ Й Ъ З Ю С Ц Э Т Ж Э Т Ь Рул╙▒ `│	}^  C⌡═h:п°ё~@x÷┤U          ═h  _х  CЮ                       и Ъ Й Ъ З Ю С Ц Э Т Ж Э Т Ь Рул╙▒ `│	}^  C⌡═h:п°ё~@x÷┤U          ═h  _х  CЮ                       и Ъ Й Ъ З Ю С Ц Э Т Ж Э Т Ь Рул╙▒ `│	}^  C⌡═h:п°ё~@x÷┤U          ═h  _х  CЮ                       и Ъ Й Ъ З Ю С Ц Э Т Ж Э Т Ь Рул╙▒ `│	}^  C⌡═h:п°ё~@x÷┤U          ═h  _х  CЮ                       и Ъ Й Ъ З Ю С Ц Э Т Ж Э Т Ь Рул╙▒ `│	}^  C⌡═h:п°ё~@x÷┤U          ═h  _х  CЮ                       и Ъ Й Ъ З Ю С Ц Э Т Ж Э Т Ь Рул╙▒ `│	}^  C⌡═h:п°ё~@x÷┤U          ═h  _х  CЮ                       и Ъ Й Ъ З Ю С Ц Э Т Ж Э Т Ь Рул╙▒ `│	}^  C⌡═h:п°ё~@x÷┤U          ═h  _х  CЮ                       и Ъ Й Ъ З Ю С Ц Э Т Ж Э Т Ь Рул╙▒ `│	}^  C⌡═h:п°ё~@x÷┤U          ═h  _х  CЮ                       и Ъ Й Ъ З Ю С Ц Э Т Ж Э Т Ь Рул╙▒ `│	}^  C⌡═h:п°ё~@x÷┤U          ═h  _х  CЮ                       и Ъ Й Ъ З Ю С Ц Э Т Ж Э Т Ь Рул╙▒ `│	}^  C⌡═h:п°ё~@x÷┤U          ═h  _х  CЮ                       и Ъ Й Ъ З Ю С Ц Э Т Ж Э Т Ь Рул╙▒ `{┼~=  E┌║┬;≤÷c{бE┌·г┌          ║┬  _х  @Э                       Я$ ЖЩл╙▒ `{┼~=  E┌║┬;≤÷c{бE┌·г┌          ║┬  _х  @Э                       Я$ ЖЩл╙▒ `{┼~=  E┌║┬;≤÷c{бE┌·г┌          ║┬  _х  @Э                       Я$ ЖЩл╙▒ `{┼~=  E┌║┬;≤÷c{бE┌·г┌          ║┬  _х  @Э                       Я$ ЖЩл╙▒ `{┼~=  E┌║┬;≤÷c{бE┌·г┌          ║┬  _х  @Э                       Я$ ЖЩл╙▒ `{┼~=  E┌║┬;≤÷c{бE┌·г┌          ║┬  _х  @Э                       Я$ ЖЩл╙▒ `{┼~=  E┌║┬;≤÷c{бE┌·г┌          ║┬  _х  @Э                       Я$ ЖЩл╙▒ `{┼~=  E┌║┬;≤÷c{бE┌·г┌          ║┬  _х  @Э                       Я$ ЖЩл╙▒ `{┼~=  E┌║┬;≤÷c{бE┌·г┌          ║┬  _х  @Э                       Я$ ЖЩл╙▒ `{┼~=  E┌║┬;≤÷c{бE┌·г┌          ║┬  _х  @Э                       Я$ ЖЩл╙▒ `{┼~=  E┌║┬;≤÷c{бE┌·г┌          ║┬  _х  @Э                       Я$ ЖЩл╙▒ `{┼~=  E┌║┬;≤÷c{бE┌·г┌          ║┬  _х  @Э                       Я$ ЖЩл╙▒ `{┼~=  E┌║┬;≤÷c{бE┌·г┌          ║┬  _х  @Э                       Я$ ЖЩл╙▒ `{┼~=  E┌║┬;≤÷c{бE┌·г┌          ║┬  _х  @Э                       Я$ ЖЩл╙▒ `{┼~=  E┌║┬;≤÷c{бE┌·г┌          ║┬  _х  @Э                       Я$ ЖЩл╙▒ `{┼~=  E┌║┬;≤÷c{бE┌·г┌          ║┬  _х  @Э                       Я$ ЖЩл╙▒ `{┼~=  E┌║┬;≤÷c{бE┌·г┌          ║┬  _х  @Э                       Я$ ЖЩл╙▒ `{┼~=  E┌║┬;≤÷c{бE┌·г┌          ║┬  _х  @Э                       Я$ ЖЩл╙▒ `{┼~=  E┌║┬;≤÷c{бE┌·г┌          ║┬  _х  @Э                       Я$ ЖЩл╙▒ `{┼~=  E┌║┬;≤÷c{бE┌·г┌          ║┬  _х  @Э                       Я$ ЖЩл╙▒ `{┼~=  E┌║┬;≤÷c{бE┌·г┌          ║┬  _х  @Э                       Я$ ЖЩл╙▒ `{┼~=  E┌║┬;≤÷c{бE┌·г┌          ║┬  _х  @Э                       Я$ ЖЩл╙▒ `{┼~=  E┌║┬;≤÷c{бE┌·г┌          ║┬  _х  @Э                       Я$ ЖЩл╙▒ `{┼~=  E┌║┬;≤÷c{бE┌·г┌          ║┬  _х  @Э                       Я$ ЖЩл╙▒ `{┼~=  E┌║┬;≤÷c{бE┌·г┌          ║┬  _х  @Э                       Я$ ЖЩл╙▒ `{┼~=  E┌║┬;≤÷c{бE┌·г┌          ║┬  _х  @Э                       Я$ ЖЩл╙▒ `{┼~=  E┌║┬;≤÷c{бE┌·г┌          ║┬  _х  @Э                       Я$ ЖЩ╙╙▒ `{┼~=  E┌║┬;≤÷c{бE┌·г┌          ║┬  _х  @Э                       Я$ ЖЩл╙▒ `{┼~=  E┌║┬;≤÷c{бE┌·г┌          ║┬  _х  @Э                       Я$ ЖЩл╙▒ `{┼~=  E┌║┬;≤÷c{бE┌·г┌          ║┬  _х  @Э                       Я$ ЖЩл╙▒ `{┼~=  E┌║┬;≤÷c{бE┌·г┌          ║┬  _х  @Э                       Я$ ЖЩл╙▒ `{┼~=  E┌║┬;≤÷c{бE┌·г┌          ║┬  _х  @Э                       Я$ ЖЩл╙▒ `{┼~=  E┌║┬;≤÷c{бE┌·г┌          ║┬  _х  @Э                       Я$ ЖЩл╙▒ `{┼~=  E┌║┬;≤÷c{бE┌·г┌          ║┬  _х  @Э                       Я$ ЖЩл╙▒ `{┼~=  E┌║┬;≤÷c{бE┌·г┌          ║┬  _х  @Э                       Я$ ЖЩл╙▒ `{┼~=  E┌║┬;≤÷c{бE┌·г┌          ║┬  _х  @Э                       Я$ ЖЩл╙▒ `{┼~=  E┌║┬;≤÷c{бE┌·г┌          ║┬  _х  @Э                       Я$ ЖЩл╙▒ `{┼~=  E┌║┬;≤÷c{бE┌·г┌          ║┬  _х  @Э                       Я$ ЖЩл╙▒ `{┼~=  E┌║┬;≤÷c{бE┌·г┌          ║┬  _х  @Э                       Я$ ЖЩл╙▒ `{┼~=  E┌║┬;≤÷c{бE┌·г┌          ║┬  _х  @Э                       Я$ ЖЩл╙▒ `{┼~=  E┌║┬;≤÷c{бE┌·г┌          ║┬  _х  @Э                       Я$ ЖЩл╙▒ `{┼~=  E┌║┬;≤÷c{бE┌·г┌          ║┬  _х  @Э                       Я$ ЖЩл╙▒ `{┼~=  E┌║┬;≤÷c{бE┌·г┌          ║┬  _х  @Э                       Я$ ЖЩл╙▒ `{┼~=  E┌║┬;≤÷c{бE┌·г┌          ║┬  _х  @Э                       Я$ ЖЩл╙▒ `{┼~=  E┌║┬;≤÷c{бE┌·г┌          ║┬  _х  @Э                       Я$ ЖЩл╙▒ `{┼~=  E┌║┬;≤÷c{бE┌·г┌          ║┬  _х  @Э                       Я$ ЖЩл╙▒ `{┼~=  E┌║┬;≤÷c{бE┌·г┌          ║┬  _х  @Э                       Я$ ЖЩл╙▒ `{┼~=  E┌║┬;≤÷c{бE┌·г┌          ║┬  _х  @Э                       Я$ ЖЩл╙▒ `{┼~=  E┌║┬;≤÷c{бE┌·г┌          ║┬  _х  @Э                       Я$ ЖЩл╙▒ `{a{}  Dжё;`²╚|4EI÷╖S          ё  _х  @Ф                      " 
 Щ			Eл╙▒ `{a{}  Dжё;`²╚|4EI÷╖S          ё  _х  @Ф                      " 
 Щ			Eл╙▒ `{a{}  Dжё;`²╚|4EI÷╖S          ё  _х  @Ф                      " 
 Щ			Eл╙▒ `{a{}  Dжё;`²╚|4EI÷╖S          ё  _х  @Ф                      " 
 Щ			Eл╙▒ `{a{}  Dжё;`²╚|4EI÷╖S          ё  _х  @Ф                      " 
 Щ			Eл╙▒ `{a{}  Dжё;`²╚|4EI÷╖S          ё  _х  @Ф                      " 
 Щ			Eл╙▒ `{a{}  Dжё;`²╚|4EI÷╖S          ё  _х  @Ф                      " 
 Щ			Eл╙▒ `{a{}  Dжё;`²╚|4EI÷╖S          ё  _х  @Ф                      " 
 Щ			Eл╙▒ `{a{}  Dжё;`²╚|4EI÷╖S          ё  _х  @Ф                      " 
 Щ			Eл╙▒ `{a{}  Dжё;`²╚|4EI÷╖S          ё  _х  @Ф                      " 
 Щ			Eл╙▒ `{a{}  Dжё;`²╚|4EI÷╖S          ё  _х  @Ф                      " 
 Щ			Eл╙▒ `{a{}  Dжё;`²╚|4EI÷╖S          ё  _х  @Ф                      " 
 Щ			Eл╙▒ `{a{}  Dжё;`²╚|4EI÷╖S          ё  _х  @Ф                      " 
 Щ			Eл╙▒ `{a{}  Dжё;`²╚|4EI÷╖S          ё  _х  @Ф                      " 
 Щ			Eл╙▒ `{a{}  Dжё;`²╚|4EI÷╖S          ё  _х  @Ф                      " 
 Щ			Eл╙▒ `{a{}  Dжё;`²╚|4EI÷╖S          ё  _х  @Ф                      " 
 Щ			Eл╙▒ `{a{}  Dжё;`²╚|4EI÷╖S          ё  _х  @Ф                      " 
 Щ			E╙╙▒ `{a{}  Dжё;`²╚|4EI÷╖S          ё  _х  @Ф                      " 
 Щ			Eл╙▒ `{a{}  Dжё;`²╚|4EI÷╖S          ё  _х  @Ф                      " 
 Щ			Eл╙▒ `{a{}  Dжё;`²╚|4EI÷╖S          ё  _х  @Ф                      " 
 Щ			Eл╙▒ `{a{}  Dжё;`²╚|4EI÷╖S          ё  _х  @Ф                      " 
 Щ			Eл╙▒ `{a{}  Dжё;`²╚|4EI÷╖S          ё  _х  @Ф                      " 
 Щ			Eл╙▒ `{a{}  Dжё;`²╚|4EI÷╖S          ё  _х  @Ф                      " 
 Щ			Eл╙▒ `{a{}  Dжё;`²╚|4EI÷╖S          ё  _х  @Ф                      " 
 Щ			Eл╙▒ `{a{}  Dжё;`²╚|4EI÷╖S          ё  _х  @Ф                      " 
 Щ			Eл╙▒ `{a{}  Dжё;`²╚|4EI÷╖S          ё  _х  @Ф                      " 
 Щ			Eл╙▒ `{a{}  Dжё;`²╚|4EI÷╖S          ё  _х  @Ф                      " 
 Щ			E╙╙▒ `{a{}  Dжё;`²╚|4EI÷╖S          ё  _х  @Ф                      " 
 Щ			Eл╙▒ `{a{}  Dжё;`²╚|4EI÷╖S          ё  _х  @Ф                      " 
 Щ			Eл╙▒ `{a{}  Dжё;`²╚|4EI÷╖S          ё  _х  @Ф                      " 
 Щ			Eл╙▒ `{a{}  Dжё;`²╚|4EI÷╖S          ё  _х  @Ф                      " 
 Щ			Eл╙▒ `{a{}  Dжё;`²╚|4EI÷╖S          ё  _х  @Ф                      " 
 Щ			Eл╙▒ `{a{}  Dжё;`²╚|4EI÷╖S          ё  _х  @Ф                      " 
 Щ			Eл╙▒ `{a{}  Dжё;`²╚|4EI÷╖S          ё  _х  @Ф                      " 
 Щ			Eл╙▒ `{a{}  Dжё;`²╚|4EI÷╖S          ё  _х  @Ф                      " 
 Щ			Eл╙▒ `{a{}  Dжё;`²╚|4EI÷╖S          ё  _х  @Ф                      " 
 Щ			Eл╙▒ `{a{}  Dжё;`²╚|4EI÷╖S          ё  _х  @Ф                      " 
 Щ			Eл╙▒ `{a{}  Dжё;`²╚|4EI÷╖S          ё  _х  @Ф                      " 
 Щ			Eл╙▒ `{a{}  Dжё;`²╚|4EI÷╖S          ё  _х  @Ф                      " 
 Щ			Eл╙▒ `{a{}  Dжё;`²╚|4EI÷╖S          ё  _х  @Ф                      " 
 Щ			Eл╙▒ `{a{}  Dжё;`²╚|4EI÷╖S          ё  _х  @Ф                      " 
 Щ			Eл╙▒ `{a{}  Dжё;`²╚|4EI÷╖S          ё  _х  @Ф                      " 
 Щ			Eл╙▒ `{a{}  Dжё;`²╚|4EI÷╖S          ё  _х  @Ф                      " 
 Щ			Eл╙▒ `{a{}  Dжё;`²╚|4EI÷╖S          ё  _х  @Ф                      " 
 Щ			Eл╙▒ `{a{}  Dжё;`²╚|4EI÷╖S          ё  _х  @Ф                      " 
 Щ			Eл╙▒ `{a{}  Dжё;`²╚|4EI÷╖S          ё  _х  @Ф                      " 
 Щ			Eл╙▒ `{a{}  Dжё;`²╚|4EI÷╖S          ё  _х  @Ф                      " 
 Щ			Eл╙▒ `{a{}  Dжё;`²╚|4EI÷╖S          ё  _х  @Ф                      " 
 Щ			Eл╙▒ `{a{}  Dжё;`²╚|4EI÷╖S          ё  _х  @Ф                      " 
 Щ			Eл╙▒ `{}|B  Dж║H;Q·x}?CЯ÷гh          ║H  _х  @У                       


 Ч Ж Ъ У В╜л╙▒ `{}|B  Dж║H;Q·x}?CЯ÷гh          ║H  _х  @У                       


 Ч Ж Ъ У В╜л╙▒ `{}|B  Dж║H;Q·x}?CЯ÷гh          ║H  _х  @У                       


 Ч Ж Ъ У В╜л╙▒ `{}|B  Dж║H;Q·x}?CЯ÷гh          ║H  _х  @У                       


 Ч Ж Ъ У В╜л╙▒ `{}|B  Dж║H;Q·x}?CЯ÷гh          ║H  _х  @У                       


 Ч Ж Ъ У В╜л╙▒ `{}|B  Dж║H;Q·x}?CЯ÷гh          ║H  _х  @У                       


 Ч Ж Ъ У В╜л╙▒ `{}|B  Dж║H;Q·x}?CЯ÷гh          ║H  _х  @У                       


 Ч Ж Ъ У В╜л╙▒ `{}|B  Dж║H;Q·x}?CЯ÷гh          ║H  _х  @У                       


 Ч Ж Ъ У В╜л╙▒ `{}|B  Dж║H;Q·x}?CЯ÷гh          ║H  _х  @У                       


 Ч Ж Ъ У В╜л╙▒ `{}|B  Dж║H;Q·x}?CЯ÷гh          ║H  _х  @У                       


 Ч Ж Ъ У В╜л╙▒ `{}|B  Dж║H;Q·x}?CЯ÷гh          ║H  _х  @У                       


 Ч Ж Ъ У В╜л╙▒ `{}|B  Dж║H;Q·x}?CЯ÷гh          ║H  _х  @У                       


 Ч Ж Ъ У В╜л╙▒ `{}|B  Dж║H;Q·x}?CЯ÷гh          ║H  _х  @У                       


 Ч Ж Ъ У В╜л╙▒ `{}|B  Dж║H;Q·x}?CЯ÷гh          ║H  _х  @У                       


 Ч Ж Ъ У В╜л╙▒ `{}|B  Dж║H;Q·x}?CЯ÷гh          ║H  _х  @У                       


 Ч Ж Ъ У В╜л╙▒ `{}|B  Dж║H;Q·x}?CЯ÷гh          ║H  _х  @У                       


 Ч Ж Ъ У В╜л╙▒ `{}|B  Dж║H;Q·x}?CЯ÷гh          ║H  _х  @У                       


 Ч Ж Ъ У В╜л╙▒ `{}|B  Dж║H;Q·x}?CЯ÷гh          ║H  _х  @У                       


 Ч Ж Ъ У В╜л╙▒ `{}|B  Dж║H;Q·x}?CЯ÷гh          ║H  _х  @У                       


 Ч Ж Ъ У В╜л╙▒ `{}|B  Dж║H;Q·x}?CЯ÷гh          ║H  _х  @У                       


 Ч Ж Ъ У В╜л╙▒ `{}|B  Dж║H;Q·x}?CЯ÷гh          ║H  _х  @У                       


 Ч Ж Ъ У В╜л╙▒ `{}|B  Dж║H;Q·x}?CЯ÷гh          ║H  _х  @У                       


 Ч Ж Ъ У В╜л╙▒ `{}|B  Dж║H;Q·x}?CЯ÷гh          ║H  _х  @У                       


 Ч Ж Ъ У В╜л╙▒ `{}|B  Dж║H;Q·x}?CЯ÷гh          ║H  _х  @У                       


 Ч Ж Ъ У В╜л╙▒ `{}|B  Dж║H;Q·x}?CЯ÷гh          ║H  _х  @У                       


 Ч Ж Ъ У В╜л╙▒ `{}|B  Dж║H;Q·x}?CЯ÷гh          ║H  _х  @У                       


 Ч Ж Ъ У В╜л╙▒ `{}|B  Dж║H;Q·x}?CЯ÷гh          ║H  _х  @У                       


 Ч Ж Ъ У В╜л╙▒ `{}|B  Dж║H;Q·x}?CЯ÷гh          ║H  _х  @У                       


 Ч Ж Ъ У В╜л╙▒ `{}|B  Dж║H;Q·x}?CЯ÷гh          ║H  _х  @У                       


 Ч Ж Ъ У В╜л╙▒ `{}|B  Dж║H;Q·x}?CЯ÷гh          ║H  _х  @У                       


 Ч Ж Ъ У В╜л╙▒ `{}|B  Dж║H;Q·x}?CЯ÷гh          ║H  _х  @У                       


 Ч Ж Ъ У В╜л╙▒ `{}|B  Dж║H;Q·x}?CЯ÷гh          ║H  _х  @У                       


 Ч Ж Ъ У В╜л╙▒ `{}|B  Dж║H;Q·x}?CЯ÷гh          ║H  _х  @У                       


 Ч Ж Ъ У В╜л╙▒ `{}|B  Dж║H;Q·x}?CЯ÷гh          ║H  _х  @У                       


 Ч Ж Ъ У В╜л╙▒ `{}|B  Dж║H;Q·x}?CЯ÷гh          ║H  _х  @У                       


 Ч Ж Ъ У В╜л╙▒ `{}|B  Dж║H;Q·x}?CЯ÷гh          ║H  _х  @У                       


 Ч Ж Ъ У В╜л╙▒ `{}|B  Dж║H;Q·x}?CЯ÷гh          ║H  _х  @У                       


 Ч Ж Ъ У В╜л╙▒ `{}|B  Dж║H;Q·x}?CЯ÷гh          ║H  _х  @У                       


 Ч Ж Ъ У В╜л╙▒ `{}|B  Dж║H;Q·x}?CЯ÷гh          ║H  _х  @У                       


 Ч Ж Ъ У В╜л╙▒ `{}|B  Dж║H;Q·x}?CЯ÷гh          ║H  _х  @У                       


 Ч Ж Ъ У В╜л╙▒ `{}|B  Dж║H;Q·x}?CЯ÷гh          ║H  _х  @У                       


 Ч Ж Ъ У В╜л╙▒ `{}|B  Dж║H;Q·x}?CЯ÷гh          ║H  _х  @У                       


 Ч Ж Ъ У В╜л╙▒ `{}|B  Dж║H;Q·x}?CЯ÷гh          ║H  _х  @У                       


 Ч Ж Ъ У В╜л╙▒ `{}|B  Dж║H;Q·x}?CЯ÷гh          ║H  _х  @У                       


 Ч Ж Ъ У В╜л╙▒ `{}|B  Dж║H;Q·x}?CЯ÷гh          ║H  _х  @У                       


 Ч Ж Ъ У В╜л╙▒ `{}|B  Dж║H;Q·x}?CЯ÷гh          ║H  _х  @У                       


 Ч Ж Ъ У В╜л╙▒ `{}|B  Dж║H;Q·x}?CЯ÷гh          ║H  _х  @У                       


 Ч Ж Ъ У В╜л╙▒ `{}|B  Dж║H;Q·x}?CЯ÷гh          ║H  _х  @У                       


 Ч Ж Ъ У В╜л╙▒ `{}|B  Dж║H;Q·x}?CЯ÷гh          ║H  _х  @У                       


 Ч Ж Ъ У В╜л╙▒ `| |╘  D*═H;F²Е}╛C⌡÷'/          ═H  _х  A▀                       Ш З Ъ Ы П Ч Ъ Нdл╙▒ `| |╘  D*═H;F²Е}╛C⌡÷'/          ═H  _х  A▀                       Ш З Ъ Ы П Ч Ъ Нdл╙▒ `| |╘  D*═H;F²Е}╛C⌡÷'/          ═H  _х  A▀                       Ш З Ъ Ы П Ч Ъ Нdл╙▒ `| |╘  D*═H;F²Е}╛C⌡÷'/          ═H  _х  A▀                       Ш З Ъ Ы П Ч Ъ Нdл╙▒ `| |╘  D*═H;F²Е}╛C⌡÷'/          ═H  _х  A▀                       Ш З Ъ Ы П Ч Ъ Нdл╙▒ `| |╘  D*═H;F²Е}╛C⌡÷'/          ═H  _х  A▀                       Ш З Ъ Ы П Ч Ъ Нdл╙▒ `| |╘  D*═H;F²Е}╛C⌡÷'/          ═H  _х  A▀                       Ш З Ъ Ы П Ч Ъ Нdл╙▒ `| |╘  D*═H;F²Е}╛C⌡÷'/          ═H  _х  A▀                       Ш З Ъ Ы П Ч Ъ Нdл╙▒ `| |╘  D*═H;F²Е}╛C⌡÷'/          ═H  _х  A▀                       Ш З Ъ Ы П Ч Ъ Нdл╙▒ `| |╘  D*═H;F²Е}╛C⌡÷'/          ═H  _х  A▀                       Ш З Ъ Ы П Ч Ъ Нdл╙▒ `| |╘  D*═H;F²Е}╛C⌡÷'/          ═H  _х  A▀                       Ш З Ъ Ы П Ч Ъ Нdл╙▒ `| |╘  D*═H;F²Е}╛C⌡÷'/          ═H  _х  A▀                       Ш З Ъ Ы П Ч Ъ Нdл╙▒ `| |╘  D*═H;F²Е}╛C⌡÷'/          ═H  _х  A▀                       Ш З Ъ Ы П Ч Ъ Нdл╙▒ `| |╘  D*═H;F²Е}╛C⌡÷'/          ═H  _х  A▀                       Ш З Ъ Ы П Ч Ъ Нdл╙▒ `| |╘  D*═H;F²Е}╛C⌡÷'/          ═H  _х  A▀                       Ш З Ъ Ы П Ч Ъ Нdл╙▒ `| |╘  D*═H;F²Е}╛C⌡÷'/          ═H  _х  A▀                       Ш З Ъ Ы П Ч Ъ Нdл╙▒ `| |╘  D*═H;F²Е}╛C⌡÷'/          ═H  _х  A▀                       Ш З Ъ Ы П Ч Ъ Нdл╙▒ `| |╘  D*═H;F²Е}╛C⌡÷'/          ═H  _х  A▀                       Ш З Ъ Ы П Ч Ъ Нdл╙▒ `| |╘  D*═H;F²Е}╛C⌡÷'/          ═H  _х  A▀                       Ш З Ъ Ы П Ч Ъ Нdл╙▒ `| |╘  D*═H;F²Е}╛C⌡÷'/          ═H  _х  A▀                       Ш З Ъ Ы П Ч Ъ Нdл╙▒ `| |╘  D*═H;F²Е}╛C⌡÷'/          ═H  _х  A▀                       Ш З Ъ Ы П Ч Ъ Нdл╙▒ `| |╘  D*═H;F²Е}╛C⌡÷'/          ═H  _х  A▀                       Ш З Ъ Ы П Ч Ъ Нdл╙▒ `| |╘  D*═H;F²Е}╛C⌡÷'/          ═H  _х  A▀                       Ш З Ъ Ы П Ч Ъ Нdл╙▒ `| |╘  D*═H;F²Е}╛C⌡÷'/          ═H  _х  A▀                       Ш З Ъ Ы П Ч Ъ Нdл╙▒ `| |╘  D*═H;F²Е}╛C⌡÷'/          ═H  _х  A▀                       Ш З Ъ Ы П Ч Ъ Нdл╙▒ `| |╘  D*═H;F²Е}╛C⌡÷'/          ═H  _х  A▀                       Ш З Ъ Ы П Ч Ъ Нdл╙▒ `| |╘  D*═H;F²Е}╛C⌡÷'/          ═H  _х  A▀                       Ш З Ъ Ы П Ч Ъ Нdл╙▒ `| |╘  D*═H;F²Е}╛C⌡÷'/          ═H  _х  A▀                       Ш З Ъ Ы П Ч Ъ Нdл╙▒ `| |╘  D*═H;F²Е}╛C⌡÷'/          ═H  _х  A▀                       Ш З Ъ Ы П Ч Ъ Нdл╙▒ `| |╘  D*═H;F²Е}╛C⌡÷'/          ═H  _х  A▀                       Ш З Ъ Ы П Ч Ъ Нdл╙▒ `| |╘  D*═H;F²Е}╛C⌡÷'/          ═H  _х  A▀                       Ш З Ъ Ы П Ч Ъ Нdл╙▒ `| |╘  D*═H;F²Е}╛C⌡÷'/          ═H  _х  A▀                       Ш З Ъ Ы П Ч Ъ Нdл╙▒ `| |╘  D*═H;F²Е}╛C⌡÷'/          ═H  _х  A▀                       Ш З Ъ Ы П Ч Ъ Нdл╙▒ `| |╘  D*═H;F²Е}╛C⌡÷'/          ═H  _х  A▀                       Ш З Ъ Ы П Ч Ъ Нdл╙▒ `| |╘  D*═H;F²Е}╛C⌡÷'/          ═H  _х  A▀                       Ш З Ъ Ы П Ч Ъ Нdл╙▒ `| |╘  D*═H;F²Е}╛C⌡÷'/          ═H  _х  A▀                       Ш З Ъ Ы П Ч Ъ Нdл╙▒ `| |╘  D*═H;F²Е}╛C⌡÷'/          ═H  _х  A▀                       Ш З Ъ Ы П Ч Ъ Нdл╙▒ `| |╘  D*═H;F²Е}╛C⌡÷'/          ═H  _х  A▀                       Ш З Ъ Ы П Ч Ъ Нdл╙▒ `| |╘  D*═H;F²Е}╛C⌡÷'/          ═H  _х  A▀                       Ш З Ъ Ы П Ч Ъ Нdл╙▒ `| |╘  D*═H;F²Е}╛C⌡÷'/          ═H  _х  A▀                       Ш З Ъ Ы П Ч Ъ Нdл╙▒ `| |╘  D*═H;F²Е}╛C⌡÷'/          ═H  _х  A▀                       Ш З Ъ Ы П Ч Ъ Нdл╙▒ `| |╘  D*═H;F²Е}╛C⌡÷'/          ═H  _х  A▀                       Ш З Ъ Ы П Ч Ъ Нdл╙▒ `| |╘  D*═H;F²Е}╛C⌡÷'/          ═H  _х  A▀                       Ш З Ъ Ы П Ч Ъ Нdл╙▒ `| |╘  D*═H;F²Е}╛C⌡÷'/          ═H  _х  A▀                       Ш З Ъ Ы П Ч Ъ Нdл╙▒ `| |╘  D*═H;F²Е}╛C⌡÷'/          ═H  _х  A▀                       Ш З Ъ Ы П Ч Ъ Нdл╙▒ `| |╘  D*═H;F²Е}╛C⌡÷'/          ═H  _х  A▀                       Ш З Ъ Ы П Ч Ъ Нdл╙▒ `| |╘  D*═H;F²Е}╛C⌡÷'/          ═H  _х  A▀                       Ш З Ъ Ы П Ч Ъ Нdл╙▒ `| |╘  D*═H;F²Е}╛C⌡÷'/          ═H  _х  A▀                       Ш З Ъ Ы П Ч Ъ Нdл╙▒ `| |╘  D*═H;F²Е}╛C⌡÷'/          ═H  _х  A▀                       Ш З Ъ Ы П Ч Ъ Нdл╙▒ `│E|Д  Ca÷:ъ²p}n@"÷g^          ÷  _х  D                        ф К Щ Ь Е Ч Ю Ш У Ы Щ О Ъ Ш≈л╙▒ `│E|Д  Ca÷:ъ²p}n@"÷g^          ÷  _х  D                        ф К Щ Ь Е Ч Ю Ш У Ы Щ О Ъ Ш≈л╙▒ `│E|Д  Ca÷:ъ²p}n@"÷g^          ÷  _х  D                        ф К Щ Ь Е Ч Ю Ш У Ы Щ О Ъ Ш≈л╙▒ `│E|Д  Ca÷:ъ²p}n@"÷g^          ÷  _х  D                        ф К Щ Ь Е Ч Ю Ш У Ы Щ О Ъ Ш≈╙╙▒ `│E|Д  Ca÷:ъ²p}n@"÷g^          ÷  _х  D                        ф К Щ Ь Е Ч Ю Ш У Ы Щ О Ъ Ш≈л╙▒ `│E|Д  Ca÷:ъ²p}n@"÷g^          ÷  _х  D                        ф К Щ Ь Е Ч Ю Ш У Ы Щ О Ъ Ш≈л╙▒ `│E|Д  Ca÷:ъ²p}n@"÷g^          ÷  _х  D                        ф К Щ Ь Е Ч Ю Ш У Ы Щ О Ъ Ш≈л╙▒ `│E|Д  Ca÷:ъ²p}n@"÷g^          ÷  _х  D                        ф К Щ Ь Е Ч Ю Ш У Ы Щ О Ъ Ш≈л╙▒ `│E|Д  Ca÷:ъ²p}n@"÷g^          ÷  _х  D                        ф К Щ Ь Е Ч Ю Ш У Ы Щ О Ъ Ш≈л╙▒ `│E|Д  Ca÷:ъ²p}n@"÷g^          ÷  _х  D                        ф К Щ Ь Е Ч Ю Ш У Ы Щ О Ъ Ш≈л╙▒ `│E|Д  Ca÷:ъ²p}n@"÷g^          ÷  _х  D                        ф К Щ Ь Е Ч Ю Ш У Ы Щ О Ъ Ш≈л╙▒ `│E|Д  Ca÷:ъ²p}n@"÷g^          ÷  _х  D                        ф К Щ Ь Е Ч Ю Ш У Ы Щ О Ъ Ш≈л╙▒ `│E|Д  Ca÷:ъ²p}n@"÷g^          ÷  _х  D                        ф К Щ Ь Е Ч Ю Ш У Ы Щ О Ъ Ш≈л╙▒ `│E|Д  Ca÷:ъ²p}n@"÷g^          ÷  _х  D                        ф К Щ Ь Е Ч Ю Ш У Ы Щ О Ъ Ш≈л╙▒ `│E|Д  Ca÷:ъ²p}n@"÷g^          ÷  _х  D                        ф К Щ Ь Е Ч Ю Ш У Ы Щ О Ъ Ш≈л╙▒ `│E|Д  Ca÷:ъ²p}n@"÷g^          ÷  _х  D                        ф К Щ Ь Е Ч Ю Ш У Ы Щ О Ъ Ш≈л╙▒ `│E|Д  Ca÷:ъ²p}n@"÷g^          ÷  _х  D                        ф К Щ Ь Е Ч Ю Ш У Ы Щ О Ъ Ш≈л╙▒ `│E|Д  Ca÷:ъ²p}n@"÷g^          ÷  _х  D                        ф К Щ Ь Е Ч Ю Ш У Ы Щ О Ъ Ш≈л╙▒ `│E|Д  Ca÷:ъ²p}n@"÷g^          ÷  _х  D                        ф К Щ Ь Е Ч Ю Ш У Ы Щ О Ъ Ш≈л╙▒ `│E|Д  Ca÷:ъ²p}n@"÷g^          ÷  _х  D                        ф К Щ Ь Е Ч Ю Ш У Ы Щ О Ъ Ш≈л╙▒ `│E|Д  Ca÷:ъ²p}n@"÷g^          ÷  _х  D                        ф К Щ Ь Е Ч Ю Ш У Ы Щ О Ъ Ш≈л╙▒ `│E|Д  Ca÷:ъ²p}n@"÷g^          ÷  _х  D                        ф К Щ Ь Е Ч Ю Ш У Ы Щ О Ъ Ш≈л╙▒ `│E|Д  Ca÷:ъ²p}n@"÷g^          ÷  _х  D                        ф К Щ Ь Е Ч Ю Ш У Ы Щ О Ъ Ш≈л╙▒ `│E|Д  Ca÷:ъ²p}n@"÷g^          ÷  _х  D                        ф К Щ Ь Е Ч Ю Ш У Ы Щ О Ъ Ш≈л╙▒ `│E|Д  Ca÷:ъ²p}n@"÷g^          ÷  _х  D                        ф К Щ Ь Е Ч Ю Ш У Ы Щ О Ъ Ш≈л╙▒ `│E|Д  Ca÷:ъ²p}n@"÷g^          ÷  _х  D                        ф К Щ Ь Е Ч Ю Ш У Ы Щ О Ъ Ш≈л╙▒ `│E|Д  Ca÷:ъ²p}n@"÷g^          ÷  _х  D                        ф К Щ Ь Е Ч Ю Ш У Ы Щ О Ъ Ш≈л╙▒ `│E|Д  Ca÷:ъ²p}n@"÷g^          ÷  _х  D                        ф К Щ Ь Е Ч Ю Ш У Ы Щ О Ъ Ш≈л╙▒ `│E|Д  Ca÷:ъ²p}n@"÷g^          ÷  _х  D                        ф К Щ Ь Е Ч Ю Ш У Ы Щ О Ъ Ш≈л╙▒ `│E|Д  Ca÷:ъ²p}n@"÷g^          ÷  _х  D                        ф К Щ Ь Е Ч Ю Ш У Ы Щ О Ъ Ш≈л╙▒ `│E|Д  Ca÷:ъ²p}n@"÷g^          ÷  _х  D                        ф К Щ Ь Е Ч Ю Ш У Ы Щ О Ъ Ш≈л╙▒ `│E|Д  Ca÷:ъ²p}n@"÷g^          ÷  _х  D                        ф К Щ Ь Е Ч Ю Ш У Ы Щ О Ъ Ш≈л╙▒ `│E|Д  Ca÷:ъ²p}n@"÷g^          ÷  _х  D                        ф К Щ Ь Е Ч Ю Ш У Ы Щ О Ъ Ш≈л╙▒ `│E|Д  Ca÷:ъ²p}n@"÷g^          ÷  _х  D                        ф К Щ Ь Е Ч Ю Ш У Ы Щ О Ъ Ш≈л╙▒ `│E|Д  Ca÷:ъ²p}n@"÷g^          ÷  _х  D                        ф К Щ Ь Е Ч Ю Ш У Ы Щ О Ъ Ш≈л╙▒ `│E|Д  Ca÷:ъ²p}n@"÷g^          ÷  _х  D                        ф К Щ Ь Е Ч Ю Ш У Ы Щ О Ъ Ш≈л╙▒ `│E|Д  Ca÷:ъ²p}n@"÷g^          ÷  _х  D                        ф К Щ Ь Е Ч Ю Ш У Ы Щ О Ъ Ш≈л╙▒ `│E|Д  Ca÷:ъ²p}n@"÷g^          ÷  _х  D                        ф К Щ Ь Е Ч Ю Ш У Ы Щ О Ъ Ш≈л╙▒ `│E|Д  Ca÷:ъ²p}n@"÷g^          ÷  _х  D                        ф К Щ Ь Е Ч Ю Ш У Ы Щ О Ъ Ш≈л╙▒ `│E|Д  Ca÷:ъ²p}n@"÷g^          ÷  _х  D                        ф К Щ Ь Е Ч Ю Ш У Ы Щ О Ъ Ш≈л╙▒ `│E|Д  Ca÷:ъ²p}n@"÷g^          ÷  _х  D                        ф К Щ Ь Е Ч Ю Ш У Ы Щ О Ъ Ш≈л╙▒ `│E|Д  Ca÷:ъ²p}n@"÷g^          ÷  _х  D                        ф К Щ Ь Е Ч Ю Ш У Ы Щ О Ъ Ш≈л╙▒ `│E|Д  Ca÷:ъ²p}n@"÷g^          ÷  _х  D                        ф К Щ Ь Е Ч Ю Ш У Ы Щ О Ъ Ш≈л╙▒ `│E|Д  Ca÷:ъ²p}n@"÷g^          ÷  _х  D                        ф К Щ Ь Е Ч Ю Ш У Ы Щ О Ъ Ш≈л╙▒ `│E|Д  Ca÷:ъ²p}n@"÷g^          ÷  _х  D                        ф К Щ Ь Е Ч Ю Ш У Ы Щ О Ъ Ш≈л╙▒ `│E|Д  Ca÷:ъ²p}n@"÷g^          ÷  _х  D                        ф К Щ Ь Е Ч Ю Ш У Ы Щ О Ъ Ш≈л╙▒ `│E|Д  Ca÷:ъ²p}n@"÷g^          ÷  _х  D                        ф К Щ Ь Е Ч Ю Ш У Ы Щ О Ъ Ш≈л╙▒ `│E|Д  Ca÷:ъ²p}n@"÷g^          ÷  _х  D                        ф К Щ Ь Е Ч Ю Ш У Ы Щ О Ъ Ш≈л╙▒ `│E|Д  Ca÷:ъ²p}n@"÷g^          ÷  _х  D                        ф К Щ Ь Е Ч Ю Ш У Ы Щ О Ъ Ш≈л╙▒ `│E|Д  Ca÷:ъ²p}n@"÷g^          ÷  _х  D                        ф К Щ Ь Е Ч Ю Ш У Ы Щ О Ъ Ш≈л╙▒ `||Ъ  C~⌡├;:²╚}ЭC~÷gы          ⌡├  _х  A{                       в Ч э У Ч Ш С Ъ Пжл╙▒ `||Ъ  C~⌡├;:²╚}ЭC~÷gы          ⌡├  _х  A{                       в Ч э У Ч Ш С Ъ Пжл╙▒ `||Ъ  C~⌡├;:²╚}ЭC~÷gы          ⌡├  _х  A{                       в Ч э У Ч Ш С Ъ Пжл╙▒ `||Ъ  C~⌡├;:²╚}ЭC~÷gы          ⌡├  _х  A{                       в Ч э У Ч Ш С Ъ Пжл╙▒ `||Ъ  C~⌡├;:²╚}ЭC~÷gы          ⌡├  _х  A{                       в Ч э У Ч Ш С Ъ Пжл╙▒ `||Ъ  C~⌡├;:²╚}ЭC~÷gы          ⌡├  _х  A{                       в Ч э У Ч Ш С Ъ Пжл╙▒ `||Ъ  C~⌡├;:²╚}ЭC~÷gы          ⌡├  _х  A{                       в Ч э У Ч Ш С Ъ Пжл╙▒ `||Ъ  C~⌡├;:²╚}ЭC~÷gы          ⌡├  _х  A{                       в Ч э У Ч Ш С Ъ Пжл╙▒ `||Ъ  C~⌡├;:²╚}ЭC~÷gы          ⌡├  _х  A{                       в Ч э У Ч Ш С Ъ Пжл╙▒ `||Ъ  C~⌡├;:²╚}ЭC~÷gы          ⌡├  _х  A{                       в Ч э У Ч Ш С Ъ Пжл╙▒ `||Ъ  C~⌡├;:²╚}ЭC~÷gы          ⌡├  _х  A{                       в Ч э У Ч Ш С Ъ Пжл╙▒ `||Ъ  C~⌡├;:²╚}ЭC~÷gы          ⌡├  _х  A{                       в Ч э У Ч Ш С Ъ Пжл╙▒ `||Ъ  C~⌡├;:²╚}ЭC~÷gы          ⌡├  _х  A{                       в Ч э У Ч Ш С Ъ Пжл╙▒ `||Ъ  C~⌡├;:²╚}ЭC~÷gы          ⌡├  _х  A{                       в Ч э У Ч Ш С Ъ Пжл╙▒ `||Ъ  C~⌡├;:²╚}ЭC~÷gы          ⌡├  _х  A{                       в Ч э У Ч Ш С Ъ Пжл╙▒ `||Ъ  C~⌡├;:²╚}ЭC~÷gы          ⌡├  _х  A{                       в Ч э У Ч Ш С Ъ Пжл╙▒ `||Ъ  C~⌡├;:²╚}ЭC~÷gы          ⌡├  _х  A{                       в Ч э У Ч Ш С Ъ Пжл╙▒ `||Ъ  C~⌡├;:²╚}ЭC~÷gы          ⌡├  _х  A{                       в Ч э У Ч Ш С Ъ Пжл╙▒ `||Ъ  C~⌡├;:²╚}ЭC~÷gы          ⌡├  _х  A{                       в Ч э У Ч Ш С Ъ Пжл╙▒ `||Ъ  C~⌡├;:²╚}ЭC~÷gы          ⌡├  _х  A{                       в Ч э У Ч Ш С Ъ Пжл╙▒ `||Ъ  C~⌡├;:²╚}ЭC~÷gы          ⌡├  _х  A{                       в Ч э У Ч Ш С Ъ Пж╙╙▒ `||Ъ  C~⌡├;:²╚}ЭC~÷gы          ⌡├  _х  A{                       в Ч э У Ч Ш С Ъ Пжл╙▒ `||Ъ  C~⌡├;:²╚}ЭC~÷gы          ⌡├  _х  A{                       в Ч э У Ч Ш С Ъ Пжл╙▒ `||Ъ  C~⌡├;:²╚}ЭC~÷gы          ⌡├  _х  A{                       в Ч э У Ч Ш С Ъ Пжл╙▒ `||Ъ  C~⌡├;:²╚}ЭC~÷gы          ⌡├  _х  A{                       в Ч э У Ч Ш С Ъ Пжл╙▒ `||Ъ  C~⌡├;:²╚}ЭC~÷gы          ⌡├  _х  A{                       в Ч э У Ч Ш С Ъ Пжл╙▒ `||Ъ  C~⌡├;:²╚}ЭC~÷gы          ⌡├  _х  A{                       в Ч э У Ч Ш С Ъ Пжл╙▒ `||Ъ  C~⌡├;:²╚}ЭC~÷gы          ⌡├  _х  A{                       в Ч э У Ч Ш С Ъ Пжл╙▒ `||Ъ  C~⌡├;:²╚}ЭC~÷gы          ⌡├  _х  A{                       в Ч э У Ч Ш С Ъ Пжл╙▒ `||Ъ  C~⌡├;:²╚}ЭC~÷gы          ⌡├  _х  A{                       в Ч э У Ч Ш С Ъ Пжл╙▒ `||Ъ  C~⌡├;:²╚}ЭC~÷gы          ⌡├  _х  A{                       в Ч э У Ч Ш С Ъ Пжл╙▒ `||Ъ  C~⌡├;:²╚}ЭC~÷gы          ⌡├  _х  A{                       в Ч э У Ч Ш С Ъ Пжл╙▒ `||Ъ  C~⌡├;:²╚}ЭC~÷gы          ⌡├  _х  A{                       в Ч э У Ч Ш С Ъ Пжл╙▒ `||Ъ  C~⌡├;:²╚}ЭC~÷gы          ⌡├  _х  A{                       в Ч э У Ч Ш С Ъ Пжл╙▒ `||Ъ  C~⌡├;:²╚}ЭC~÷gы          ⌡├  _х  A{                       в Ч э У Ч Ш С Ъ Пжл╙▒ `||Ъ  C~⌡├;:²╚}ЭC~÷gы          ⌡├  _х  A{                       в Ч э У Ч Ш С Ъ Пжл╙▒ `||Ъ  C~⌡├;:²╚}ЭC~÷gы          ⌡├  _х  A{                       в Ч э У Ч Ш С Ъ Пжл╙▒ `||Ъ  C~⌡├;:²╚}ЭC~÷gы          ⌡├  _х  A{                       в Ч э У Ч Ш С Ъ Пжл╙▒ `||Ъ  C~⌡├;:²╚}ЭC~÷gы          ⌡├  _х  A{                       в Ч э У Ч Ш С Ъ Пжл╙▒ `||Ъ  C~⌡├;:²╚}ЭC~÷gы          ⌡├  _х  A{                       в Ч э У Ч Ш С Ъ Пжл╙▒ `||Ъ  C~⌡├;:²╚}ЭC~÷gы          ⌡├  _х  A{                       в Ч э У Ч Ш С Ъ Пж╙╙▒ `||Ъ  C~⌡├;:²╚}ЭC~÷gы          ⌡├  _х  A{                       в Ч э У Ч Ш С Ъ Пжл╙▒ `||Ъ  C~⌡├;:²╚}ЭC~÷gы          ⌡├  _х  A{                       в Ч э У Ч Ш С Ъ Пжл╙▒ `||Ъ  C~⌡├;:²╚}ЭC~÷gы          ⌡├  _х  A{                       в Ч э У Ч Ш С Ъ Пжл╙▒ `||Ъ  C~⌡├;:²╚}ЭC~÷gы          ⌡├  _х  A{                       в Ч э У Ч Ш С Ъ Пжл╙▒ `||Ъ  C~⌡├;:²╚}ЭC~÷gы          ⌡├  _х  A{                       в Ч э У Ч Ш С Ъ Пжл╙▒ `||Ъ  C~⌡├;:²╚}ЭC~÷gы          ⌡├  _х  A{                       в Ч э У Ч Ш С Ъ Пжл╙▒ `||Ъ  C~⌡├;:²╚}ЭC~÷gы          ⌡├  _х  A{                       в Ч э У Ч Ш С Ъ Пжл╙▒ `||Ъ  C~⌡├;:²╚}ЭC~÷gы          ⌡├  _х  A{                       в Ч э У Ч Ш С Ъ Пж╙╙▒ `{ч|n  DС║(;N·Ё}D╧═хK          ║(  _х  A(                      		 С З У
л╙▒ `{ч|n  DС║(;N·Ё}D╧═хK          ║(  _х  A(                      		 С З У
л╙▒ `{ч|n  DС║(;N·Ё}D╧═хK          ║(  _х  A(                      		 С З У
л╙▒ `{ч|n  DС║(;N·Ё}D╧═хK          ║(  _х  A(                      		 С З У
л╙▒ `{ч|n  DС║(;N·Ё}D╧═хK          ║(  _х  A(                      		 С З У
л╙▒ `{ч|n  DС║(;N·Ё}D╧═хK          ║(  _х  A(                      		 С З У
л╙▒ `{ч|n  DС║(;N·Ё}D╧═хK          ║(  _х  A(                      		 С З У
л╙▒ `{ч|n  DС║(;N·Ё}D╧═хK          ║(  _х  A(                      		 С З У
л╙▒ `{ч|n  DС║(;N·Ё}D╧═хK          ║(  _х  A(                      		 С З У
л╙▒ `{ч|n  DС║(;N·Ё}D╧═хK          ║(  _х  A(                      		 С З У
л╙▒ `{ч|n  DС║(;N·Ё}D╧═хK          ║(  _х  A(                      		 С З У
л╙▒ `{ч|n  DС║(;N·Ё}D╧═хK          ║(  _х  A(                      		 С З У
л╙▒ `{ч|n  DС║(;N·Ё}D╧═хK          ║(  _х  A(                      		 С З У
л╙▒ `{ч|n  DС║(;N·Ё}D╧═хK          ║(  _х  A(                      		 С З У
л╙▒ `{ч|n  DС║(;N·Ё}D╧═хK          ║(  _х  A(                      		 С З У
л╙▒ `{ч|n  DС║(;N·Ё}D╧═хK          ║(  _х  A(                      		 С З У
л╙▒ `{ч|n  DС║(;N·Ё}D╧═хK          ║(  _х  A(                      		 С З У
л╙▒ `{ч|n  DС║(;N·Ё}D╧═хK          ║(  _х  A(                      		 С З У
л╙▒ `{ч|n  DС║(;N·Ё}D╧═хK          ║(  _х  A(                      		 С З У
л╙▒ `{ч|n  DС║(;N·Ё}D╧═хK          ║(  _х  A(                      		 С З У
л╙▒ `{ч|n  DС║(;N·Ё}D╧═хK          ║(  _х  A(                      		 С З У
л╙▒ `{ч|n  DС║(;N·Ё}D╧═хK          ║(  _х  A(                      		 С З У
л╙▒ `{ч|n  DС║(;N·Ё}D╧═хK          ║(  _х  A(                      		 С З У
л╙▒ `{ч|n  DС║(;N·Ё}D╧═хK          ║(  _х  A(                      		 С З У
л╙▒ `{ч|n  DС║(;N·Ё}D╧═хK          ║(  _х  A(                      		 С З У
л╙▒ `{ч|n  DС║(;N·Ё}D╧═хK          ║(  _х  A(                      		 С З У
л╙▒ `{ч|n  DС║(;N·Ё}D╧═хK          ║(  _х  A(                      		 С З У
л╙▒ `{ч|n  DС║(;N·Ё}D╧═хK          ║(  _х  A(                      		 С З У
л╙▒ `{ч|n  DС║(;N·Ё}D╧═хK          ║(  _х  A(                      		 С З У
л╙▒ `{ч|n  DС║(;N·Ё}D╧═хK          ║(  _х  A(                      		 С З У
л╙▒ `{ч|n  DС║(;N·Ё}D╧═хK          ║(  _х  A(                      		 С З У
л╙▒ `{ч|n  DС║(;N·Ё}D╧═хK          ║(  _х  A(                      		 С З У
л╙▒ `{ч|n  DС║(;N·Ё}D╧═хK          ║(  _х  A(                      		 С З У
л╙▒ `{ч|n  DС║(;N·Ё}D╧═хK          ║(  _х  A(                      		 С З У
л╙▒ `{ч|n  DС║(;N·Ё}D╧═хK          ║(  _х  A(                      		 С З У
л╙▒ `{ч|n  DС║(;N·Ё}D╧═хK          ║(  _х  A(                      		 С З У
л╙▒ `{ч|n  DС║(;N·Ё}D╧═хK          ║(  _х  A(                      		 С З У
л╙▒ `{ч|n  DС║(;N·Ё}D╧═хK          ║(  _х  A(                      		 С З У
л╙▒ `{ч|n  DС║(;N·Ё}D╧═хK          ║(  _х  A(                      		 С З У
л╙▒ `{ч|n  DС║(;N·Ё}D╧═хK          ║(  _х  A(                      		 С З У
л╙▒ `{ч|n  DС║(;N·Ё}D╧═хK          ║(  _х  A(                      		 С З У
л╙▒ `{ч|n  DС║(;N·Ё}D╧═хK          ║(  _х  A(                      		 С З У
л╙▒ `{ч|n  DС║(;N·Ё}D╧═хK          ║(  _х  A(                      		 С З У
л╙▒ `{ч|n  DС║(;N·Ё}D╧═хK          ║(  _х  A(                      		 С З У
л╙▒ `{ч|n  DС║(;N·Ё}D╧═хK          ║(  _х  A(                      		 С З У
л╙▒ `{ч|n  DС║(;N·Ё}D╧═хK          ║(  _х  A(                      		 С З У
л╙▒ `{ч|n  DС║(;N·Ё}D╧═хK          ║(  _х  A(                      		 С З У
л╙▒ `{ч|n  DС║(;N·Ё}D╧═хK          ║(  _х  A(                      		 С З У
л╙▒ `{ч|n  DС║(;N·Ё}D╧═хK          ║(  _х  A(                      		 С З У
л╙▒ `⌠|╘  D─║х;÷(|фCЯ═Hн          ║х  _х  C                       щ З	 	Ел╙▒ `⌠|╘  D─║х;÷(|фCЯ═Hн          ║х  _х  C                       щ З	 	Ел╙▒ `⌠|╘  D─║х;÷(|фCЯ═Hн          ║х  _х  C                       щ З	 	Ел╙▒ `⌠|╘  D─║х;÷(|фCЯ═Hн          ║х  _х  C                       щ З	 	Ел╙▒ `⌠|╘  D─║х;÷(|фCЯ═Hн          ║х  _х  C                       щ З	 	Ел╙▒ `⌠|╘  D─║х;÷(|фCЯ═Hн          ║х  _х  C                       щ З	 	Ел╙▒ `⌠|╘  D─║х;÷(|фCЯ═Hн          ║х  _х  C                       щ З	 	Ел╙▒ `⌠|╘  D─║х;÷(|фCЯ═Hн          ║х  _х  C                       щ З	 	Ел╙▒ `⌠|╘  D─║х;÷(|фCЯ═Hн          ║х  _х  C                       щ З	 	Ел╙▒ `⌠|╘  D─║х;÷(|фCЯ═Hн          ║х  _х  C                       щ З	 	Ел╙▒ `⌠|╘  D─║х;÷(|фCЯ═Hн          ║х  _х  C                       щ З	 	Ел╙▒ `⌠|╘  D─║х;÷(|фCЯ═Hн          ║х  _х  C                       щ З	 	Ел╙▒ `⌠|╘  D─║х;÷(|фCЯ═Hн          ║х  _х  C                       щ З	 	Ел╙▒ `⌠|╘  D─║х;÷(|фCЯ═Hн          ║х  _х  C                       щ З	 	Ел╙▒ `⌠|╘  D─║х;÷(|фCЯ═Hн          ║х  _х  C                       щ З	 	Ел╙▒ `⌠|╘  D─║х;÷(|фCЯ═Hн          ║х  _х  C                       щ З	 	Ел╙▒ `⌠|╘  D─║х;÷(|фCЯ═Hн          ║х  _х  C                       щ З	 	Ел╙▒ `⌠|╘  D─║х;÷(|фCЯ═Hн          ║х  _х  C                       щ З	 	Ел╙▒ `⌠|╘  D─║х;÷(|фCЯ═Hн          ║х  _х  C                       щ З	 	Ел╙▒ `⌠|╘  D─║х;÷(|фCЯ═Hн          ║х  _х  C                       щ З	 	Ел╙▒ `⌠|╘  D─║х;÷(|фCЯ═Hн          ║х  _х  C                       щ З	 	Ел╙▒ `⌠|╘  D─║х;÷(|фCЯ═Hн          ║х  _х  C                       щ З	 	Ел╙▒ `⌠|╘  D─║х;÷(|фCЯ═Hн          ║х  _х  C                       щ З	 	Ел╙▒ `⌠|╘  D─║х;÷(|фCЯ═Hн          ║х  _х  C                       щ З	 	Ел╙▒ `⌠|╘  D─║х;÷(|фCЯ═Hн          ║х  _х  C                       щ З	 	Ел╙▒ `⌠|╘  D─║х;÷(|фCЯ═Hн          ║х  _х  C                       щ З	 	Ел╙▒ `⌠|╘  D─║х;÷(|фCЯ═Hн          ║х  _х  C                       щ З	 	Ел╙▒ `⌠|╘  D─║х;÷(|фCЯ═Hн          ║х  _х  C                       щ З	 	Ел╙▒ `⌠|╘  D─║х;÷(|фCЯ═Hн          ║х  _х  C                       щ З	 	Ел╙▒ `⌠|╘  D─║х;÷(|фCЯ═Hн          ║х  _х  C                       щ З	 	Ел╙▒ `⌠|╘  D─║х;÷(|фCЯ═Hн          ║х  _х  C                       щ З	 	Ел╙▒ `⌠|╘  D─║х;÷(|фCЯ═Hн          ║х  _х  C                       щ З	 	Ел╙▒ `⌠|╘  D─║х;÷(|фCЯ═Hн          ║х  _х  C                       щ З	 	Ел╙▒ `⌠|╘  D─║х;÷(|фCЯ═Hн          ║х  _х  C                       щ З	 	Ел╙▒ `⌠|╘  D─║х;÷(|фCЯ═Hн          ║х  _х  C                       щ З	 	Ел╙▒ `⌠|╘  D─║х;÷(|фCЯ═Hн          ║х  _х  C                       щ З	 	Ел╙▒ `⌠|╘  D─║х;÷(|фCЯ═Hн          ║х  _х  C                       щ З	 	Ел╙▒ `⌠|╘  D─║х;÷(|фCЯ═Hн          ║х  _х  C                       щ З	 	Ел╙▒ `⌠|╘  D─║х;÷(|фCЯ═Hн          ║х  _х  C                       щ З	 	Ел╙▒ `⌠|╘  D─║х;÷(|фCЯ═Hн          ║х  _х  C                       щ З	 	Ел╙▒ `⌠|╘  D─║х;÷(|фCЯ═Hн          ║х  _х  C                       щ З	 	Ел╙▒ `⌠|╘  D─║х;÷(|фCЯ═Hн          ║х  _х  C                       щ З	 	Ел╙▒ `⌠|╘  D─║х;÷(|фCЯ═Hн          ║х  _х  C                       щ З	 	Ел╙▒ `⌠|╘  D─║х;÷(|фCЯ═Hн          ║х  _х  C                       щ З	 	Ел╙▒ `⌠|╘  D─║х;÷(|фCЯ═Hн          ║х  _х  C                       щ З	 	Ел╙▒ `⌠|╘  D─║х;÷(|фCЯ═Hн          ║х  _х  C                       щ З	 	Ел╙▒ `⌠|╘  D─║х;÷(|фCЯ═Hн          ║х  _х  C                       щ З	 	Ел╙▒ `⌠|╘  D─║х;÷(|фCЯ═Hн          ║х  _х  C                       щ З	 	Ел╙▒ `⌠|╘  D─║х;÷(|фCЯ═Hн          ║х  _х  C                       щ З	 	Ел╙▒ `┌'}  ?╩3·г:Е≤═~^Az²Г
          ·г  _х  Dw                       ╩D Т щ в Ж Г О Л О Л Х Н Й ч Кщ╙╙▒ `┌'}  ?╩3·г:Е≤═~^Az²Г
          ·г  _х  Dw                       ╩D Т щ в Ж Г О Л О Л Х Н Й ч Кщл╙▒ `┌'}  ?╩3·г:Е≤═~^Az²Г
          ·г  _х  Dw                       ╩D Т щ в Ж Г О Л О Л Х Н Й ч Кщл╙▒ `┌'}  ?╩3·г:Е≤═~^Az²Г
          ·г  _х  Dw                       ╩D Т щ в Ж Г О Л О Л Х Н Й ч Кщ╙╙▒ `┌'}  ?╩3·г:Е≤═~^Az²Г
          ·г  _х  Dw                       ╩D Т щ в Ж Г О Л О Л Х Н Й ч Кщл╙▒ `┌'}  ?╩3·г:Е≤═~^Az²Г
          ·г  _х  Dw                       ╩D Т щ в Ж Г О Л О Л Х Н Й ч Кщл╙▒ `┌'}  ?╩3·г:Е≤═~^Az²Г
          ·г  _х  Dw                       ╩D Т щ в Ж Г О Л О Л Х Н Й ч Кщ╙╙▒ `┌'}  ?╩3·г:Е≤═~^Az²Г
          ·г  _х  Dw                       ╩D Т щ в Ж Г О Л О Л Х Н Й ч Кщл╙▒ `┌'}  ?╩3·г:Е≤═~^Az²Г
          ·г  _х  Dw                       ╩D Т щ в Ж Г О Л О Л Х Н Й ч Кщл╙▒ `┌'}  ?╩3·г:Е≤═~^Az²Г
          ·г  _х  Dw                       ╩D Т щ в Ж Г О Л О Л Х Н Й ч Кщ╙╙▒ `┌'}  ?╩3·г:Е≤═~^Az²Г
          ·г  _х  Dw                       ╩D Т щ в Ж Г О Л О Л Х Н Й ч Кщл╙▒ `┌'}  ?╩3·г:Е≤═~^Az²Г
          ·г  _х  Dw                       ╩D Т щ в Ж Г О Л О Л Х Н Й ч Кщл╙▒ `┌'}  ?╩3·г:Е≤═~^Az²Г
          ·г  _х  Dw                       ╩D Т щ в Ж Г О Л О Л Х Н Й ч Кщ╙╙▒ `┌'}  ?╩3·г:Е≤═~^Az²Г
          ·г  _х  Dw                       ╩D Т щ в Ж Г О Л О Л Х Н Й ч Кщл╙▒ `┌'}  ?╩3·г:Е≤═~^Az²Г
          ·г  _х  Dw                       ╩D Т щ в Ж Г О Л О Л Х Н Й ч Кщл╙▒ `┌'}  ?╩3·г:Е≤═~^Az²Г
          ·г  _х  Dw                       ╩D Т щ в Ж Г О Л О Л Х Н Й ч Кщ╙╙▒ `┌'}  ?╩3·г:Е≤═~^Az²Г
          ·г  _х  Dw                       ╩D Т щ в Ж Г О Л О Л Х Н Й ч Кщл╙▒ `┌'}  ?╩3·г:Е≤═~^Az²Г
          ·г  _х  Dw                       ╩D Т щ в Ж Г О Л О Л Х Н Й ч Кщл╙▒ `┌'}  ?╩3·г:Е≤═~^Az²Г
          ·г  _х  Dw                       ╩D Т щ в Ж Г О Л О Л Х Н Й ч Кщ╙╙▒ `┌'}  ?╩3·г:Е≤═~^Az²Г
          ·г  _х  Dw                       ╩D Т щ в Ж Г О Л О Л Х Н Й ч Кщл╙▒ `┌'}  ?╩3·г:Е≤═~^Az²Г
          ·г  _х  Dw                       ╩D Т щ в Ж Г О Л О Л Х Н Й ч Кщл╙▒ `┌'}  ?╩3·г:Е≤═~^Az²Г
          ·г  _х  Dw                       ╩D Т щ в Ж Г О Л О Л Х Н Й ч Кщ╙╙▒ `┌'}  ?╩3·г:Е≤═~^Az²Г
          ·г  _х  Dw                       ╩D Т щ в Ж Г О Л О Л Х Н Й ч Кщл╙▒ `┌'}  ?╩3·г:Е≤═~^Az²Г
          ·г  _х  Dw                       ╩D Т щ в Ж Г О Л О Л Х Н Й ч Кщл╙▒ `┌'}  ?╩3·г:Е≤═~^Az²Г
          ·г  _х  Dw                       ╩D Т щ в Ж Г О Л О Л Х Н Й ч Кщ╙╙▒ `┌'}  ?╩3·г:Е≤═~^Az²Г
          ·г  _х  Dw                       ╩D Т щ в Ж Г О Л О Л Х Н Й ч Кщл╙▒ `┌'}  ?╩3·г:Е≤═~^Az²Г
          ·г  _х  Dw                       ╩D Т щ в Ж Г О Л О Л Х Н Й ч Кщл╙▒ `┌'}  ?╩3·г:Е≤═~^Az²Г
          ·г  _х  Dw                       ╩D Т щ в Ж Г О Л О Л Х Н Й ч Кщ╙╙▒ `┌'}  ?╩3·г:Е≤═~^Az²Г
          ·г  _х  Dw                       ╩D Т щ в Ж Г О Л О Л Х Н Й ч Кщл╙▒ `┌'}  ?╩3·г:Е≤═~^Az²Г
          ·г  _х  Dw                       ╩D Т щ в Ж Г О Л О Л Х Н Й ч Кщл╙▒ `┌'}  ?╩3·г:Е≤═~^Az²Г
          ·г  _х  Dw                       ╩D Т щ в Ж Г О Л О Л Х Н Й ч Кщ╙╙▒ `┌'}  ?╩3·г:Е≤═~^Az²Г
          ·г  _х  Dw                       ╩D Т щ в Ж Г О Л О Л Х Н Й ч Кщл╙▒ `┌'}  ?╩3·г:Е≤═~^Az²Г
          ·г  _х  Dw                       ╩D Т щ в Ж Г О Л О Л Х Н Й ч Кщл╙▒ `┌'}  ?╩3·г:Е≤═~^Az²Г
          ·г  _х  Dw                       ╩D Т щ в Ж Г О Л О Л Х Н Й ч Кщ╙╙▒ `┌'}  ?╩3·г:Е≤═~^Az²Г
          ·г  _х  Dw                       ╩D Т щ в Ж Г О Л О Л Х Н Й ч Кщл╙▒ `┌'}  ?╩3·г:Е≤═~^Az²Г
          ·г  _х  Dw                       ╩D Т щ в Ж Г О Л О Л Х Н Й ч Кщл╙▒ `┌'}  ?╩3·г:Е≤═~^Az²Г
          ·г  _х  Dw                       ╩D Т щ в Ж Г О Л О Л Х Н Й ч Кщ╙╙▒ `┌'}  ?╩3·г:Е≤═~^Az²Г
          ·г  _х  Dw                       ╩D Т щ в Ж Г О Л О Л Х Н Й ч Кщл╙▒ `┌'}  ?╩3·г:Е≤═~^Az²Г
          ·г  _х  Dw                       ╩D Т щ в Ж Г О Л О Л Х Н Й ч Кщл╙▒ `┌'}  ?╩3·г:Е≤═~^Az²Г
          ·г  _х  Dw                       ╩D Т щ в Ж Г О Л О Л Х Н Й ч Кщ╙╙▒ `┌'}  ?╩3·г:Е≤═~^Az²Г
          ·г  _х  Dw                       ╩D Т щ в Ж Г О Л О Л Х Н Й ч Кщл╙▒ `┌'}  ?╩3·г:Е≤═~^Az²Г
          ·г  _х  Dw                       ╩D Т щ в Ж Г О Л О Л Х Н Й ч Кщл╙▒ `┌'}  ?╩3·г:Е≤═~^Az²Г
          ·г  _х  Dw                       ╩D Т щ в Ж Г О Л О Л Х Н Й ч Кщ╙╙▒ `┌'}  ?╩3·г:Е≤═~^Az²Г
          ·г  _х  Dw                       ╩D Т щ в Ж Г О Л О Л Х Н Й ч Кщл╙▒ `┌'}  ?╩3·г:Е≤═~^Az²Г
          ·г  _х  Dw                       ╩D Т щ в Ж Г О Л О Л Х Н Й ч Кщл╙▒ `┌'}  ?╩3·г:Е≤═~^Az²Г
          ·г  _х  Dw                       ╩D Т щ в Ж Г О Л О Л Х Н Й ч Кщ╙╙▒ `┌'}  ?╩3·г:Е≤═~^Az²Г
          ·г  _х  Dw                       ╩D Т щ в Ж Г О Л О Л Х Н Й ч Кщл╙▒ `┌'}  ?╩3·г:Е≤═~^Az²Г
          ·г  _х  Dw                       ╩D Т щ в Ж Г О Л О Л Х Н Й ч Кщл╙▒ `┌'}  ?╩3·г:Е≤═~^Az²Г
          ·г  _х  Dw                       ╩D Т щ в Ж Г О Л О Л Х Н Й ч Кщл╙▒ `}?]  A≈÷g; К~Д@∙⌡├ч          ÷g  _х  AБ                       Ю Ж М К Ш В Г Д э Г Е т К Ф ж\л╙▒ `}?]  A≈÷g; К~Д@∙⌡├ч          ÷g  _х  AБ                       Ю Ж М К Ш В Г Д э Г Е т К Ф ж\л╙▒ `}?]  A≈÷g; К~Д@∙⌡├ч          ÷g  _х  AБ                       Ю Ж М К Ш В Г Д э Г Е т К Ф ж\л╙▒ `}?]  A≈÷g; К~Д@∙⌡├ч          ÷g  _х  AБ                       Ю Ж М К Ш В Г Д э Г Е т К Ф ж\л╙▒ `}?]  A≈÷g; К~Д@∙⌡├ч          ÷g  _х  AБ                       Ю Ж М К Ш В Г Д э Г Е т К Ф ж\л╙▒ `}?]  A≈÷g; К~Д@∙⌡├ч          ÷g  _х  AБ                       Ю Ж М К Ш В Г Д э Г Е т К Ф ж\л╙▒ `}?]  A≈÷g; К~Д@∙⌡├ч          ÷g  _х  AБ                       Ю Ж М К Ш В Г Д э Г Е т К Ф ж\л╙▒ `}?]  A≈÷g; К~Д@∙⌡├ч          ÷g  _х  AБ                       Ю Ж М К Ш В Г Д э Г Е т К Ф ж\л╙▒ `}?]  A≈÷g; К~Д@∙⌡├ч          ÷g  _х  AБ                       Ю Ж М К Ш В Г Д э Г Е т К Ф ж\л╙▒ `}?]  A≈÷g; К~Д@∙⌡├ч          ÷g  _х  AБ                       Ю Ж М К Ш В Г Д э Г Е т К Ф ж\л╙▒ `}?]  A≈÷g; К~Д@∙⌡├ч          ÷g  _х  AБ                       Ю Ж М К Ш В Г Д э Г Е т К Ф ж\л╙▒ `}?]  A≈÷g; К~Д@∙⌡├ч          ÷g  _х  AБ                       Ю Ж М К Ш В Г Д э Г Е т К Ф ж\л╙▒ `}?]  A≈÷g; К~Д@∙⌡├ч          ÷g  _х  AБ                       Ю Ж М К Ш В Г Д э Г Е т К Ф ж\л╙▒ `}?]  A≈÷g; К~Д@∙⌡├ч          ÷g  _х  AБ                       Ю Ж М К Ш В Г Д э Г Е т К Ф ж\л╙▒ `}?]  A≈÷g; К~Д@∙⌡├ч          ÷g  _х  AБ                       Ю Ж М К Ш В Г Д э Г Е т К Ф ж\л╙▒ `}?]  A≈÷g; К~Д@∙⌡├ч          ÷g  _х  AБ                       Ю Ж М К Ш В Г Д э Г Е т К Ф ж\л╙▒ `}?]  A≈÷g; К~Д@∙⌡├ч          ÷g  _х  AБ                       Ю Ж М К Ш В Г Д э Г Е т К Ф ж\л╙▒ `}?]  A≈÷g; К~Д@∙⌡├ч          ÷g  _х  AБ                       Ю Ж М К Ш В Г Д э Г Е т К Ф ж\л╙▒ `}?]  A≈÷g; К~Д@∙⌡├ч          ÷g  _х  AБ                       Ю Ж М К Ш В Г Д э Г Е т К Ф ж\л╙▒ `}?]  A≈÷g; К~Д@∙⌡├ч          ÷g  _х  AБ                       Ю Ж М К Ш В Г Д э Г Е т К Ф ж\л╙▒ `}?]  A≈÷g; К~Д@∙⌡├ч          ÷g  _х  AБ                       Ю Ж М К Ш В Г Д э Г Е т К Ф ж\л╙▒ `}?]  A≈÷g; К~Д@∙⌡├ч          ÷g  _х  AБ                       Ю Ж М К Ш В Г Д э Г Е т К Ф ж\л╙▒ `}?]  A≈÷g; К~Д@∙⌡├ч          ÷g  _х  AБ                       Ю Ж М К Ш В Г Д э Г Е т К Ф ж\л╙▒ `}?]  A≈÷g; К~Д@∙⌡├ч          ÷g  _х  AБ                       Ю Ж М К Ш В Г Д э Г Е т К Ф ж\л╙▒ `}?]  A≈÷g; К~Д@∙⌡├ч          ÷g  _х  AБ                       Ю Ж М К Ш В Г Д э Г Е т К Ф ж\л╙▒ `}?]  A≈÷g; К~Д@∙⌡├ч          ÷g  _х  AБ                       Ю Ж М К Ш В Г Д э Г Е т К Ф ж\л╙▒ `}?]  A≈÷g; К~Д@∙⌡├ч          ÷g  _х  AБ                       Ю Ж М К Ш В Г Д э Г Е т К Ф ж\л╙▒ `}?]  A≈÷g; К~Д@∙⌡├ч          ÷g  _х  AБ                       Ю Ж М К Ш В Г Д э Г Е т К Ф ж\л╙▒ `}?]  A≈÷g; К~Д@∙⌡├ч          ÷g  _х  AБ                       Ю Ж М К Ш В Г Д э Г Е т К Ф ж\л╙▒ `}?]  A≈÷g; К~Д@∙⌡├ч          ÷g  _х  AБ                       Ю Ж М К Ш В Г Д э Г Е т К Ф ж\л╙▒ `}?]  A≈÷g; К~Д@∙⌡├ч          ÷g  _х  AБ                       Ю Ж М К Ш В Г Д э Г Е т К Ф ж\л╙▒ `}?]  A≈÷g; К~Д@∙⌡├ч          ÷g  _х  AБ                       Ю Ж М К Ш В Г Д э Г Е т К Ф ж\л╙▒ `}?]  A≈÷g; К~Д@∙⌡├ч          ÷g  _х  AБ                       Ю Ж М К Ш В Г Д э Г Е т К Ф ж\л╙▒ `}?]  A≈÷g; К~Д@∙⌡├ч          ÷g  _х  AБ                       Ю Ж М К Ш В Г Д э Г Е т К Ф ж\л╙▒ `}?]  A≈÷g; К~Д@∙⌡├ч          ÷g  _х  AБ                       Ю Ж М К Ш В Г Д э Г Е т К Ф ж\л╙▒ `}?]  A≈÷g; К~Д@∙⌡├ч          ÷g  _х  AБ                       Ю Ж М К Ш В Г Д э Г Е т К Ф ж\л╙▒ `}?]  A≈÷g; К~Д@∙⌡├ч          ÷g  _х  AБ                       Ю Ж М К Ш В Г Д э Г Е т К Ф ж\л╙▒ `}?]  A≈÷g; К~Д@∙⌡├ч          ÷g  _х  AБ                       Ю Ж М К Ш В Г Д э Г Е т К Ф ж\л╙▒ `}?]  A≈÷g; К~Д@∙⌡├ч          ÷g  _х  AБ                       Ю Ж М К Ш В Г Д э Г Е т К Ф ж\л╙▒ `}?]  A≈÷g; К~Д@∙⌡├ч          ÷g  _х  AБ                       Ю Ж М К Ш В Г Д э Г Е т К Ф ж\л╙▒ `}?]  A≈÷g; К~Д@∙⌡├ч          ÷g  _х  AБ                       Ю Ж М К Ш В Г Д э Г Е т К Ф ж\л╙▒ `}?]  A≈÷g; К~Д@∙⌡├ч          ÷g  _х  AБ                       Ю Ж М К Ш В Г Д э Г Е т К Ф ж\л╙▒ `}?]  A≈÷g; К~Д@∙⌡├ч          ÷g  _х  AБ                       Ю Ж М К Ш В Г Д э Г Е т К Ф ж\л╙▒ `}?]  A≈÷g; К~Д@∙⌡├ч          ÷g  _х  AБ                       Ю Ж М К Ш В Г Д э Г Е т К Ф ж\л╙▒ `}?]  A≈÷g; К~Д@∙⌡├ч          ÷g  _х  AБ                       Ю Ж М К Ш В Г Д э Г Е т К Ф ж\л╙▒ `}?]  A≈÷g; К~Д@∙⌡├ч          ÷g  _х  AБ                       Ю Ж М К Ш В Г Д э Г Е т К Ф ж\л╙▒ `}?]  A≈÷g; К~Д@∙⌡├ч          ÷g  _х  AБ                       Ю Ж М К Ш В Г Д э Г Е т К Ф ж\л╙▒ `}?]  A≈÷g; К~Д@∙⌡├ч          ÷g  _х  AБ                       Ю Ж М К Ш В Г Д э Г Е т К Ф ж\л╙▒ `}?]  A≈÷g; К~Д@∙⌡├ч          ÷g  _х  AБ                       Ю Ж М К Ш В Г Д э Г Е т К Ф ж\л╙▒ `|B}Л  C(╒;N²█}!C·г├          ╒  _х  A]                       Ж  Ш З Ж Ы В Д Ч Ъ М	л╙▒ `|B}Л  C(╒;N²█}!C·г├          ╒  _х  A]                       Ж  Ш З Ж Ы В Д Ч Ъ М	л╙▒ `|B}Л  C(╒;N²█}!C·г├          ╒  _х  A]                       Ж  Ш З Ж Ы В Д Ч Ъ М	л╙▒ `|B}Л  C(╒;N²█}!C·г├          ╒  _х  A]                       Ж  Ш З Ж Ы В Д Ч Ъ М	л╙▒ `|B}Л  C(╒;N²█}!C·г├          ╒  _х  A]                       Ж  Ш З Ж Ы В Д Ч Ъ М	л╙▒ `|B}Л  C(╒;N²█}!C·г├          ╒  _х  A]                       Ж  Ш З Ж Ы В Д Ч Ъ М	л╙▒ `|B}Л  C(╒;N²█}!C·г├          ╒  _х  A]                       Ж  Ш З Ж Ы В Д Ч Ъ М	л╙▒ `|B}Л  C(╒;N²█}!C·г├          ╒  _х  A]                       Ж  Ш З Ж Ы В Д Ч Ъ М	л╙▒ `|B}Л  C(╒;N²█}!C·г├          ╒  _х  A]                       Ж  Ш З Ж Ы В Д Ч Ъ М	л╙▒ `|B}Л  C(╒;N²█}!C·г├          ╒  _х  A]                       Ж  Ш З Ж Ы В Д Ч Ъ М	л╙▒ `|B}Л  C(╒;N²█}!C·г├          ╒  _х  A]                       Ж  Ш З Ж Ы В Д Ч Ъ М	л╙▒ `|B}Л  C(╒;N²█}!C·г├          ╒  _х  A]                       Ж  Ш З Ж Ы В Д Ч Ъ М	л╙▒ `|B}Л  C(╒;N²█}!C·г├          ╒  _х  A]                       Ж  Ш З Ж Ы В Д Ч Ъ М	л╙▒ `|B}Л  C(╒;N²█}!C·г├          ╒  _х  A]                       Ж  Ш З Ж Ы В Д Ч Ъ М	л╙▒ `|B}Л  C(╒;N²█}!C·г├          ╒  _х  A]                       Ж  Ш З Ж Ы В Д Ч Ъ М	л╙▒ `|B}Л  C(╒;N²█}!C·г├          ╒  _х  A]                       Ж  Ш З Ж Ы В Д Ч Ъ М	л╙▒ `|B}Л  C(╒;N²█}!C·г├          ╒  _х  A]                       Ж  Ш З Ж Ы В Д Ч Ъ М	л╙▒ `|B}Л  C(╒;N²█}!C·г├          ╒  _х  A]                       Ж  Ш З Ж Ы В Д Ч Ъ М	л╙▒ `|B}Л  C(╒;N²█}!C·г├          ╒  _х  A]                       Ж  Ш З Ж Ы В Д Ч Ъ М	л╙▒ `|B}Л  C(╒;N²█}!C·г├          ╒  _х  A]                       Ж  Ш З Ж Ы В Д Ч Ъ М	л╙▒ `|B}Л  C(╒;N²█}!C·г├          ╒  _х  A]                       Ж  Ш З Ж Ы В Д Ч Ъ М	л╙▒ `|B}Л  C(╒;N²█}!C·г├          ╒  _х  A]                       Ж  Ш З Ж Ы В Д Ч Ъ М	л╙▒ `|B}Л  C(╒;N²█}!C·г├          ╒  _х  A]                       Ж  Ш З Ж Ы В Д Ч Ъ М	л╙▒ `|B}Л  C(╒;N²█}!C·г├          ╒  _х  A]                       Ж  Ш З Ж Ы В Д Ч Ъ М	л╙▒ `|B}Л  C(╒;N²█}!C·г├          ╒  _х  A]                       Ж  Ш З Ж Ы В Д Ч Ъ М	л╙▒ `|B}Л  C(╒;N²█}!C·г├          ╒  _х  A]                       Ж  Ш З Ж Ы В Д Ч Ъ М	л╙▒ `|B}Л  C(╒;N²█}!C·г├          ╒  _х  A]                       Ж  Ш З Ж Ы В Д Ч Ъ М	л╙▒ `|B}Л  C(╒;N²█}!C·г├          ╒  _х  A]                       Ж  Ш З Ж Ы В Д Ч Ъ М	л╙▒ `|B}Л  C(╒;N²█}!C·г├          ╒  _х  A]                       Ж  Ш З Ж Ы В Д Ч Ъ М	л╙▒ `|B}Л  C(╒;N²█}!C·г├          ╒  _х  A]                       Ж  Ш З Ж Ы В Д Ч Ъ М	л╙▒ `|B}Л  C(╒;N²█}!C·г├          ╒  _х  A]                       Ж  Ш З Ж Ы В Д Ч Ъ М	л╙▒ `|B}Л  C(╒;N²█}!C·г├          ╒  _х  A]                       Ж  Ш З Ж Ы В Д Ч Ъ М	л╙▒ `|B}Л  C(╒;N²█}!C·г├          ╒  _х  A]                       Ж  Ш З Ж Ы В Д Ч Ъ М	л╙▒ `|B}Л  C(╒;N²█}!C·г├          ╒  _х  A]                       Ж  Ш З Ж Ы В Д Ч Ъ М	л╙▒ `|B}Л  C(╒;N²█}!C·г├          ╒  _х  A]                       Ж  Ш З Ж Ы В Д Ч Ъ М	л╙▒ `|B}Л  C(╒;N²█}!C·г├          ╒  _х  A]                       Ж  Ш З Ж Ы В Д Ч Ъ М	л╙▒ `|B}Л  C(╒;N²█}!C·г├          ╒  _х  A]                       Ж  Ш З Ж Ы В Д Ч Ъ М	л╙▒ `|B}Л  C(╒;N²█}!C·г├          ╒  _х  A]                       Ж  Ш З Ж Ы В Д Ч Ъ М	л╙▒ `|B}Л  C(╒;N²█}!C·г├          ╒  _х  A]                       Ж  Ш З Ж Ы В Д Ч Ъ М	л╙▒ `|B}Л  C(╒;N²█}!C·г├          ╒  _х  A]                       Ж  Ш З Ж Ы В Д Ч Ъ М	л╙▒ `|B}Л  C(╒;N²█}!C·г├          ╒  _х  A]                       Ж  Ш З Ж Ы В Д Ч Ъ М	л╙▒ `|B}Л  C(╒;N²█}!C·г├          ╒  _х  A]                       Ж  Ш З Ж Ы В Д Ч Ъ М	л╙▒ `|B}Л  C(╒;N²█}!C·г├          ╒  _х  A]                       Ж  Ш З Ж Ы В Д Ч Ъ М	л╙▒ `|B}Л  C(╒;N²█}!C·г├          ╒  _х  A]                       Ж  Ш З Ж Ы В Д Ч Ъ М	л╙▒ `|B}Л  C(╒;N²█}!C·г├          ╒  _х  A]                       Ж  Ш З Ж Ы В Д Ч Ъ М	л╙▒ `|B}Л  C(╒;N²█}!C·г├          ╒  _х  A]                       Ж  Ш З Ж Ы В Д Ч Ъ М	л╙▒ `|B}Л  C(╒;N²█}!C·г├          ╒  _х  A]                       Ж  Ш З Ж Ы В Д Ч Ъ М	л╙▒ `|B}Л  C(╒;N²█}!C·г├          ╒  _х  A]                       Ж  Ш З Ж Ы В Д Ч Ъ М	л╙▒ `|B}Л  C(╒;N²█}!C·г├          ╒  _х  A]                       Ж  Ш З Ж Ы В Д Ч Ъ М	л╙▒ `╓}n  C║H:ъ²S}n?=·'╚          ║H  _х  C%                       э Ч Д З 
 Е Ч ь Я А Ы Ь Г Ш Ь╣л╙▒ `╓}n  C║H:ъ²S}n?=·'╚          ║H  _х  C%                       э Ч Д З 
 Е Ч ь Я А Ы Ь Г Ш Ь╣л╙▒ `╓}n  C║H:ъ²S}n?=·'╚          ║H  _х  C%                       э Ч Д З 
 Е Ч ь Я А Ы Ь Г Ш Ь╣л╙▒ `╓}n  C║H:ъ²S}n?=·'╚          ║H  _х  C%                       э Ч Д З 
 Е Ч ь Я А Ы Ь Г Ш Ь╣л╙▒ `╓}n  C║H:ъ²S}n?=·'╚          ║H  _х  C%                       э Ч Д З 
 Е Ч ь Я А Ы Ь Г Ш Ь╣л╙▒ `╓}n  C║H:ъ²S}n?=·'╚          ║H  _х  C%                       э Ч Д З 
 Е Ч ь Я А Ы Ь Г Ш Ь╣л╙▒ `╓}n  C║H:ъ²S}n?=·'╚          ║H  _х  C%                       э Ч Д З 
 Е Ч ь Я А Ы Ь Г Ш Ь╣л╙▒ `╓}n  C║H:ъ²S}n?=·'╚          ║H  _х  C%                       э Ч Д З 
 Е Ч ь Я А Ы Ь Г Ш Ь╣л╙▒ `╓}n  C║H:ъ²S}n?=·'╚          ║H  _х  C%                       э Ч Д З 
 Е Ч ь Я А Ы Ь Г Ш Ь╣л╙▒ `╓}n  C║H:ъ²S}n?=·'╚          ║H  _х  C%                       э Ч Д З 
 Е Ч ь Я А Ы Ь Г Ш Ь╣л╙▒ `╓}n  C║H:ъ²S}n?=·'╚          ║H  _х  C%                       э Ч Д З 
 Е Ч ь Я А Ы Ь Г Ш Ь╣л╙▒ `╓}n  C║H:ъ²S}n?=·'╚          ║H  _х  C%                       э Ч Д З 
 Е Ч ь Я А Ы Ь Г Ш Ь╣л╙▒ `╓}n  C║H:ъ²S}n?=·'╚          ║H  _х  C%                       э Ч Д З 
 Е Ч ь Я А Ы Ь Г Ш Ь╣л╙▒ `╓}n  C║H:ъ²S}n?=·'╚          ║H  _х  C%                       э Ч Д З 
 Е Ч ь Я А Ы Ь Г Ш Ь╣л╙▒ `╓}n  C║H:ъ²S}n?=·'╚          ║H  _х  C%                       э Ч Д З 
 Е Ч ь Я А Ы Ь Г Ш Ь╣л╙▒ `╓}n  C║H:ъ²S}n?=·'╚          ║H  _х  C%                       э Ч Д З 
 Е Ч ь Я А Ы Ь Г Ш Ь╣л╙▒ `╓}n  C║H:ъ²S}n?=·'╚          ║H  _х  C%                       э Ч Д З 
 Е Ч ь Я А Ы Ь Г Ш Ь╣л╙▒ `╓}n  C║H:ъ²S}n?=·'╚          ║H  _х  C%                       э Ч Д З 
 Е Ч ь Я А Ы Ь Г Ш Ь╣л╙▒ `╓}n  C║H:ъ²S}n?=·'╚          ║H  _х  C%                       э Ч Д З 
 Е Ч ь Я А Ы Ь Г Ш Ь╣л╙▒ `╓}n  C║H:ъ²S}n?=·'╚          ║H  _х  C%                       э Ч Д З 
 Е Ч ь Я А Ы Ь Г Ш Ь╣л╙▒ `╓}n  C║H:ъ²S}n?=·'╚          ║H  _х  C%                       э Ч Д З 
 Е Ч ь Я А Ы Ь Г Ш Ь╣л╙▒ `╓}n  C║H:ъ²S}n?=·'╚          ║H  _х  C%                       э Ч Д З 
 Е Ч ь Я А Ы Ь Г Ш Ь╣л╙▒ `╓}n  C║H:ъ²S}n?=·'╚          ║H  _х  C%                       э Ч Д З 
 Е Ч ь Я А Ы Ь Г Ш Ь╣л╙▒ `╓}n  C║H:ъ²S}n?=·'╚          ║H  _х  C%                       э Ч Д З 
 Е Ч ь Я А Ы Ь Г Ш Ь╣л╙▒ `╓}n  C║H:ъ²S}n?=·'╚          ║H  _х  C%                       э Ч Д З 
 Е Ч ь Я А Ы Ь Г Ш Ь╣л╙▒ `╓}n  C║H:ъ²S}n?=·'╚          ║H  _х  C%                       э Ч Д З 
 Е Ч ь Я А Ы Ь Г Ш Ь╣л╙▒ `╓}n  C║H:ъ²S}n?=·'╚          ║H  _х  C%                       э Ч Д З 
 Е Ч ь Я А Ы Ь Г Ш Ь╣л╙▒ `╓}n  C║H:ъ²S}n?=·'╚          ║H  _х  C%                       э Ч Д З 
 Е Ч ь Я А Ы Ь Г Ш Ь╣л╙▒ `╓}n  C║H:ъ²S}n?=·'╚          ║H  _х  C%                       э Ч Д З 
 Е Ч ь Я А Ы Ь Г Ш Ь╣л╙▒ `╓}n  C║H:ъ²S}n?=·'╚          ║H  _х  C%                       э Ч Д З 
 Е Ч ь Я А Ы Ь Г Ш Ь╣л╙▒ `╓}n  C║H:ъ²S}n?=·'╚          ║H  _х  C%                       э Ч Д З 
 Е Ч ь Я А Ы Ь Г Ш Ь╣л╙▒ `╓}n  C║H:ъ²S}n?=·'╚          ║H  _х  C%                       э Ч Д З 
 Е Ч ь Я А Ы Ь Г Ш Ь╣л╙▒ `╓}n  C║H:ъ²S}n?=·'╚          ║H  _х  C%                       э Ч Д З 
 Е Ч ь Я А Ы Ь Г Ш Ь╣л╙▒ `╓}n  C║H:ъ²S}n?=·'╚          ║H  _х  C%                       э Ч Д З 
 Е Ч ь Я А Ы Ь Г Ш Ь╣л╙▒ `╓}n  C║H:ъ²S}n?=·'╚          ║H  _х  C%                       э Ч Д З 
 Е Ч ь Я А Ы Ь Г Ш Ь╣л╙▒ `╓}n  C║H:ъ²S}n?=·'╚          ║H  _х  C%                       э Ч Д З 
 Е Ч ь Я А Ы Ь Г Ш Ь╣л╙▒ `╓}n  C║H:ъ²S}n?=·'╚          ║H  _х  C%                       э Ч Д З 
 Е Ч ь Я А Ы Ь Г Ш Ь╣л╙▒ `╓}n  C║H:ъ²S}n?=·'╚          ║H  _х  C%                       э Ч Д З 
 Е Ч ь Я А Ы Ь Г Ш Ь╣л╙▒ `╓}n  C║H:ъ²S}n?=·'╚          ║H  _х  C%                       э Ч Д З 
 Е Ч ь Я А Ы Ь Г Ш Ь╣л╙▒ `╓}n  C║H:ъ²S}n?=·'╚          ║H  _х  C%                       э Ч Д З 
 Е Ч ь Я А Ы Ь Г Ш Ь╣л╙▒ `╓}n  C║H:ъ²S}n?=·'╚          ║H  _х  C%                       э Ч Д З 
 Е Ч ь Я А Ы Ь Г Ш Ь╣л╙▒ `╓}n  C║H:ъ²S}n?=·'╚          ║H  _х  C%                       э Ч Д З 
 Е Ч ь Я А Ы Ь Г Ш Ь╣л╙▒ `╓}n  C║H:ъ²S}n?=·'╚          ║H  _х  C%                       э Ч Д З 
 Е Ч ь Я А Ы Ь Г Ш Ь╣л╙▒ `╓}n  C║H:ъ²S}n?=·'╚          ║H  _х  C%                       э Ч Д З 
 Е Ч ь Я А Ы Ь Г Ш Ь╣л╙▒ `╓}n  C║H:ъ²S}n?=·'╚          ║H  _х  C%                       э Ч Д З 
 Е Ч ь Я А Ы Ь Г Ш Ь╣л╙▒ `╓}n  C║H:ъ²S}n?=·'╚          ║H  _х  C%                       э Ч Д З 
 Е Ч ь Я А Ы Ь Г Ш Ь╣л╙▒ `╓}n  C║H:ъ²S}n?=·'╚          ║H  _х  C%                       э Ч Д З 
 Е Ч ь Я А Ы Ь Г Ш Ь╣л╙▒ `╓}n  C║H:ъ²S}n?=·'╚          ║H  _х  C%                       э Ч Д З 
 Е Ч ь Я А Ы Ь Г Ш Ь╣л╙▒ `╓}n  C║H:ъ²S}n?=·'╚          ║H  _х  C%                       э Ч Д З 
 Е Ч ь Я А Ы Ь Г Ш Ь╣л╙▒ `┌⌠}!  Cт═H:п²S}²@н÷|          ═H  _х  D╟                       ╤ Р  Ю Ш Ф Ь Ь Э З Ш ЖEл╙▒ `┌⌠}!  Cт═H:п²S}²@н÷|          ═H  _х  D╟                       ╤ Р  Ю Ш Ф Ь Ь Э З Ш ЖEл╙▒ `┌⌠}!  Cт═H:п²S}²@н÷|          ═H  _х  D╟                       ╤ Р  Ю Ш Ф Ь Ь Э З Ш ЖEл╙▒ `┌⌠}!  Cт═H:п²S}²@н÷|          ═H  _х  D╟                       ╤ Р  Ю Ш Ф Ь Ь Э З Ш ЖEл╙▒ `┌⌠}!  Cт═H:п²S}²@н÷|          ═H  _х  D╟                       ╤ Р  Ю Ш Ф Ь Ь Э З Ш ЖEл╙▒ `┌⌠}!  Cт═H:п²S}²@н÷|          ═H  _х  D╟                       ╤ Р  Ю Ш Ф Ь Ь Э З Ш ЖEл╙▒ `┌⌠}!  Cт═H:п²S}²@н÷|          ═H  _х  D╟                       ╤ Р  Ю Ш Ф Ь Ь Э З Ш ЖEл╙▒ `┌⌠}!  Cт═H:п²S}²@н÷|          ═H  _х  D╟                       ╤ Р  Ю Ш Ф Ь Ь Э З Ш ЖEл╙▒ `┌⌠}!  Cт═H:п²S}²@н÷|          ═H  _х  D╟                       ╤ Р  Ю Ш Ф Ь Ь Э З Ш ЖEл╙▒ `┌⌠}!  Cт═H:п²S}²@н÷|          ═H  _х  D╟                       ╤ Р  Ю Ш Ф Ь Ь Э З Ш ЖEл╙▒ `┌⌠}!  Cт═H:п²S}²@н÷|          ═H  _х  D╟                       ╤ Р  Ю Ш Ф Ь Ь Э З Ш ЖEл╙▒ `┌⌠}!  Cт═H:п²S}²@н÷|          ═H  _х  D╟                       ╤ Р  Ю Ш Ф Ь Ь Э З Ш ЖEл╙▒ `┌⌠}!  Cт═H:п²S}²@н÷|          ═H  _х  D╟                       ╤ Р  Ю Ш Ф Ь Ь Э З Ш ЖEл╙▒ `┌⌠}!  Cт═H:п²S}²@н÷|          ═H  _х  D╟                       ╤ Р  Ю Ш Ф Ь Ь Э З Ш ЖEл╙▒ `┌⌠}!  Cт═H:п²S}²@н÷|          ═H  _х  D╟                       ╤ Р  Ю Ш Ф Ь Ь Э З Ш ЖEл╙▒ `┌⌠}!  Cт═H:п²S}²@н÷|          ═H  _х  D╟                       ╤ Р  Ю Ш Ф Ь Ь Э З Ш ЖEл╙▒ `┌⌠}!  Cт═H:п²S}²@н÷|          ═H  _х  D╟                       ╤ Р  Ю Ш Ф Ь Ь Э З Ш ЖEл╙▒ `┌⌠}!  Cт═H:п²S}²@н÷|          ═H  _х  D╟                       ╤ Р  Ю Ш Ф Ь Ь Э З Ш ЖEл╙▒ `┌⌠}!  Cт═H:п²S}²@н÷|          ═H  _х  D╟                       ╤ Р  Ю Ш Ф Ь Ь Э З Ш ЖEл╙▒ `┌⌠}!  Cт═H:п²S}²@н÷|          ═H  _х  D╟                       ╤ Р  Ю Ш Ф Ь Ь Э З Ш ЖEл╙▒ `┌⌠}!  Cт═H:п²S}²@н÷|          ═H  _х  D╟                       ╤ Р  Ю Ш Ф Ь Ь Э З Ш ЖEл╙▒ `┌⌠}!  Cт═H:п²S}²@н÷|          ═H  _х  D╟                       ╤ Р  Ю Ш Ф Ь Ь Э З Ш ЖEл╙▒ `┌⌠}!  Cт═H:п²S}²@н÷|          ═H  _х  D╟                       ╤ Р  Ю Ш Ф Ь Ь Э З Ш ЖEл╙▒ `┌⌠}!  Cт═H:п²S}²@н÷|          ═H  _х  D╟                       ╤ Р  Ю Ш Ф Ь Ь Э З Ш ЖEл╙▒ `┌⌠}!  Cт═H:п²S}²@н÷|          ═H  _х  D╟                       ╤ Р  Ю Ш Ф Ь Ь Э З Ш ЖEл╙▒ `┌⌠}!  Cт═H:п²S}²@н÷|          ═H  _х  D╟                       ╤ Р  Ю Ш Ф Ь Ь Э З Ш ЖEл╙▒ `┌⌠}!  Cт═H:п²S}²@н÷|          ═H  _х  D╟                       ╤ Р  Ю Ш Ф Ь Ь Э З Ш ЖEл╙▒ `┌⌠}!  Cт═H:п²S}²@н÷|          ═H  _х  D╟                       ╤ Р  Ю Ш Ф Ь Ь Э З Ш ЖEл╙▒ `┌⌠}!  Cт═H:п²S}²@н÷|          ═H  _х  D╟                       ╤ Р  Ю Ш Ф Ь Ь Э З Ш ЖEл╙▒ `┌⌠}!  Cт═H:п²S}²@н÷|          ═H  _х  D╟      